Log file created at: 2020/10/03 14:59:46
Running on machine: sundong
Log line format: [IWEF]mmdd hh:mm:ss.uuuuuu threadid file:line] msg
I1003 14:59:46.348346  4014 configuration_file_resolver.cc:38] Found '/home/sundong/bit_ivrc/calibrationlidar/src/sensor_driver/sensor_driver/config/extrinsicparameter/cw/0.lua' for '0.lua'.
I1003 14:59:46.348659  4014 configuration_file_resolver.cc:47] /home/sundong/bit_ivrc/calibrationlidar/src/sensor_driver/sensor_driver/config/extrinsicparameter/cw/0.lua
I1003 14:59:46.350870  4014 myhdl_grabber.cpp:257] test1
I1003 14:59:46.350908  4014 myhdl_grabber.cpp:281] test2
I1003 14:59:46.351406  4014 configuration_file_resolver.cc:38] Found '/home/sundong/bit_ivrc/calibrationlidar/src/sensor_driver/sensor_driver/config/extrinsicparameter/cw/1.lua' for '1.lua'.
I1003 14:59:46.351413  4014 configuration_file_resolver.cc:47] /home/sundong/bit_ivrc/calibrationlidar/src/sensor_driver/sensor_driver/config/extrinsicparameter/cw/1.lua
I1003 14:59:46.351575  4014 myhdl_grabber.cpp:257] test1
I1003 14:59:46.351593  4014 myhdl_grabber.cpp:281] test2
I1003 14:59:46.352308  4014 configuration_file_resolver.cc:38] Found '/home/sundong/bit_ivrc/calibrationlidar/src/sensor_driver/sensor_driver/config/extrinsicparameter/cw/2.lua' for '2.lua'.
I1003 14:59:46.352315  4014 configuration_file_resolver.cc:47] /home/sundong/bit_ivrc/calibrationlidar/src/sensor_driver/sensor_driver/config/extrinsicparameter/cw/2.lua
I1003 14:59:46.352476  4014 myhdl_grabber.cpp:257] test1
I1003 14:59:46.352494  4014 myhdl_grabber.cpp:281] test2
W1003 14:59:46.352807  4080 getmultilidardata.cpp:371] filter:udp  and (dst port 5017 or dst port 9001 or dst port 9901 or dst port 9902 or dst port 9903)
I1003 14:59:46.465142  4077 myhdl_grabber.cpp:565] id:0 temprotation:14 last_azimuth_35994
I1003 14:59:46.465200  4077 myhdl_grabber.cpp:750] signal operator start
I1003 14:59:46.465231  4077 getmultilidardata.cpp:244] id:0
I1003 14:59:46.466006  4077 myhdl_grabber.cpp:753] signal operator end
I1003 14:59:46.466028  4077 myhdl_grabber.cpp:754] temper_index_=25
I1003 14:59:46.466037  4077 getmultilidardata.cpp:244] id:1
I1003 14:59:46.466040  4014 getmultilidardata.cpp:1424] lidarid:0
I1003 14:59:46.466562  4014 getmultilidardata.cpp:1432] lidarid:0
I1003 14:59:46.467017  4014 getmultilidardata.cpp:1424] lidarid:0
I1003 14:59:46.467602  4078 myhdl_grabber.cpp:750] signal operator start
I1003 14:59:46.467617  4078 getmultilidardata.cpp:244] id:2
I1003 14:59:46.467979  4078 myhdl_grabber.cpp:753] signal operator end
I1003 14:59:46.467983  4078 myhdl_grabber.cpp:754] temper_index_=7
I1003 14:59:46.467985  4078 getmultilidardata.cpp:244] id:3
I1003 14:59:46.467994  4079 myhdl_grabber.cpp:750] signal operator start
I1003 14:59:46.468020  4079 getmultilidardata.cpp:244] id:4
I1003 14:59:46.468412  4014 getmultilidardata.cpp:1442] lidarid:0
I1003 14:59:46.468422  4014 getmultilidardata.cpp:1424] lidarid:1
I1003 14:59:46.468436  4079 myhdl_grabber.cpp:753] signal operator end
I1003 14:59:46.468441  4079 myhdl_grabber.cpp:754] temper_index_=8
I1003 14:59:46.468443  4079 getmultilidardata.cpp:244] id:5
I1003 14:59:46.468907  4014 getmultilidardata.cpp:1432] lidarid:1
I1003 14:59:46.468910  4014 getmultilidardata.cpp:1424] lidarid:2
I1003 14:59:46.469429  4014 getmultilidardata.cpp:1432] lidarid:2
I1003 14:59:46.469437  4014 getmultilidardata.cpp:1424] lidarid:1
I1003 14:59:46.470016  4014 getmultilidardata.cpp:1442] lidarid:1
I1003 14:59:46.470038  4014 getmultilidardata.cpp:1424] lidarid:2
I1003 14:59:46.470490  4014 getmultilidardata.cpp:1442] lidarid:2
I1003 14:59:46.472859  4014 getmultilidardata.cpp:1300] cloudstartnum[lidarid]=0
I1003 14:59:46.472867  4014 getmultilidardata.cpp:1300] cloudstartnum[lidarid]=64800
I1003 14:59:46.472868  4014 getmultilidardata.cpp:1300] cloudstartnum[lidarid]=101280
I1003 14:59:46.474702  4014 getmultilidardata.cpp:1300] cloudstartnum[lidarid]=0
I1003 14:59:46.474709  4014 getmultilidardata.cpp:1300] cloudstartnum[lidarid]=64800
I1003 14:59:46.474711  4014 getmultilidardata.cpp:1300] cloudstartnum[lidarid]=101280
I1003 14:59:46.476624  4014 getmultilidardata.cpp:1580]  time:0.00862338
I1003 14:59:46.476649  4014 getmultilidardata.cpp:1600] pub pointcloud:137779
I1003 14:59:46.565130  4077 myhdl_grabber.cpp:565] id:0 temprotation:4 last_azimuth_35984
I1003 14:59:46.565145  4077 myhdl_grabber.cpp:750] signal operator start
I1003 14:59:46.565148  4077 getmultilidardata.cpp:244] id:0
I1003 14:59:46.565584  4077 myhdl_grabber.cpp:753] signal operator end
I1003 14:59:46.565588  4077 myhdl_grabber.cpp:754] temper_index_=25
I1003 14:59:46.565590  4077 getmultilidardata.cpp:244] id:1
I1003 14:59:46.565593  4014 getmultilidardata.cpp:1424] lidarid:0
I1003 14:59:46.566093  4014 getmultilidardata.cpp:1432] lidarid:0
I1003 14:59:46.566498  4014 getmultilidardata.cpp:1424] lidarid:0
I1003 14:59:46.567023  4014 getmultilidardata.cpp:1442] lidarid:0
I1003 14:59:46.567034  4079 myhdl_grabber.cpp:750] signal operator start
I1003 14:59:46.567039  4079 getmultilidardata.cpp:244] id:4
I1003 14:59:46.567190  4078 myhdl_grabber.cpp:750] signal operator start
I1003 14:59:46.567214  4078 getmultilidardata.cpp:244] id:2
I1003 14:59:46.567587  4079 myhdl_grabber.cpp:753] signal operator end
I1003 14:59:46.567605  4079 myhdl_grabber.cpp:754] temper_index_=8
I1003 14:59:46.567607  4079 getmultilidardata.cpp:244] id:5
I1003 14:59:46.567611  4014 getmultilidardata.cpp:1424] lidarid:2
I1003 14:59:46.567783  4078 myhdl_grabber.cpp:753] signal operator end
I1003 14:59:46.567786  4078 myhdl_grabber.cpp:754] temper_index_=7
I1003 14:59:46.567790  4078 getmultilidardata.cpp:244] id:3
I1003 14:59:46.568410  4014 getmultilidardata.cpp:1432] lidarid:2
I1003 14:59:46.568414  4014 getmultilidardata.cpp:1424] lidarid:1
I1003 14:59:46.568917  4014 getmultilidardata.cpp:1432] lidarid:1
I1003 14:59:46.568919  4014 getmultilidardata.cpp:1424] lidarid:2
I1003 14:59:46.569383  4014 getmultilidardata.cpp:1442] lidarid:2
I1003 14:59:46.569386  4014 getmultilidardata.cpp:1424] lidarid:1
I1003 14:59:46.569856  4014 getmultilidardata.cpp:1442] lidarid:1
I1003 14:59:46.592083  4014 getmultilidardata.cpp:1300] cloudstartnum[lidarid]=0
I1003 14:59:46.592099  4014 getmultilidardata.cpp:1300] cloudstartnum[lidarid]=57504
I1003 14:59:46.592103  4014 getmultilidardata.cpp:1300] cloudstartnum[lidarid]=89392
I1003 14:59:46.594563  4014 getmultilidardata.cpp:1300] cloudstartnum[lidarid]=0
I1003 14:59:46.594573  4014 getmultilidardata.cpp:1300] cloudstartnum[lidarid]=57504
I1003 14:59:46.594575  4014 getmultilidardata.cpp:1300] cloudstartnum[lidarid]=89392
I1003 14:59:46.595624  4014 getmultilidardata.cpp:1580]  time:0.0284364
I1003 14:59:46.595643  4014 getmultilidardata.cpp:1600] pub pointcloud:121283
I1003 14:59:46.665055  4077 myhdl_grabber.cpp:565] id:0 temprotation:4 last_azimuth_35984
I1003 14:59:46.665102  4077 myhdl_grabber.cpp:750] signal operator start
I1003 14:59:46.665107  4077 getmultilidardata.cpp:244] id:0
I1003 14:59:46.665521  4077 myhdl_grabber.cpp:753] signal operator end
I1003 14:59:46.665544  4077 myhdl_grabber.cpp:754] temper_index_=25
I1003 14:59:46.665545  4077 getmultilidardata.cpp:244] id:1
I1003 14:59:46.665575  4014 getmultilidardata.cpp:1424] lidarid:0
I1003 14:59:46.666049  4014 getmultilidardata.cpp:1432] lidarid:0
I1003 14:59:46.666429  4014 getmultilidardata.cpp:1424] lidarid:0
I1003 14:59:46.666781  4078 myhdl_grabber.cpp:750] signal operator start
I1003 14:59:46.666790  4078 getmultilidardata.cpp:244] id:2
I1003 14:59:46.666862  4014 getmultilidardata.cpp:1442] lidarid:0
I1003 14:59:46.667110  4078 myhdl_grabber.cpp:753] signal operator end
I1003 14:59:46.667114  4078 myhdl_grabber.cpp:754] temper_index_=7
I1003 14:59:46.667115  4078 getmultilidardata.cpp:244] id:3
I1003 14:59:46.667150  4014 getmultilidardata.cpp:1424] lidarid:1
I1003 14:59:46.667474  4014 getmultilidardata.cpp:1432] lidarid:1
I1003 14:59:46.667496  4079 myhdl_grabber.cpp:750] signal operator start
I1003 14:59:46.667500  4079 getmultilidardata.cpp:244] id:4
I1003 14:59:46.667685  4014 getmultilidardata.cpp:1424] lidarid:1
I1003 14:59:46.668020  4014 getmultilidardata.cpp:1442] lidarid:1
I1003 14:59:46.668066  4079 myhdl_grabber.cpp:753] signal operator end
I1003 14:59:46.668069  4079 myhdl_grabber.cpp:754] temper_index_=8
I1003 14:59:46.668071  4079 getmultilidardata.cpp:244] id:5
I1003 14:59:46.668090  4014 getmultilidardata.cpp:1424] lidarid:2
I1003 14:59:46.668632  4014 getmultilidardata.cpp:1432] lidarid:2
I1003 14:59:46.668656  4014 getmultilidardata.cpp:1424] lidarid:2
I1003 14:59:46.668661  4080 getmultilidardata.cpp:493] get lidar data
I1003 14:59:46.668915  4014 getmultilidardata.cpp:1442] lidarid:2
I1003 14:59:46.670425  4014 getmultilidardata.cpp:1300] cloudstartnum[lidarid]=0
I1003 14:59:46.670429  4014 getmultilidardata.cpp:1300] cloudstartnum[lidarid]=57760
I1003 14:59:46.670431  4014 getmultilidardata.cpp:1300] cloudstartnum[lidarid]=89648
I1003 14:59:46.672535  4014 getmultilidardata.cpp:1300] cloudstartnum[lidarid]=0
I1003 14:59:46.672544  4014 getmultilidardata.cpp:1300] cloudstartnum[lidarid]=57760
I1003 14:59:46.672546  4014 getmultilidardata.cpp:1300] cloudstartnum[lidarid]=89648
I1003 14:59:46.673599  4014 getmultilidardata.cpp:1580]  time:0.0061145
I1003 14:59:46.673635  4014 getmultilidardata.cpp:1600] pub pointcloud:121923
I1003 14:59:46.765702  4077 myhdl_grabber.cpp:565] id:0 temprotation:14 last_azimuth_35994
I1003 14:59:46.765713  4077 myhdl_grabber.cpp:750] signal operator start
I1003 14:59:46.765717  4077 getmultilidardata.cpp:244] id:0
I1003 14:59:46.766160  4077 myhdl_grabber.cpp:753] signal operator end
I1003 14:59:46.766182  4077 myhdl_grabber.cpp:754] temper_index_=25
I1003 14:59:46.766185  4077 getmultilidardata.cpp:244] id:1
I1003 14:59:46.766196  4014 getmultilidardata.cpp:1424] lidarid:0
I1003 14:59:46.766986  4014 getmultilidardata.cpp:1432] lidarid:0
I1003 14:59:46.766990  4014 getmultilidardata.cpp:1424] lidarid:0
I1003 14:59:46.767072  4079 myhdl_grabber.cpp:750] signal operator start
I1003 14:59:46.767082  4079 getmultilidardata.cpp:244] id:4
I1003 14:59:46.767563  4079 myhdl_grabber.cpp:753] signal operator end
I1003 14:59:46.767567  4079 myhdl_grabber.cpp:754] temper_index_=8
I1003 14:59:46.767570  4079 getmultilidardata.cpp:244] id:5
I1003 14:59:46.767583  4078 myhdl_grabber.cpp:750] signal operator start
I1003 14:59:46.767588  4078 getmultilidardata.cpp:244] id:2
I1003 14:59:46.767705  4014 getmultilidardata.cpp:1442] lidarid:0
I1003 14:59:46.767721  4014 getmultilidardata.cpp:1424] lidarid:2
I1003 14:59:46.768026  4078 myhdl_grabber.cpp:753] signal operator end
I1003 14:59:46.768029  4078 myhdl_grabber.cpp:754] temper_index_=7
I1003 14:59:46.768033  4078 getmultilidardata.cpp:244] id:3
I1003 14:59:46.768117  4014 getmultilidardata.cpp:1432] lidarid:2
I1003 14:59:46.768119  4014 getmultilidardata.cpp:1424] lidarid:1
I1003 14:59:46.768483  4014 getmultilidardata.cpp:1432] lidarid:1
I1003 14:59:46.768486  4014 getmultilidardata.cpp:1424] lidarid:1
I1003 14:59:46.768883  4014 getmultilidardata.cpp:1442] lidarid:1
I1003 14:59:46.768965  4014 getmultilidardata.cpp:1424] lidarid:2
I1003 14:59:46.769222  4014 getmultilidardata.cpp:1442] lidarid:2
I1003 14:59:46.771512  4014 getmultilidardata.cpp:1300] cloudstartnum[lidarid]=0
I1003 14:59:46.771520  4014 getmultilidardata.cpp:1300] cloudstartnum[lidarid]=58016
I1003 14:59:46.771522  4014 getmultilidardata.cpp:1300] cloudstartnum[lidarid]=90272
I1003 14:59:46.772907  4014 getmultilidardata.cpp:1300] cloudstartnum[lidarid]=0
I1003 14:59:46.772912  4014 getmultilidardata.cpp:1300] cloudstartnum[lidarid]=58016
I1003 14:59:46.772913  4014 getmultilidardata.cpp:1300] cloudstartnum[lidarid]=90272
I1003 14:59:46.773835  4014 getmultilidardata.cpp:1580]  time:0.00625023
I1003 14:59:46.773851  4014 getmultilidardata.cpp:1600] pub pointcloud:122163
I1003 14:59:46.867004  4077 myhdl_grabber.cpp:565] id:0 temprotation:18 last_azimuth_35998
I1003 14:59:46.867017  4077 myhdl_grabber.cpp:750] signal operator start
I1003 14:59:46.867022  4077 getmultilidardata.cpp:244] id:0
I1003 14:59:46.867583  4077 myhdl_grabber.cpp:753] signal operator end
I1003 14:59:46.867604  4077 myhdl_grabber.cpp:754] temper_index_=25
I1003 14:59:46.867607  4077 getmultilidardata.cpp:244] id:1
I1003 14:59:46.867617  4014 getmultilidardata.cpp:1424] lidarid:0
I1003 14:59:46.868423  4014 getmultilidardata.cpp:1432] lidarid:0
I1003 14:59:46.868428  4014 getmultilidardata.cpp:1424] lidarid:0
I1003 14:59:46.868780  4014 getmultilidardata.cpp:1442] lidarid:0
I1003 14:59:46.868791  4078 myhdl_grabber.cpp:750] signal operator start
I1003 14:59:46.868813  4078 getmultilidardata.cpp:244] id:2
I1003 14:59:46.869094  4078 myhdl_grabber.cpp:753] signal operator end
I1003 14:59:46.869096  4078 myhdl_grabber.cpp:754] temper_index_=7
I1003 14:59:46.869117  4078 getmultilidardata.cpp:244] id:3
I1003 14:59:46.869127  4014 getmultilidardata.cpp:1424] lidarid:1
I1003 14:59:46.869585  4014 getmultilidardata.cpp:1432] lidarid:1
I1003 14:59:46.869588  4014 getmultilidardata.cpp:1424] lidarid:1
I1003 14:59:46.869639  4079 myhdl_grabber.cpp:750] signal operator start
I1003 14:59:46.869644  4079 getmultilidardata.cpp:244] id:4
I1003 14:59:46.869923  4014 getmultilidardata.cpp:1442] lidarid:1
I1003 14:59:46.870010  4079 myhdl_grabber.cpp:753] signal operator end
I1003 14:59:46.870012  4079 myhdl_grabber.cpp:754] temper_index_=8
I1003 14:59:46.870015  4079 getmultilidardata.cpp:244] id:5
I1003 14:59:46.870048  4014 getmultilidardata.cpp:1424] lidarid:2
I1003 14:59:46.870478  4014 getmultilidardata.cpp:1432] lidarid:2
I1003 14:59:46.870481  4014 getmultilidardata.cpp:1424] lidarid:2
I1003 14:59:46.870736  4014 getmultilidardata.cpp:1442] lidarid:2
I1003 14:59:46.872056  4014 getmultilidardata.cpp:1300] cloudstartnum[lidarid]=0
I1003 14:59:46.872061  4014 getmultilidardata.cpp:1300] cloudstartnum[lidarid]=58208
I1003 14:59:46.872062  4014 getmultilidardata.cpp:1300] cloudstartnum[lidarid]=90464
I1003 14:59:46.873380  4014 getmultilidardata.cpp:1300] cloudstartnum[lidarid]=0
I1003 14:59:46.873384  4014 getmultilidardata.cpp:1300] cloudstartnum[lidarid]=58208
I1003 14:59:46.873386  4014 getmultilidardata.cpp:1300] cloudstartnum[lidarid]=90464
I1003 14:59:46.874135  4014 getmultilidardata.cpp:1580]  time:0.00449675
I1003 14:59:46.874151  4014 getmultilidardata.cpp:1600] pub pointcloud:122739
I1003 14:59:46.968160  4077 myhdl_grabber.cpp:565] id:0 temprotation:12 last_azimuth_35992
I1003 14:59:46.968186  4077 myhdl_grabber.cpp:750] signal operator start
I1003 14:59:46.968190  4077 getmultilidardata.cpp:244] id:0
I1003 14:59:46.968580  4077 myhdl_grabber.cpp:753] signal operator end
I1003 14:59:46.968583  4077 myhdl_grabber.cpp:754] temper_index_=25
I1003 14:59:46.968585  4077 getmultilidardata.cpp:244] id:1
I1003 14:59:46.968619  4014 getmultilidardata.cpp:1424] lidarid:0
I1003 14:59:46.969375  4014 getmultilidardata.cpp:1432] lidarid:0
I1003 14:59:46.969379  4014 getmultilidardata.cpp:1424] lidarid:0
I1003 14:59:46.969724  4014 getmultilidardata.cpp:1442] lidarid:0
I1003 14:59:46.969785  4079 myhdl_grabber.cpp:750] signal operator start
I1003 14:59:46.969789  4078 myhdl_grabber.cpp:750] signal operator start
I1003 14:59:46.969799  4079 getmultilidardata.cpp:244] id:4
I1003 14:59:46.969800  4078 getmultilidardata.cpp:244] id:2
I1003 14:59:46.970274  4079 myhdl_grabber.cpp:753] signal operator end
I1003 14:59:46.970295  4079 myhdl_grabber.cpp:754] temper_index_=8
I1003 14:59:46.970276  4078 myhdl_grabber.cpp:753] signal operator end
I1003 14:59:46.970299  4078 myhdl_grabber.cpp:754] temper_index_=7
I1003 14:59:46.970299  4079 getmultilidardata.cpp:244] id:5
I1003 14:59:46.970301  4078 getmultilidardata.cpp:244] id:3
I1003 14:59:46.970306  4014 getmultilidardata.cpp:1424] lidarid:2
I1003 14:59:46.970922  4014 getmultilidardata.cpp:1432] lidarid:2
I1003 14:59:46.970927  4014 getmultilidardata.cpp:1424] lidarid:1
I1003 14:59:46.971210  4014 getmultilidardata.cpp:1432] lidarid:1
I1003 14:59:46.971213  4014 getmultilidardata.cpp:1424] lidarid:2
I1003 14:59:46.971449  4014 getmultilidardata.cpp:1442] lidarid:2
I1003 14:59:46.971452  4014 getmultilidardata.cpp:1424] lidarid:1
I1003 14:59:46.971693  4014 getmultilidardata.cpp:1442] lidarid:1
I1003 14:59:46.984808  4080 getmultilidardata.cpp:493] get lidar data
I1003 14:59:46.993134  4014 getmultilidardata.cpp:1300] cloudstartnum[lidarid]=0
I1003 14:59:46.993144  4014 getmultilidardata.cpp:1300] cloudstartnum[lidarid]=58336
I1003 14:59:46.993145  4014 getmultilidardata.cpp:1300] cloudstartnum[lidarid]=90608
I1003 14:59:46.994838  4014 getmultilidardata.cpp:1300] cloudstartnum[lidarid]=0
I1003 14:59:46.994860  4014 getmultilidardata.cpp:1300] cloudstartnum[lidarid]=58336
I1003 14:59:46.994863  4014 getmultilidardata.cpp:1300] cloudstartnum[lidarid]=90608
I1003 14:59:46.995671  4014 getmultilidardata.cpp:1580]  time:0.0258823
I1003 14:59:46.995687  4014 getmultilidardata.cpp:1600] pub pointcloud:122883
I1003 14:59:47.069535  4077 myhdl_grabber.cpp:565] id:0 temprotation:8 last_azimuth_35988
I1003 14:59:47.069561  4077 myhdl_grabber.cpp:750] signal operator start
I1003 14:59:47.069564  4077 getmultilidardata.cpp:244] id:0
I1003 14:59:47.069957  4077 myhdl_grabber.cpp:753] signal operator end
I1003 14:59:47.069983  4077 myhdl_grabber.cpp:754] temper_index_=25
I1003 14:59:47.069985  4077 getmultilidardata.cpp:244] id:1
I1003 14:59:47.069995  4014 getmultilidardata.cpp:1424] lidarid:0
I1003 14:59:47.070752  4014 getmultilidardata.cpp:1432] lidarid:0
I1003 14:59:47.070756  4014 getmultilidardata.cpp:1424] lidarid:0
I1003 14:59:47.071214  4014 getmultilidardata.cpp:1442] lidarid:0
I1003 14:59:47.071224  4078 myhdl_grabber.cpp:750] signal operator start
I1003 14:59:47.071228  4078 getmultilidardata.cpp:244] id:2
I1003 14:59:47.071493  4078 myhdl_grabber.cpp:753] signal operator end
I1003 14:59:47.071513  4078 myhdl_grabber.cpp:754] temper_index_=7
I1003 14:59:47.071516  4078 getmultilidardata.cpp:244] id:3
I1003 14:59:47.071527  4014 getmultilidardata.cpp:1424] lidarid:1
I1003 14:59:47.071983  4014 getmultilidardata.cpp:1432] lidarid:1
I1003 14:59:47.071986  4014 getmultilidardata.cpp:1424] lidarid:1
I1003 14:59:47.072032  4079 myhdl_grabber.cpp:750] signal operator start
I1003 14:59:47.072037  4079 getmultilidardata.cpp:244] id:4
I1003 14:59:47.072353  4014 getmultilidardata.cpp:1442] lidarid:1
I1003 14:59:47.072464  4079 myhdl_grabber.cpp:753] signal operator end
I1003 14:59:47.072466  4079 myhdl_grabber.cpp:754] temper_index_=8
I1003 14:59:47.072487  4079 getmultilidardata.cpp:244] id:5
I1003 14:59:47.072496  4014 getmultilidardata.cpp:1424] lidarid:2
I1003 14:59:47.072976  4014 getmultilidardata.cpp:1432] lidarid:2
I1003 14:59:47.072979  4014 getmultilidardata.cpp:1424] lidarid:2
I1003 14:59:47.073279  4014 getmultilidardata.cpp:1442] lidarid:2
I1003 14:59:47.074931  4014 getmultilidardata.cpp:1300] cloudstartnum[lidarid]=0
I1003 14:59:47.074934  4014 getmultilidardata.cpp:1300] cloudstartnum[lidarid]=58400
I1003 14:59:47.074936  4014 getmultilidardata.cpp:1300] cloudstartnum[lidarid]=90656
I1003 14:59:47.076352  4014 getmultilidardata.cpp:1300] cloudstartnum[lidarid]=0
I1003 14:59:47.076357  4014 getmultilidardata.cpp:1300] cloudstartnum[lidarid]=58400
I1003 14:59:47.076359  4014 getmultilidardata.cpp:1300] cloudstartnum[lidarid]=90656
I1003 14:59:47.077049  4014 getmultilidardata.cpp:1580]  time:0.00499839
I1003 14:59:47.077066  4014 getmultilidardata.cpp:1600] pub pointcloud:123299
I1003 14:59:47.170176  4077 myhdl_grabber.cpp:565] id:0 temprotation:4 last_azimuth_35984
I1003 14:59:47.170190  4077 myhdl_grabber.cpp:750] signal operator start
I1003 14:59:47.170194  4077 getmultilidardata.cpp:244] id:0
I1003 14:59:47.170639  4077 myhdl_grabber.cpp:753] signal operator end
I1003 14:59:47.170641  4077 myhdl_grabber.cpp:754] temper_index_=25
I1003 14:59:47.170657  4077 getmultilidardata.cpp:244] id:1
I1003 14:59:47.170666  4014 getmultilidardata.cpp:1424] lidarid:0
I1003 14:59:47.171772  4014 getmultilidardata.cpp:1432] lidarid:0
I1003 14:59:47.171823  4079 myhdl_grabber.cpp:750] signal operator start
I1003 14:59:47.171828  4014 getmultilidardata.cpp:1424] lidarid:0
I1003 14:59:47.171828  4079 getmultilidardata.cpp:244] id:4
I1003 14:59:47.172494  4079 myhdl_grabber.cpp:753] signal operator end
I1003 14:59:47.172498  4079 myhdl_grabber.cpp:754] temper_index_=8
I1003 14:59:47.172503  4079 getmultilidardata.cpp:244] id:5
I1003 14:59:47.173040  4014 getmultilidardata.cpp:1442] lidarid:0
I1003 14:59:47.173044  4014 getmultilidardata.cpp:1424] lidarid:2
I1003 14:59:47.173367  4014 getmultilidardata.cpp:1432] lidarid:2
I1003 14:59:47.173370  4014 getmultilidardata.cpp:1424] lidarid:2
I1003 14:59:47.173661  4014 getmultilidardata.cpp:1442] lidarid:2
I1003 14:59:47.173722  4078 myhdl_grabber.cpp:750] signal operator start
I1003 14:59:47.173729  4078 getmultilidardata.cpp:244] id:2
I1003 14:59:47.174021  4078 myhdl_grabber.cpp:753] signal operator end
I1003 14:59:47.174022  4078 myhdl_grabber.cpp:754] temper_index_=7
I1003 14:59:47.174026  4078 getmultilidardata.cpp:244] id:3
I1003 14:59:47.174046  4014 getmultilidardata.cpp:1424] lidarid:1
I1003 14:59:47.174587  4014 getmultilidardata.cpp:1432] lidarid:1
I1003 14:59:47.174593  4014 getmultilidardata.cpp:1424] lidarid:1
I1003 14:59:47.174811  4014 getmultilidardata.cpp:1442] lidarid:1
I1003 14:59:47.196677  4014 getmultilidardata.cpp:1300] cloudstartnum[lidarid]=0
I1003 14:59:47.196691  4014 getmultilidardata.cpp:1300] cloudstartnum[lidarid]=58368
I1003 14:59:47.196692  4014 getmultilidardata.cpp:1300] cloudstartnum[lidarid]=91008
I1003 14:59:47.198729  4014 getmultilidardata.cpp:1300] cloudstartnum[lidarid]=0
I1003 14:59:47.198738  4014 getmultilidardata.cpp:1300] cloudstartnum[lidarid]=58368
I1003 14:59:47.198740  4014 getmultilidardata.cpp:1300] cloudstartnum[lidarid]=91008
I1003 14:59:47.200034  4014 getmultilidardata.cpp:1580]  time:0.0263118
I1003 14:59:47.200069  4014 getmultilidardata.cpp:1600] pub pointcloud:123523
I1003 14:59:47.271420  4077 myhdl_grabber.cpp:565] id:0 temprotation:4 last_azimuth_35988
I1003 14:59:47.271433  4077 myhdl_grabber.cpp:750] signal operator start
I1003 14:59:47.271438  4077 getmultilidardata.cpp:244] id:0
I1003 14:59:47.271826  4077 myhdl_grabber.cpp:753] signal operator end
I1003 14:59:47.271829  4077 myhdl_grabber.cpp:754] temper_index_=25
I1003 14:59:47.271832  4077 getmultilidardata.cpp:244] id:1
I1003 14:59:47.271864  4014 getmultilidardata.cpp:1424] lidarid:0
I1003 14:59:47.272635  4014 getmultilidardata.cpp:1432] lidarid:0
I1003 14:59:47.272639  4014 getmultilidardata.cpp:1424] lidarid:0
I1003 14:59:47.272744  4079 myhdl_grabber.cpp:750] signal operator start
I1003 14:59:47.272745  4078 myhdl_grabber.cpp:750] signal operator start
I1003 14:59:47.272750  4079 getmultilidardata.cpp:244] id:4
I1003 14:59:47.272752  4078 getmultilidardata.cpp:244] id:2
I1003 14:59:47.273113  4078 myhdl_grabber.cpp:753] signal operator end
I1003 14:59:47.273115  4078 myhdl_grabber.cpp:754] temper_index_=7
I1003 14:59:47.273118  4078 getmultilidardata.cpp:244] id:3
I1003 14:59:47.273795  4079 myhdl_grabber.cpp:753] signal operator end
I1003 14:59:47.273803  4079 myhdl_grabber.cpp:754] temper_index_=8
I1003 14:59:47.273808  4079 getmultilidardata.cpp:244] id:5
I1003 14:59:47.274017  4014 getmultilidardata.cpp:1442] lidarid:0
I1003 14:59:47.274022  4014 getmultilidardata.cpp:1424] lidarid:1
I1003 14:59:47.274417  4014 getmultilidardata.cpp:1432] lidarid:1
I1003 14:59:47.274420  4014 getmultilidardata.cpp:1424] lidarid:1
I1003 14:59:47.274622  4014 getmultilidardata.cpp:1442] lidarid:1
I1003 14:59:47.274624  4014 getmultilidardata.cpp:1424] lidarid:2
I1003 14:59:47.274827  4014 getmultilidardata.cpp:1432] lidarid:2
I1003 14:59:47.274830  4014 getmultilidardata.cpp:1424] lidarid:2
I1003 14:59:47.275105  4014 getmultilidardata.cpp:1442] lidarid:2
I1003 14:59:47.276285  4014 getmultilidardata.cpp:1300] cloudstartnum[lidarid]=0
I1003 14:59:47.276289  4014 getmultilidardata.cpp:1300] cloudstartnum[lidarid]=58240
I1003 14:59:47.276291  4014 getmultilidardata.cpp:1300] cloudstartnum[lidarid]=90512
I1003 14:59:47.277994  4014 getmultilidardata.cpp:1300] cloudstartnum[lidarid]=0
I1003 14:59:47.277999  4014 getmultilidardata.cpp:1300] cloudstartnum[lidarid]=58240
I1003 14:59:47.278002  4014 getmultilidardata.cpp:1300] cloudstartnum[lidarid]=90512
I1003 14:59:47.279233  4014 getmultilidardata.cpp:1580]  time:0.00648755
I1003 14:59:47.279251  4014 getmultilidardata.cpp:1600] pub pointcloud:122515
I1003 14:59:47.300653  4080 getmultilidardata.cpp:493] get lidar data
I1003 14:59:47.371989  4077 myhdl_grabber.cpp:565] id:0 temprotation:18 last_azimuth_35998
I1003 14:59:47.372002  4077 myhdl_grabber.cpp:750] signal operator start
I1003 14:59:47.372006  4077 getmultilidardata.cpp:244] id:0
I1003 14:59:47.372396  4077 myhdl_grabber.cpp:753] signal operator end
I1003 14:59:47.372400  4077 myhdl_grabber.cpp:754] temper_index_=25
I1003 14:59:47.372401  4014 getmultilidardata.cpp:1424] lidarid:0
I1003 14:59:47.372402  4077 getmultilidardata.cpp:244] id:1
I1003 14:59:47.373090  4014 getmultilidardata.cpp:1432] lidarid:0
I1003 14:59:47.373131  4014 getmultilidardata.cpp:1424] lidarid:0
I1003 14:59:47.373669  4014 getmultilidardata.cpp:1442] lidarid:0
I1003 14:59:47.374022  4078 myhdl_grabber.cpp:750] signal operator start
I1003 14:59:47.374032  4078 getmultilidardata.cpp:244] id:2
I1003 14:59:47.374259  4079 myhdl_grabber.cpp:750] signal operator start
I1003 14:59:47.374269  4079 getmultilidardata.cpp:244] id:4
I1003 14:59:47.374302  4078 myhdl_grabber.cpp:753] signal operator end
I1003 14:59:47.374305  4078 myhdl_grabber.cpp:754] temper_index_=7
I1003 14:59:47.374308  4078 getmultilidardata.cpp:244] id:3
I1003 14:59:47.374333  4014 getmultilidardata.cpp:1424] lidarid:1
I1003 14:59:47.374827  4079 myhdl_grabber.cpp:753] signal operator end
I1003 14:59:47.374830  4079 myhdl_grabber.cpp:754] temper_index_=8
I1003 14:59:47.374835  4079 getmultilidardata.cpp:244] id:5
I1003 14:59:47.374920  4014 getmultilidardata.cpp:1432] lidarid:1
I1003 14:59:47.374924  4014 getmultilidardata.cpp:1424] lidarid:2
I1003 14:59:47.375355  4014 getmultilidardata.cpp:1432] lidarid:2
I1003 14:59:47.375357  4014 getmultilidardata.cpp:1424] lidarid:1
I1003 14:59:47.375792  4014 getmultilidardata.cpp:1442] lidarid:1
I1003 14:59:47.375797  4014 getmultilidardata.cpp:1424] lidarid:2
I1003 14:59:47.376262  4014 getmultilidardata.cpp:1442] lidarid:2
I1003 14:59:47.378039  4014 getmultilidardata.cpp:1300] cloudstartnum[lidarid]=0
I1003 14:59:47.378048  4014 getmultilidardata.cpp:1300] cloudstartnum[lidarid]=58048
I1003 14:59:47.378051  4014 getmultilidardata.cpp:1300] cloudstartnum[lidarid]=90304
I1003 14:59:47.379596  4014 getmultilidardata.cpp:1300] cloudstartnum[lidarid]=0
I1003 14:59:47.379603  4014 getmultilidardata.cpp:1300] cloudstartnum[lidarid]=58048
I1003 14:59:47.379606  4014 getmultilidardata.cpp:1300] cloudstartnum[lidarid]=90304
I1003 14:59:47.380499  4014 getmultilidardata.cpp:1580]  time:0.00624018
I1003 14:59:47.381779  4014 getmultilidardata.cpp:1600] pub pointcloud:122947
I1003 14:59:47.472056  4077 myhdl_grabber.cpp:565] id:0 temprotation:4 last_azimuth_35984
I1003 14:59:47.472084  4077 myhdl_grabber.cpp:750] signal operator start
I1003 14:59:47.472092  4077 getmultilidardata.cpp:244] id:0
I1003 14:59:47.472590  4077 myhdl_grabber.cpp:753] signal operator end
I1003 14:59:47.472597  4077 myhdl_grabber.cpp:754] temper_index_=25
I1003 14:59:47.472604  4077 getmultilidardata.cpp:244] id:1
I1003 14:59:47.472651  4014 getmultilidardata.cpp:1424] lidarid:0
I1003 14:59:47.473371  4014 getmultilidardata.cpp:1432] lidarid:0
I1003 14:59:47.473381  4014 getmultilidardata.cpp:1424] lidarid:0
I1003 14:59:47.473799  4014 getmultilidardata.cpp:1442] lidarid:0
I1003 14:59:47.473984  4079 myhdl_grabber.cpp:750] signal operator start
I1003 14:59:47.474006  4079 getmultilidardata.cpp:244] id:4
I1003 14:59:47.474272  4079 myhdl_grabber.cpp:753] signal operator end
I1003 14:59:47.474279  4079 myhdl_grabber.cpp:754] temper_index_=8
I1003 14:59:47.474285  4079 getmultilidardata.cpp:244] id:5
I1003 14:59:47.474332  4014 getmultilidardata.cpp:1424] lidarid:2
I1003 14:59:47.474450  4078 myhdl_grabber.cpp:750] signal operator start
I1003 14:59:47.474474  4078 getmultilidardata.cpp:244] id:2
I1003 14:59:47.474882  4014 getmultilidardata.cpp:1432] lidarid:2
I1003 14:59:47.474892  4014 getmultilidardata.cpp:1424] lidarid:2
I1003 14:59:47.475016  4078 myhdl_grabber.cpp:753] signal operator end
I1003 14:59:47.475023  4078 myhdl_grabber.cpp:754] temper_index_=7
I1003 14:59:47.475030  4078 getmultilidardata.cpp:244] id:3
I1003 14:59:47.475298  4014 getmultilidardata.cpp:1442] lidarid:2
I1003 14:59:47.475308  4014 getmultilidardata.cpp:1424] lidarid:1
I1003 14:59:47.475625  4014 getmultilidardata.cpp:1432] lidarid:1
I1003 14:59:47.475631  4014 getmultilidardata.cpp:1424] lidarid:1
I1003 14:59:47.475946  4014 getmultilidardata.cpp:1442] lidarid:1
I1003 14:59:47.498003  4014 getmultilidardata.cpp:1300] cloudstartnum[lidarid]=0
I1003 14:59:47.498029  4014 getmultilidardata.cpp:1300] cloudstartnum[lidarid]=57760
I1003 14:59:47.498036  4014 getmultilidardata.cpp:1300] cloudstartnum[lidarid]=90016
I1003 14:59:47.500239  4014 getmultilidardata.cpp:1300] cloudstartnum[lidarid]=0
I1003 14:59:47.500250  4014 getmultilidardata.cpp:1300] cloudstartnum[lidarid]=57760
I1003 14:59:47.500255  4014 getmultilidardata.cpp:1300] cloudstartnum[lidarid]=90016
I1003 14:59:47.501608  4014 getmultilidardata.cpp:1580]  time:0.0271615
I1003 14:59:47.502463  4014 getmultilidardata.cpp:1600] pub pointcloud:121907
I1003 14:59:47.571925  4077 myhdl_grabber.cpp:565] id:0 temprotation:8 last_azimuth_35988
I1003 14:59:47.571940  4077 myhdl_grabber.cpp:750] signal operator start
I1003 14:59:47.571945  4077 getmultilidardata.cpp:244] id:0
I1003 14:59:47.572305  4077 myhdl_grabber.cpp:753] signal operator end
I1003 14:59:47.572309  4077 myhdl_grabber.cpp:754] temper_index_=25
I1003 14:59:47.572312  4077 getmultilidardata.cpp:244] id:1
I1003 14:59:47.572352  4014 getmultilidardata.cpp:1424] lidarid:0
I1003 14:59:47.573019  4014 getmultilidardata.cpp:1432] lidarid:0
I1003 14:59:47.573024  4014 getmultilidardata.cpp:1424] lidarid:0
I1003 14:59:47.573367  4014 getmultilidardata.cpp:1442] lidarid:0
I1003 14:59:47.573550  4079 myhdl_grabber.cpp:750] signal operator start
I1003 14:59:47.573560  4079 getmultilidardata.cpp:244] id:4
I1003 14:59:47.573838  4079 myhdl_grabber.cpp:753] signal operator end
I1003 14:59:47.573841  4079 myhdl_grabber.cpp:754] temper_index_=8
I1003 14:59:47.573844  4079 getmultilidardata.cpp:244] id:5
I1003 14:59:47.573918  4014 getmultilidardata.cpp:1424] lidarid:2
I1003 14:59:47.573961  4078 myhdl_grabber.cpp:750] signal operator start
I1003 14:59:47.573973  4078 getmultilidardata.cpp:244] id:2
I1003 14:59:47.574460  4014 getmultilidardata.cpp:1432] lidarid:2
I1003 14:59:47.574463  4014 getmultilidardata.cpp:1424] lidarid:2
I1003 14:59:47.574523  4078 myhdl_grabber.cpp:753] signal operator end
I1003 14:59:47.574527  4078 myhdl_grabber.cpp:754] temper_index_=7
I1003 14:59:47.574530  4078 getmultilidardata.cpp:244] id:3
I1003 14:59:47.574874  4014 getmultilidardata.cpp:1442] lidarid:2
I1003 14:59:47.574877  4014 getmultilidardata.cpp:1424] lidarid:1
I1003 14:59:47.575129  4014 getmultilidardata.cpp:1432] lidarid:1
I1003 14:59:47.575130  4014 getmultilidardata.cpp:1424] lidarid:1
I1003 14:59:47.575336  4014 getmultilidardata.cpp:1442] lidarid:1
I1003 14:59:47.597043  4014 getmultilidardata.cpp:1300] cloudstartnum[lidarid]=0
I1003 14:59:47.597064  4014 getmultilidardata.cpp:1300] cloudstartnum[lidarid]=57536
I1003 14:59:47.597067  4014 getmultilidardata.cpp:1300] cloudstartnum[lidarid]=89408
I1003 14:59:47.598749  4014 getmultilidardata.cpp:1300] cloudstartnum[lidarid]=0
I1003 14:59:47.598758  4014 getmultilidardata.cpp:1300] cloudstartnum[lidarid]=57536
I1003 14:59:47.598760  4014 getmultilidardata.cpp:1300] cloudstartnum[lidarid]=89408
I1003 14:59:47.599709  4014 getmultilidardata.cpp:1580]  time:0.0257506
I1003 14:59:47.600383  4014 getmultilidardata.cpp:1600] pub pointcloud:121283
I1003 14:59:47.616647  4080 getmultilidardata.cpp:493] get lidar data
I1003 14:59:47.671347  4077 myhdl_grabber.cpp:565] id:0 temprotation:8 last_azimuth_35988
I1003 14:59:47.671372  4077 myhdl_grabber.cpp:750] signal operator start
I1003 14:59:47.671380  4077 getmultilidardata.cpp:244] id:0
I1003 14:59:47.671777  4077 myhdl_grabber.cpp:753] signal operator end
I1003 14:59:47.671783  4077 myhdl_grabber.cpp:754] temper_index_=25
I1003 14:59:47.671790  4077 getmultilidardata.cpp:244] id:1
I1003 14:59:47.671835  4014 getmultilidardata.cpp:1424] lidarid:0
I1003 14:59:47.672545  4014 getmultilidardata.cpp:1432] lidarid:0
I1003 14:59:47.672643  4014 getmultilidardata.cpp:1424] lidarid:0
I1003 14:59:47.672659  4078 myhdl_grabber.cpp:750] signal operator start
I1003 14:59:47.672683  4078 getmultilidardata.cpp:244] id:2
I1003 14:59:47.673175  4078 myhdl_grabber.cpp:753] signal operator end
I1003 14:59:47.673183  4078 myhdl_grabber.cpp:754] temper_index_=7
I1003 14:59:47.673190  4078 getmultilidardata.cpp:244] id:3
I1003 14:59:47.673184  4079 myhdl_grabber.cpp:750] signal operator start
I1003 14:59:47.673213  4079 getmultilidardata.cpp:244] id:4
I1003 14:59:47.673416  4014 getmultilidardata.cpp:1442] lidarid:0
I1003 14:59:47.673429  4014 getmultilidardata.cpp:1424] lidarid:1
I1003 14:59:47.673830  4079 myhdl_grabber.cpp:753] signal operator end
I1003 14:59:47.673836  4079 myhdl_grabber.cpp:754] temper_index_=8
I1003 14:59:47.673843  4079 getmultilidardata.cpp:244] id:5
I1003 14:59:47.673980  4014 getmultilidardata.cpp:1432] lidarid:1
I1003 14:59:47.673988  4014 getmultilidardata.cpp:1424] lidarid:1
I1003 14:59:47.674345  4014 getmultilidardata.cpp:1442] lidarid:1
I1003 14:59:47.674351  4014 getmultilidardata.cpp:1424] lidarid:2
I1003 14:59:47.674608  4014 getmultilidardata.cpp:1432] lidarid:2
I1003 14:59:47.674615  4014 getmultilidardata.cpp:1424] lidarid:2
I1003 14:59:47.674923  4014 getmultilidardata.cpp:1442] lidarid:2
I1003 14:59:47.676964  4014 getmultilidardata.cpp:1300] cloudstartnum[lidarid]=0
I1003 14:59:47.676977  4014 getmultilidardata.cpp:1300] cloudstartnum[lidarid]=57312
I1003 14:59:47.676983  4014 getmultilidardata.cpp:1300] cloudstartnum[lidarid]=88800
I1003 14:59:47.678504  4014 getmultilidardata.cpp:1300] cloudstartnum[lidarid]=0
I1003 14:59:47.678514  4014 getmultilidardata.cpp:1300] cloudstartnum[lidarid]=57312
I1003 14:59:47.678519  4014 getmultilidardata.cpp:1300] cloudstartnum[lidarid]=88800
I1003 14:59:47.679739  4014 getmultilidardata.cpp:1580]  time:0.00655996
I1003 14:59:47.680516  4014 getmultilidardata.cpp:1600] pub pointcloud:120675
I1003 14:59:47.770505  4077 myhdl_grabber.cpp:565] id:0 temprotation:18 last_azimuth_35998
I1003 14:59:47.770530  4077 myhdl_grabber.cpp:750] signal operator start
I1003 14:59:47.770539  4077 getmultilidardata.cpp:244] id:0
I1003 14:59:47.770978  4077 myhdl_grabber.cpp:753] signal operator end
I1003 14:59:47.770987  4077 myhdl_grabber.cpp:754] temper_index_=25
I1003 14:59:47.770992  4077 getmultilidardata.cpp:244] id:1
I1003 14:59:47.771028  4014 getmultilidardata.cpp:1424] lidarid:0
I1003 14:59:47.771782  4014 getmultilidardata.cpp:1432] lidarid:0
I1003 14:59:47.771793  4014 getmultilidardata.cpp:1424] lidarid:0
I1003 14:59:47.771992  4078 myhdl_grabber.cpp:750] signal operator start
I1003 14:59:47.772014  4078 getmultilidardata.cpp:244] id:2
I1003 14:59:47.772389  4014 getmultilidardata.cpp:1442] lidarid:0
I1003 14:59:47.772410  4078 myhdl_grabber.cpp:753] signal operator end
I1003 14:59:47.772415  4014 getmultilidardata.cpp:1424] lidarid:1
I1003 14:59:47.772416  4078 myhdl_grabber.cpp:754] temper_index_=7
I1003 14:59:47.772425  4078 getmultilidardata.cpp:244] id:3
I1003 14:59:47.772745  4079 myhdl_grabber.cpp:750] signal operator start
I1003 14:59:47.772768  4079 getmultilidardata.cpp:244] id:4
I1003 14:59:47.773018  4014 getmultilidardata.cpp:1432] lidarid:1
I1003 14:59:47.773027  4014 getmultilidardata.cpp:1424] lidarid:1
I1003 14:59:47.773165  4079 myhdl_grabber.cpp:753] signal operator end
I1003 14:59:47.773172  4079 myhdl_grabber.cpp:754] temper_index_=8
I1003 14:59:47.773178  4079 getmultilidardata.cpp:244] id:5
I1003 14:59:47.773409  4014 getmultilidardata.cpp:1442] lidarid:1
I1003 14:59:47.773417  4014 getmultilidardata.cpp:1424] lidarid:2
I1003 14:59:47.773773  4014 getmultilidardata.cpp:1432] lidarid:2
I1003 14:59:47.773780  4014 getmultilidardata.cpp:1424] lidarid:2
I1003 14:59:47.774035  4014 getmultilidardata.cpp:1442] lidarid:2
I1003 14:59:47.777948  4014 getmultilidardata.cpp:1300] cloudstartnum[lidarid]=0
I1003 14:59:47.777961  4014 getmultilidardata.cpp:1300] cloudstartnum[lidarid]=57152
I1003 14:59:47.777966  4014 getmultilidardata.cpp:1300] cloudstartnum[lidarid]=89024
I1003 14:59:47.779740  4014 getmultilidardata.cpp:1300] cloudstartnum[lidarid]=0
I1003 14:59:47.779752  4014 getmultilidardata.cpp:1300] cloudstartnum[lidarid]=57152
I1003 14:59:47.779757  4014 getmultilidardata.cpp:1300] cloudstartnum[lidarid]=89024
I1003 14:59:47.781443  4014 getmultilidardata.cpp:1580]  time:0.00870118
I1003 14:59:47.782563  4014 getmultilidardata.cpp:1600] pub pointcloud:120915
I1003 14:59:47.869122  4077 myhdl_grabber.cpp:565] id:0 temprotation:2 last_azimuth_35982
I1003 14:59:47.869138  4077 myhdl_grabber.cpp:750] signal operator start
I1003 14:59:47.869143  4077 getmultilidardata.cpp:244] id:0
I1003 14:59:47.869539  4077 myhdl_grabber.cpp:753] signal operator end
I1003 14:59:47.869541  4077 myhdl_grabber.cpp:754] temper_index_=25
I1003 14:59:47.869544  4077 getmultilidardata.cpp:244] id:1
I1003 14:59:47.869577  4014 getmultilidardata.cpp:1424] lidarid:0
I1003 14:59:47.870245  4014 getmultilidardata.cpp:1432] lidarid:0
I1003 14:59:47.870250  4014 getmultilidardata.cpp:1424] lidarid:0
I1003 14:59:47.870404  4078 myhdl_grabber.cpp:750] signal operator start
I1003 14:59:47.870415  4078 getmultilidardata.cpp:244] id:2
I1003 14:59:47.870721  4014 getmultilidardata.cpp:1442] lidarid:0
I1003 14:59:47.870759  4078 myhdl_grabber.cpp:753] signal operator end
I1003 14:59:47.870762  4078 myhdl_grabber.cpp:754] temper_index_=7
I1003 14:59:47.870765  4078 getmultilidardata.cpp:244] id:3
I1003 14:59:47.870795  4014 getmultilidardata.cpp:1424] lidarid:1
I1003 14:59:47.871188  4079 myhdl_grabber.cpp:750] signal operator start
I1003 14:59:47.871189  4014 getmultilidardata.cpp:1432] lidarid:1
I1003 14:59:47.871193  4079 getmultilidardata.cpp:244] id:4
I1003 14:59:47.871193  4014 getmultilidardata.cpp:1424] lidarid:1
I1003 14:59:47.871506  4014 getmultilidardata.cpp:1442] lidarid:1
I1003 14:59:47.871635  4079 myhdl_grabber.cpp:753] signal operator end
I1003 14:59:47.871639  4079 myhdl_grabber.cpp:754] temper_index_=8
I1003 14:59:47.871641  4079 getmultilidardata.cpp:244] id:5
I1003 14:59:47.871646  4014 getmultilidardata.cpp:1424] lidarid:2
I1003 14:59:47.872021  4014 getmultilidardata.cpp:1432] lidarid:2
I1003 14:59:47.872165  4014 getmultilidardata.cpp:1424] lidarid:2
I1003 14:59:47.872424  4014 getmultilidardata.cpp:1442] lidarid:2
I1003 14:59:47.873620  4014 getmultilidardata.cpp:1300] cloudstartnum[lidarid]=0
I1003 14:59:47.873625  4014 getmultilidardata.cpp:1300] cloudstartnum[lidarid]=56992
I1003 14:59:47.873627  4014 getmultilidardata.cpp:1300] cloudstartnum[lidarid]=88480
I1003 14:59:47.875226  4014 getmultilidardata.cpp:1300] cloudstartnum[lidarid]=0
I1003 14:59:47.875234  4014 getmultilidardata.cpp:1300] cloudstartnum[lidarid]=56992
I1003 14:59:47.875236  4014 getmultilidardata.cpp:1300] cloudstartnum[lidarid]=88480
I1003 14:59:47.876350  4014 getmultilidardata.cpp:1580]  time:0.00515799
I1003 14:59:47.877204  4014 getmultilidardata.cpp:1600] pub pointcloud:119987
I1003 14:59:47.932806  4080 getmultilidardata.cpp:493] get lidar data
I1003 14:59:47.968389  4077 myhdl_grabber.cpp:565] id:0 temprotation:14 last_azimuth_35994
I1003 14:59:47.968415  4077 myhdl_grabber.cpp:750] signal operator start
I1003 14:59:47.968423  4077 getmultilidardata.cpp:244] id:0
I1003 14:59:47.968901  4077 myhdl_grabber.cpp:753] signal operator end
I1003 14:59:47.968909  4077 myhdl_grabber.cpp:754] temper_index_=25
I1003 14:59:47.968914  4077 getmultilidardata.cpp:244] id:1
I1003 14:59:47.968940  4014 getmultilidardata.cpp:1424] lidarid:0
I1003 14:59:47.969691  4014 getmultilidardata.cpp:1432] lidarid:0
I1003 14:59:47.969700  4014 getmultilidardata.cpp:1424] lidarid:0
I1003 14:59:47.969983  4078 myhdl_grabber.cpp:750] signal operator start
I1003 14:59:47.970006  4078 getmultilidardata.cpp:244] id:2
I1003 14:59:47.970288  4014 getmultilidardata.cpp:1442] lidarid:0
I1003 14:59:47.970315  4079 myhdl_grabber.cpp:750] signal operator start
I1003 14:59:47.970325  4079 getmultilidardata.cpp:244] id:4
I1003 14:59:47.970465  4014 getmultilidardata.cpp:1424] lidarid:1
I1003 14:59:47.970803  4079 myhdl_grabber.cpp:753] signal operator end
I1003 14:59:47.970811  4079 myhdl_grabber.cpp:754] temper_index_=8
I1003 14:59:47.970824  4079 getmultilidardata.cpp:244] id:5
I1003 14:59:47.970927  4014 getmultilidardata.cpp:1432] lidarid:1
I1003 14:59:47.970934  4014 getmultilidardata.cpp:1424] lidarid:2
I1003 14:59:47.971925  4014 getmultilidardata.cpp:1432] lidarid:2
I1003 14:59:47.971936  4014 getmultilidardata.cpp:1424] lidarid:2
I1003 14:59:47.972827  4014 getmultilidardata.cpp:1442] lidarid:2
I1003 14:59:47.972847  4078 myhdl_grabber.cpp:753] signal operator end
I1003 14:59:47.972853  4078 myhdl_grabber.cpp:754] temper_index_=7
I1003 14:59:47.972862  4078 getmultilidardata.cpp:244] id:3
I1003 14:59:47.973187  4014 getmultilidardata.cpp:1424] lidarid:1
I1003 14:59:47.974133  4014 getmultilidardata.cpp:1442] lidarid:1
I1003 14:59:47.998286  4014 getmultilidardata.cpp:1300] cloudstartnum[lidarid]=0
I1003 14:59:47.998320  4014 getmultilidardata.cpp:1300] cloudstartnum[lidarid]=56992
I1003 14:59:47.998327  4014 getmultilidardata.cpp:1300] cloudstartnum[lidarid]=88864
I1003 14:59:48.000195  4014 getmultilidardata.cpp:1300] cloudstartnum[lidarid]=0
I1003 14:59:48.000212  4014 getmultilidardata.cpp:1300] cloudstartnum[lidarid]=56992
I1003 14:59:48.000217  4014 getmultilidardata.cpp:1300] cloudstartnum[lidarid]=88864
I1003 14:59:48.001457  4014 getmultilidardata.cpp:1580]  time:0.031141
I1003 14:59:48.002447  4014 getmultilidardata.cpp:1600] pub pointcloud:120355
I1003 14:59:48.067076  4077 myhdl_grabber.cpp:565] id:0 temprotation:18 last_azimuth_35998
I1003 14:59:48.067104  4077 myhdl_grabber.cpp:750] signal operator start
I1003 14:59:48.067114  4077 getmultilidardata.cpp:244] id:0
I1003 14:59:48.067677  4014 getmultilidardata.cpp:1424] lidarid:0
I1003 14:59:48.068156  4014 getmultilidardata.cpp:1432] lidarid:0
I1003 14:59:48.068176  4077 myhdl_grabber.cpp:753] signal operator end
I1003 14:59:48.068181  4077 myhdl_grabber.cpp:754] temper_index_=25
I1003 14:59:48.068189  4077 getmultilidardata.cpp:244] id:1
I1003 14:59:48.068732  4014 getmultilidardata.cpp:1424] lidarid:0
I1003 14:59:48.069188  4014 getmultilidardata.cpp:1442] lidarid:0
I1003 14:59:48.069293  4078 myhdl_grabber.cpp:750] signal operator start
I1003 14:59:48.069312  4079 myhdl_grabber.cpp:750] signal operator start
I1003 14:59:48.069322  4078 getmultilidardata.cpp:244] id:2
I1003 14:59:48.069341  4079 getmultilidardata.cpp:244] id:4
I1003 14:59:48.069833  4078 myhdl_grabber.cpp:753] signal operator end
I1003 14:59:48.069851  4078 myhdl_grabber.cpp:754] temper_index_=7
I1003 14:59:48.069860  4079 myhdl_grabber.cpp:753] signal operator end
I1003 14:59:48.069861  4078 getmultilidardata.cpp:244] id:3
I1003 14:59:48.069875  4079 myhdl_grabber.cpp:754] temper_index_=8
I1003 14:59:48.069888  4079 getmultilidardata.cpp:244] id:5
I1003 14:59:48.069890  4014 getmultilidardata.cpp:1424] lidarid:1
I1003 14:59:48.070503  4014 getmultilidardata.cpp:1432] lidarid:1
I1003 14:59:48.070514  4014 getmultilidardata.cpp:1424] lidarid:2
I1003 14:59:48.070827  4014 getmultilidardata.cpp:1432] lidarid:2
I1003 14:59:48.070834  4014 getmultilidardata.cpp:1424] lidarid:1
I1003 14:59:48.071071  4014 getmultilidardata.cpp:1442] lidarid:1
I1003 14:59:48.071079  4014 getmultilidardata.cpp:1424] lidarid:2
I1003 14:59:48.071367  4014 getmultilidardata.cpp:1442] lidarid:2
I1003 14:59:48.075546  4014 getmultilidardata.cpp:1300] cloudstartnum[lidarid]=0
I1003 14:59:48.075567  4014 getmultilidardata.cpp:1300] cloudstartnum[lidarid]=57024
I1003 14:59:48.075573  4014 getmultilidardata.cpp:1300] cloudstartnum[lidarid]=88528
I1003 14:59:48.077293  4014 getmultilidardata.cpp:1300] cloudstartnum[lidarid]=0
I1003 14:59:48.077306  4014 getmultilidardata.cpp:1300] cloudstartnum[lidarid]=57024
I1003 14:59:48.077311  4014 getmultilidardata.cpp:1300] cloudstartnum[lidarid]=88528
I1003 14:59:48.079167  4014 getmultilidardata.cpp:1580]  time:0.00985792
I1003 14:59:48.080165  4014 getmultilidardata.cpp:1600] pub pointcloud:120403
I1003 14:59:48.166370  4077 myhdl_grabber.cpp:565] id:0 temprotation:12 last_azimuth_35992
I1003 14:59:48.166399  4077 myhdl_grabber.cpp:750] signal operator start
I1003 14:59:48.166409  4077 getmultilidardata.cpp:244] id:0
I1003 14:59:48.166887  4077 myhdl_grabber.cpp:753] signal operator end
I1003 14:59:48.166894  4077 myhdl_grabber.cpp:754] temper_index_=25
I1003 14:59:48.166905  4014 getmultilidardata.cpp:1424] lidarid:0
I1003 14:59:48.166951  4077 getmultilidardata.cpp:244] id:1
I1003 14:59:48.167680  4014 getmultilidardata.cpp:1432] lidarid:0
I1003 14:59:48.167692  4014 getmultilidardata.cpp:1424] lidarid:0
I1003 14:59:48.168031  4078 myhdl_grabber.cpp:750] signal operator start
I1003 14:59:48.168054  4078 getmultilidardata.cpp:244] id:2
I1003 14:59:48.168221  4014 getmultilidardata.cpp:1442] lidarid:0
I1003 14:59:48.168382  4078 myhdl_grabber.cpp:753] signal operator end
I1003 14:59:48.168390  4014 getmultilidardata.cpp:1424] lidarid:1
I1003 14:59:48.168390  4078 myhdl_grabber.cpp:754] temper_index_=7
I1003 14:59:48.168399  4078 getmultilidardata.cpp:244] id:3
I1003 14:59:48.168792  4014 getmultilidardata.cpp:1432] lidarid:1
I1003 14:59:48.168800  4014 getmultilidardata.cpp:1424] lidarid:1
I1003 14:59:48.168884  4079 myhdl_grabber.cpp:750] signal operator start
I1003 14:59:48.168893  4079 getmultilidardata.cpp:244] id:4
I1003 14:59:48.169183  4014 getmultilidardata.cpp:1442] lidarid:1
I1003 14:59:48.169261  4079 myhdl_grabber.cpp:753] signal operator end
I1003 14:59:48.169268  4079 myhdl_grabber.cpp:754] temper_index_=8
I1003 14:59:48.169275  4079 getmultilidardata.cpp:244] id:5
I1003 14:59:48.169317  4014 getmultilidardata.cpp:1424] lidarid:2
I1003 14:59:48.169711  4014 getmultilidardata.cpp:1432] lidarid:2
I1003 14:59:48.169720  4014 getmultilidardata.cpp:1424] lidarid:2
I1003 14:59:48.169996  4014 getmultilidardata.cpp:1442] lidarid:2
I1003 14:59:48.172713  4014 getmultilidardata.cpp:1300] cloudstartnum[lidarid]=0
I1003 14:59:48.172724  4014 getmultilidardata.cpp:1300] cloudstartnum[lidarid]=57120
I1003 14:59:48.172729  4014 getmultilidardata.cpp:1300] cloudstartnum[lidarid]=88992
I1003 14:59:48.174620  4014 getmultilidardata.cpp:1300] cloudstartnum[lidarid]=0
I1003 14:59:48.174630  4014 getmultilidardata.cpp:1300] cloudstartnum[lidarid]=57120
I1003 14:59:48.174635  4014 getmultilidardata.cpp:1300] cloudstartnum[lidarid]=88992
I1003 14:59:48.175927  4014 getmultilidardata.cpp:1580]  time:0.00704321
I1003 14:59:48.176729  4014 getmultilidardata.cpp:1600] pub pointcloud:120867
I1003 14:59:48.248874  4080 getmultilidardata.cpp:493] get lidar data
I1003 14:59:48.265585  4077 myhdl_grabber.cpp:565] id:0 temprotation:4 last_azimuth_35984
I1003 14:59:48.265600  4077 myhdl_grabber.cpp:750] signal operator start
I1003 14:59:48.265605  4077 getmultilidardata.cpp:244] id:0
I1003 14:59:48.265947  4077 myhdl_grabber.cpp:753] signal operator end
I1003 14:59:48.265950  4077 myhdl_grabber.cpp:754] temper_index_=25
I1003 14:59:48.265954  4077 getmultilidardata.cpp:244] id:1
I1003 14:59:48.265976  4014 getmultilidardata.cpp:1424] lidarid:0
I1003 14:59:48.266650  4014 getmultilidardata.cpp:1432] lidarid:0
I1003 14:59:48.266655  4014 getmultilidardata.cpp:1424] lidarid:0
I1003 14:59:48.266969  4014 getmultilidardata.cpp:1442] lidarid:0
I1003 14:59:48.267079  4079 myhdl_grabber.cpp:750] signal operator start
I1003 14:59:48.267086  4079 getmultilidardata.cpp:244] id:4
I1003 14:59:48.267303  4079 myhdl_grabber.cpp:753] signal operator end
I1003 14:59:48.267307  4079 myhdl_grabber.cpp:754] temper_index_=8
I1003 14:59:48.267309  4079 getmultilidardata.cpp:244] id:5
I1003 14:59:48.267343  4014 getmultilidardata.cpp:1424] lidarid:2
I1003 14:59:48.267563  4078 myhdl_grabber.cpp:750] signal operator start
I1003 14:59:48.267577  4078 getmultilidardata.cpp:244] id:2
I1003 14:59:48.267776  4014 getmultilidardata.cpp:1432] lidarid:2
I1003 14:59:48.267781  4014 getmultilidardata.cpp:1424] lidarid:2
I1003 14:59:48.268049  4078 myhdl_grabber.cpp:753] signal operator end
I1003 14:59:48.268054  4078 myhdl_grabber.cpp:754] temper_index_=7
I1003 14:59:48.268057  4078 getmultilidardata.cpp:244] id:3
I1003 14:59:48.268153  4014 getmultilidardata.cpp:1442] lidarid:2
I1003 14:59:48.268157  4014 getmultilidardata.cpp:1424] lidarid:1
I1003 14:59:48.268507  4014 getmultilidardata.cpp:1432] lidarid:1
I1003 14:59:48.268510  4014 getmultilidardata.cpp:1424] lidarid:1
I1003 14:59:48.268703  4014 getmultilidardata.cpp:1442] lidarid:1
I1003 14:59:48.290333  4014 getmultilidardata.cpp:1300] cloudstartnum[lidarid]=0
I1003 14:59:48.290354  4014 getmultilidardata.cpp:1300] cloudstartnum[lidarid]=57312
I1003 14:59:48.290359  4014 getmultilidardata.cpp:1300] cloudstartnum[lidarid]=89184
I1003 14:59:48.292016  4014 getmultilidardata.cpp:1300] cloudstartnum[lidarid]=0
I1003 14:59:48.292027  4014 getmultilidardata.cpp:1300] cloudstartnum[lidarid]=57312
