Log file created at: 2020/10/03 14:25:27
Running on machine: sundong
Log line format: [IWEF]mmdd hh:mm:ss.uuuuuu threadid file:line] msg
I1003 14:25:27.653614  7849 configuration_file_resolver.cc:38] Found '/home/sundong/bit_ivrc/calibrationlidar/src/sensor_driver/sensor_driver/config/extrinsicparameter/cw/0.lua' for '0.lua'.
I1003 14:25:27.653797  7849 configuration_file_resolver.cc:47] /home/sundong/bit_ivrc/calibrationlidar/src/sensor_driver/sensor_driver/config/extrinsicparameter/cw/0.lua
I1003 14:25:27.656265  7849 myhdl_grabber.cpp:257] test1
I1003 14:25:27.656313  7849 myhdl_grabber.cpp:281] test2
I1003 14:25:27.656780  7849 configuration_file_resolver.cc:38] Found '/home/sundong/bit_ivrc/calibrationlidar/src/sensor_driver/sensor_driver/config/extrinsicparameter/cw/1.lua' for '1.lua'.
I1003 14:25:27.656788  7849 configuration_file_resolver.cc:47] /home/sundong/bit_ivrc/calibrationlidar/src/sensor_driver/sensor_driver/config/extrinsicparameter/cw/1.lua
I1003 14:25:27.656958  7849 myhdl_grabber.cpp:257] test1
I1003 14:25:27.656975  7849 myhdl_grabber.cpp:281] test2
I1003 14:25:27.657202  7849 configuration_file_resolver.cc:38] Found '/home/sundong/bit_ivrc/calibrationlidar/src/sensor_driver/sensor_driver/config/extrinsicparameter/cw/2.lua' for '2.lua'.
I1003 14:25:27.657208  7849 configuration_file_resolver.cc:47] /home/sundong/bit_ivrc/calibrationlidar/src/sensor_driver/sensor_driver/config/extrinsicparameter/cw/2.lua
I1003 14:25:27.657352  7849 myhdl_grabber.cpp:257] test1
I1003 14:25:27.657368  7849 myhdl_grabber.cpp:281] test2
W1003 14:25:27.657668  7916 getmultilidardata.cpp:371] filter:udp  and (dst port 5017 or dst port 9001 or dst port 9901 or dst port 9902 or dst port 9903)
I1003 14:25:27.770020  7913 myhdl_grabber.cpp:565] id:0 temprotation:14 last_azimuth_35994
I1003 14:25:27.770040  7913 myhdl_grabber.cpp:750] signal operator start
I1003 14:25:27.770052  7913 getmultilidardata.cpp:244] id:0
I1003 14:25:27.770882  7913 myhdl_grabber.cpp:753] signal operator end
I1003 14:25:27.770905  7913 myhdl_grabber.cpp:754] temper_index_=25
I1003 14:25:27.770913  7913 getmultilidardata.cpp:244] id:1
I1003 14:25:27.770916  7849 getmultilidardata.cpp:1424] lidarid:0
I1003 14:25:27.771392  7849 getmultilidardata.cpp:1432] lidarid:0
I1003 14:25:27.771845  7849 getmultilidardata.cpp:1424] lidarid:0
I1003 14:25:27.772460  7914 myhdl_grabber.cpp:750] signal operator start
I1003 14:25:27.772475  7914 getmultilidardata.cpp:244] id:2
I1003 14:25:27.772814  7914 myhdl_grabber.cpp:753] signal operator end
I1003 14:25:27.772816  7914 myhdl_grabber.cpp:754] temper_index_=7
I1003 14:25:27.772819  7914 getmultilidardata.cpp:244] id:3
I1003 14:25:27.773048  7849 getmultilidardata.cpp:1442] lidarid:0
I1003 14:25:27.773066  7849 getmultilidardata.cpp:1424] lidarid:1
I1003 14:25:27.773077  7915 myhdl_grabber.cpp:750] signal operator start
I1003 14:25:27.773898  7915 getmultilidardata.cpp:244] id:4
I1003 14:25:27.773869  7849 getmultilidardata.cpp:1432] lidarid:1
I1003 14:25:27.773929  7849 getmultilidardata.cpp:1424] lidarid:1
I1003 14:25:27.774308  7915 myhdl_grabber.cpp:753] signal operator end
I1003 14:25:27.774312  7915 myhdl_grabber.cpp:754] temper_index_=8
I1003 14:25:27.774314  7915 getmultilidardata.cpp:244] id:5
I1003 14:25:27.774562  7849 getmultilidardata.cpp:1442] lidarid:1
I1003 14:25:27.774566  7849 getmultilidardata.cpp:1424] lidarid:2
I1003 14:25:27.775094  7849 getmultilidardata.cpp:1432] lidarid:2
I1003 14:25:27.775097  7849 getmultilidardata.cpp:1424] lidarid:2
I1003 14:25:27.775578  7849 getmultilidardata.cpp:1442] lidarid:2
I1003 14:25:27.869938  7913 myhdl_grabber.cpp:565] id:0 temprotation:4 last_azimuth_35984
I1003 14:25:27.869952  7913 myhdl_grabber.cpp:750] signal operator start
I1003 14:25:27.869956  7913 getmultilidardata.cpp:244] id:0
I1003 14:25:27.870388  7913 myhdl_grabber.cpp:753] signal operator end
I1003 14:25:27.870406  7913 myhdl_grabber.cpp:754] temper_index_=25
I1003 14:25:27.870410  7913 getmultilidardata.cpp:244] id:1
I1003 14:25:27.871140  7915 myhdl_grabber.cpp:750] signal operator start
I1003 14:25:27.871146  7915 getmultilidardata.cpp:244] id:4
I1003 14:25:27.871316  7914 myhdl_grabber.cpp:750] signal operator start
I1003 14:25:27.871332  7914 getmultilidardata.cpp:244] id:2
I1003 14:25:27.871450  7915 myhdl_grabber.cpp:753] signal operator end
I1003 14:25:27.871454  7915 myhdl_grabber.cpp:754] temper_index_=8
I1003 14:25:27.871459  7915 getmultilidardata.cpp:244] id:5
I1003 14:25:27.871711  7914 myhdl_grabber.cpp:753] signal operator end
I1003 14:25:27.871716  7914 myhdl_grabber.cpp:754] temper_index_=7
I1003 14:25:27.871718  7914 getmultilidardata.cpp:244] id:3
I1003 14:25:27.969892  7913 myhdl_grabber.cpp:565] id:0 temprotation:4 last_azimuth_35984
I1003 14:25:27.969945  7913 myhdl_grabber.cpp:750] signal operator start
I1003 14:25:27.969949  7913 getmultilidardata.cpp:244] id:0
I1003 14:25:27.970358  7913 myhdl_grabber.cpp:753] signal operator end
I1003 14:25:27.970362  7913 myhdl_grabber.cpp:754] temper_index_=25
I1003 14:25:27.970366  7913 getmultilidardata.cpp:244] id:1
I1003 14:25:27.971187  7915 myhdl_grabber.cpp:750] signal operator start
I1003 14:25:27.971194  7915 getmultilidardata.cpp:244] id:4
I1003 14:25:27.971405  7915 myhdl_grabber.cpp:753] signal operator end
I1003 14:25:27.971408  7915 myhdl_grabber.cpp:754] temper_index_=8
I1003 14:25:27.971410  7915 getmultilidardata.cpp:244] id:5
I1003 14:25:27.971698  7914 myhdl_grabber.cpp:750] signal operator start
I1003 14:25:27.971701  7914 getmultilidardata.cpp:244] id:2
I1003 14:25:27.971968  7914 myhdl_grabber.cpp:753] signal operator end
I1003 14:25:27.971972  7914 myhdl_grabber.cpp:754] temper_index_=7
I1003 14:25:27.971974  7914 getmultilidardata.cpp:244] id:3
I1003 14:25:27.973506  7916 getmultilidardata.cpp:493] get lidar data
I1003 14:25:28.062541  7849 getmultilidardata.cpp:1300] cloudstartnum[lidarid]=0
I1003 14:25:28.062554  7849 getmultilidardata.cpp:1300] cloudstartnum[lidarid]=64800
I1003 14:25:28.062556  7849 getmultilidardata.cpp:1300] cloudstartnum[lidarid]=101280
I1003 14:25:28.064993  7849 getmultilidardata.cpp:1300] cloudstartnum[lidarid]=0
I1003 14:25:28.065001  7849 getmultilidardata.cpp:1300] cloudstartnum[lidarid]=64800
I1003 14:25:28.065002  7849 getmultilidardata.cpp:1300] cloudstartnum[lidarid]=101280
I1003 14:25:28.067879  7849 getmultilidardata.cpp:1580]  time:0.294796
I1003 14:25:28.067917  7849 getmultilidardata.cpp:1600] pub pointcloud:137779
I1003 14:25:28.068181  7849 getmultilidardata.cpp:1424] lidarid:0
I1003 14:25:28.068997  7849 getmultilidardata.cpp:1432] lidarid:0
I1003 14:25:28.069006  7849 getmultilidardata.cpp:1424] lidarid:0
I1003 14:25:28.069787  7849 getmultilidardata.cpp:1442] lidarid:0
I1003 14:25:28.069794  7849 getmultilidardata.cpp:1424] lidarid:2
I1003 14:25:28.070304  7849 getmultilidardata.cpp:1432] lidarid:2
I1003 14:25:28.070309  7849 getmultilidardata.cpp:1424] lidarid:1
I1003 14:25:28.070856  7849 getmultilidardata.cpp:1432] lidarid:1
I1003 14:25:28.070863  7849 getmultilidardata.cpp:1424] lidarid:2
I1003 14:25:28.071419  7913 myhdl_grabber.cpp:565] id:0 temprotation:14 last_azimuth_35994
I1003 14:25:28.071444  7913 myhdl_grabber.cpp:750] signal operator start
I1003 14:25:28.071450  7913 getmultilidardata.cpp:244] id:0
I1003 14:25:28.071460  7849 getmultilidardata.cpp:1442] lidarid:2
I1003 14:25:28.071463  7849 getmultilidardata.cpp:1424] lidarid:1
I1003 14:25:28.072144  7849 getmultilidardata.cpp:1442] lidarid:1
I1003 14:25:28.072155  7849 getmultilidardata.cpp:1424] lidarid:0
E1003 14:25:28.072157  7849 getmultilidardata.cpp:1427] finalcloudmap_origin_.find(lidarid)!=finalcloudmap_origin_.end()
I1003 14:25:28.073230  7849 getmultilidardata.cpp:1432] lidarid:0
I1003 14:25:28.073246  7849 getmultilidardata.cpp:1424] lidarid:0
E1003 14:25:28.073249  7849 getmultilidardata.cpp:1437] finalcloudmap_calibrated_.find(lidarid)!=finalcloudmap_calibrated_.end()
I1003 14:25:28.072244  7913 myhdl_grabber.cpp:753] signal operator end
I1003 14:25:28.073967  7913 myhdl_grabber.cpp:754] temper_index_=25
I1003 14:25:28.073976  7913 getmultilidardata.cpp:244] id:1
I1003 14:25:28.074997  7915 myhdl_grabber.cpp:750] signal operator start
I1003 14:25:28.075016  7915 getmultilidardata.cpp:244] id:4
I1003 14:25:28.075273  7915 myhdl_grabber.cpp:753] signal operator end
I1003 14:25:28.075278  7915 myhdl_grabber.cpp:754] temper_index_=8
I1003 14:25:28.075281  7915 getmultilidardata.cpp:244] id:5
I1003 14:25:28.075793  7914 myhdl_grabber.cpp:750] signal operator start
I1003 14:25:28.075837  7914 getmultilidardata.cpp:244] id:2
I1003 14:25:28.076210  7914 myhdl_grabber.cpp:753] signal operator end
I1003 14:25:28.076215  7914 myhdl_grabber.cpp:754] temper_index_=7
I1003 14:25:28.076217  7914 getmultilidardata.cpp:244] id:3
I1003 14:25:28.076392  7849 getmultilidardata.cpp:1442] lidarid:0
I1003 14:25:28.076474  7849 getmultilidardata.cpp:1424] lidarid:2
E1003 14:25:28.076478  7849 getmultilidardata.cpp:1427] finalcloudmap_origin_.find(lidarid)!=finalcloudmap_origin_.end()
I1003 14:25:28.077163  7849 getmultilidardata.cpp:1432] lidarid:2
I1003 14:25:28.077170  7849 getmultilidardata.cpp:1424] lidarid:2
E1003 14:25:28.077173  7849 getmultilidardata.cpp:1437] finalcloudmap_calibrated_.find(lidarid)!=finalcloudmap_calibrated_.end()
I1003 14:25:28.077657  7849 getmultilidardata.cpp:1442] lidarid:2
I1003 14:25:28.171833  7913 myhdl_grabber.cpp:565] id:0 temprotation:18 last_azimuth_35998
I1003 14:25:28.171846  7913 myhdl_grabber.cpp:750] signal operator start
I1003 14:25:28.171862  7913 getmultilidardata.cpp:244] id:0
I1003 14:25:28.172236  7913 myhdl_grabber.cpp:753] signal operator end
I1003 14:25:28.172240  7913 myhdl_grabber.cpp:754] temper_index_=25
I1003 14:25:28.172243  7913 getmultilidardata.cpp:244] id:1
I1003 14:25:28.173390  7914 myhdl_grabber.cpp:750] signal operator start
I1003 14:25:28.173399  7914 getmultilidardata.cpp:244] id:2
I1003 14:25:28.173774  7914 myhdl_grabber.cpp:753] signal operator end
I1003 14:25:28.173776  7914 myhdl_grabber.cpp:754] temper_index_=7
I1003 14:25:28.173779  7914 getmultilidardata.cpp:244] id:3
I1003 14:25:28.173914  7915 myhdl_grabber.cpp:750] signal operator start
I1003 14:25:28.173928  7915 getmultilidardata.cpp:244] id:4
I1003 14:25:28.174234  7915 myhdl_grabber.cpp:753] signal operator end
I1003 14:25:28.174238  7915 myhdl_grabber.cpp:754] temper_index_=8
I1003 14:25:28.174242  7915 getmultilidardata.cpp:244] id:5
I1003 14:25:28.272977  7913 myhdl_grabber.cpp:565] id:0 temprotation:12 last_azimuth_35992
I1003 14:25:28.272992  7913 myhdl_grabber.cpp:750] signal operator start
I1003 14:25:28.272997  7913 getmultilidardata.cpp:244] id:0
I1003 14:25:28.273380  7913 myhdl_grabber.cpp:753] signal operator end
I1003 14:25:28.273382  7913 myhdl_grabber.cpp:754] temper_index_=25
I1003 14:25:28.273386  7913 getmultilidardata.cpp:244] id:1
I1003 14:25:28.274703  7915 myhdl_grabber.cpp:750] signal operator start
I1003 14:25:28.274713  7915 getmultilidardata.cpp:244] id:4
I1003 14:25:28.274963  7915 myhdl_grabber.cpp:753] signal operator end
I1003 14:25:28.274966  7915 myhdl_grabber.cpp:754] temper_index_=8
I1003 14:25:28.274969  7915 getmultilidardata.cpp:244] id:5
I1003 14:25:28.275297  7914 myhdl_grabber.cpp:750] signal operator start
I1003 14:25:28.275303  7914 getmultilidardata.cpp:244] id:2
I1003 14:25:28.275561  7914 myhdl_grabber.cpp:753] signal operator end
I1003 14:25:28.275565  7914 myhdl_grabber.cpp:754] temper_index_=7
I1003 14:25:28.275568  7914 getmultilidardata.cpp:244] id:3
I1003 14:25:28.289618  7916 getmultilidardata.cpp:493] get lidar data
I1003 14:25:28.322161  7849 getmultilidardata.cpp:1300] cloudstartnum[lidarid]=0
I1003 14:25:28.322187  7849 getmultilidardata.cpp:1300] cloudstartnum[lidarid]=57760
I1003 14:25:28.322190  7849 getmultilidardata.cpp:1300] cloudstartnum[lidarid]=88880
I1003 14:25:28.324091  7849 getmultilidardata.cpp:1300] cloudstartnum[lidarid]=0
I1003 14:25:28.324100  7849 getmultilidardata.cpp:1300] cloudstartnum[lidarid]=57760
I1003 14:25:28.324101  7849 getmultilidardata.cpp:1300] cloudstartnum[lidarid]=88880
I1003 14:25:28.326504  7849 getmultilidardata.cpp:1580]  time:0.355317
I1003 14:25:28.326524  7849 getmultilidardata.cpp:1600] pub pointcloud:121155
I1003 14:25:28.326529  7849 getmultilidardata.cpp:1424] lidarid:1
I1003 14:25:28.326766  7849 getmultilidardata.cpp:1432] lidarid:1
I1003 14:25:28.326771  7849 getmultilidardata.cpp:1424] lidarid:1
I1003 14:25:28.327216  7849 getmultilidardata.cpp:1442] lidarid:1
I1003 14:25:28.327220  7849 getmultilidardata.cpp:1424] lidarid:0
I1003 14:25:28.327948  7849 getmultilidardata.cpp:1432] lidarid:0
I1003 14:25:28.327972  7849 getmultilidardata.cpp:1424] lidarid:0
I1003 14:25:28.328759  7849 getmultilidardata.cpp:1442] lidarid:0
I1003 14:25:28.328764  7849 getmultilidardata.cpp:1424] lidarid:2
I1003 14:25:28.329247  7849 getmultilidardata.cpp:1432] lidarid:2
I1003 14:25:28.329252  7849 getmultilidardata.cpp:1424] lidarid:2
I1003 14:25:28.329771  7849 getmultilidardata.cpp:1442] lidarid:2
I1003 14:25:28.332969  7849 getmultilidardata.cpp:1300] cloudstartnum[lidarid]=0
I1003 14:25:28.332980  7849 getmultilidardata.cpp:1300] cloudstartnum[lidarid]=58016
I1003 14:25:28.332983  7849 getmultilidardata.cpp:1300] cloudstartnum[lidarid]=90672
I1003 14:25:28.335587  7849 getmultilidardata.cpp:1300] cloudstartnum[lidarid]=0
I1003 14:25:28.335599  7849 getmultilidardata.cpp:1300] cloudstartnum[lidarid]=58016
I1003 14:25:28.335602  7849 getmultilidardata.cpp:1300] cloudstartnum[lidarid]=90672
I1003 14:25:28.337190  7849 getmultilidardata.cpp:1580]  time:0.262197
I1003 14:25:28.337213  7849 getmultilidardata.cpp:1600] pub pointcloud:123491
I1003 14:25:28.337218  7849 getmultilidardata.cpp:1424] lidarid:1
I1003 14:25:28.337566  7849 getmultilidardata.cpp:1432] lidarid:1
I1003 14:25:28.337571  7849 getmultilidardata.cpp:1424] lidarid:1
I1003 14:25:28.337855  7849 getmultilidardata.cpp:1442] lidarid:1
I1003 14:25:28.337862  7849 getmultilidardata.cpp:1424] lidarid:0
I1003 14:25:28.338501  7849 getmultilidardata.cpp:1432] lidarid:0
I1003 14:25:28.338508  7849 getmultilidardata.cpp:1424] lidarid:0
I1003 14:25:28.339311  7849 getmultilidardata.cpp:1442] lidarid:0
I1003 14:25:28.339318  7849 getmultilidardata.cpp:1424] lidarid:1
E1003 14:25:28.339319  7849 getmultilidardata.cpp:1427] finalcloudmap_origin_.find(lidarid)!=finalcloudmap_origin_.end()
I1003 14:25:28.339793  7849 getmultilidardata.cpp:1432] lidarid:1
I1003 14:25:28.339802  7849 getmultilidardata.cpp:1424] lidarid:1
E1003 14:25:28.339803  7849 getmultilidardata.cpp:1437] finalcloudmap_calibrated_.find(lidarid)!=finalcloudmap_calibrated_.end()
I1003 14:25:28.340238  7849 getmultilidardata.cpp:1442] lidarid:1
I1003 14:25:28.340245  7849 getmultilidardata.cpp:1424] lidarid:2
I1003 14:25:28.340615  7849 getmultilidardata.cpp:1432] lidarid:2
I1003 14:25:28.340618  7849 getmultilidardata.cpp:1424] lidarid:2
I1003 14:25:28.340983  7849 getmultilidardata.cpp:1442] lidarid:2
I1003 14:25:28.342929  7849 getmultilidardata.cpp:1300] cloudstartnum[lidarid]=0
I1003 14:25:28.342938  7849 getmultilidardata.cpp:1300] cloudstartnum[lidarid]=58208
I1003 14:25:28.342941  7849 getmultilidardata.cpp:1300] cloudstartnum[lidarid]=89920
I1003 14:25:28.344547  7849 getmultilidardata.cpp:1300] cloudstartnum[lidarid]=0
I1003 14:25:28.344554  7849 getmultilidardata.cpp:1300] cloudstartnum[lidarid]=58208
I1003 14:25:28.344556  7849 getmultilidardata.cpp:1300] cloudstartnum[lidarid]=89920
I1003 14:25:28.346041  7849 getmultilidardata.cpp:1580]  time:0.172127
I1003 14:25:28.346066  7849 getmultilidardata.cpp:1600] pub pointcloud:122035
I1003 14:25:28.346071  7849 getmultilidardata.cpp:1424] lidarid:0
I1003 14:25:28.346768  7849 getmultilidardata.cpp:1432] lidarid:0
I1003 14:25:28.346774  7849 getmultilidardata.cpp:1424] lidarid:0
I1003 14:25:28.347596  7849 getmultilidardata.cpp:1442] lidarid:0
I1003 14:25:28.347601  7849 getmultilidardata.cpp:1424] lidarid:2
I1003 14:25:28.348147  7849 getmultilidardata.cpp:1432] lidarid:2
I1003 14:25:28.348152  7849 getmultilidardata.cpp:1424] lidarid:2
I1003 14:25:28.348554  7849 getmultilidardata.cpp:1442] lidarid:2
I1003 14:25:28.348558  7849 getmultilidardata.cpp:1424] lidarid:1
I1003 14:25:28.348992  7849 getmultilidardata.cpp:1432] lidarid:1
I1003 14:25:28.348995  7849 getmultilidardata.cpp:1424] lidarid:1
I1003 14:25:28.349439  7849 getmultilidardata.cpp:1442] lidarid:1
I1003 14:25:28.371546  7849 getmultilidardata.cpp:1300] cloudstartnum[lidarid]=0
I1003 14:25:28.371560  7849 getmultilidardata.cpp:1300] cloudstartnum[lidarid]=58336
I1003 14:25:28.371562  7849 getmultilidardata.cpp:1300] cloudstartnum[lidarid]=90992
I1003 14:25:28.372879  7849 getmultilidardata.cpp:1300] cloudstartnum[lidarid]=0
I1003 14:25:28.372885  7849 getmultilidardata.cpp:1300] cloudstartnum[lidarid]=58336
I1003 14:25:28.372886  7849 getmultilidardata.cpp:1300] cloudstartnum[lidarid]=90992
I1003 14:25:28.374264  7849 getmultilidardata.cpp:1580]  time:0.0989628
I1003 14:25:28.374318  7849 getmultilidardata.cpp:1600] pub pointcloud:123267
I1003 14:25:28.374361  7913 myhdl_grabber.cpp:565] id:0 temprotation:8 last_azimuth_35988
I1003 14:25:28.374385  7913 myhdl_grabber.cpp:750] signal operator start
I1003 14:25:28.374389  7913 getmultilidardata.cpp:244] id:0
I1003 14:25:28.374778  7913 myhdl_grabber.cpp:753] signal operator end
I1003 14:25:28.374799  7913 myhdl_grabber.cpp:754] temper_index_=25
I1003 14:25:28.374802  7913 getmultilidardata.cpp:244] id:1
I1003 14:25:28.374830  7849 getmultilidardata.cpp:1424] lidarid:0
I1003 14:25:28.375551  7849 getmultilidardata.cpp:1432] lidarid:0
I1003 14:25:28.375687  7849 getmultilidardata.cpp:1424] lidarid:0
I1003 14:25:28.376024  7914 myhdl_grabber.cpp:750] signal operator start
I1003 14:25:28.376031  7914 getmultilidardata.cpp:244] id:2
I1003 14:25:28.376374  7849 getmultilidardata.cpp:1442] lidarid:0
I1003 14:25:28.376454  7914 myhdl_grabber.cpp:753] signal operator end
I1003 14:25:28.376456  7849 getmultilidardata.cpp:1424] lidarid:1
I1003 14:25:28.376458  7914 myhdl_grabber.cpp:754] temper_index_=7
I1003 14:25:28.376461  7914 getmultilidardata.cpp:244] id:3
I1003 14:25:28.376870  7849 getmultilidardata.cpp:1432] lidarid:1
I1003 14:25:28.376899  7849 getmultilidardata.cpp:1424] lidarid:1
I1003 14:25:28.376955  7915 myhdl_grabber.cpp:750] signal operator start
I1003 14:25:28.376958  7915 getmultilidardata.cpp:244] id:4
I1003 14:25:28.377317  7849 getmultilidardata.cpp:1442] lidarid:1
I1003 14:25:28.377365  7915 myhdl_grabber.cpp:753] signal operator end
I1003 14:25:28.377367  7849 getmultilidardata.cpp:1424] lidarid:2
I1003 14:25:28.377369  7915 myhdl_grabber.cpp:754] temper_index_=8
I1003 14:25:28.377372  7915 getmultilidardata.cpp:244] id:5
I1003 14:25:28.377856  7849 getmultilidardata.cpp:1432] lidarid:2
I1003 14:25:28.377907  7849 getmultilidardata.cpp:1424] lidarid:2
I1003 14:25:28.378368  7849 getmultilidardata.cpp:1442] lidarid:2
I1003 14:25:28.474977  7913 myhdl_grabber.cpp:565] id:0 temprotation:4 last_azimuth_35984
I1003 14:25:28.474992  7913 myhdl_grabber.cpp:750] signal operator start
I1003 14:25:28.474997  7913 getmultilidardata.cpp:244] id:0
I1003 14:25:28.475423  7913 myhdl_grabber.cpp:753] signal operator end
I1003 14:25:28.475428  7913 myhdl_grabber.cpp:754] temper_index_=25
I1003 14:25:28.475431  7913 getmultilidardata.cpp:244] id:1
I1003 14:25:28.476320  7915 myhdl_grabber.cpp:750] signal operator start
I1003 14:25:28.476330  7915 getmultilidardata.cpp:244] id:4
I1003 14:25:28.476536  7915 myhdl_grabber.cpp:753] signal operator end
I1003 14:25:28.476539  7915 myhdl_grabber.cpp:754] temper_index_=8
I1003 14:25:28.476542  7915 getmultilidardata.cpp:244] id:5
I1003 14:25:28.476814  7914 myhdl_grabber.cpp:750] signal operator start
I1003 14:25:28.476822  7914 getmultilidardata.cpp:244] id:2
I1003 14:25:28.477037  7914 myhdl_grabber.cpp:753] signal operator end
I1003 14:25:28.477041  7914 myhdl_grabber.cpp:754] temper_index_=7
I1003 14:25:28.477042  7914 getmultilidardata.cpp:244] id:3
I1003 14:25:28.576290  7913 myhdl_grabber.cpp:565] id:0 temprotation:4 last_azimuth_35988
I1003 14:25:28.576304  7913 myhdl_grabber.cpp:750] signal operator start
I1003 14:25:28.576308  7913 getmultilidardata.cpp:244] id:0
I1003 14:25:28.576711  7913 myhdl_grabber.cpp:753] signal operator end
I1003 14:25:28.576716  7913 myhdl_grabber.cpp:754] temper_index_=25
I1003 14:25:28.576719  7913 getmultilidardata.cpp:244] id:1
I1003 14:25:28.578538  7914 myhdl_grabber.cpp:750] signal operator start
I1003 14:25:28.578550  7914 getmultilidardata.cpp:244] id:2
I1003 14:25:28.578670  7915 myhdl_grabber.cpp:750] signal operator start
I1003 14:25:28.578691  7915 getmultilidardata.cpp:244] id:4
I1003 14:25:28.578915  7915 myhdl_grabber.cpp:753] signal operator end
I1003 14:25:28.578935  7915 myhdl_grabber.cpp:754] temper_index_=8
I1003 14:25:28.578938  7915 getmultilidardata.cpp:244] id:5
I1003 14:25:28.579401  7914 myhdl_grabber.cpp:753] signal operator end
I1003 14:25:28.579408  7914 myhdl_grabber.cpp:754] temper_index_=7
I1003 14:25:28.579411  7914 getmultilidardata.cpp:244] id:3
I1003 14:25:28.605470  7916 getmultilidardata.cpp:493] get lidar data
I1003 14:25:28.636044  7849 getmultilidardata.cpp:1300] cloudstartnum[lidarid]=0
I1003 14:25:28.636062  7849 getmultilidardata.cpp:1300] cloudstartnum[lidarid]=58400
I1003 14:25:28.636065  7849 getmultilidardata.cpp:1300] cloudstartnum[lidarid]=90656
I1003 14:25:28.637766  7849 getmultilidardata.cpp:1300] cloudstartnum[lidarid]=0
I1003 14:25:28.637775  7849 getmultilidardata.cpp:1300] cloudstartnum[lidarid]=58400
I1003 14:25:28.637778  7849 getmultilidardata.cpp:1300] cloudstartnum[lidarid]=90656
I1003 14:25:28.638649  7849 getmultilidardata.cpp:1580]  time:0.261696
I1003 14:25:28.638684  7849 getmultilidardata.cpp:1600] pub pointcloud:123299
I1003 14:25:28.638689  7849 getmultilidardata.cpp:1424] lidarid:0
I1003 14:25:28.639175  7849 getmultilidardata.cpp:1432] lidarid:0
I1003 14:25:28.639183  7849 getmultilidardata.cpp:1424] lidarid:0
I1003 14:25:28.639709  7849 getmultilidardata.cpp:1442] lidarid:0
I1003 14:25:28.639714  7849 getmultilidardata.cpp:1424] lidarid:2
I1003 14:25:28.640090  7849 getmultilidardata.cpp:1432] lidarid:2
I1003 14:25:28.640095  7849 getmultilidardata.cpp:1424] lidarid:2
I1003 14:25:28.640429  7849 getmultilidardata.cpp:1442] lidarid:2
I1003 14:25:28.640432  7849 getmultilidardata.cpp:1424] lidarid:1
I1003 14:25:28.640709  7849 getmultilidardata.cpp:1432] lidarid:1
I1003 14:25:28.640712  7849 getmultilidardata.cpp:1424] lidarid:1
I1003 14:25:28.641074  7849 getmultilidardata.cpp:1442] lidarid:1
I1003 14:25:28.641078  7849 getmultilidardata.cpp:1424] lidarid:0
E1003 14:25:28.641080  7849 getmultilidardata.cpp:1427] finalcloudmap_origin_.find(lidarid)!=finalcloudmap_origin_.end()
I1003 14:25:28.641692  7849 getmultilidardata.cpp:1432] lidarid:0
I1003 14:25:28.641698  7849 getmultilidardata.cpp:1424] lidarid:0
E1003 14:25:28.641700  7849 getmultilidardata.cpp:1437] finalcloudmap_calibrated_.find(lidarid)!=finalcloudmap_calibrated_.end()
I1003 14:25:28.642253  7849 getmultilidardata.cpp:1442] lidarid:0
I1003 14:25:28.642258  7849 getmultilidardata.cpp:1424] lidarid:2
E1003 14:25:28.642261  7849 getmultilidardata.cpp:1427] finalcloudmap_origin_.find(lidarid)!=finalcloudmap_origin_.end()
I1003 14:25:28.642611  7849 getmultilidardata.cpp:1432] lidarid:2
I1003 14:25:28.642614  7849 getmultilidardata.cpp:1424] lidarid:1
E1003 14:25:28.642616  7849 getmultilidardata.cpp:1427] finalcloudmap_origin_.find(lidarid)!=finalcloudmap_origin_.end()
I1003 14:25:28.642899  7849 getmultilidardata.cpp:1432] lidarid:1
I1003 14:25:28.642902  7849 getmultilidardata.cpp:1424] lidarid:1
E1003 14:25:28.642904  7849 getmultilidardata.cpp:1437] finalcloudmap_calibrated_.find(lidarid)!=finalcloudmap_calibrated_.end()
I1003 14:25:28.643187  7849 getmultilidardata.cpp:1442] lidarid:1
I1003 14:25:28.643191  7849 getmultilidardata.cpp:1424] lidarid:2
E1003 14:25:28.643193  7849 getmultilidardata.cpp:1437] finalcloudmap_calibrated_.find(lidarid)!=finalcloudmap_calibrated_.end()
I1003 14:25:28.643551  7849 getmultilidardata.cpp:1442] lidarid:2
I1003 14:25:28.645519  7849 getmultilidardata.cpp:1300] cloudstartnum[lidarid]=0
I1003 14:25:28.645526  7849 getmultilidardata.cpp:1300] cloudstartnum[lidarid]=58240
I1003 14:25:28.645529  7849 getmultilidardata.cpp:1300] cloudstartnum[lidarid]=90512
I1003 14:25:28.647291  7849 getmultilidardata.cpp:1300] cloudstartnum[lidarid]=0
I1003 14:25:28.647300  7849 getmultilidardata.cpp:1300] cloudstartnum[lidarid]=58240
I1003 14:25:28.647301  7849 getmultilidardata.cpp:1300] cloudstartnum[lidarid]=90512
I1003 14:25:28.648561  7849 getmultilidardata.cpp:1580]  time:0.0698894
I1003 14:25:28.648576  7849 getmultilidardata.cpp:1600] pub pointcloud:123155
I1003 14:25:28.676831  7913 myhdl_grabber.cpp:565] id:0 temprotation:18 last_azimuth_35998
I1003 14:25:28.676865  7913 myhdl_grabber.cpp:750] signal operator start
I1003 14:25:28.676869  7913 getmultilidardata.cpp:244] id:0
I1003 14:25:28.677223  7913 myhdl_grabber.cpp:753] signal operator end
I1003 14:25:28.677227  7913 myhdl_grabber.cpp:754] temper_index_=25
I1003 14:25:28.677228  7849 getmultilidardata.cpp:1424] lidarid:0
I1003 14:25:28.677229  7913 getmultilidardata.cpp:244] id:1
I1003 14:25:28.677942  7849 getmultilidardata.cpp:1432] lidarid:0
I1003 14:25:28.678040  7849 getmultilidardata.cpp:1424] lidarid:0
I1003 14:25:28.678419  7914 myhdl_grabber.cpp:750] signal operator start
I1003 14:25:28.678442  7914 getmultilidardata.cpp:244] id:2
I1003 14:25:28.678731  7914 myhdl_grabber.cpp:753] signal operator end
I1003 14:25:28.678738  7914 myhdl_grabber.cpp:754] temper_index_=7
I1003 14:25:28.678742  7914 getmultilidardata.cpp:244] id:3
I1003 14:25:28.679155  7915 myhdl_grabber.cpp:750] signal operator start
I1003 14:25:28.679177  7915 getmultilidardata.cpp:244] id:4
I1003 14:25:28.679183  7849 getmultilidardata.cpp:1442] lidarid:0
I1003 14:25:28.679200  7849 getmultilidardata.cpp:1424] lidarid:1
I1003 14:25:28.679642  7915 myhdl_grabber.cpp:753] signal operator end
I1003 14:25:28.679643  7849 getmultilidardata.cpp:1432] lidarid:1
I1003 14:25:28.679644  7915 myhdl_grabber.cpp:754] temper_index_=8
I1003 14:25:28.679646  7849 getmultilidardata.cpp:1424] lidarid:1
I1003 14:25:28.679648  7915 getmultilidardata.cpp:244] id:5
I1003 14:25:28.680133  7849 getmultilidardata.cpp:1442] lidarid:1
I1003 14:25:28.680136  7849 getmultilidardata.cpp:1424] lidarid:2
I1003 14:25:28.680410  7849 getmultilidardata.cpp:1432] lidarid:2
I1003 14:25:28.680413  7849 getmultilidardata.cpp:1424] lidarid:2
I1003 14:25:28.680593  7849 getmultilidardata.cpp:1442] lidarid:2
I1003 14:25:28.776796  7913 myhdl_grabber.cpp:565] id:0 temprotation:4 last_azimuth_35984
I1003 14:25:28.776811  7913 myhdl_grabber.cpp:750] signal operator start
I1003 14:25:28.776829  7913 getmultilidardata.cpp:244] id:0
I1003 14:25:28.777267  7913 myhdl_grabber.cpp:753] signal operator end
I1003 14:25:28.777272  7913 myhdl_grabber.cpp:754] temper_index_=25
I1003 14:25:28.777276  7913 getmultilidardata.cpp:244] id:1
I1003 14:25:28.778081  7914 myhdl_grabber.cpp:750] signal operator start
I1003 14:25:28.778096  7914 getmultilidardata.cpp:244] id:2
I1003 14:25:28.778335  7914 myhdl_grabber.cpp:753] signal operator end
I1003 14:25:28.778339  7914 myhdl_grabber.cpp:754] temper_index_=7
I1003 14:25:28.778342  7914 getmultilidardata.cpp:244] id:3
I1003 14:25:28.778086  7915 myhdl_grabber.cpp:750] signal operator start
I1003 14:25:28.778594  7915 getmultilidardata.cpp:244] id:4
I1003 14:25:28.778861  7915 myhdl_grabber.cpp:753] signal operator end
I1003 14:25:28.778863  7915 myhdl_grabber.cpp:754] temper_index_=8
I1003 14:25:28.778865  7915 getmultilidardata.cpp:244] id:5
I1003 14:25:28.876760  7913 myhdl_grabber.cpp:565] id:0 temprotation:8 last_azimuth_35988
I1003 14:25:28.876772  7913 myhdl_grabber.cpp:750] signal operator start
I1003 14:25:28.876776  7913 getmultilidardata.cpp:244] id:0
I1003 14:25:28.877192  7913 myhdl_grabber.cpp:753] signal operator end
I1003 14:25:28.877197  7913 myhdl_grabber.cpp:754] temper_index_=25
I1003 14:25:28.877199  7913 getmultilidardata.cpp:244] id:1
I1003 14:25:28.878337  7915 myhdl_grabber.cpp:750] signal operator start
I1003 14:25:28.878345  7915 getmultilidardata.cpp:244] id:4
I1003 14:25:28.878543  7915 myhdl_grabber.cpp:753] signal operator end
I1003 14:25:28.878547  7915 myhdl_grabber.cpp:754] temper_index_=8
I1003 14:25:28.878549  7915 getmultilidardata.cpp:244] id:5
I1003 14:25:28.878799  7914 myhdl_grabber.cpp:750] signal operator start
I1003 14:25:28.878809  7914 getmultilidardata.cpp:244] id:2
I1003 14:25:28.879050  7914 myhdl_grabber.cpp:753] signal operator end
I1003 14:25:28.879055  7914 myhdl_grabber.cpp:754] temper_index_=7
I1003 14:25:28.879056  7914 getmultilidardata.cpp:244] id:3
I1003 14:25:28.921491  7916 getmultilidardata.cpp:493] get lidar data
I1003 14:25:28.930402  7849 getmultilidardata.cpp:1300] cloudstartnum[lidarid]=0
I1003 14:25:28.930428  7849 getmultilidardata.cpp:1300] cloudstartnum[lidarid]=58048
I1003 14:25:28.930430  7849 getmultilidardata.cpp:1300] cloudstartnum[lidarid]=90304
I1003 14:25:28.931994  7849 getmultilidardata.cpp:1300] cloudstartnum[lidarid]=0
I1003 14:25:28.932001  7849 getmultilidardata.cpp:1300] cloudstartnum[lidarid]=58048
I1003 14:25:28.932003  7849 getmultilidardata.cpp:1300] cloudstartnum[lidarid]=90304
I1003 14:25:28.932642  7849 getmultilidardata.cpp:1580]  time:0.253487
I1003 14:25:28.933113  7849 getmultilidardata.cpp:1600] pub pointcloud:122563
I1003 14:25:28.933122  7849 getmultilidardata.cpp:1424] lidarid:0
I1003 14:25:28.933959  7849 getmultilidardata.cpp:1432] lidarid:0
I1003 14:25:28.933984  7849 getmultilidardata.cpp:1424] lidarid:0
I1003 14:25:28.935770  7849 getmultilidardata.cpp:1442] lidarid:0
I1003 14:25:28.935792  7849 getmultilidardata.cpp:1424] lidarid:1
I1003 14:25:28.936410  7849 getmultilidardata.cpp:1432] lidarid:1
I1003 14:25:28.936424  7849 getmultilidardata.cpp:1424] lidarid:1
I1003 14:25:28.936936  7849 getmultilidardata.cpp:1442] lidarid:1
I1003 14:25:28.936944  7849 getmultilidardata.cpp:1424] lidarid:2
I1003 14:25:28.937443  7849 getmultilidardata.cpp:1432] lidarid:2
I1003 14:25:28.937450  7849 getmultilidardata.cpp:1424] lidarid:2
I1003 14:25:28.937988  7849 getmultilidardata.cpp:1442] lidarid:2
I1003 14:25:28.940358  7849 getmultilidardata.cpp:1300] cloudstartnum[lidarid]=0
I1003 14:25:28.940393  7849 getmultilidardata.cpp:1300] cloudstartnum[lidarid]=57760
I1003 14:25:28.940408  7849 getmultilidardata.cpp:1300] cloudstartnum[lidarid]=89248
I1003 14:25:28.942265  7849 getmultilidardata.cpp:1300] cloudstartnum[lidarid]=0
I1003 14:25:28.942274  7849 getmultilidardata.cpp:1300] cloudstartnum[lidarid]=57760
I1003 14:25:28.942276  7849 getmultilidardata.cpp:1300] cloudstartnum[lidarid]=89248
I1003 14:25:28.943511  7849 getmultilidardata.cpp:1580]  time:0.165419
I1003 14:25:28.944716  7849 getmultilidardata.cpp:1600] pub pointcloud:120755
I1003 14:25:28.944727  7849 getmultilidardata.cpp:1424] lidarid:0
I1003 14:25:28.945678  7849 getmultilidardata.cpp:1432] lidarid:0
I1003 14:25:28.945688  7849 getmultilidardata.cpp:1424] lidarid:0
I1003 14:25:28.946583  7849 getmultilidardata.cpp:1442] lidarid:0
I1003 14:25:28.946594  7849 getmultilidardata.cpp:1424] lidarid:2
I1003 14:25:28.947214  7849 getmultilidardata.cpp:1432] lidarid:2
I1003 14:25:28.947227  7849 getmultilidardata.cpp:1424] lidarid:2
I1003 14:25:28.947741  7849 getmultilidardata.cpp:1442] lidarid:2
I1003 14:25:28.947748  7849 getmultilidardata.cpp:1424] lidarid:1
I1003 14:25:28.948087  7849 getmultilidardata.cpp:1432] lidarid:1
I1003 14:25:28.948091  7849 getmultilidardata.cpp:1424] lidarid:1
I1003 14:25:28.948395  7849 getmultilidardata.cpp:1442] lidarid:1
I1003 14:25:28.970234  7849 getmultilidardata.cpp:1300] cloudstartnum[lidarid]=0
I1003 14:25:28.970247  7849 getmultilidardata.cpp:1300] cloudstartnum[lidarid]=57536
I1003 14:25:28.970250  7849 getmultilidardata.cpp:1300] cloudstartnum[lidarid]=90176
I1003 14:25:28.971536  7849 getmultilidardata.cpp:1300] cloudstartnum[lidarid]=0
I1003 14:25:28.971544  7849 getmultilidardata.cpp:1300] cloudstartnum[lidarid]=57536
I1003 14:25:28.971545  7849 getmultilidardata.cpp:1300] cloudstartnum[lidarid]=90176
I1003 14:25:28.972229  7849 getmultilidardata.cpp:1580]  time:0.0934299
I1003 14:25:28.972982  7849 getmultilidardata.cpp:1600] pub pointcloud:122435
I1003 14:25:28.978561  7913 myhdl_grabber.cpp:565] id:0 temprotation:8 last_azimuth_35988
I1003 14:25:28.978582  7913 myhdl_grabber.cpp:750] signal operator start
I1003 14:25:28.978587  7913 getmultilidardata.cpp:244] id:0
I1003 14:25:28.979310  7913 myhdl_grabber.cpp:753] signal operator end
I1003 14:25:28.979329  7913 myhdl_grabber.cpp:754] temper_index_=25
I1003 14:25:28.979331  7913 getmultilidardata.cpp:244] id:1
I1003 14:25:28.979336  7849 getmultilidardata.cpp:1424] lidarid:0
I1003 14:25:28.980556  7849 getmultilidardata.cpp:1432] lidarid:0
I1003 14:25:28.980645  7914 myhdl_grabber.cpp:750] signal operator start
I1003 14:25:28.980707  7914 getmultilidardata.cpp:244] id:2
I1003 14:25:28.980937  7849 getmultilidardata.cpp:1424] lidarid:0
I1003 14:25:28.981362  7914 myhdl_grabber.cpp:753] signal operator end
I1003 14:25:28.981367  7914 myhdl_grabber.cpp:754] temper_index_=7
I1003 14:25:28.981372  7914 getmultilidardata.cpp:244] id:3
I1003 14:25:28.982254  7915 myhdl_grabber.cpp:750] signal operator start
I1003 14:25:28.982261  7915 getmultilidardata.cpp:244] id:4
I1003 14:25:28.982786  7915 myhdl_grabber.cpp:753] signal operator end
I1003 14:25:28.982790  7915 myhdl_grabber.cpp:754] temper_index_=8
I1003 14:25:28.982795  7915 getmultilidardata.cpp:244] id:5
I1003 14:25:28.983886  7849 getmultilidardata.cpp:1442] lidarid:0
I1003 14:25:28.983891  7849 getmultilidardata.cpp:1424] lidarid:1
I1003 14:25:28.984339  7849 getmultilidardata.cpp:1432] lidarid:1
I1003 14:25:28.984342  7849 getmultilidardata.cpp:1424] lidarid:1
I1003 14:25:28.984688  7849 getmultilidardata.cpp:1442] lidarid:1
I1003 14:25:28.984689  7849 getmultilidardata.cpp:1424] lidarid:2
I1003 14:25:28.984963  7849 getmultilidardata.cpp:1432] lidarid:2
I1003 14:25:28.984966  7849 getmultilidardata.cpp:1424] lidarid:2
I1003 14:25:28.985288  7849 getmultilidardata.cpp:1442] lidarid:2
I1003 14:25:29.075320  7913 myhdl_grabber.cpp:565] id:0 temprotation:18 last_azimuth_35998
I1003 14:25:29.075333  7913 myhdl_grabber.cpp:750] signal operator start
I1003 14:25:29.075337  7913 getmultilidardata.cpp:244] id:0
I1003 14:25:29.075721  7913 myhdl_grabber.cpp:753] signal operator end
I1003 14:25:29.075723  7913 myhdl_grabber.cpp:754] temper_index_=25
I1003 14:25:29.075726  7913 getmultilidardata.cpp:244] id:1
I1003 14:25:29.076798  7914 myhdl_grabber.cpp:750] signal operator start
I1003 14:25:29.076807  7914 getmultilidardata.cpp:244] id:2
I1003 14:25:29.076982  7914 myhdl_grabber.cpp:753] signal operator end
I1003 14:25:29.076985  7914 myhdl_grabber.cpp:754] temper_index_=7
I1003 14:25:29.076988  7914 getmultilidardata.cpp:244] id:3
I1003 14:25:29.077560  7915 myhdl_grabber.cpp:750] signal operator start
I1003 14:25:29.077569  7915 getmultilidardata.cpp:244] id:4
I1003 14:25:29.077783  7915 myhdl_grabber.cpp:753] signal operator end
I1003 14:25:29.077786  7915 myhdl_grabber.cpp:754] temper_index_=8
I1003 14:25:29.077788  7915 getmultilidardata.cpp:244] id:5
I1003 14:25:29.173930  7913 myhdl_grabber.cpp:565] id:0 temprotation:2 last_azimuth_35982
I1003 14:25:29.173943  7913 myhdl_grabber.cpp:750] signal operator start
I1003 14:25:29.173947  7913 getmultilidardata.cpp:244] id:0
I1003 14:25:29.174379  7913 myhdl_grabber.cpp:753] signal operator end
I1003 14:25:29.174383  7913 myhdl_grabber.cpp:754] temper_index_=25
I1003 14:25:29.174386  7913 getmultilidardata.cpp:244] id:1
I1003 14:25:29.175253  7914 myhdl_grabber.cpp:750] signal operator start
I1003 14:25:29.175276  7914 getmultilidardata.cpp:244] id:2
I1003 14:25:29.175469  7914 myhdl_grabber.cpp:753] signal operator end
I1003 14:25:29.175472  7914 myhdl_grabber.cpp:754] temper_index_=7
I1003 14:25:29.175475  7914 getmultilidardata.cpp:244] id:3
I1003 14:25:29.175927  7915 myhdl_grabber.cpp:750] signal operator start
I1003 14:25:29.175935  7915 getmultilidardata.cpp:244] id:4
I1003 14:25:29.176180  7915 myhdl_grabber.cpp:753] signal operator end
I1003 14:25:29.176183  7915 myhdl_grabber.cpp:754] temper_index_=8
I1003 14:25:29.176185  7915 getmultilidardata.cpp:244] id:5
I1003 14:25:29.236110  7849 getmultilidardata.cpp:1300] cloudstartnum[lidarid]=0
I1003 14:25:29.236125  7849 getmultilidardata.cpp:1300] cloudstartnum[lidarid]=57312
I1003 14:25:29.236127  7849 getmultilidardata.cpp:1300] cloudstartnum[lidarid]=89568
I1003 14:25:29.237430  7849 getmultilidardata.cpp:1300] cloudstartnum[lidarid]=0
I1003 14:25:29.237438  7849 getmultilidardata.cpp:1300] cloudstartnum[lidarid]=57312
I1003 14:25:29.237440  7849 getmultilidardata.cpp:1300] cloudstartnum[lidarid]=89568
I1003 14:25:29.237648  7916 getmultilidardata.cpp:493] get lidar data
I1003 14:25:29.238386  7849 getmultilidardata.cpp:1580]  time:0.256135
I1003 14:25:29.238857  7849 getmultilidardata.cpp:1600] pub pointcloud:122211
I1003 14:25:29.238865  7849 getmultilidardata.cpp:1424] lidarid:0
I1003 14:25:29.239625  7849 getmultilidardata.cpp:1432] lidarid:0
I1003 14:25:29.239634  7849 getmultilidardata.cpp:1424] lidarid:0
I1003 14:25:29.240458  7849 getmultilidardata.cpp:1442] lidarid:0
I1003 14:25:29.240465  7849 getmultilidardata.cpp:1424] lidarid:1
I1003 14:25:29.240768  7849 getmultilidardata.cpp:1432] lidarid:1
I1003 14:25:29.240772  7849 getmultilidardata.cpp:1424] lidarid:1
I1003 14:25:29.241016  7849 getmultilidardata.cpp:1442] lidarid:1
I1003 14:25:29.241020  7849 getmultilidardata.cpp:1424] lidarid:2
I1003 14:25:29.241413  7849 getmultilidardata.cpp:1432] lidarid:2
I1003 14:25:29.241418  7849 getmultilidardata.cpp:1424] lidarid:2
I1003 14:25:29.242027  7849 getmultilidardata.cpp:1442] lidarid:2
I1003 14:25:29.244261  7849 getmultilidardata.cpp:1300] cloudstartnum[lidarid]=0
I1003 14:25:29.244268  7849 getmultilidardata.cpp:1300] cloudstartnum[lidarid]=57152
I1003 14:25:29.244271  7849 getmultilidardata.cpp:1300] cloudstartnum[lidarid]=88256
I1003 14:25:29.245326  7849 getmultilidardata.cpp:1300] cloudstartnum[lidarid]=0
I1003 14:25:29.245332  7849 getmultilidardata.cpp:1300] cloudstartnum[lidarid]=57152
I1003 14:25:29.245334  7849 getmultilidardata.cpp:1300] cloudstartnum[lidarid]=88256
I1003 14:25:29.245901  7849 getmultilidardata.cpp:1580]  time:0.168342
I1003 14:25:29.246367  7849 getmultilidardata.cpp:1600] pub pointcloud:119379
I1003 14:25:29.246376  7849 getmultilidardata.cpp:1424] lidarid:0
I1003 14:25:29.247231  7849 getmultilidardata.cpp:1432] lidarid:0
I1003 14:25:29.247238  7849 getmultilidardata.cpp:1424] lidarid:0
I1003 14:25:29.248019  7849 getmultilidardata.cpp:1442] lidarid:0
I1003 14:25:29.248026  7849 getmultilidardata.cpp:1424] lidarid:1
I1003 14:25:29.248314  7849 getmultilidardata.cpp:1432] lidarid:1
I1003 14:25:29.248318  7849 getmultilidardata.cpp:1424] lidarid:1
I1003 14:25:29.248594  7849 getmultilidardata.cpp:1442] lidarid:1
I1003 14:25:29.248597  7849 getmultilidardata.cpp:1424] lidarid:2
I1003 14:25:29.248828  7849 getmultilidardata.cpp:1432] lidarid:2
I1003 14:25:29.248832  7849 getmultilidardata.cpp:1424] lidarid:2
I1003 14:25:29.249061  7849 getmultilidardata.cpp:1442] lidarid:2
I1003 14:25:29.251369  7849 getmultilidardata.cpp:1300] cloudstartnum[lidarid]=0
I1003 14:25:29.251395  7849 getmultilidardata.cpp:1300] cloudstartnum[lidarid]=56992
I1003 14:25:29.251397  7849 getmultilidardata.cpp:1300] cloudstartnum[lidarid]=88480
I1003 14:25:29.253259  7849 getmultilidardata.cpp:1300] cloudstartnum[lidarid]=0
I1003 14:25:29.253284  7849 getmultilidardata.cpp:1300] cloudstartnum[lidarid]=56992
I1003 14:25:29.253286  7849 getmultilidardata.cpp:1300] cloudstartnum[lidarid]=88480
I1003 14:25:29.254420  7849 getmultilidardata.cpp:1580]  time:0.078491
I1003 14:25:29.254936  7849 getmultilidardata.cpp:1600] pub pointcloud:119987
I1003 14:25:29.273279  7913 myhdl_grabber.cpp:565] id:0 temprotation:14 last_azimuth_35994
I1003 14:25:29.273337  7913 myhdl_grabber.cpp:750] signal operator start
I1003 14:25:29.273344  7913 getmultilidardata.cpp:244] id:0
I1003 14:25:29.274266  7913 myhdl_grabber.cpp:753] signal operator end
I1003 14:25:29.274287  7913 myhdl_grabber.cpp:754] temper_index_=25
I1003 14:25:29.274291  7913 getmultilidardata.cpp:244] id:1
I1003 14:25:29.274338  7849 getmultilidardata.cpp:1424] lidarid:0
I1003 14:25:29.275481  7915 myhdl_grabber.cpp:750] signal operator start
I1003 14:25:29.275487  7915 getmultilidardata.cpp:244] id:4
I1003 14:25:29.275813  7915 myhdl_grabber.cpp:753] signal operator end
I1003 14:25:29.275815  7915 myhdl_grabber.cpp:754] temper_index_=8
I1003 14:25:29.275818  7915 getmultilidardata.cpp:244] id:5
I1003 14:25:29.276044  7914 myhdl_grabber.cpp:750] signal operator start
I1003 14:25:29.276054  7914 getmultilidardata.cpp:244] id:2
I1003 14:25:29.276346  7849 getmultilidardata.cpp:1432] lidarid:0
I1003 14:25:29.276350  7849 getmultilidardata.cpp:1424] lidarid:0
I1003 14:25:29.276544  7914 myhdl_grabber.cpp:753] signal operator end
I1003 14:25:29.276588  7914 myhdl_grabber.cpp:754] temper_index_=7
I1003 14:25:29.276592  7914 getmultilidardata.cpp:244] id:3
I1003 14:25:29.277263  7849 getmultilidardata.cpp:1442] lidarid:0
I1003 14:25:29.277266  7849 getmultilidardata.cpp:1424] lidarid:2
I1003 14:25:29.277541  7849 getmultilidardata.cpp:1432] lidarid:2
I1003 14:25:29.277544  7849 getmultilidardata.cpp:1424] lidarid:2
I1003 14:25:29.277819  7849 getmultilidardata.cpp:1442] lidarid:2
I1003 14:25:29.277840  7849 getmultilidardata.cpp:1424] lidarid:1
I1003 14:25:29.278334  7849 getmultilidardata.cpp:1432] lidarid:1
I1003 14:25:29.278338  7849 getmultilidardata.cpp:1424] lidarid:1
I1003 14:25:29.278878  7849 getmultilidardata.cpp:1442] lidarid:1
I1003 14:25:29.371882  7913 myhdl_grabber.cpp:565] id:0 temprotation:18 last_azimuth_35998
I1003 14:25:29.371896  7913 myhdl_grabber.cpp:750] signal operator start
I1003 14:25:29.371901  7913 getmultilidardata.cpp:244] id:0
I1003 14:25:29.372265  7913 myhdl_grabber.cpp:753] signal operator end
I1003 14:25:29.372273  7913 myhdl_grabber.cpp:754] temper_index_=25
I1003 14:25:29.372278  7913 getmultilidardata.cpp:244] id:1
I1003 14:25:29.373206  7914 myhdl_grabber.cpp:750] signal operator start
I1003 14:25:29.373229  7914 getmultilidardata.cpp:244] id:2
I1003 14:25:29.373420  7914 myhdl_grabber.cpp:753] signal operator end
I1003 14:25:29.373423  7914 myhdl_grabber.cpp:754] temper_index_=7
I1003 14:25:29.373426  7914 getmultilidardata.cpp:244] id:3
I1003 14:25:29.373953  7915 myhdl_grabber.cpp:750] signal operator start
I1003 14:25:29.373961  7915 getmultilidardata.cpp:244] id:4
I1003 14:25:29.374228  7915 myhdl_grabber.cpp:753] signal operator end
I1003 14:25:29.374231  7915 myhdl_grabber.cpp:754] temper_index_=8
I1003 14:25:29.374233  7915 getmultilidardata.cpp:244] id:5
I1003 14:25:29.471277  7913 myhdl_grabber.cpp:565] id:0 temprotation:12 last_azimuth_35992
I1003 14:25:29.471328  7913 myhdl_grabber.cpp:750] signal operator start
I1003 14:25:29.471333  7913 getmultilidardata.cpp:244] id:0
I1003 14:25:29.471773  7913 myhdl_grabber.cpp:753] signal operator end
I1003 14:25:29.471777  7913 myhdl_grabber.cpp:754] temper_index_=25
I1003 14:25:29.471781  7913 getmultilidardata.cpp:244] id:1
I1003 14:25:29.472863  7914 myhdl_grabber.cpp:750] signal operator start
I1003 14:25:29.472885  7914 getmultilidardata.cpp:244] id:2
I1003 14:25:29.473140  7914 myhdl_grabber.cpp:753] signal operator end
I1003 14:25:29.473143  7914 myhdl_grabber.cpp:754] temper_index_=7
I1003 14:25:29.473146  7914 getmultilidardata.cpp:244] id:3
I1003 14:25:29.473554  7915 myhdl_grabber.cpp:750] signal operator start
I1003 14:25:29.473575  7915 getmultilidardata.cpp:244] id:4
I1003 14:25:29.473773  7915 myhdl_grabber.cpp:753] signal operator end
I1003 14:25:29.473776  7915 myhdl_grabber.cpp:754] temper_index_=8
I1003 14:25:29.473778  7915 getmultilidardata.cpp:244] id:5
I1003 14:25:29.547238  7849 getmultilidardata.cpp:1300] cloudstartnum[lidarid]=0
I1003 14:25:29.547255  7849 getmultilidardata.cpp:1300] cloudstartnum[lidarid]=56992
I1003 14:25:29.547258  7849 getmultilidardata.cpp:1300] cloudstartnum[lidarid]=89248
I1003 14:25:29.548349  7849 getmultilidardata.cpp:1300] cloudstartnum[lidarid]=0
I1003 14:25:29.548357  7849 getmultilidardata.cpp:1300] cloudstartnum[lidarid]=56992
I1003 14:25:29.548358  7849 getmultilidardata.cpp:1300] cloudstartnum[lidarid]=89248
I1003 14:25:29.548972  7849 getmultilidardata.cpp:1580]  time:0.272946
I1003 14:25:29.549717  7849 getmultilidardata.cpp:1600] pub pointcloud:121123
I1003 14:25:29.549729  7849 getmultilidardata.cpp:1424] lidarid:0
I1003 14:25:29.550698  7849 getmultilidardata.cpp:1432] lidarid:0
I1003 14:25:29.550710  7849 getmultilidardata.cpp:1424] lidarid:0
I1003 14:25:29.551581  7849 getmultilidardata.cpp:1442] lidarid:0
I1003 14:25:29.551592  7849 getmultilidardata.cpp:1424] lidarid:1
I1003 14:25:29.551956  7849 getmultilidardata.cpp:1432] lidarid:1
I1003 14:25:29.551964  7849 getmultilidardata.cpp:1424] lidarid:1
I1003 14:25:29.552281  7849 getmultilidardata.cpp:1442] lidarid:1
I1003 14:25:29.552309  7849 getmultilidardata.cpp:1424] lidarid:2
I1003 14:25:29.552747  7849 getmultilidardata.cpp:1432] lidarid:2
I1003 14:25:29.552752  7849 getmultilidardata.cpp:1424] lidarid:2
I1003 14:25:29.553105  7849 getmultilidardata.cpp:1442] lidarid:2
I1003 14:25:29.553678  7916 getmultilidardata.cpp:493] get lidar data
I1003 14:25:29.554425  7849 getmultilidardata.cpp:1300] cloudstartnum[lidarid]=0
I1003 14:25:29.554430  7849 getmultilidardata.cpp:1300] cloudstartnum[lidarid]=57024
I1003 14:25:29.554431  7849 getmultilidardata.cpp:1300] cloudstartnum[lidarid]=88144
I1003 14:25:29.555464  7849 getmultilidardata.cpp:1300] cloudstartnum[lidarid]=0
I1003 14:25:29.555467  7849 getmultilidardata.cpp:1300] cloudstartnum[lidarid]=57024
I1003 14:25:29.555469  7849 getmultilidardata.cpp:1300] cloudstartnum[lidarid]=88144
I1003 14:25:29.556977  7849 getmultilidardata.cpp:1580]  time:0.183024
I1003 14:25:29.558524  7849 getmultilidardata.cpp:1600] pub pointcloud:119635
I1003 14:25:29.558534  7849 getmultilidardata.cpp:1424] lidarid:0
I1003 14:25:29.559343  7849 getmultilidardata.cpp:1432] lidarid:0
I1003 14:25:29.559353  7849 getmultilidardata.cpp:1424] lidarid:0
I1003 14:25:29.560341  7849 getmultilidardata.cpp:1442] lidarid:0
I1003 14:25:29.560350  7849 getmultilidardata.cpp:1424] lidarid:1
I1003 14:25:29.560622  7849 getmultilidardata.cpp:1432] lidarid:1
I1003 14:25:29.560627  7849 getmultilidardata.cpp:1424] lidarid:1
I1003 14:25:29.560994  7849 getmultilidardata.cpp:1442] lidarid:1
I1003 14:25:29.560998  7849 getmultilidardata.cpp:1424] lidarid:2
I1003 14:25:29.561354  7849 getmultilidardata.cpp:1432] lidarid:2
I1003 14:25:29.561358  7849 getmultilidardata.cpp:1424] lidarid:2
I1003 14:25:29.561761  7849 getmultilidardata.cpp:1442] lidarid:2
I1003 14:25:29.563771  7849 getmultilidardata.cpp:1300] cloudstartnum[lidarid]=0
I1003 14:25:29.563779  7849 getmultilidardata.cpp:1300] cloudstartnum[lidarid]=57120
I1003 14:25:29.563781  7849 getmultilidardata.cpp:1300] cloudstartnum[lidarid]=88992
I1003 14:25:29.565017  7849 getmultilidardata.cpp:1300] cloudstartnum[lidarid]=0
I1003 14:25:29.565033  7849 getmultilidardata.cpp:1300] cloudstartnum[lidarid]=57120
I1003 14:25:29.565034  7849 getmultilidardata.cpp:1300] cloudstartnum[lidarid]=88992
I1003 14:25:29.565637  7849 getmultilidardata.cpp:1580]  time:0.0920855
I1003 14:25:29.566126  7849 getmultilidardata.cpp:1600] pub pointcloud:120867
I1003 14:25:29.570397  7913 myhdl_grabber.cpp:565] id:0 temprotation:4 last_azimuth_35984
I1003 14:25:29.570411  7913 myhdl_grabber.cpp:750] signal operator start
I1003 14:25:29.570415  7913 getmultilidardata.cpp:244] id:0
I1003 14:25:29.570885  7913 myhdl_grabber.cpp:753] signal operator end
I1003 14:25:29.570888  7913 myhdl_grabber.cpp:754] temper_index_=25
I1003 14:25:29.570891  7913 getmultilidardata.cpp:244] id:1
I1003 14:25:29.570916  7849 getmultilidardata.cpp:1424] lidarid:0
I1003 14:25:29.571615  7849 getmultilidardata.cpp:1432] lidarid:0
I1003 14:25:29.571698  7849 getmultilidardata.cpp:1424] lidarid:0
I1003 14:25:29.571941  7915 myhdl_grabber.cpp:750] signal operator start
I1003 14:25:29.571951  7915 getmultilidardata.cpp:244] id:4
I1003 14:25:29.572312  7915 myhdl_grabber.cpp:753] signal operator end
I1003 14:25:29.572314  7915 myhdl_grabber.cpp:754] temper_index_=8
I1003 14:25:29.572317  7915 getmultilidardata.cpp:244] id:5
I1003 14:25:29.572674  7914 myhdl_grabber.cpp:750] signal operator start
I1003 14:25:29.572679  7914 getmultilidardata.cpp:244] id:2
I1003 14:25:29.572854  7849 getmultilidardata.cpp:1442] lidarid:0
I1003 14:25:29.572876  7849 getmultilidardata.cpp:1424] lidarid:2
I1003 14:25:29.573009  7914 myhdl_grabber.cpp:753] signal operator end
I1003 14:25:29.573012  7914 myhdl_grabber.cpp:754] temper_index_=7
I1003 14:25:29.573016  7914 getmultilidardata.cpp:244] id:3
I1003 14:25:29.573349  7849 getmultilidardata.cpp:1432] lidarid:2
I1003 14:25:29.573352  7849 getmultilidardata.cpp:1424] lidarid:2
I1003 14:25:29.573662  7849 getmultilidardata.cpp:1442] lidarid:2
I1003 14:25:29.573664  7849 getmultilidardata.cpp:1424] lidarid:1
I1003 14:25:29.573945  7849 getmultilidardata.cpp:1432] lidarid:1
I1003 14:25:29.573947  7849 getmultilidardata.cpp:1424] lidarid:1
I1003 14:25:29.574139  7849 getmultilidardata.cpp:1442] lidarid:1
I1003 14:25:29.670385  7913 myhdl_grabber.cpp:565] id:0 temprotation:8 last_azimuth_35988
I1003 14:25:29.670399  7913 myhdl_grabber.cpp:750] signal operator start
I1003 14:25:29.670403  7913 getmultilidardata.cpp:244] id:0
