I1003 14:59:58.098743  4014 getmultilidardata.cpp:1300] cloudstartnum[lidarid]=58208
I1003 14:59:58.098748  4014 getmultilidardata.cpp:1300] cloudstartnum[lidarid]=90464
I1003 14:59:58.100013  4014 getmultilidardata.cpp:1580]  time:0.0257561
I1003 14:59:58.100975  4014 getmultilidardata.cpp:1600] pub pointcloud:122659
I1003 14:59:58.172485  4077 myhdl_grabber.cpp:565] id:0 temprotation:14 last_azimuth_35994
I1003 14:59:58.172518  4077 myhdl_grabber.cpp:750] signal operator start
I1003 14:59:58.172528  4077 getmultilidardata.cpp:244] id:0
I1003 14:59:58.173066  4077 myhdl_grabber.cpp:753] signal operator end
I1003 14:59:58.173074  4077 myhdl_grabber.cpp:754] temper_index_=25
I1003 14:59:58.173080  4077 getmultilidardata.cpp:244] id:1
I1003 14:59:58.173130  4014 getmultilidardata.cpp:1424] lidarid:0
I1003 14:59:58.173848  4014 getmultilidardata.cpp:1432] lidarid:0
I1003 14:59:58.173859  4014 getmultilidardata.cpp:1424] lidarid:0
I1003 14:59:58.174134  4079 myhdl_grabber.cpp:750] signal operator start
I1003 14:59:58.174160  4079 getmultilidardata.cpp:244] id:4
I1003 14:59:58.174365  4014 getmultilidardata.cpp:1442] lidarid:0
I1003 14:59:58.174501  4079 myhdl_grabber.cpp:753] signal operator end
I1003 14:59:58.174507  4079 myhdl_grabber.cpp:754] temper_index_=8
I1003 14:59:58.174513  4079 getmultilidardata.cpp:244] id:5
I1003 14:59:58.174556  4014 getmultilidardata.cpp:1424] lidarid:2
I1003 14:59:58.174965  4014 getmultilidardata.cpp:1432] lidarid:2
I1003 14:59:58.174975  4014 getmultilidardata.cpp:1424] lidarid:2
I1003 14:59:58.175012  4078 myhdl_grabber.cpp:750] signal operator start
I1003 14:59:58.175021  4078 getmultilidardata.cpp:244] id:2
I1003 14:59:58.175362  4014 getmultilidardata.cpp:1442] lidarid:2
I1003 14:59:58.175431  4078 myhdl_grabber.cpp:753] signal operator end
I1003 14:59:58.175437  4078 myhdl_grabber.cpp:754] temper_index_=7
I1003 14:59:58.175443  4078 getmultilidardata.cpp:244] id:3
I1003 14:59:58.175490  4014 getmultilidardata.cpp:1424] lidarid:1
I1003 14:59:58.175935  4014 getmultilidardata.cpp:1432] lidarid:1
I1003 14:59:58.175945  4014 getmultilidardata.cpp:1424] lidarid:1
I1003 14:59:58.176190  4014 getmultilidardata.cpp:1442] lidarid:1
I1003 14:59:58.197882  4014 getmultilidardata.cpp:1300] cloudstartnum[lidarid]=0
I1003 14:59:58.197908  4014 getmultilidardata.cpp:1300] cloudstartnum[lidarid]=57984
I1003 14:59:58.197914  4014 getmultilidardata.cpp:1300] cloudstartnum[lidarid]=90240
I1003 14:59:58.199553  4014 getmultilidardata.cpp:1300] cloudstartnum[lidarid]=0
I1003 14:59:58.199563  4014 getmultilidardata.cpp:1300] cloudstartnum[lidarid]=57984
I1003 14:59:58.199568  4014 getmultilidardata.cpp:1300] cloudstartnum[lidarid]=90240
I1003 14:59:58.200860  4014 getmultilidardata.cpp:1580]  time:0.0258471
I1003 14:59:58.201817  4014 getmultilidardata.cpp:1600] pub pointcloud:122515
I1003 14:59:58.272449  4077 myhdl_grabber.cpp:565] id:0 temprotation:4 last_azimuth_35984
I1003 14:59:58.272465  4077 myhdl_grabber.cpp:750] signal operator start
I1003 14:59:58.272471  4077 getmultilidardata.cpp:244] id:0
I1003 14:59:58.272852  4077 myhdl_grabber.cpp:753] signal operator end
I1003 14:59:58.272857  4077 myhdl_grabber.cpp:754] temper_index_=25
I1003 14:59:58.272861  4077 getmultilidardata.cpp:244] id:1
I1003 14:59:58.272897  4014 getmultilidardata.cpp:1424] lidarid:0
I1003 14:59:58.273567  4014 getmultilidardata.cpp:1432] lidarid:0
I1003 14:59:58.273574  4014 getmultilidardata.cpp:1424] lidarid:0
I1003 14:59:58.273736  4079 myhdl_grabber.cpp:750] signal operator start
I1003 14:59:58.273753  4079 getmultilidardata.cpp:244] id:4
I1003 14:59:58.274116  4014 getmultilidardata.cpp:1442] lidarid:0
I1003 14:59:58.274153  4079 myhdl_grabber.cpp:753] signal operator end
I1003 14:59:58.274159  4079 myhdl_grabber.cpp:754] temper_index_=8
I1003 14:59:58.274163  4079 getmultilidardata.cpp:244] id:5
I1003 14:59:58.274241  4014 getmultilidardata.cpp:1424] lidarid:2
I1003 14:59:58.274263  4078 myhdl_grabber.cpp:750] signal operator start
I1003 14:59:58.274282  4078 getmultilidardata.cpp:244] id:2
I1003 14:59:58.274868  4014 getmultilidardata.cpp:1432] lidarid:2
I1003 14:59:58.274876  4014 getmultilidardata.cpp:1424] lidarid:2
I1003 14:59:58.274951  4078 myhdl_grabber.cpp:753] signal operator end
I1003 14:59:58.274956  4078 myhdl_grabber.cpp:754] temper_index_=7
I1003 14:59:58.274961  4078 getmultilidardata.cpp:244] id:3
I1003 14:59:58.275364  4014 getmultilidardata.cpp:1442] lidarid:2
I1003 14:59:58.275370  4014 getmultilidardata.cpp:1424] lidarid:1
I1003 14:59:58.275723  4014 getmultilidardata.cpp:1432] lidarid:1
I1003 14:59:58.275728  4014 getmultilidardata.cpp:1424] lidarid:1
I1003 14:59:58.276005  4014 getmultilidardata.cpp:1442] lidarid:1
I1003 14:59:58.297601  4014 getmultilidardata.cpp:1300] cloudstartnum[lidarid]=0
I1003 14:59:58.297628  4014 getmultilidardata.cpp:1300] cloudstartnum[lidarid]=57696
I1003 14:59:58.297634  4014 getmultilidardata.cpp:1300] cloudstartnum[lidarid]=89584
I1003 14:59:58.302356  4014 getmultilidardata.cpp:1300] cloudstartnum[lidarid]=0
I1003 14:59:58.302371  4014 getmultilidardata.cpp:1300] cloudstartnum[lidarid]=57696
I1003 14:59:58.302376  4014 getmultilidardata.cpp:1300] cloudstartnum[lidarid]=89584
I1003 14:59:58.303548  4014 getmultilidardata.cpp:1580]  time:0.029289
I1003 14:59:58.304335  4014 getmultilidardata.cpp:1600] pub pointcloud:121475
I1003 14:59:58.361663  4080 getmultilidardata.cpp:493] get lidar data
I1003 14:59:58.372484  4077 myhdl_grabber.cpp:565] id:0 temprotation:18 last_azimuth_35998
I1003 14:59:58.372505  4077 myhdl_grabber.cpp:750] signal operator start
I1003 14:59:58.372514  4077 getmultilidardata.cpp:244] id:0
I1003 14:59:58.372989  4077 myhdl_grabber.cpp:753] signal operator end
I1003 14:59:58.372997  4077 myhdl_grabber.cpp:754] temper_index_=25
I1003 14:59:58.373003  4077 getmultilidardata.cpp:244] id:1
I1003 14:59:58.373042  4014 getmultilidardata.cpp:1424] lidarid:0
I1003 14:59:58.373868  4014 getmultilidardata.cpp:1432] lidarid:0
I1003 14:59:58.373880  4014 getmultilidardata.cpp:1424] lidarid:0
I1003 14:59:58.374353  4014 getmultilidardata.cpp:1442] lidarid:0
I1003 14:59:58.374379  4078 myhdl_grabber.cpp:750] signal operator start
I1003 14:59:58.374389  4078 getmultilidardata.cpp:244] id:2
I1003 14:59:58.374511  4079 myhdl_grabber.cpp:750] signal operator start
I1003 14:59:58.374537  4079 getmultilidardata.cpp:244] id:4
I1003 14:59:58.374825  4078 myhdl_grabber.cpp:753] signal operator end
I1003 14:59:58.374832  4078 myhdl_grabber.cpp:754] temper_index_=7
I1003 14:59:58.374840  4078 getmultilidardata.cpp:244] id:3
I1003 14:59:58.374886  4014 getmultilidardata.cpp:1424] lidarid:1
I1003 14:59:58.375007  4079 myhdl_grabber.cpp:753] signal operator end
I1003 14:59:58.375015  4079 myhdl_grabber.cpp:754] temper_index_=8
I1003 14:59:58.375021  4079 getmultilidardata.cpp:244] id:5
I1003 14:59:58.375505  4014 getmultilidardata.cpp:1432] lidarid:1
I1003 14:59:58.375516  4014 getmultilidardata.cpp:1424] lidarid:2
I1003 14:59:58.375867  4014 getmultilidardata.cpp:1432] lidarid:2
I1003 14:59:58.375874  4014 getmultilidardata.cpp:1424] lidarid:1
I1003 14:59:58.376137  4014 getmultilidardata.cpp:1442] lidarid:1
I1003 14:59:58.376144  4014 getmultilidardata.cpp:1424] lidarid:2
I1003 14:59:58.377080  4014 getmultilidardata.cpp:1442] lidarid:2
I1003 14:59:58.381028  4014 getmultilidardata.cpp:1300] cloudstartnum[lidarid]=0
I1003 14:59:58.381039  4014 getmultilidardata.cpp:1300] cloudstartnum[lidarid]=57472
I1003 14:59:58.381045  4014 getmultilidardata.cpp:1300] cloudstartnum[lidarid]=89344
I1003 14:59:58.383016  4014 getmultilidardata.cpp:1300] cloudstartnum[lidarid]=0
I1003 14:59:58.383028  4014 getmultilidardata.cpp:1300] cloudstartnum[lidarid]=57472
I1003 14:59:58.383072  4014 getmultilidardata.cpp:1300] cloudstartnum[lidarid]=89344
I1003 14:59:58.384266  4014 getmultilidardata.cpp:1580]  time:0.00976051
I1003 14:59:58.385030  4014 getmultilidardata.cpp:1600] pub pointcloud:121603
I1003 14:59:58.471707  4077 myhdl_grabber.cpp:565] id:0 temprotation:14 last_azimuth_35994
I1003 14:59:58.471735  4077 myhdl_grabber.cpp:750] signal operator start
I1003 14:59:58.471743  4077 getmultilidardata.cpp:244] id:0
I1003 14:59:58.472165  4077 myhdl_grabber.cpp:753] signal operator end
I1003 14:59:58.472172  4077 myhdl_grabber.cpp:754] temper_index_=25
I1003 14:59:58.472178  4077 getmultilidardata.cpp:244] id:1
I1003 14:59:58.472223  4014 getmultilidardata.cpp:1424] lidarid:0
I1003 14:59:58.472913  4014 getmultilidardata.cpp:1432] lidarid:0
I1003 14:59:58.472923  4014 getmultilidardata.cpp:1424] lidarid:0
I1003 14:59:58.472941  4079 myhdl_grabber.cpp:750] signal operator start
I1003 14:59:58.472963  4079 getmultilidardata.cpp:244] id:4
I1003 14:59:58.473214  4078 myhdl_grabber.cpp:750] signal operator start
I1003 14:59:58.473225  4078 getmultilidardata.cpp:244] id:2
I1003 14:59:58.473479  4079 myhdl_grabber.cpp:753] signal operator end
I1003 14:59:58.473485  4079 myhdl_grabber.cpp:754] temper_index_=8
I1003 14:59:58.473492  4079 getmultilidardata.cpp:244] id:5
I1003 14:59:58.473793  4014 getmultilidardata.cpp:1442] lidarid:0
I1003 14:59:58.473803  4014 getmultilidardata.cpp:1424] lidarid:2
I1003 14:59:58.473846  4078 myhdl_grabber.cpp:753] signal operator end
I1003 14:59:58.473855  4078 myhdl_grabber.cpp:754] temper_index_=7
I1003 14:59:58.473860  4078 getmultilidardata.cpp:244] id:3
I1003 14:59:58.474315  4014 getmultilidardata.cpp:1432] lidarid:2
I1003 14:59:58.474323  4014 getmultilidardata.cpp:1424] lidarid:1
I1003 14:59:58.474603  4014 getmultilidardata.cpp:1432] lidarid:1
I1003 14:59:58.474609  4014 getmultilidardata.cpp:1424] lidarid:2
I1003 14:59:58.474836  4014 getmultilidardata.cpp:1442] lidarid:2
I1003 14:59:58.474843  4014 getmultilidardata.cpp:1424] lidarid:1
I1003 14:59:58.475072  4014 getmultilidardata.cpp:1442] lidarid:1
I1003 14:59:58.496784  4014 getmultilidardata.cpp:1300] cloudstartnum[lidarid]=0
I1003 14:59:58.496806  4014 getmultilidardata.cpp:1300] cloudstartnum[lidarid]=57216
I1003 14:59:58.496812  4014 getmultilidardata.cpp:1300] cloudstartnum[lidarid]=88704
I1003 14:59:58.499086  4014 getmultilidardata.cpp:1300] cloudstartnum[lidarid]=0
I1003 14:59:58.499099  4014 getmultilidardata.cpp:1300] cloudstartnum[lidarid]=57216
I1003 14:59:58.499104  4014 getmultilidardata.cpp:1300] cloudstartnum[lidarid]=88704
I1003 14:59:58.500717  4014 getmultilidardata.cpp:1580]  time:0.0274956
I1003 14:59:58.501543  4014 getmultilidardata.cpp:1600] pub pointcloud:120195
I1003 14:59:58.570251  4077 myhdl_grabber.cpp:565] id:0 temprotation:18 last_azimuth_35998
I1003 14:59:58.570273  4077 myhdl_grabber.cpp:750] signal operator start
I1003 14:59:58.570281  4077 getmultilidardata.cpp:244] id:0
I1003 14:59:58.570647  4077 myhdl_grabber.cpp:753] signal operator end
I1003 14:59:58.570653  4077 myhdl_grabber.cpp:754] temper_index_=25
I1003 14:59:58.570658  4077 getmultilidardata.cpp:244] id:1
I1003 14:59:58.570695  4014 getmultilidardata.cpp:1424] lidarid:0
I1003 14:59:58.571440  4014 getmultilidardata.cpp:1432] lidarid:0
I1003 14:59:58.571447  4014 getmultilidardata.cpp:1424] lidarid:0
I1003 14:59:58.571606  4079 myhdl_grabber.cpp:750] signal operator start
I1003 14:59:58.571624  4079 getmultilidardata.cpp:244] id:4
I1003 14:59:58.572082  4079 myhdl_grabber.cpp:753] signal operator end
I1003 14:59:58.572088  4079 myhdl_grabber.cpp:754] temper_index_=8
I1003 14:59:58.572086  4014 getmultilidardata.cpp:1442] lidarid:0
I1003 14:59:58.572098  4079 getmultilidardata.cpp:244] id:5
I1003 14:59:58.572098  4014 getmultilidardata.cpp:1424] lidarid:2
I1003 14:59:58.572553  4014 getmultilidardata.cpp:1432] lidarid:2
I1003 14:59:58.572559  4014 getmultilidardata.cpp:1424] lidarid:2
I1003 14:59:58.572670  4078 myhdl_grabber.cpp:750] signal operator start
I1003 14:59:58.572722  4078 getmultilidardata.cpp:244] id:2
I1003 14:59:58.572872  4014 getmultilidardata.cpp:1442] lidarid:2
I1003 14:59:58.573042  4078 myhdl_grabber.cpp:753] signal operator end
I1003 14:59:58.573047  4078 myhdl_grabber.cpp:754] temper_index_=7
I1003 14:59:58.573051  4078 getmultilidardata.cpp:244] id:3
I1003 14:59:58.573089  4014 getmultilidardata.cpp:1424] lidarid:1
I1003 14:59:58.573559  4014 getmultilidardata.cpp:1432] lidarid:1
I1003 14:59:58.573566  4014 getmultilidardata.cpp:1424] lidarid:1
I1003 14:59:58.573830  4014 getmultilidardata.cpp:1442] lidarid:1
I1003 14:59:58.595430  4014 getmultilidardata.cpp:1300] cloudstartnum[lidarid]=0
I1003 14:59:58.595454  4014 getmultilidardata.cpp:1300] cloudstartnum[lidarid]=57056
I1003 14:59:58.595459  4014 getmultilidardata.cpp:1300] cloudstartnum[lidarid]=88944
I1003 14:59:58.598755  4014 getmultilidardata.cpp:1300] cloudstartnum[lidarid]=0
I1003 14:59:58.598778  4014 getmultilidardata.cpp:1300] cloudstartnum[lidarid]=57056
I1003 14:59:58.598783  4014 getmultilidardata.cpp:1300] cloudstartnum[lidarid]=88944
I1003 14:59:58.600222  4014 getmultilidardata.cpp:1580]  time:0.027549
I1003 14:59:58.601480  4014 getmultilidardata.cpp:1600] pub pointcloud:120451
I1003 14:59:58.668906  4077 myhdl_grabber.cpp:565] id:0 temprotation:12 last_azimuth_35992
I1003 14:59:58.668942  4077 myhdl_grabber.cpp:750] signal operator start
I1003 14:59:58.668946  4077 getmultilidardata.cpp:244] id:0
I1003 14:59:58.669271  4077 myhdl_grabber.cpp:753] signal operator end
I1003 14:59:58.669275  4077 myhdl_grabber.cpp:754] temper_index_=25
I1003 14:59:58.669277  4077 getmultilidardata.cpp:244] id:1
I1003 14:59:58.669313  4014 getmultilidardata.cpp:1424] lidarid:0
I1003 14:59:58.669950  4078 myhdl_grabber.cpp:750] signal operator start
I1003 14:59:58.669956  4078 getmultilidardata.cpp:244] id:2
I1003 14:59:58.669970  4014 getmultilidardata.cpp:1432] lidarid:0
I1003 14:59:58.669975  4014 getmultilidardata.cpp:1424] lidarid:0
I1003 14:59:58.670332  4078 myhdl_grabber.cpp:753] signal operator end
I1003 14:59:58.670336  4078 myhdl_grabber.cpp:754] temper_index_=7
I1003 14:59:58.670339  4078 getmultilidardata.cpp:244] id:3
I1003 14:59:58.670644  4014 getmultilidardata.cpp:1442] lidarid:0
I1003 14:59:58.670650  4014 getmultilidardata.cpp:1424] lidarid:1
I1003 14:59:58.670871  4014 getmultilidardata.cpp:1432] lidarid:1
I1003 14:59:58.670874  4014 getmultilidardata.cpp:1424] lidarid:1
I1003 14:59:58.671027  4014 getmultilidardata.cpp:1442] lidarid:1
I1003 14:59:58.671090  4079 myhdl_grabber.cpp:750] signal operator start
I1003 14:59:58.671099  4079 getmultilidardata.cpp:244] id:4
I1003 14:59:58.671321  4079 myhdl_grabber.cpp:753] signal operator end
I1003 14:59:58.671324  4079 myhdl_grabber.cpp:754] temper_index_=8
I1003 14:59:58.671327  4079 getmultilidardata.cpp:244] id:5
I1003 14:59:58.671599  4014 getmultilidardata.cpp:1424] lidarid:2
I1003 14:59:58.671847  4014 getmultilidardata.cpp:1432] lidarid:2
I1003 14:59:58.671851  4014 getmultilidardata.cpp:1424] lidarid:2
I1003 14:59:58.672022  4014 getmultilidardata.cpp:1442] lidarid:2
I1003 14:59:58.673383  4014 getmultilidardata.cpp:1300] cloudstartnum[lidarid]=0
I1003 14:59:58.673388  4014 getmultilidardata.cpp:1300] cloudstartnum[lidarid]=56928
I1003 14:59:58.673388  4014 getmultilidardata.cpp:1300] cloudstartnum[lidarid]=88048
I1003 14:59:58.675542  4014 getmultilidardata.cpp:1300] cloudstartnum[lidarid]=0
I1003 14:59:58.675549  4014 getmultilidardata.cpp:1300] cloudstartnum[lidarid]=56928
I1003 14:59:58.675550  4014 getmultilidardata.cpp:1300] cloudstartnum[lidarid]=88048
I1003 14:59:58.676450  4014 getmultilidardata.cpp:1580]  time:0.00536023
I1003 14:59:58.676466  4014 getmultilidardata.cpp:1600] pub pointcloud:119555
I1003 14:59:58.677393  4080 getmultilidardata.cpp:493] get lidar data
