I1003 14:59:50.268136  4078 getmultilidardata.cpp:244] id:2
I1003 14:59:50.268513  4014 getmultilidardata.cpp:1442] lidarid:2
I1003 14:59:50.268565  4078 myhdl_grabber.cpp:753] signal operator end
I1003 14:59:50.268568  4014 getmultilidardata.cpp:1424] lidarid:1
I1003 14:59:50.268569  4078 myhdl_grabber.cpp:754] temper_index_=7
I1003 14:59:50.268573  4078 getmultilidardata.cpp:244] id:3
I1003 14:59:50.268983  4014 getmultilidardata.cpp:1432] lidarid:1
I1003 14:59:50.268988  4014 getmultilidardata.cpp:1424] lidarid:1
I1003 14:59:50.269182  4014 getmultilidardata.cpp:1442] lidarid:1
I1003 14:59:50.290606  4014 getmultilidardata.cpp:1300] cloudstartnum[lidarid]=0
I1003 14:59:50.290629  4014 getmultilidardata.cpp:1300] cloudstartnum[lidarid]=57920
I1003 14:59:50.290635  4014 getmultilidardata.cpp:1300] cloudstartnum[lidarid]=90176
I1003 14:59:50.292026  4014 getmultilidardata.cpp:1300] cloudstartnum[lidarid]=0
I1003 14:59:50.292035  4014 getmultilidardata.cpp:1300] cloudstartnum[lidarid]=57920
I1003 14:59:50.292039  4014 getmultilidardata.cpp:1300] cloudstartnum[lidarid]=90176
I1003 14:59:50.293246  4014 getmultilidardata.cpp:1580]  time:0.025113
I1003 14:59:50.294219  4014 getmultilidardata.cpp:1600] pub pointcloud:122435
I1003 14:59:50.366470  4077 myhdl_grabber.cpp:565] id:0 temprotation:2 last_azimuth_35984
I1003 14:59:50.366499  4077 myhdl_grabber.cpp:750] signal operator start
I1003 14:59:50.366509  4077 getmultilidardata.cpp:244] id:0
I1003 14:59:50.366994  4077 myhdl_grabber.cpp:753] signal operator end
I1003 14:59:50.367000  4077 myhdl_grabber.cpp:754] temper_index_=25
I1003 14:59:50.367007  4077 getmultilidardata.cpp:244] id:1
I1003 14:59:50.367055  4014 getmultilidardata.cpp:1424] lidarid:0
I1003 14:59:50.367806  4014 getmultilidardata.cpp:1432] lidarid:0
I1003 14:59:50.367816  4014 getmultilidardata.cpp:1424] lidarid:0
I1003 14:59:50.368263  4014 getmultilidardata.cpp:1442] lidarid:0
I1003 14:59:50.368302  4079 myhdl_grabber.cpp:750] signal operator start
I1003 14:59:50.368325  4079 getmultilidardata.cpp:244] id:4
I1003 14:59:50.368630  4079 myhdl_grabber.cpp:753] signal operator end
I1003 14:59:50.368638  4079 myhdl_grabber.cpp:754] temper_index_=8
I1003 14:59:50.368643  4079 getmultilidardata.cpp:244] id:5
I1003 14:59:50.368656  4014 getmultilidardata.cpp:1424] lidarid:2
I1003 14:59:50.369067  4014 getmultilidardata.cpp:1432] lidarid:2
I1003 14:59:50.369074  4014 getmultilidardata.cpp:1424] lidarid:2
I1003 14:59:50.369145  4078 myhdl_grabber.cpp:750] signal operator start
I1003 14:59:50.369154  4078 getmultilidardata.cpp:244] id:2
I1003 14:59:50.369472  4014 getmultilidardata.cpp:1442] lidarid:2
I1003 14:59:50.369575  4078 myhdl_grabber.cpp:753] signal operator end
I1003 14:59:50.369581  4078 myhdl_grabber.cpp:754] temper_index_=7
I1003 14:59:50.369627  4078 getmultilidardata.cpp:244] id:3
I1003 14:59:50.369632  4014 getmultilidardata.cpp:1424] lidarid:1
I1003 14:59:50.370090  4014 getmultilidardata.cpp:1432] lidarid:1
I1003 14:59:50.370098  4014 getmultilidardata.cpp:1424] lidarid:1
I1003 14:59:50.370373  4014 getmultilidardata.cpp:1442] lidarid:1
I1003 14:59:50.392048  4014 getmultilidardata.cpp:1300] cloudstartnum[lidarid]=0
I1003 14:59:50.392076  4014 getmultilidardata.cpp:1300] cloudstartnum[lidarid]=58112
I1003 14:59:50.392082  4014 getmultilidardata.cpp:1300] cloudstartnum[lidarid]=90368
I1003 14:59:50.394029  4014 getmultilidardata.cpp:1300] cloudstartnum[lidarid]=0
I1003 14:59:50.394042  4014 getmultilidardata.cpp:1300] cloudstartnum[lidarid]=58112
I1003 14:59:50.394047  4014 getmultilidardata.cpp:1300] cloudstartnum[lidarid]=90368
I1003 14:59:50.395292  4014 getmultilidardata.cpp:1580]  time:0.0261431
I1003 14:59:50.396188  4014 getmultilidardata.cpp:1600] pub pointcloud:122627
I1003 14:59:50.461046  4080 getmultilidardata.cpp:493] get lidar data
I1003 14:59:50.467738  4077 myhdl_grabber.cpp:565] id:0 temprotation:18 last_azimuth_35998
I1003 14:59:50.467756  4077 myhdl_grabber.cpp:750] signal operator start
I1003 14:59:50.467763  4077 getmultilidardata.cpp:244] id:0
I1003 14:59:50.468147  4077 myhdl_grabber.cpp:753] signal operator end
I1003 14:59:50.468152  4077 myhdl_grabber.cpp:754] temper_index_=25
I1003 14:59:50.468158  4077 getmultilidardata.cpp:244] id:1
I1003 14:59:50.468183  4014 getmultilidardata.cpp:1424] lidarid:0
I1003 14:59:50.468876  4014 getmultilidardata.cpp:1432] lidarid:0
I1003 14:59:50.468884  4014 getmultilidardata.cpp:1424] lidarid:0
I1003 14:59:50.469041  4079 myhdl_grabber.cpp:750] signal operator start
I1003 14:59:50.469059  4079 getmultilidardata.cpp:244] id:4
I1003 14:59:50.469449  4014 getmultilidardata.cpp:1442] lidarid:0
I1003 14:59:50.469461  4014 getmultilidardata.cpp:1424] lidarid:2
I1003 14:59:50.469462  4079 myhdl_grabber.cpp:753] signal operator end
I1003 14:59:50.469470  4079 myhdl_grabber.cpp:754] temper_index_=8
I1003 14:59:50.469475  4079 getmultilidardata.cpp:244] id:5
I1003 14:59:50.469521  4078 myhdl_grabber.cpp:750] signal operator start
I1003 14:59:50.469532  4078 getmultilidardata.cpp:244] id:2
I1003 14:59:50.469971  4014 getmultilidardata.cpp:1432] lidarid:2
I1003 14:59:50.470050  4014 getmultilidardata.cpp:1424] lidarid:2
I1003 14:59:50.470062  4078 myhdl_grabber.cpp:753] signal operator end
I1003 14:59:50.470067  4078 myhdl_grabber.cpp:754] temper_index_=7
I1003 14:59:50.470072  4078 getmultilidardata.cpp:244] id:3
I1003 14:59:50.470494  4014 getmultilidardata.cpp:1442] lidarid:2
I1003 14:59:50.470500  4014 getmultilidardata.cpp:1424] lidarid:1
I1003 14:59:50.470736  4014 getmultilidardata.cpp:1432] lidarid:1
I1003 14:59:50.470741  4014 getmultilidardata.cpp:1424] lidarid:1
I1003 14:59:50.470943  4014 getmultilidardata.cpp:1442] lidarid:1
I1003 14:59:50.493202  4014 getmultilidardata.cpp:1300] cloudstartnum[lidarid]=0
I1003 14:59:50.493225  4014 getmultilidardata.cpp:1300] cloudstartnum[lidarid]=58336
I1003 14:59:50.493232  4014 getmultilidardata.cpp:1300] cloudstartnum[lidarid]=90608
I1003 14:59:50.494833  4014 getmultilidardata.cpp:1300] cloudstartnum[lidarid]=0
I1003 14:59:50.494843  4014 getmultilidardata.cpp:1300] cloudstartnum[lidarid]=58336
I1003 14:59:50.494848  4014 getmultilidardata.cpp:1300] cloudstartnum[lidarid]=90608
I1003 14:59:50.496039  4014 getmultilidardata.cpp:1580]  time:0.0265166
I1003 14:59:50.496963  4014 getmultilidardata.cpp:1600] pub pointcloud:122867
I1003 14:59:50.569113  4077 myhdl_grabber.cpp:565] id:0 temprotation:14 last_azimuth_35994
I1003 14:59:50.569146  4077 myhdl_grabber.cpp:750] signal operator start
I1003 14:59:50.569156  4077 getmultilidardata.cpp:244] id:0
I1003 14:59:50.569766  4077 myhdl_grabber.cpp:753] signal operator end
I1003 14:59:50.569773  4077 myhdl_grabber.cpp:754] temper_index_=25
I1003 14:59:50.569779  4077 getmultilidardata.cpp:244] id:1
I1003 14:59:50.569828  4014 getmultilidardata.cpp:1424] lidarid:0
I1003 14:59:50.570814  4014 getmultilidardata.cpp:1432] lidarid:0
I1003 14:59:50.570860  4014 getmultilidardata.cpp:1424] lidarid:0
I1003 14:59:50.571020  4079 myhdl_grabber.cpp:750] signal operator start
I1003 14:59:50.571043  4079 getmultilidardata.cpp:244] id:4
I1003 14:59:50.571487  4079 myhdl_grabber.cpp:753] signal operator end
I1003 14:59:50.571493  4079 myhdl_grabber.cpp:754] temper_index_=8
I1003 14:59:50.571501  4079 getmultilidardata.cpp:244] id:5
I1003 14:59:50.571506  4014 getmultilidardata.cpp:1442] lidarid:0
I1003 14:59:50.571516  4014 getmultilidardata.cpp:1424] lidarid:2
I1003 14:59:50.571573  4078 myhdl_grabber.cpp:750] signal operator start
I1003 14:59:50.571594  4078 getmultilidardata.cpp:244] id:2
I1003 14:59:50.572094  4014 getmultilidardata.cpp:1432] lidarid:2
I1003 14:59:50.572101  4014 getmultilidardata.cpp:1424] lidarid:2
I1003 14:59:50.572171  4078 myhdl_grabber.cpp:753] signal operator end
I1003 14:59:50.572178  4078 myhdl_grabber.cpp:754] temper_index_=7
I1003 14:59:50.572185  4078 getmultilidardata.cpp:244] id:3
I1003 14:59:50.572487  4014 getmultilidardata.cpp:1442] lidarid:2
I1003 14:59:50.572494  4014 getmultilidardata.cpp:1424] lidarid:1
I1003 14:59:50.572804  4014 getmultilidardata.cpp:1432] lidarid:1
I1003 14:59:50.572811  4014 getmultilidardata.cpp:1424] lidarid:1
I1003 14:59:50.573060  4014 getmultilidardata.cpp:1442] lidarid:1
I1003 14:59:50.594607  4014 getmultilidardata.cpp:1300] cloudstartnum[lidarid]=0
I1003 14:59:50.594630  4014 getmultilidardata.cpp:1300] cloudstartnum[lidarid]=58400
I1003 14:59:50.594635  4014 getmultilidardata.cpp:1300] cloudstartnum[lidarid]=91040
I1003 14:59:50.596309  4014 getmultilidardata.cpp:1300] cloudstartnum[lidarid]=0
I1003 14:59:50.596325  4014 getmultilidardata.cpp:1300] cloudstartnum[lidarid]=58400
I1003 14:59:50.596329  4014 getmultilidardata.cpp:1300] cloudstartnum[lidarid]=91040
I1003 14:59:50.597734  4014 getmultilidardata.cpp:1580]  time:0.0261684
I1003 14:59:50.598747  4014 getmultilidardata.cpp:1600] pub pointcloud:123699
I1003 14:59:50.670334  4077 myhdl_grabber.cpp:565] id:0 temprotation:14 last_azimuth_35994
I1003 14:59:50.670351  4077 myhdl_grabber.cpp:750] signal operator start
I1003 14:59:50.670356  4077 getmultilidardata.cpp:244] id:0
I1003 14:59:50.670715  4077 myhdl_grabber.cpp:753] signal operator end
I1003 14:59:50.670719  4077 myhdl_grabber.cpp:754] temper_index_=25
I1003 14:59:50.670724  4077 getmultilidardata.cpp:244] id:1
I1003 14:59:50.670779  4014 getmultilidardata.cpp:1424] lidarid:0
I1003 14:59:50.671469  4014 getmultilidardata.cpp:1432] lidarid:0
I1003 14:59:50.671476  4014 getmultilidardata.cpp:1424] lidarid:0
I1003 14:59:50.671835  4014 getmultilidardata.cpp:1442] lidarid:0
I1003 14:59:50.671836  4079 myhdl_grabber.cpp:750] signal operator start
I1003 14:59:50.671852  4079 getmultilidardata.cpp:244] id:4
I1003 14:59:50.672055  4079 myhdl_grabber.cpp:753] signal operator end
I1003 14:59:50.672058  4079 myhdl_grabber.cpp:754] temper_index_=8
I1003 14:59:50.672062  4079 getmultilidardata.cpp:244] id:5
I1003 14:59:50.672096  4014 getmultilidardata.cpp:1424] lidarid:2
I1003 14:59:50.672487  4014 getmultilidardata.cpp:1432] lidarid:2
I1003 14:59:50.672492  4014 getmultilidardata.cpp:1424] lidarid:2
I1003 14:59:50.672504  4078 myhdl_grabber.cpp:750] signal operator start
I1003 14:59:50.672510  4078 getmultilidardata.cpp:244] id:2
I1003 14:59:50.672874  4014 getmultilidardata.cpp:1442] lidarid:2
I1003 14:59:50.672912  4078 myhdl_grabber.cpp:753] signal operator end
I1003 14:59:50.672916  4078 myhdl_grabber.cpp:754] temper_index_=7
I1003 14:59:50.672920  4078 getmultilidardata.cpp:244] id:3
I1003 14:59:50.672966  4014 getmultilidardata.cpp:1424] lidarid:1
I1003 14:59:50.673357  4014 getmultilidardata.cpp:1432] lidarid:1
I1003 14:59:50.673362  4014 getmultilidardata.cpp:1424] lidarid:1
I1003 14:59:50.673566  4014 getmultilidardata.cpp:1442] lidarid:1
I1003 14:59:50.694862  4014 getmultilidardata.cpp:1300] cloudstartnum[lidarid]=0
I1003 14:59:50.694881  4014 getmultilidardata.cpp:1300] cloudstartnum[lidarid]=58400
I1003 14:59:50.694885  4014 getmultilidardata.cpp:1300] cloudstartnum[lidarid]=90656
I1003 14:59:50.696138  4014 getmultilidardata.cpp:1300] cloudstartnum[lidarid]=0
I1003 14:59:50.696146  4014 getmultilidardata.cpp:1300] cloudstartnum[lidarid]=58400
I1003 14:59:50.696148  4014 getmultilidardata.cpp:1300] cloudstartnum[lidarid]=90656
I1003 14:59:50.698084  4014 getmultilidardata.cpp:1580]  time:0.0255775
I1003 14:59:50.700318  4014 getmultilidardata.cpp:1600] pub pointcloud:122915
I1003 14:59:50.771523  4077 myhdl_grabber.cpp:565] id:0 temprotation:14 last_azimuth_35994
I1003 14:59:50.771570  4077 myhdl_grabber.cpp:750] signal operator start
I1003 14:59:50.771579  4077 getmultilidardata.cpp:244] id:0
I1003 14:59:50.771982  4077 myhdl_grabber.cpp:753] signal operator end
I1003 14:59:50.771988  4077 myhdl_grabber.cpp:754] temper_index_=25
I1003 14:59:50.771994  4077 getmultilidardata.cpp:244] id:1
I1003 14:59:50.772035  4014 getmultilidardata.cpp:1424] lidarid:0
I1003 14:59:50.772696  4079 myhdl_grabber.cpp:750] signal operator start
I1003 14:59:50.772716  4079 getmultilidardata.cpp:244] id:4
I1003 14:59:50.772723  4014 getmultilidardata.cpp:1432] lidarid:0
I1003 14:59:50.772732  4014 getmultilidardata.cpp:1424] lidarid:0
I1003 14:59:50.773134  4079 myhdl_grabber.cpp:753] signal operator end
I1003 14:59:50.773140  4079 myhdl_grabber.cpp:754] temper_index_=8
I1003 14:59:50.773146  4079 getmultilidardata.cpp:244] id:5
I1003 14:59:50.773471  4014 getmultilidardata.cpp:1442] lidarid:0
I1003 14:59:50.773478  4014 getmultilidardata.cpp:1424] lidarid:2
I1003 14:59:50.773653  4078 myhdl_grabber.cpp:750] signal operator start
I1003 14:59:50.773660  4078 getmultilidardata.cpp:244] id:2
I1003 14:59:50.773808  4014 getmultilidardata.cpp:1432] lidarid:2
I1003 14:59:50.773815  4014 getmultilidardata.cpp:1424] lidarid:2
I1003 14:59:50.774019  4078 myhdl_grabber.cpp:753] signal operator end
I1003 14:59:50.774024  4078 myhdl_grabber.cpp:754] temper_index_=7
I1003 14:59:50.774029  4078 getmultilidardata.cpp:244] id:3
I1003 14:59:50.774614  4014 getmultilidardata.cpp:1442] lidarid:2
I1003 14:59:50.774621  4014 getmultilidardata.cpp:1424] lidarid:1
I1003 14:59:50.775424  4014 getmultilidardata.cpp:1432] lidarid:1
I1003 14:59:50.775431  4014 getmultilidardata.cpp:1424] lidarid:1
I1003 14:59:50.776204  4014 getmultilidardata.cpp:1442] lidarid:1
I1003 14:59:50.776837  4080 getmultilidardata.cpp:493] get lidar data
I1003 14:59:50.800276  4014 getmultilidardata.cpp:1300] cloudstartnum[lidarid]=0
I1003 14:59:50.800303  4014 getmultilidardata.cpp:1300] cloudstartnum[lidarid]=58304
I1003 14:59:50.800309  4014 getmultilidardata.cpp:1300] cloudstartnum[lidarid]=90560
I1003 14:59:50.801887  4014 getmultilidardata.cpp:1300] cloudstartnum[lidarid]=0
I1003 14:59:50.801896  4014 getmultilidardata.cpp:1300] cloudstartnum[lidarid]=58304
I1003 14:59:50.801901  4014 getmultilidardata.cpp:1300] cloudstartnum[lidarid]=90560
I1003 14:59:50.803164  4014 getmultilidardata.cpp:1580]  time:0.0295104
I1003 14:59:50.804107  4014 getmultilidardata.cpp:1600] pub pointcloud:122883
I1003 14:59:50.872303  4077 myhdl_grabber.cpp:565] id:0 temprotation:18 last_azimuth_35998
I1003 14:59:50.872354  4077 myhdl_grabber.cpp:750] signal operator start
I1003 14:59:50.872362  4077 getmultilidardata.cpp:244] id:0
I1003 14:59:50.872828  4077 myhdl_grabber.cpp:753] signal operator end
I1003 14:59:50.872834  4077 myhdl_grabber.cpp:754] temper_index_=25
I1003 14:59:50.872841  4077 getmultilidardata.cpp:244] id:1
I1003 14:59:50.872875  4014 getmultilidardata.cpp:1424] lidarid:0
I1003 14:59:50.873572  4079 myhdl_grabber.cpp:750] signal operator start
I1003 14:59:50.873596  4079 getmultilidardata.cpp:244] id:4
I1003 14:59:50.873607  4014 getmultilidardata.cpp:1432] lidarid:0
I1003 14:59:50.873616  4014 getmultilidardata.cpp:1424] lidarid:0
I1003 14:59:50.873983  4078 myhdl_grabber.cpp:750] signal operator start
I1003 14:59:50.874007  4078 getmultilidardata.cpp:244] id:2
I1003 14:59:50.874017  4079 myhdl_grabber.cpp:753] signal operator end
I1003 14:59:50.874023  4079 myhdl_grabber.cpp:754] temper_index_=8
I1003 14:59:50.874030  4079 getmultilidardata.cpp:244] id:5
I1003 14:59:50.874526  4014 getmultilidardata.cpp:1442] lidarid:0
I1003 14:59:50.874536  4014 getmultilidardata.cpp:1424] lidarid:2
I1003 14:59:50.874635  4078 myhdl_grabber.cpp:753] signal operator end
I1003 14:59:50.874644  4078 myhdl_grabber.cpp:754] temper_index_=7
I1003 14:59:50.874651  4078 getmultilidardata.cpp:244] id:3
I1003 14:59:50.875078  4014 getmultilidardata.cpp:1432] lidarid:2
I1003 14:59:50.875085  4014 getmultilidardata.cpp:1424] lidarid:1
I1003 14:59:50.875392  4014 getmultilidardata.cpp:1432] lidarid:1
I1003 14:59:50.875399  4014 getmultilidardata.cpp:1424] lidarid:2
I1003 14:59:50.875664  4014 getmultilidardata.cpp:1442] lidarid:2
I1003 14:59:50.875671  4014 getmultilidardata.cpp:1424] lidarid:1
I1003 14:59:50.875952  4014 getmultilidardata.cpp:1442] lidarid:1
I1003 14:59:50.898731  4014 getmultilidardata.cpp:1300] cloudstartnum[lidarid]=0
I1003 14:59:50.898758  4014 getmultilidardata.cpp:1300] cloudstartnum[lidarid]=58112
I1003 14:59:50.898764  4014 getmultilidardata.cpp:1300] cloudstartnum[lidarid]=90384
I1003 14:59:50.900629  4014 getmultilidardata.cpp:1300] cloudstartnum[lidarid]=0
I1003 14:59:50.900640  4014 getmultilidardata.cpp:1300] cloudstartnum[lidarid]=58112
I1003 14:59:50.900645  4014 getmultilidardata.cpp:1300] cloudstartnum[lidarid]=90384
I1003 14:59:50.901998  4014 getmultilidardata.cpp:1580]  time:0.0280181
I1003 14:59:50.902817  4014 getmultilidardata.cpp:1600] pub pointcloud:122739
I1003 14:59:50.972298  4077 myhdl_grabber.cpp:565] id:0 temprotation:12 last_azimuth_35992
I1003 14:59:50.972327  4077 myhdl_grabber.cpp:750] signal operator start
I1003 14:59:50.972337  4077 getmultilidardata.cpp:244] id:0
I1003 14:59:50.972846  4077 myhdl_grabber.cpp:753] signal operator end
I1003 14:59:50.972853  4077 myhdl_grabber.cpp:754] temper_index_=25
I1003 14:59:50.972862  4077 getmultilidardata.cpp:244] id:1
I1003 14:59:50.972904  4014 getmultilidardata.cpp:1424] lidarid:0
I1003 14:59:50.973932  4014 getmultilidardata.cpp:1432] lidarid:0
I1003 14:59:50.973942  4014 getmultilidardata.cpp:1424] lidarid:0
I1003 14:59:50.974196  4079 myhdl_grabber.cpp:750] signal operator start
I1003 14:59:50.974223  4079 getmultilidardata.cpp:244] id:4
I1003 14:59:50.974700  4079 myhdl_grabber.cpp:753] signal operator end
I1003 14:59:50.974707  4079 myhdl_grabber.cpp:754] temper_index_=8
I1003 14:59:50.974706  4014 getmultilidardata.cpp:1442] lidarid:0
I1003 14:59:50.974714  4079 getmultilidardata.cpp:244] id:5
I1003 14:59:50.974715  4014 getmultilidardata.cpp:1424] lidarid:2
I1003 14:59:50.974746  4078 myhdl_grabber.cpp:750] signal operator start
I1003 14:59:50.974772  4078 getmultilidardata.cpp:244] id:2
I1003 14:59:50.975358  4014 getmultilidardata.cpp:1432] lidarid:2
I1003 14:59:50.975366  4014 getmultilidardata.cpp:1424] lidarid:2
I1003 14:59:50.975387  4078 myhdl_grabber.cpp:753] signal operator end
I1003 14:59:50.975394  4078 myhdl_grabber.cpp:754] temper_index_=7
I1003 14:59:50.975401  4078 getmultilidardata.cpp:244] id:3
I1003 14:59:50.975760  4014 getmultilidardata.cpp:1442] lidarid:2
I1003 14:59:50.975775  4014 getmultilidardata.cpp:1424] lidarid:1
I1003 14:59:50.976086  4014 getmultilidardata.cpp:1432] lidarid:1
I1003 14:59:50.976094  4014 getmultilidardata.cpp:1424] lidarid:1
I1003 14:59:50.976356  4014 getmultilidardata.cpp:1442] lidarid:1
I1003 14:59:50.998001  4014 getmultilidardata.cpp:1300] cloudstartnum[lidarid]=0
I1003 14:59:50.998028  4014 getmultilidardata.cpp:1300] cloudstartnum[lidarid]=57856
I1003 14:59:50.998034  4014 getmultilidardata.cpp:1300] cloudstartnum[lidarid]=90112
I1003 14:59:50.999668  4014 getmultilidardata.cpp:1300] cloudstartnum[lidarid]=0
I1003 14:59:50.999680  4014 getmultilidardata.cpp:1300] cloudstartnum[lidarid]=57856
I1003 14:59:50.999684  4014 getmultilidardata.cpp:1300] cloudstartnum[lidarid]=90112
I1003 14:59:51.000985  4014 getmultilidardata.cpp:1580]  time:0.0262436
I1003 14:59:51.002007  4014 getmultilidardata.cpp:1600] pub pointcloud:122211
I1003 14:59:51.072147  4077 myhdl_grabber.cpp:565] id:0 temprotation:4 last_azimuth_35984
I1003 14:59:51.072190  4077 myhdl_grabber.cpp:750] signal operator start
I1003 14:59:51.072196  4077 getmultilidardata.cpp:244] id:0
I1003 14:59:51.072551  4077 myhdl_grabber.cpp:753] signal operator end
I1003 14:59:51.072553  4077 myhdl_grabber.cpp:754] temper_index_=25
I1003 14:59:51.072558  4077 getmultilidardata.cpp:244] id:1
I1003 14:59:51.072595  4014 getmultilidardata.cpp:1424] lidarid:0
I1003 14:59:51.073303  4014 getmultilidardata.cpp:1432] lidarid:0
I1003 14:59:51.073310  4014 getmultilidardata.cpp:1424] lidarid:0
I1003 14:59:51.073659  4014 getmultilidardata.cpp:1442] lidarid:0
I1003 14:59:51.073900  4079 myhdl_grabber.cpp:750] signal operator start
I1003 14:59:51.073916  4079 getmultilidardata.cpp:244] id:4
I1003 14:59:51.074127  4079 myhdl_grabber.cpp:753] signal operator end
I1003 14:59:51.074131  4079 myhdl_grabber.cpp:754] temper_index_=8
I1003 14:59:51.074136  4079 getmultilidardata.cpp:244] id:5
I1003 14:59:51.074174  4014 getmultilidardata.cpp:1424] lidarid:2
I1003 14:59:51.074584  4014 getmultilidardata.cpp:1432] lidarid:2
I1003 14:59:51.074590  4014 getmultilidardata.cpp:1424] lidarid:2
I1003 14:59:51.074602  4078 myhdl_grabber.cpp:750] signal operator start
I1003 14:59:51.074609  4078 getmultilidardata.cpp:244] id:2
I1003 14:59:51.075031  4014 getmultilidardata.cpp:1442] lidarid:2
I1003 14:59:51.075078  4078 myhdl_grabber.cpp:753] signal operator end
I1003 14:59:51.075083  4078 myhdl_grabber.cpp:754] temper_index_=7
I1003 14:59:51.075086  4078 getmultilidardata.cpp:244] id:3
I1003 14:59:51.075107  4014 getmultilidardata.cpp:1424] lidarid:1
I1003 14:59:51.075606  4014 getmultilidardata.cpp:1432] lidarid:1
I1003 14:59:51.075613  4014 getmultilidardata.cpp:1424] lidarid:1
I1003 14:59:51.075920  4014 getmultilidardata.cpp:1442] lidarid:1
I1003 14:59:51.093057  4080 getmultilidardata.cpp:493] get lidar data
I1003 14:59:51.097654  4014 getmultilidardata.cpp:1300] cloudstartnum[lidarid]=0
I1003 14:59:51.097676  4014 getmultilidardata.cpp:1300] cloudstartnum[lidarid]=57600
I1003 14:59:51.097681  4014 getmultilidardata.cpp:1300] cloudstartnum[lidarid]=89488
I1003 14:59:51.099336  4014 getmultilidardata.cpp:1300] cloudstartnum[lidarid]=0
I1003 14:59:51.099346  4014 getmultilidardata.cpp:1300] cloudstartnum[lidarid]=57600
I1003 14:59:51.099351  4014 getmultilidardata.cpp:1300] cloudstartnum[lidarid]=89488
I1003 14:59:51.100630  4014 getmultilidardata.cpp:1580]  time:0.0260256
I1003 14:59:51.101588  4014 getmultilidardata.cpp:1600] pub pointcloud:121363
I1003 14:59:51.172056  4077 myhdl_grabber.cpp:565] id:0 temprotation:8 last_azimuth_35988
I1003 14:59:51.172084  4077 myhdl_grabber.cpp:750] signal operator start
I1003 14:59:51.172094  4077 getmultilidardata.cpp:244] id:0
I1003 14:59:51.172603  4077 myhdl_grabber.cpp:753] signal operator end
I1003 14:59:51.172611  4077 myhdl_grabber.cpp:754] temper_index_=25
I1003 14:59:51.172619  4077 getmultilidardata.cpp:244] id:1
I1003 14:59:51.172619  4014 getmultilidardata.cpp:1424] lidarid:0
I1003 14:59:51.173311  4014 getmultilidardata.cpp:1432] lidarid:0
I1003 14:59:51.173533  4014 getmultilidardata.cpp:1424] lidarid:0
I1003 14:59:51.173936  4078 myhdl_grabber.cpp:750] signal operator start
I1003 14:59:51.173952  4078 getmultilidardata.cpp:244] id:2
I1003 14:59:51.174021  4014 getmultilidardata.cpp:1442] lidarid:0
I1003 14:59:51.174249  4078 myhdl_grabber.cpp:753] signal operator end
I1003 14:59:51.174257  4078 myhdl_grabber.cpp:754] temper_index_=7
I1003 14:59:51.174263  4078 getmultilidardata.cpp:244] id:3
I1003 14:59:51.174301  4014 getmultilidardata.cpp:1424] lidarid:1
I1003 14:59:51.174883  4014 getmultilidardata.cpp:1432] lidarid:1
I1003 14:59:51.174893  4014 getmultilidardata.cpp:1424] lidarid:1
I1003 14:59:51.175158  4014 getmultilidardata.cpp:1442] lidarid:1
I1003 14:59:51.175184  4079 myhdl_grabber.cpp:750] signal operator start
I1003 14:59:51.175194  4079 getmultilidardata.cpp:244] id:4
I1003 14:59:51.175525  4079 myhdl_grabber.cpp:753] signal operator end
I1003 14:59:51.175532  4079 myhdl_grabber.cpp:754] temper_index_=8
I1003 14:59:51.175539  4079 getmultilidardata.cpp:244] id:5
I1003 14:59:51.175586  4014 getmultilidardata.cpp:1424] lidarid:2
I1003 14:59:51.176085  4014 getmultilidardata.cpp:1432] lidarid:2
I1003 14:59:51.176095  4014 getmultilidardata.cpp:1424] lidarid:2
I1003 14:59:51.176540  4014 getmultilidardata.cpp:1442] lidarid:2
I1003 14:59:51.180459  4014 getmultilidardata.cpp:1300] cloudstartnum[lidarid]=0
I1003 14:59:51.180472  4014 getmultilidardata.cpp:1300] cloudstartnum[lidarid]=57376
I1003 14:59:51.180477  4014 getmultilidardata.cpp:1300] cloudstartnum[lidarid]=89264
I1003 14:59:51.182031  4014 getmultilidardata.cpp:1300] cloudstartnum[lidarid]=0
I1003 14:59:51.182041  4014 getmultilidardata.cpp:1300] cloudstartnum[lidarid]=57376
I1003 14:59:51.182045  4014 getmultilidardata.cpp:1300] cloudstartnum[lidarid]=89264
I1003 14:59:51.183604  4014 getmultilidardata.cpp:1580]  time:0.00841895
I1003 14:59:51.184412  4014 getmultilidardata.cpp:1600] pub pointcloud:121523
I1003 14:59:51.271248  4077 myhdl_grabber.cpp:565] id:0 temprotation:8 last_azimuth_35988
I1003 14:59:51.271291  4077 myhdl_grabber.cpp:750] signal operator start
I1003 14:59:51.271298  4077 getmultilidardata.cpp:244] id:0
I1003 14:59:51.271697  4077 myhdl_grabber.cpp:753] signal operator end
I1003 14:59:51.271703  4077 myhdl_grabber.cpp:754] temper_index_=25
I1003 14:59:51.271709  4077 getmultilidardata.cpp:244] id:1
I1003 14:59:51.271751  4014 getmultilidardata.cpp:1424] lidarid:0
I1003 14:59:51.272401  4078 myhdl_grabber.cpp:750] signal operator start
I1003 14:59:51.272423  4078 getmultilidardata.cpp:244] id:2
I1003 14:59:51.272452  4014 getmultilidardata.cpp:1432] lidarid:0
I1003 14:59:51.272461  4014 getmultilidardata.cpp:1424] lidarid:0
I1003 14:59:51.272843  4078 myhdl_grabber.cpp:753] signal operator end
I1003 14:59:51.272850  4078 myhdl_grabber.cpp:754] temper_index_=7
I1003 14:59:51.272855  4078 getmultilidardata.cpp:244] id:3
I1003 14:59:51.273077  4079 myhdl_grabber.cpp:750] signal operator start
I1003 14:59:51.273099  4079 getmultilidardata.cpp:244] id:4
I1003 14:59:51.273255  4014 getmultilidardata.cpp:1442] lidarid:0
I1003 14:59:51.273264  4014 getmultilidardata.cpp:1424] lidarid:1
I1003 14:59:51.273578  4079 myhdl_grabber.cpp:753] signal operator end
I1003 14:59:51.273584  4079 myhdl_grabber.cpp:754] temper_index_=8
I1003 14:59:51.273591  4079 getmultilidardata.cpp:244] id:5
I1003 14:59:51.273687  4014 getmultilidardata.cpp:1432] lidarid:1
I1003 14:59:51.273696  4014 getmultilidardata.cpp:1424] lidarid:1
I1003 14:59:51.274071  4014 getmultilidardata.cpp:1442] lidarid:1
I1003 14:59:51.274078  4014 getmultilidardata.cpp:1424] lidarid:2
I1003 14:59:51.274294  4014 getmultilidardata.cpp:1432] lidarid:2
I1003 14:59:51.274299  4014 getmultilidardata.cpp:1424] lidarid:2
I1003 14:59:51.274509  4014 getmultilidardata.cpp:1442] lidarid:2
I1003 14:59:51.275960  4014 getmultilidardata.cpp:1300] cloudstartnum[lidarid]=0
I1003 14:59:51.275969  4014 getmultilidardata.cpp:1300] cloudstartnum[lidarid]=57184
I1003 14:59:51.275972  4014 getmultilidardata.cpp:1300] cloudstartnum[lidarid]=88736
I1003 14:59:51.277328  4014 getmultilidardata.cpp:1300] cloudstartnum[lidarid]=0
I1003 14:59:51.277334  4014 getmultilidardata.cpp:1300] cloudstartnum[lidarid]=57184
I1003 14:59:51.277339  4014 getmultilidardata.cpp:1300] cloudstartnum[lidarid]=88736
I1003 14:59:51.279369  4014 getmultilidardata.cpp:1580]  time:0.00629611
I1003 14:59:51.280052  4014 getmultilidardata.cpp:1600] pub pointcloud:120227
I1003 14:59:51.370079  4077 myhdl_grabber.cpp:565] id:0 temprotation:14 last_azimuth_35994
I1003 14:59:51.370106  4077 myhdl_grabber.cpp:750] signal operator start
I1003 14:59:51.370115  4077 getmultilidardata.cpp:244] id:0
I1003 14:59:51.370535  4077 myhdl_grabber.cpp:753] signal operator end
I1003 14:59:51.370543  4077 myhdl_grabber.cpp:754] temper_index_=25
I1003 14:59:51.370548  4077 getmultilidardata.cpp:244] id:1
I1003 14:59:51.370591  4014 getmultilidardata.cpp:1424] lidarid:0
I1003 14:59:51.371310  4014 getmultilidardata.cpp:1432] lidarid:0
I1003 14:59:51.371320  4014 getmultilidardata.cpp:1424] lidarid:0
I1003 14:59:51.371471  4079 myhdl_grabber.cpp:750] signal operator start
I1003 14:59:51.371493  4079 getmultilidardata.cpp:244] id:4
I1003 14:59:51.371909  4079 myhdl_grabber.cpp:753] signal operator end
I1003 14:59:51.371917  4079 myhdl_grabber.cpp:754] temper_index_=8
I1003 14:59:51.371922  4079 getmultilidardata.cpp:244] id:5
I1003 14:59:51.371932  4014 getmultilidardata.cpp:1442] lidarid:0
I1003 14:59:51.371942  4014 getmultilidardata.cpp:1424] lidarid:2
I1003 14:59:51.371961  4078 myhdl_grabber.cpp:750] signal operator start
I1003 14:59:51.371974  4078 getmultilidardata.cpp:244] id:2
I1003 14:59:51.372480  4014 getmultilidardata.cpp:1432] lidarid:2
I1003 14:59:51.372488  4014 getmultilidardata.cpp:1424] lidarid:2
I1003 14:59:51.372519  4078 myhdl_grabber.cpp:753] signal operator end
I1003 14:59:51.372526  4078 myhdl_grabber.cpp:754] temper_index_=7
I1003 14:59:51.372531  4078 getmultilidardata.cpp:244] id:3
I1003 14:59:51.373369  4014 getmultilidardata.cpp:1442] lidarid:2
I1003 14:59:51.373378  4014 getmultilidardata.cpp:1424] lidarid:1
I1003 14:59:51.374295  4014 getmultilidardata.cpp:1432] lidarid:1
I1003 14:59:51.374302  4014 getmultilidardata.cpp:1424] lidarid:1
I1003 14:59:51.375205  4014 getmultilidardata.cpp:1442] lidarid:1
I1003 14:59:51.399441  4014 getmultilidardata.cpp:1300] cloudstartnum[lidarid]=0
I1003 14:59:51.399469  4014 getmultilidardata.cpp:1300] cloudstartnum[lidarid]=57056
I1003 14:59:51.399475  4014 getmultilidardata.cpp:1300] cloudstartnum[lidarid]=88864
I1003 14:59:51.401033  4014 getmultilidardata.cpp:1300] cloudstartnum[lidarid]=0
I1003 14:59:51.401043  4014 getmultilidardata.cpp:1300] cloudstartnum[lidarid]=57056
I1003 14:59:51.401048  4014 getmultilidardata.cpp:1300] cloudstartnum[lidarid]=88864
I1003 14:59:51.402345  4014 getmultilidardata.cpp:1580]  time:0.0303831
I1003 14:59:51.403352  4014 getmultilidardata.cpp:1600] pub pointcloud:120355
I1003 14:59:51.409137  4080 getmultilidardata.cpp:493] get lidar data
I1003 14:59:51.468624  4077 myhdl_grabber.cpp:565] id:0 temprotation:8 last_azimuth_35988
I1003 14:59:51.468648  4077 myhdl_grabber.cpp:750] signal operator start
I1003 14:59:51.468657  4077 getmultilidardata.cpp:244] id:0
I1003 14:59:51.469019  4077 myhdl_grabber.cpp:753] signal operator end
I1003 14:59:51.469025  4077 myhdl_grabber.cpp:754] temper_index_=25
I1003 14:59:51.469030  4077 getmultilidardata.cpp:244] id:1
I1003 14:59:51.469055  4014 getmultilidardata.cpp:1424] lidarid:0
I1003 14:59:51.469743  4014 getmultilidardata.cpp:1432] lidarid:0
I1003 14:59:51.469750  4014 getmultilidardata.cpp:1424] lidarid:0
I1003 14:59:51.469842  4079 myhdl_grabber.cpp:750] signal operator start
I1003 14:59:51.469861  4079 getmultilidardata.cpp:244] id:4
I1003 14:59:51.470321  4078 myhdl_grabber.cpp:750] signal operator start
I1003 14:59:51.470342  4078 getmultilidardata.cpp:244] id:2
I1003 14:59:51.470402  4079 myhdl_grabber.cpp:753] signal operator end
I1003 14:59:51.470409  4079 myhdl_grabber.cpp:754] temper_index_=8
I1003 14:59:51.470417  4079 getmultilidardata.cpp:244] id:5
I1003 14:59:51.470615  4014 getmultilidardata.cpp:1442] lidarid:0
I1003 14:59:51.470623  4014 getmultilidardata.cpp:1424] lidarid:2
I1003 14:59:51.471175  4078 myhdl_grabber.cpp:753] signal operator end
I1003 14:59:51.471182  4078 myhdl_grabber.cpp:754] temper_index_=7
I1003 14:59:51.471189  4078 getmultilidardata.cpp:244] id:3
I1003 14:59:51.471426  4014 getmultilidardata.cpp:1432] lidarid:2
I1003 14:59:51.471432  4014 getmultilidardata.cpp:1424] lidarid:1
I1003 14:59:51.471978  4014 getmultilidardata.cpp:1432] lidarid:1
I1003 14:59:51.471983  4014 getmultilidardata.cpp:1424] lidarid:2
I1003 14:59:51.472266  4014 getmultilidardata.cpp:1442] lidarid:2
I1003 14:59:51.472271  4014 getmultilidardata.cpp:1424] lidarid:1
I1003 14:59:51.472527  4014 getmultilidardata.cpp:1442] lidarid:1
I1003 14:59:51.495389  4014 getmultilidardata.cpp:1300] cloudstartnum[lidarid]=0
I1003 14:59:51.495415  4014 getmultilidardata.cpp:1300] cloudstartnum[lidarid]=56960
I1003 14:59:51.495421  4014 getmultilidardata.cpp:1300] cloudstartnum[lidarid]=88464
I1003 14:59:51.497264  4014 getmultilidardata.cpp:1300] cloudstartnum[lidarid]=0
I1003 14:59:51.497275  4014 getmultilidardata.cpp:1300] cloudstartnum[lidarid]=56960
I1003 14:59:51.497280  4014 getmultilidardata.cpp:1300] cloudstartnum[lidarid]=88464
I1003 14:59:51.498492  4014 getmultilidardata.cpp:1580]  time:0.0281758
I1003 14:59:51.499245  4014 getmultilidardata.cpp:1600] pub pointcloud:119955
I1003 14:59:51.567855  4077 myhdl_grabber.cpp:565] id:0 temprotation:2 last_azimuth_35982
I1003 14:59:51.567883  4077 myhdl_grabber.cpp:750] signal operator start
I1003 14:59:51.567893  4077 getmultilidardata.cpp:244] id:0
I1003 14:59:51.568361  4077 myhdl_grabber.cpp:753] signal operator end
I1003 14:59:51.568368  4077 myhdl_grabber.cpp:754] temper_index_=25
I1003 14:59:51.568374  4077 getmultilidardata.cpp:244] id:1
I1003 14:59:51.568420  4014 getmultilidardata.cpp:1424] lidarid:0
I1003 14:59:51.569181  4014 getmultilidardata.cpp:1432] lidarid:0
I1003 14:59:51.569193  4014 getmultilidardata.cpp:1424] lidarid:0
I1003 14:59:51.569437  4079 myhdl_grabber.cpp:750] signal operator start
I1003 14:59:51.569461  4079 getmultilidardata.cpp:244] id:4
I1003 14:59:51.569700  4014 getmultilidardata.cpp:1442] lidarid:0
I1003 14:59:51.569808  4079 myhdl_grabber.cpp:753] signal operator end
I1003 14:59:51.569814  4079 myhdl_grabber.cpp:754] temper_index_=8
I1003 14:59:51.569821  4079 getmultilidardata.cpp:244] id:5
I1003 14:59:51.569880  4014 getmultilidardata.cpp:1424] lidarid:2
I1003 14:59:51.570271  4014 getmultilidardata.cpp:1432] lidarid:2
I1003 14:59:51.570279  4014 getmultilidardata.cpp:1424] lidarid:2
I1003 14:59:51.570323  4078 myhdl_grabber.cpp:750] signal operator start
I1003 14:59:51.570334  4078 getmultilidardata.cpp:244] id:2
I1003 14:59:51.570664  4014 getmultilidardata.cpp:1442] lidarid:2
I1003 14:59:51.570737  4078 myhdl_grabber.cpp:753] signal operator end
I1003 14:59:51.570744  4078 myhdl_grabber.cpp:754] temper_index_=7
I1003 14:59:51.570756  4078 getmultilidardata.cpp:244] id:3
I1003 14:59:51.570806  4014 getmultilidardata.cpp:1424] lidarid:1
I1003 14:59:51.571241  4014 getmultilidardata.cpp:1432] lidarid:1
I1003 14:59:51.571251  4014 getmultilidardata.cpp:1424] lidarid:1
I1003 14:59:51.571521  4014 getmultilidardata.cpp:1442] lidarid:1
I1003 14:59:51.595568  4014 getmultilidardata.cpp:1300] cloudstartnum[lidarid]=0
I1003 14:59:51.595595  4014 getmultilidardata.cpp:1300] cloudstartnum[lidarid]=56960
I1003 14:59:51.595602  4014 getmultilidardata.cpp:1300] cloudstartnum[lidarid]=88832
I1003 14:59:51.597287  4014 getmultilidardata.cpp:1300] cloudstartnum[lidarid]=0
I1003 14:59:51.597297  4014 getmultilidardata.cpp:1300] cloudstartnum[lidarid]=56960
I1003 14:59:51.597302  4014 getmultilidardata.cpp:1300] cloudstartnum[lidarid]=88832
I1003 14:59:51.598625  4014 getmultilidardata.cpp:1580]  time:0.0282933
I1003 14:59:51.599967  4014 getmultilidardata.cpp:1600] pub pointcloud:120723
I1003 14:59:51.666518  4077 myhdl_grabber.cpp:565] id:0 temprotation:14 last_azimuth_35994
I1003 14:59:51.666534  4077 myhdl_grabber.cpp:750] signal operator start
I1003 14:59:51.666539  4077 getmultilidardata.cpp:244] id:0
I1003 14:59:51.666875  4077 myhdl_grabber.cpp:753] signal operator end
I1003 14:59:51.666880  4077 myhdl_grabber.cpp:754] temper_index_=25
I1003 14:59:51.666883  4077 getmultilidardata.cpp:244] id:1
I1003 14:59:51.666923  4014 getmultilidardata.cpp:1424] lidarid:0
I1003 14:59:51.667589  4014 getmultilidardata.cpp:1432] lidarid:0
I1003 14:59:51.667594  4014 getmultilidardata.cpp:1424] lidarid:0
I1003 14:59:51.667769  4079 myhdl_grabber.cpp:750] signal operator start
I1003 14:59:51.667783  4079 getmultilidardata.cpp:244] id:4
I1003 14:59:51.668095  4014 getmultilidardata.cpp:1442] lidarid:0
I1003 14:59:51.668143  4079 myhdl_grabber.cpp:753] signal operator end
I1003 14:59:51.668148  4079 myhdl_grabber.cpp:754] temper_index_=8
I1003 14:59:51.668150  4079 getmultilidardata.cpp:244] id:5
I1003 14:59:51.668181  4014 getmultilidardata.cpp:1424] lidarid:2
I1003 14:59:51.668339  4078 myhdl_grabber.cpp:750] signal operator start
I1003 14:59:51.668403  4078 getmultilidardata.cpp:244] id:2
I1003 14:59:51.668622  4014 getmultilidardata.cpp:1432] lidarid:2
I1003 14:59:51.668627  4014 getmultilidardata.cpp:1424] lidarid:2
I1003 14:59:51.668877  4078 myhdl_grabber.cpp:753] signal operator end
I1003 14:59:51.668885  4078 myhdl_grabber.cpp:754] temper_index_=7
I1003 14:59:51.668891  4078 getmultilidardata.cpp:244] id:3
I1003 14:59:51.669107  4014 getmultilidardata.cpp:1442] lidarid:2
I1003 14:59:51.669111  4014 getmultilidardata.cpp:1424] lidarid:1
I1003 14:59:51.669423  4014 getmultilidardata.cpp:1432] lidarid:1
I1003 14:59:51.669426  4014 getmultilidardata.cpp:1424] lidarid:1
I1003 14:59:51.669605  4014 getmultilidardata.cpp:1442] lidarid:1
I1003 14:59:51.690747  4014 getmultilidardata.cpp:1300] cloudstartnum[lidarid]=0
I1003 14:59:51.690762  4014 getmultilidardata.cpp:1300] cloudstartnum[lidarid]=57056
I1003 14:59:51.690765  4014 getmultilidardata.cpp:1300] cloudstartnum[lidarid]=88544
I1003 14:59:51.692178  4014 getmultilidardata.cpp:1300] cloudstartnum[lidarid]=0
I1003 14:59:51.692184  4014 getmultilidardata.cpp:1300] cloudstartnum[lidarid]=57056
I1003 14:59:51.692188  4014 getmultilidardata.cpp:1300] cloudstartnum[lidarid]=88544
I1003 14:59:51.692821  4014 getmultilidardata.cpp:1580]  time:0.0244841
I1003 14:59:51.693433  4014 getmultilidardata.cpp:1600] pub pointcloud:120035
I1003 14:59:51.725061  4080 getmultilidardata.cpp:493] get lidar data
I1003 14:59:51.765723  4077 myhdl_grabber.cpp:565] id:0 temprotation:2 last_azimuth_35982
I1003 14:59:51.765743  4077 myhdl_grabber.cpp:750] signal operator start
I1003 14:59:51.765748  4077 getmultilidardata.cpp:244] id:0
I1003 14:59:51.766094  4077 myhdl_grabber.cpp:753] signal operator end
I1003 14:59:51.766099  4077 myhdl_grabber.cpp:754] temper_index_=25
I1003 14:59:51.766103  4077 getmultilidardata.cpp:244] id:1
I1003 14:59:51.766162  4014 getmultilidardata.cpp:1424] lidarid:0
I1003 14:59:51.766824  4014 getmultilidardata.cpp:1432] lidarid:0
I1003 14:59:51.766830  4014 getmultilidardata.cpp:1424] lidarid:0
I1003 14:59:51.767220  4014 getmultilidardata.cpp:1442] lidarid:0
I1003 14:59:51.767411  4079 myhdl_grabber.cpp:750] signal operator start
I1003 14:59:51.767424  4079 getmultilidardata.cpp:244] id:4
I1003 14:59:51.767627  4079 myhdl_grabber.cpp:753] signal operator end
I1003 14:59:51.767630  4079 myhdl_grabber.cpp:754] temper_index_=8
I1003 14:59:51.767634  4079 getmultilidardata.cpp:244] id:5
I1003 14:59:51.767674  4014 getmultilidardata.cpp:1424] lidarid:2
I1003 14:59:51.767940  4078 myhdl_grabber.cpp:750] signal operator start
I1003 14:59:51.767956  4078 getmultilidardata.cpp:244] id:2
I1003 14:59:51.768131  4014 getmultilidardata.cpp:1432] lidarid:2
I1003 14:59:51.768136  4014 getmultilidardata.cpp:1424] lidarid:2
I1003 14:59:51.768389  4078 myhdl_grabber.cpp:753] signal operator end
I1003 14:59:51.768393  4078 myhdl_grabber.cpp:754] temper_index_=7
I1003 14:59:51.768398  4078 getmultilidardata.cpp:244] id:3
I1003 14:59:51.768524  4014 getmultilidardata.cpp:1442] lidarid:2
I1003 14:59:51.768529  4014 getmultilidardata.cpp:1424] lidarid:1
I1003 14:59:51.768900  4014 getmultilidardata.cpp:1432] lidarid:1
I1003 14:59:51.768904  4014 getmultilidardata.cpp:1424] lidarid:1
I1003 14:59:51.769083  4014 getmultilidardata.cpp:1442] lidarid:1
I1003 14:59:51.790726  4014 getmultilidardata.cpp:1300] cloudstartnum[lidarid]=0
I1003 14:59:51.790776  4014 getmultilidardata.cpp:1300] cloudstartnum[lidarid]=57152
I1003 14:59:51.790782  4014 getmultilidardata.cpp:1300] cloudstartnum[lidarid]=89040
I1003 14:59:51.792538  4014 getmultilidardata.cpp:1300] cloudstartnum[lidarid]=0
I1003 14:59:51.792549  4014 getmultilidardata.cpp:1300] cloudstartnum[lidarid]=57152
I1003 14:59:51.792554  4014 getmultilidardata.cpp:1300] cloudstartnum[lidarid]=89040
I1003 14:59:51.793959  4014 getmultilidardata.cpp:1580]  time:0.0260199
I1003 14:59:51.794848  4014 getmultilidardata.cpp:1600] pub pointcloud:120915
I1003 14:59:51.865130  4077 myhdl_grabber.cpp:565] id:0 temprotation:4 last_azimuth_35984
I1003 14:59:51.865175  4077 myhdl_grabber.cpp:750] signal operator start
I1003 14:59:51.865221  4077 getmultilidardata.cpp:244] id:0
I1003 14:59:51.865682  4077 myhdl_grabber.cpp:753] signal operator end
I1003 14:59:51.865689  4077 myhdl_grabber.cpp:754] temper_index_=25
I1003 14:59:51.865695  4077 getmultilidardata.cpp:244] id:1
I1003 14:59:51.865749  4014 getmultilidardata.cpp:1424] lidarid:0
I1003 14:59:51.866448  4014 getmultilidardata.cpp:1432] lidarid:0
I1003 14:59:51.866581  4014 getmultilidardata.cpp:1424] lidarid:0
I1003 14:59:51.867035  4079 myhdl_grabber.cpp:750] signal operator start
I1003 14:59:51.867058  4079 getmultilidardata.cpp:244] id:4
I1003 14:59:51.867058  4014 getmultilidardata.cpp:1442] lidarid:0
I1003 14:59:51.867365  4079 myhdl_grabber.cpp:753] signal operator end
I1003 14:59:51.867372  4079 myhdl_grabber.cpp:754] temper_index_=8
I1003 14:59:51.867379  4079 getmultilidardata.cpp:244] id:5
I1003 14:59:51.867416  4014 getmultilidardata.cpp:1424] lidarid:2
I1003 14:59:51.867610  4078 myhdl_grabber.cpp:750] signal operator start
I1003 14:59:51.867635  4078 getmultilidardata.cpp:244] id:2
I1003 14:59:51.867938  4014 getmultilidardata.cpp:1432] lidarid:2
I1003 14:59:51.867947  4014 getmultilidardata.cpp:1424] lidarid:2
I1003 14:59:51.868146  4078 myhdl_grabber.cpp:753] signal operator end
I1003 14:59:51.868153  4078 myhdl_grabber.cpp:754] temper_index_=7
I1003 14:59:51.868160  4078 getmultilidardata.cpp:244] id:3
I1003 14:59:51.868341  4014 getmultilidardata.cpp:1442] lidarid:2
I1003 14:59:51.868350  4014 getmultilidardata.cpp:1424] lidarid:1
I1003 14:59:51.868714  4014 getmultilidardata.cpp:1432] lidarid:1
I1003 14:59:51.868721  4014 getmultilidardata.cpp:1424] lidarid:1
I1003 14:59:51.868979  4014 getmultilidardata.cpp:1442] lidarid:1
I1003 14:59:51.890535  4014 getmultilidardata.cpp:1300] cloudstartnum[lidarid]=0
I1003 14:59:51.890561  4014 getmultilidardata.cpp:1300] cloudstartnum[lidarid]=57376
I1003 14:59:51.890568  4014 getmultilidardata.cpp:1300] cloudstartnum[lidarid]=89248
I1003 14:59:51.892078  4014 getmultilidardata.cpp:1300] cloudstartnum[lidarid]=0
I1003 14:59:51.892088  4014 getmultilidardata.cpp:1300] cloudstartnum[lidarid]=57376
I1003 14:59:51.892093  4014 getmultilidardata.cpp:1300] cloudstartnum[lidarid]=89248
I1003 14:59:51.893389  4014 getmultilidardata.cpp:1580]  time:0.0257845
I1003 14:59:51.894312  4014 getmultilidardata.cpp:1600] pub pointcloud:121139
I1003 14:59:51.965078  4077 myhdl_grabber.cpp:565] id:0 temprotation:18 last_azimuth_35998
I1003 14:59:51.965107  4077 myhdl_grabber.cpp:750] signal operator start
I1003 14:59:51.965117  4077 getmultilidardata.cpp:244] id:0
I1003 14:59:51.965576  4077 myhdl_grabber.cpp:753] signal operator end
I1003 14:59:51.965584  4077 myhdl_grabber.cpp:754] temper_index_=25
I1003 14:59:51.965590  4077 getmultilidardata.cpp:244] id:1
I1003 14:59:51.965636  4014 getmultilidardata.cpp:1424] lidarid:0
I1003 14:59:51.966362  4014 getmultilidardata.cpp:1432] lidarid:0
I1003 14:59:51.966372  4014 getmultilidardata.cpp:1424] lidarid:0
I1003 14:59:51.966672  4079 myhdl_grabber.cpp:750] signal operator start
I1003 14:59:51.966698  4079 getmultilidardata.cpp:244] id:4
I1003 14:59:51.966897  4014 getmultilidardata.cpp:1442] lidarid:0
I1003 14:59:51.967056  4079 myhdl_grabber.cpp:753] signal operator end
I1003 14:59:51.967063  4079 myhdl_grabber.cpp:754] temper_index_=8
I1003 14:59:51.967070  4079 getmultilidardata.cpp:244] id:5
I1003 14:59:51.967090  4014 getmultilidardata.cpp:1424] lidarid:2
I1003 14:59:51.967506  4014 getmultilidardata.cpp:1432] lidarid:2
I1003 14:59:51.967514  4014 getmultilidardata.cpp:1424] lidarid:2
I1003 14:59:51.967576  4078 myhdl_grabber.cpp:750] signal operator start
I1003 14:59:51.967587  4078 getmultilidardata.cpp:244] id:2
I1003 14:59:51.967893  4014 getmultilidardata.cpp:1442] lidarid:2
I1003 14:59:51.967985  4078 myhdl_grabber.cpp:753] signal operator end
I1003 14:59:51.967993  4078 myhdl_grabber.cpp:754] temper_index_=7
I1003 14:59:51.967993  4014 getmultilidardata.cpp:1424] lidarid:1
I1003 14:59:51.967999  4078 getmultilidardata.cpp:244] id:3
I1003 14:59:51.968452  4014 getmultilidardata.cpp:1432] lidarid:1
I1003 14:59:51.968502  4014 getmultilidardata.cpp:1424] lidarid:1
I1003 14:59:51.968784  4014 getmultilidardata.cpp:1442] lidarid:1
I1003 14:59:51.990775  4014 getmultilidardata.cpp:1300] cloudstartnum[lidarid]=0
I1003 14:59:51.990803  4014 getmultilidardata.cpp:1300] cloudstartnum[lidarid]=57632
I1003 14:59:51.990808  4014 getmultilidardata.cpp:1300] cloudstartnum[lidarid]=89520
I1003 14:59:51.992475  4014 getmultilidardata.cpp:1300] cloudstartnum[lidarid]=0
I1003 14:59:51.992487  4014 getmultilidardata.cpp:1300] cloudstartnum[lidarid]=57632
I1003 14:59:51.992492  4014 getmultilidardata.cpp:1300] cloudstartnum[lidarid]=89520
I1003 14:59:51.993705  4014 getmultilidardata.cpp:1580]  time:0.0261258
I1003 14:59:51.994586  4014 getmultilidardata.cpp:1600] pub pointcloud:121395
I1003 14:59:52.040911  4080 getmultilidardata.cpp:493] get lidar data
I1003 14:59:52.065629  4077 myhdl_grabber.cpp:565] id:0 temprotation:4 last_azimuth_35984
I1003 14:59:52.065652  4077 myhdl_grabber.cpp:750] signal operator start
I1003 14:59:52.065661  4077 getmultilidardata.cpp:244] id:0
I1003 14:59:52.066128  4077 myhdl_grabber.cpp:753] signal operator end
I1003 14:59:52.066134  4077 myhdl_grabber.cpp:754] temper_index_=25
I1003 14:59:52.066140  4077 getmultilidardata.cpp:244] id:1
I1003 14:59:52.066184  4014 getmultilidardata.cpp:1424] lidarid:0
I1003 14:59:52.066980  4014 getmultilidardata.cpp:1432] lidarid:0
I1003 14:59:52.066989  4014 getmultilidardata.cpp:1424] lidarid:0
I1003 14:59:52.067430  4079 myhdl_grabber.cpp:750] signal operator start
I1003 14:59:52.067453  4079 getmultilidardata.cpp:244] id:4
I1003 14:59:52.067544  4014 getmultilidardata.cpp:1442] lidarid:0
I1003 14:59:52.067569  4078 myhdl_grabber.cpp:750] signal operator start
I1003 14:59:52.067579  4078 getmultilidardata.cpp:244] id:2
I1003 14:59:52.067924  4079 myhdl_grabber.cpp:753] signal operator end
I1003 14:59:52.067930  4079 myhdl_grabber.cpp:754] temper_index_=8
I1003 14:59:52.067936  4079 getmultilidardata.cpp:244] id:5
I1003 14:59:52.067975  4014 getmultilidardata.cpp:1424] lidarid:2
I1003 14:59:52.068282  4078 myhdl_grabber.cpp:753] signal operator end
I1003 14:59:52.068293  4078 myhdl_grabber.cpp:754] temper_index_=7
I1003 14:59:52.068300  4078 getmultilidardata.cpp:244] id:3
I1003 14:59:52.068634  4014 getmultilidardata.cpp:1432] lidarid:2
I1003 14:59:52.068652  4014 getmultilidardata.cpp:1424] lidarid:1
I1003 14:59:52.069065  4014 getmultilidardata.cpp:1432] lidarid:1
I1003 14:59:52.069072  4014 getmultilidardata.cpp:1424] lidarid:1
I1003 14:59:52.069322  4014 getmultilidardata.cpp:1442] lidarid:1
I1003 14:59:52.069330  4014 getmultilidardata.cpp:1424] lidarid:2
I1003 14:59:52.069598  4014 getmultilidardata.cpp:1442] lidarid:2
I1003 14:59:52.071374  4014 getmultilidardata.cpp:1300] cloudstartnum[lidarid]=0
I1003 14:59:52.071386  4014 getmultilidardata.cpp:1300] cloudstartnum[lidarid]=57824
I1003 14:59:52.071391  4014 getmultilidardata.cpp:1300] cloudstartnum[lidarid]=89696
I1003 14:59:52.073014  4014 getmultilidardata.cpp:1300] cloudstartnum[lidarid]=0
I1003 14:59:52.073024  4014 getmultilidardata.cpp:1300] cloudstartnum[lidarid]=57824
I1003 14:59:52.073027  4014 getmultilidardata.cpp:1300] cloudstartnum[lidarid]=89696
I1003 14:59:52.074251  4014 getmultilidardata.cpp:1580]  time:0.00668173
I1003 14:59:52.075062  4014 getmultilidardata.cpp:1600] pub pointcloud:121955
I1003 14:59:52.166215  4077 myhdl_grabber.cpp:565] id:0 temprotation:8 last_azimuth_35988
I1003 14:59:52.166237  4077 myhdl_grabber.cpp:750] signal operator start
I1003 14:59:52.166244  4077 getmultilidardata.cpp:244] id:0
I1003 14:59:52.166635  4077 myhdl_grabber.cpp:753] signal operator end
I1003 14:59:52.166640  4077 myhdl_grabber.cpp:754] temper_index_=25
I1003 14:59:52.166646  4077 getmultilidardata.cpp:244] id:1
I1003 14:59:52.166682  4014 getmultilidardata.cpp:1424] lidarid:0
I1003 14:59:52.167368  4014 getmultilidardata.cpp:1432] lidarid:0
I1003 14:59:52.167374  4014 getmultilidardata.cpp:1424] lidarid:0
I1003 14:59:52.167551  4078 myhdl_grabber.cpp:750] signal operator start
I1003 14:59:52.167610  4078 getmultilidardata.cpp:244] id:2
I1003 14:59:52.167927  4014 getmultilidardata.cpp:1442] lidarid:0
I1003 14:59:52.167968  4078 myhdl_grabber.cpp:753] signal operator end
I1003 14:59:52.167973  4078 myhdl_grabber.cpp:754] temper_index_=7
I1003 14:59:52.167977  4078 getmultilidardata.cpp:244] id:3
I1003 14:59:52.168018  4014 getmultilidardata.cpp:1424] lidarid:1
I1003 14:59:52.168406  4079 myhdl_grabber.cpp:750] signal operator start
I1003 14:59:52.168409  4014 getmultilidardata.cpp:1432] lidarid:1
I1003 14:59:52.168413  4079 getmultilidardata.cpp:244] id:4
I1003 14:59:52.168416  4014 getmultilidardata.cpp:1424] lidarid:1
I1003 14:59:52.168814  4079 myhdl_grabber.cpp:753] signal operator end
I1003 14:59:52.168817  4014 getmultilidardata.cpp:1442] lidarid:1
I1003 14:59:52.168819  4079 myhdl_grabber.cpp:754] temper_index_=8
I1003 14:59:52.168823  4014 getmultilidardata.cpp:1424] lidarid:2
I1003 14:59:52.168824  4079 getmultilidardata.cpp:244] id:5
I1003 14:59:52.169203  4014 getmultilidardata.cpp:1432] lidarid:2
I1003 14:59:52.169222  4014 getmultilidardata.cpp:1424] lidarid:2
I1003 14:59:52.169448  4014 getmultilidardata.cpp:1442] lidarid:2
I1003 14:59:52.170665  4014 getmultilidardata.cpp:1300] cloudstartnum[lidarid]=0
I1003 14:59:52.170672  4014 getmultilidardata.cpp:1300] cloudstartnum[lidarid]=58080
I1003 14:59:52.170675  4014 getmultilidardata.cpp:1300] cloudstartnum[lidarid]=90336
I1003 14:59:52.171916  4014 getmultilidardata.cpp:1300] cloudstartnum[lidarid]=0
I1003 14:59:52.171924  4014 getmultilidardata.cpp:1300] cloudstartnum[lidarid]=58080
I1003 14:59:52.171927  4014 getmultilidardata.cpp:1300] cloudstartnum[lidarid]=90336
I1003 14:59:52.173841  4014 getmultilidardata.cpp:1580]  time:0.00543446
I1003 14:59:52.176316  4014 getmultilidardata.cpp:1600] pub pointcloud:122611
I1003 14:59:52.267046  4077 myhdl_grabber.cpp:565] id:0 temprotation:18 last_azimuth_35998
I1003 14:59:52.267081  4077 myhdl_grabber.cpp:750] signal operator start
I1003 14:59:52.267091  4077 getmultilidardata.cpp:244] id:0
I1003 14:59:52.267602  4077 myhdl_grabber.cpp:753] signal operator end
