I1003 14:25:02.508219  6960 getmultilidardata.cpp:1300] cloudstartnum[lidarid]=58208
I1003 14:25:02.508224  6960 getmultilidardata.cpp:1300] cloudstartnum[lidarid]=90464
I1003 14:25:02.509562  6960 getmultilidardata.cpp:1580]  time:0.0267807
I1003 14:25:02.511199  6960 getmultilidardata.cpp:1600] pub pointcloud:122435
I1003 14:25:02.580921  7027 myhdl_grabber.cpp:565] id:0 temprotation:14 last_azimuth_35994
I1003 14:25:02.580940  7027 myhdl_grabber.cpp:750] signal operator start
I1003 14:25:02.580946  7027 getmultilidardata.cpp:244] id:0
I1003 14:25:02.581305  7027 myhdl_grabber.cpp:753] signal operator end
I1003 14:25:02.581310  7027 myhdl_grabber.cpp:754] temper_index_=25
I1003 14:25:02.581313  7027 getmultilidardata.cpp:244] id:1
I1003 14:25:02.581351  6960 getmultilidardata.cpp:1424] lidarid:0
I1003 14:25:02.582031  6960 getmultilidardata.cpp:1432] lidarid:0
I1003 14:25:02.582037  6960 getmultilidardata.cpp:1424] lidarid:0
I1003 14:25:02.582389  6960 getmultilidardata.cpp:1442] lidarid:0
I1003 14:25:02.582655  7029 myhdl_grabber.cpp:750] signal operator start
I1003 14:25:02.582758  7029 getmultilidardata.cpp:244] id:4
I1003 14:25:02.583040  7029 myhdl_grabber.cpp:753] signal operator end
I1003 14:25:02.583045  7029 myhdl_grabber.cpp:754] temper_index_=8
I1003 14:25:02.583050  7029 getmultilidardata.cpp:244] id:5
I1003 14:25:02.583046  7028 myhdl_grabber.cpp:750] signal operator start
I1003 14:25:02.583062  7028 getmultilidardata.cpp:244] id:2
I1003 14:25:02.583096  6960 getmultilidardata.cpp:1424] lidarid:2
I1003 14:25:02.583748  7028 myhdl_grabber.cpp:753] signal operator end
I1003 14:25:02.583755  7028 myhdl_grabber.cpp:754] temper_index_=0
I1003 14:25:02.583760  7028 getmultilidardata.cpp:244] id:3
I1003 14:25:02.583797  6960 getmultilidardata.cpp:1432] lidarid:2
I1003 14:25:02.583803  6960 getmultilidardata.cpp:1424] lidarid:1
I1003 14:25:02.584281  6960 getmultilidardata.cpp:1432] lidarid:1
I1003 14:25:02.584285  6960 getmultilidardata.cpp:1424] lidarid:2
I1003 14:25:02.584555  6960 getmultilidardata.cpp:1442] lidarid:2
I1003 14:25:02.584559  6960 getmultilidardata.cpp:1424] lidarid:1
I1003 14:25:02.584821  6960 getmultilidardata.cpp:1442] lidarid:1
I1003 14:25:02.606209  6960 getmultilidardata.cpp:1300] cloudstartnum[lidarid]=0
I1003 14:25:02.606230  6960 getmultilidardata.cpp:1300] cloudstartnum[lidarid]=57984
I1003 14:25:02.606233  6960 getmultilidardata.cpp:1300] cloudstartnum[lidarid]=90240
I1003 14:25:02.607482  6960 getmultilidardata.cpp:1300] cloudstartnum[lidarid]=0
I1003 14:25:02.607491  6960 getmultilidardata.cpp:1300] cloudstartnum[lidarid]=57984
I1003 14:25:02.607496  6960 getmultilidardata.cpp:1300] cloudstartnum[lidarid]=90240
I1003 14:25:02.608712  6960 getmultilidardata.cpp:1580]  time:0.0256674
I1003 14:25:02.609408  6960 getmultilidardata.cpp:1600] pub pointcloud:122515
I1003 14:25:02.680991  7027 myhdl_grabber.cpp:565] id:0 temprotation:4 last_azimuth_35984
I1003 14:25:02.681020  7027 myhdl_grabber.cpp:750] signal operator start
I1003 14:25:02.681030  7027 getmultilidardata.cpp:244] id:0
I1003 14:25:02.681514  7027 myhdl_grabber.cpp:753] signal operator end
I1003 14:25:02.681521  7027 myhdl_grabber.cpp:754] temper_index_=25
I1003 14:25:02.681529  7027 getmultilidardata.cpp:244] id:1
I1003 14:25:02.681529  6960 getmultilidardata.cpp:1424] lidarid:0
I1003 14:25:02.682266  6960 getmultilidardata.cpp:1432] lidarid:0
I1003 14:25:02.682260  7029 myhdl_grabber.cpp:750] signal operator start
I1003 14:25:02.682278  6960 getmultilidardata.cpp:1424] lidarid:0
I1003 14:25:02.682286  7029 getmultilidardata.cpp:244] id:4
I1003 14:25:02.682767  7029 myhdl_grabber.cpp:753] signal operator end
I1003 14:25:02.682776  7029 myhdl_grabber.cpp:754] temper_index_=8
I1003 14:25:02.682770  7028 myhdl_grabber.cpp:750] signal operator start
I1003 14:25:02.682785  7029 getmultilidardata.cpp:244] id:5
I1003 14:25:02.682794  7028 getmultilidardata.cpp:244] id:2
I1003 14:25:02.683053  6960 getmultilidardata.cpp:1442] lidarid:0
I1003 14:25:02.683061  6960 getmultilidardata.cpp:1424] lidarid:2
I1003 14:25:02.683429  7028 myhdl_grabber.cpp:753] signal operator end
I1003 14:25:02.683436  7028 myhdl_grabber.cpp:754] temper_index_=0
I1003 14:25:02.683444  7028 getmultilidardata.cpp:244] id:3
I1003 14:25:02.683617  6960 getmultilidardata.cpp:1432] lidarid:2
I1003 14:25:02.683625  6960 getmultilidardata.cpp:1424] lidarid:1
I1003 14:25:02.683996  6960 getmultilidardata.cpp:1432] lidarid:1
I1003 14:25:02.684003  6960 getmultilidardata.cpp:1424] lidarid:2
I1003 14:25:02.684286  6960 getmultilidardata.cpp:1442] lidarid:2
I1003 14:25:02.684294  6960 getmultilidardata.cpp:1424] lidarid:1
I1003 14:25:02.684553  6960 getmultilidardata.cpp:1442] lidarid:1
I1003 14:25:02.706254  6960 getmultilidardata.cpp:1300] cloudstartnum[lidarid]=0
I1003 14:25:02.706284  6960 getmultilidardata.cpp:1300] cloudstartnum[lidarid]=57696
I1003 14:25:02.706290  6960 getmultilidardata.cpp:1300] cloudstartnum[lidarid]=89584
I1003 14:25:02.708233  6960 getmultilidardata.cpp:1300] cloudstartnum[lidarid]=0
I1003 14:25:02.708250  6960 getmultilidardata.cpp:1300] cloudstartnum[lidarid]=57696
I1003 14:25:02.708254  6960 getmultilidardata.cpp:1300] cloudstartnum[lidarid]=89584
I1003 14:25:02.710002  6960 getmultilidardata.cpp:1580]  time:0.0272378
I1003 14:25:02.710876  6960 getmultilidardata.cpp:1600] pub pointcloud:121539
I1003 14:25:02.770144  7030 getmultilidardata.cpp:493] get lidar data
I1003 14:25:02.781018  7027 myhdl_grabber.cpp:565] id:0 temprotation:18 last_azimuth_35998
I1003 14:25:02.781042  7027 myhdl_grabber.cpp:750] signal operator start
I1003 14:25:02.781060  7027 getmultilidardata.cpp:244] id:0
I1003 14:25:02.781531  7027 myhdl_grabber.cpp:753] signal operator end
I1003 14:25:02.781538  7027 myhdl_grabber.cpp:754] temper_index_=25
I1003 14:25:02.781543  7027 getmultilidardata.cpp:244] id:1
I1003 14:25:02.781589  6960 getmultilidardata.cpp:1424] lidarid:0
I1003 14:25:02.782287  7028 myhdl_grabber.cpp:750] signal operator start
I1003 14:25:02.782302  6960 getmultilidardata.cpp:1432] lidarid:0
I1003 14:25:02.782310  7028 getmultilidardata.cpp:244] id:2
I1003 14:25:02.782312  6960 getmultilidardata.cpp:1424] lidarid:0
I1003 14:25:02.782732  7028 myhdl_grabber.cpp:753] signal operator end
I1003 14:25:02.782738  7028 myhdl_grabber.cpp:754] temper_index_=0
I1003 14:25:02.782745  7028 getmultilidardata.cpp:244] id:3
I1003 14:25:02.783033  6960 getmultilidardata.cpp:1442] lidarid:0
I1003 14:25:02.783041  6960 getmultilidardata.cpp:1424] lidarid:1
I1003 14:25:02.783244  7029 myhdl_grabber.cpp:750] signal operator start
I1003 14:25:02.783252  7029 getmultilidardata.cpp:244] id:4
I1003 14:25:02.783414  6960 getmultilidardata.cpp:1432] lidarid:1
I1003 14:25:02.783421  6960 getmultilidardata.cpp:1424] lidarid:1
I1003 14:25:02.783648  7029 myhdl_grabber.cpp:753] signal operator end
I1003 14:25:02.783654  7029 myhdl_grabber.cpp:754] temper_index_=8
I1003 14:25:02.783660  7029 getmultilidardata.cpp:244] id:5
I1003 14:25:02.783807  6960 getmultilidardata.cpp:1442] lidarid:1
I1003 14:25:02.783814  6960 getmultilidardata.cpp:1424] lidarid:2
I1003 14:25:02.784183  6960 getmultilidardata.cpp:1432] lidarid:2
I1003 14:25:02.784190  6960 getmultilidardata.cpp:1424] lidarid:2
I1003 14:25:02.784433  6960 getmultilidardata.cpp:1442] lidarid:2
I1003 14:25:02.785867  6960 getmultilidardata.cpp:1300] cloudstartnum[lidarid]=0
I1003 14:25:02.785877  6960 getmultilidardata.cpp:1300] cloudstartnum[lidarid]=57472
I1003 14:25:02.785882  6960 getmultilidardata.cpp:1300] cloudstartnum[lidarid]=89344
I1003 14:25:02.787284  6960 getmultilidardata.cpp:1300] cloudstartnum[lidarid]=0
I1003 14:25:02.787293  6960 getmultilidardata.cpp:1300] cloudstartnum[lidarid]=57472
I1003 14:25:02.787334  6960 getmultilidardata.cpp:1300] cloudstartnum[lidarid]=89344
I1003 14:25:02.788527  6960 getmultilidardata.cpp:1580]  time:0.00528147
I1003 14:25:02.789284  6960 getmultilidardata.cpp:1600] pub pointcloud:121539
I1003 14:25:02.880200  7027 myhdl_grabber.cpp:565] id:0 temprotation:14 last_azimuth_35994
I1003 14:25:02.880242  7027 myhdl_grabber.cpp:750] signal operator start
I1003 14:25:02.880251  7027 getmultilidardata.cpp:244] id:0
I1003 14:25:02.880699  7027 myhdl_grabber.cpp:753] signal operator end
I1003 14:25:02.880707  7027 myhdl_grabber.cpp:754] temper_index_=25
I1003 14:25:02.880712  7027 getmultilidardata.cpp:244] id:1
I1003 14:25:02.880754  6960 getmultilidardata.cpp:1424] lidarid:0
I1003 14:25:02.881472  7029 myhdl_grabber.cpp:750] signal operator start
I1003 14:25:02.881480  6960 getmultilidardata.cpp:1432] lidarid:0
I1003 14:25:02.881506  7029 getmultilidardata.cpp:244] id:4
I1003 14:25:02.881508  6960 getmultilidardata.cpp:1424] lidarid:0
I1003 14:25:02.881923  7029 myhdl_grabber.cpp:753] signal operator end
I1003 14:25:02.881930  7029 myhdl_grabber.cpp:754] temper_index_=8
I1003 14:25:02.881938  7029 getmultilidardata.cpp:244] id:5
I1003 14:25:02.881943  7028 myhdl_grabber.cpp:750] signal operator start
I1003 14:25:02.881968  7028 getmultilidardata.cpp:244] id:2
I1003 14:25:02.882411  6960 getmultilidardata.cpp:1442] lidarid:0
I1003 14:25:02.882421  6960 getmultilidardata.cpp:1424] lidarid:2
I1003 14:25:02.882618  7028 myhdl_grabber.cpp:753] signal operator end
I1003 14:25:02.882624  7028 myhdl_grabber.cpp:754] temper_index_=0
I1003 14:25:02.882632  7028 getmultilidardata.cpp:244] id:3
I1003 14:25:02.882889  6960 getmultilidardata.cpp:1432] lidarid:2
I1003 14:25:02.882895  6960 getmultilidardata.cpp:1424] lidarid:2
I1003 14:25:02.883255  6960 getmultilidardata.cpp:1442] lidarid:2
I1003 14:25:02.883262  6960 getmultilidardata.cpp:1424] lidarid:1
I1003 14:25:02.883519  6960 getmultilidardata.cpp:1432] lidarid:1
I1003 14:25:02.883527  6960 getmultilidardata.cpp:1424] lidarid:1
I1003 14:25:02.883775  6960 getmultilidardata.cpp:1442] lidarid:1
I1003 14:25:02.906016  6960 getmultilidardata.cpp:1300] cloudstartnum[lidarid]=0
I1003 14:25:02.906049  6960 getmultilidardata.cpp:1300] cloudstartnum[lidarid]=57216
I1003 14:25:02.906055  6960 getmultilidardata.cpp:1300] cloudstartnum[lidarid]=89088
I1003 14:25:02.907869  6960 getmultilidardata.cpp:1300] cloudstartnum[lidarid]=0
I1003 14:25:02.907881  6960 getmultilidardata.cpp:1300] cloudstartnum[lidarid]=57216
I1003 14:25:02.907886  6960 getmultilidardata.cpp:1300] cloudstartnum[lidarid]=89088
I1003 14:25:02.909229  6960 getmultilidardata.cpp:1580]  time:0.0272797
I1003 14:25:02.910017  6960 getmultilidardata.cpp:1600] pub pointcloud:120579
I1003 14:25:02.978750  7027 myhdl_grabber.cpp:565] id:0 temprotation:18 last_azimuth_35998
I1003 14:25:02.978776  7027 myhdl_grabber.cpp:750] signal operator start
I1003 14:25:02.978786  7027 getmultilidardata.cpp:244] id:0
I1003 14:25:02.979205  7027 myhdl_grabber.cpp:753] signal operator end
I1003 14:25:02.979212  7027 myhdl_grabber.cpp:754] temper_index_=25
I1003 14:25:02.979218  7027 getmultilidardata.cpp:244] id:1
I1003 14:25:02.979261  6960 getmultilidardata.cpp:1424] lidarid:0
I1003 14:25:02.979954  6960 getmultilidardata.cpp:1432] lidarid:0
I1003 14:25:02.979961  6960 getmultilidardata.cpp:1424] lidarid:0
I1003 14:25:02.980309  7028 myhdl_grabber.cpp:750] signal operator start
I1003 14:25:02.980334  7028 getmultilidardata.cpp:244] id:2
I1003 14:25:02.980484  6960 getmultilidardata.cpp:1442] lidarid:0
I1003 14:25:02.980634  7028 myhdl_grabber.cpp:753] signal operator end
I1003 14:25:02.980641  7028 myhdl_grabber.cpp:754] temper_index_=0
I1003 14:25:02.980648  7028 getmultilidardata.cpp:244] id:3
I1003 14:25:02.980690  6960 getmultilidardata.cpp:1424] lidarid:1
I1003 14:25:02.981040  7029 myhdl_grabber.cpp:750] signal operator start
I1003 14:25:02.981063  7029 getmultilidardata.cpp:244] id:4
I1003 14:25:02.981094  6960 getmultilidardata.cpp:1432] lidarid:1
I1003 14:25:02.981164  6960 getmultilidardata.cpp:1424] lidarid:1
I1003 14:25:02.981500  7029 myhdl_grabber.cpp:753] signal operator end
I1003 14:25:02.981508  7029 myhdl_grabber.cpp:754] temper_index_=8
I1003 14:25:02.981514  7029 getmultilidardata.cpp:244] id:5
I1003 14:25:02.981545  6960 getmultilidardata.cpp:1442] lidarid:1
I1003 14:25:02.981554  6960 getmultilidardata.cpp:1424] lidarid:2
I1003 14:25:02.981958  6960 getmultilidardata.cpp:1432] lidarid:2
I1003 14:25:02.981966  6960 getmultilidardata.cpp:1424] lidarid:2
I1003 14:25:02.982264  6960 getmultilidardata.cpp:1442] lidarid:2
I1003 14:25:02.983737  6960 getmultilidardata.cpp:1300] cloudstartnum[lidarid]=0
I1003 14:25:02.983748  6960 getmultilidardata.cpp:1300] cloudstartnum[lidarid]=57056
I1003 14:25:02.983753  6960 getmultilidardata.cpp:1300] cloudstartnum[lidarid]=88560
I1003 14:25:02.989006  6960 getmultilidardata.cpp:1300] cloudstartnum[lidarid]=0
I1003 14:25:02.989022  6960 getmultilidardata.cpp:1300] cloudstartnum[lidarid]=57056
I1003 14:25:02.989027  6960 getmultilidardata.cpp:1300] cloudstartnum[lidarid]=88560
I1003 14:25:02.990347  6960 getmultilidardata.cpp:1580]  time:0.00931268
I1003 14:25:02.991178  6960 getmultilidardata.cpp:1600] pub pointcloud:120451
I1003 14:25:03.077479  7027 myhdl_grabber.cpp:565] id:0 temprotation:12 last_azimuth_35992
I1003 14:25:03.077507  7027 myhdl_grabber.cpp:750] signal operator start
I1003 14:25:03.077515  7027 getmultilidardata.cpp:244] id:0
I1003 14:25:03.077930  7027 myhdl_grabber.cpp:753] signal operator end
I1003 14:25:03.077936  7027 myhdl_grabber.cpp:754] temper_index_=25
I1003 14:25:03.077942  7027 getmultilidardata.cpp:244] id:1
I1003 14:25:03.077991  6960 getmultilidardata.cpp:1424] lidarid:0
I1003 14:25:03.078713  6960 getmultilidardata.cpp:1432] lidarid:0
I1003 14:25:03.078707  7028 myhdl_grabber.cpp:750] signal operator start
I1003 14:25:03.078727  6960 getmultilidardata.cpp:1424] lidarid:0
I1003 14:25:03.078732  7028 getmultilidardata.cpp:244] id:2
I1003 14:25:03.079133  7028 myhdl_grabber.cpp:753] signal operator end
I1003 14:25:03.079139  7028 myhdl_grabber.cpp:754] temper_index_=0
I1003 14:25:03.079145  7028 getmultilidardata.cpp:244] id:3
I1003 14:25:03.079483  6960 getmultilidardata.cpp:1442] lidarid:0
I1003 14:25:03.079491  6960 getmultilidardata.cpp:1424] lidarid:1
I1003 14:25:03.079660  7029 myhdl_grabber.cpp:750] signal operator start
I1003 14:25:03.079669  7029 getmultilidardata.cpp:244] id:4
I1003 14:25:03.079818  6960 getmultilidardata.cpp:1432] lidarid:1
I1003 14:25:03.079828  6960 getmultilidardata.cpp:1424] lidarid:1
I1003 14:25:03.080052  7029 myhdl_grabber.cpp:753] signal operator end
I1003 14:25:03.080060  7029 myhdl_grabber.cpp:754] temper_index_=8
I1003 14:25:03.080065  7029 getmultilidardata.cpp:244] id:5
I1003 14:25:03.080248  6960 getmultilidardata.cpp:1442] lidarid:1
I1003 14:25:03.080255  6960 getmultilidardata.cpp:1424] lidarid:2
I1003 14:25:03.080585  6960 getmultilidardata.cpp:1432] lidarid:2
I1003 14:25:03.080590  6960 getmultilidardata.cpp:1424] lidarid:2
I1003 14:25:03.080837  6960 getmultilidardata.cpp:1442] lidarid:2
I1003 14:25:03.085029  6960 getmultilidardata.cpp:1300] cloudstartnum[lidarid]=0
I1003 14:25:03.085048  6960 getmultilidardata.cpp:1300] cloudstartnum[lidarid]=56928
I1003 14:25:03.085053  6960 getmultilidardata.cpp:1300] cloudstartnum[lidarid]=88432
I1003 14:25:03.085952  7030 getmultilidardata.cpp:493] get lidar data
I1003 14:25:03.086664  6960 getmultilidardata.cpp:1300] cloudstartnum[lidarid]=0
I1003 14:25:03.086673  6960 getmultilidardata.cpp:1300] cloudstartnum[lidarid]=56928
I1003 14:25:03.086678  6960 getmultilidardata.cpp:1300] cloudstartnum[lidarid]=88432
I1003 14:25:03.087862  6960 getmultilidardata.cpp:1580]  time:0.00820084
I1003 14:25:03.088671  6960 getmultilidardata.cpp:1600] pub pointcloud:119939
I1003 14:25:03.176080  7027 myhdl_grabber.cpp:565] id:0 temprotation:4 last_azimuth_35984
I1003 14:25:03.176106  7027 myhdl_grabber.cpp:750] signal operator start
I1003 14:25:03.176115  7027 getmultilidardata.cpp:244] id:0
I1003 14:25:03.176565  7027 myhdl_grabber.cpp:753] signal operator end
I1003 14:25:03.176609  7027 myhdl_grabber.cpp:754] temper_index_=25
I1003 14:25:03.176616  7027 getmultilidardata.cpp:244] id:1
I1003 14:25:03.176620  6960 getmultilidardata.cpp:1424] lidarid:0
I1003 14:25:03.177445  6960 getmultilidardata.cpp:1432] lidarid:0
I1003 14:25:03.177454  6960 getmultilidardata.cpp:1424] lidarid:0
I1003 14:25:03.177834  7029 myhdl_grabber.cpp:750] signal operator start
I1003 14:25:03.177857  7029 getmultilidardata.cpp:244] id:4
I1003 14:25:03.177891  7028 myhdl_grabber.cpp:750] signal operator start
I1003 14:25:03.177914  7028 getmultilidardata.cpp:244] id:2
I1003 14:25:03.177956  6960 getmultilidardata.cpp:1442] lidarid:0
I1003 14:25:03.178341  7029 myhdl_grabber.cpp:753] signal operator end
I1003 14:25:03.178349  7029 myhdl_grabber.cpp:754] temper_index_=8
I1003 14:25:03.178355  7029 getmultilidardata.cpp:244] id:5
I1003 14:25:03.178365  7028 myhdl_grabber.cpp:753] signal operator end
I1003 14:25:03.178359  6960 getmultilidardata.cpp:1424] lidarid:2
I1003 14:25:03.178373  7028 myhdl_grabber.cpp:754] temper_index_=0
I1003 14:25:03.178380  7028 getmultilidardata.cpp:244] id:3
I1003 14:25:03.178982  6960 getmultilidardata.cpp:1432] lidarid:2
I1003 14:25:03.178990  6960 getmultilidardata.cpp:1424] lidarid:1
I1003 14:25:03.179316  6960 getmultilidardata.cpp:1432] lidarid:1
I1003 14:25:03.179322  6960 getmultilidardata.cpp:1424] lidarid:2
I1003 14:25:03.179739  6960 getmultilidardata.cpp:1442] lidarid:2
I1003 14:25:03.179749  6960 getmultilidardata.cpp:1424] lidarid:1
I1003 14:25:03.180140  6960 getmultilidardata.cpp:1442] lidarid:1
I1003 14:25:03.203980  6960 getmultilidardata.cpp:1300] cloudstartnum[lidarid]=0
I1003 14:25:03.204010  6960 getmultilidardata.cpp:1300] cloudstartnum[lidarid]=56896
I1003 14:25:03.204015  6960 getmultilidardata.cpp:1300] cloudstartnum[lidarid]=88400
I1003 14:25:03.205896  6960 getmultilidardata.cpp:1300] cloudstartnum[lidarid]=0
I1003 14:25:03.205906  6960 getmultilidardata.cpp:1300] cloudstartnum[lidarid]=56896
I1003 14:25:03.205911  6960 getmultilidardata.cpp:1300] cloudstartnum[lidarid]=88400
I1003 14:25:03.207311  6960 getmultilidardata.cpp:1580]  time:0.0294167
I1003 14:25:03.208120  6960 getmultilidardata.cpp:1600] pub pointcloud:119891
I1003 14:25:03.275401  7027 myhdl_grabber.cpp:565] id:0 temprotation:4 last_azimuth_35984
I1003 14:25:03.275430  7027 myhdl_grabber.cpp:750] signal operator start
I1003 14:25:03.275440  7027 getmultilidardata.cpp:244] id:0
I1003 14:25:03.275920  7027 myhdl_grabber.cpp:753] signal operator end
I1003 14:25:03.275928  7027 myhdl_grabber.cpp:754] temper_index_=25
I1003 14:25:03.275933  7027 getmultilidardata.cpp:244] id:1
I1003 14:25:03.275964  6960 getmultilidardata.cpp:1424] lidarid:0
I1003 14:25:03.276681  6960 getmultilidardata.cpp:1432] lidarid:0
I1003 14:25:03.276691  6960 getmultilidardata.cpp:1424] lidarid:0
I1003 14:25:03.276759  7028 myhdl_grabber.cpp:750] signal operator start
I1003 14:25:03.276784  7028 getmultilidardata.cpp:244] id:2
I1003 14:25:03.277367  7029 myhdl_grabber.cpp:750] signal operator start
I1003 14:25:03.277393  7029 getmultilidardata.cpp:244] id:4
I1003 14:25:03.277397  7028 myhdl_grabber.cpp:753] signal operator end
I1003 14:25:03.277405  7028 myhdl_grabber.cpp:754] temper_index_=0
I1003 14:25:03.277413  7028 getmultilidardata.cpp:244] id:3
I1003 14:25:03.277669  6960 getmultilidardata.cpp:1442] lidarid:0
I1003 14:25:03.277678  6960 getmultilidardata.cpp:1424] lidarid:1
I1003 14:25:03.278301  7029 myhdl_grabber.cpp:753] signal operator end
I1003 14:25:03.278311  7029 myhdl_grabber.cpp:754] temper_index_=8
I1003 14:25:03.278317  7029 getmultilidardata.cpp:244] id:5
I1003 14:25:03.278517  6960 getmultilidardata.cpp:1432] lidarid:1
I1003 14:25:03.278527  6960 getmultilidardata.cpp:1424] lidarid:2
I1003 14:25:03.279081  6960 getmultilidardata.cpp:1432] lidarid:2
I1003 14:25:03.279088  6960 getmultilidardata.cpp:1424] lidarid:1
I1003 14:25:03.279358  6960 getmultilidardata.cpp:1442] lidarid:1
I1003 14:25:03.279364  6960 getmultilidardata.cpp:1424] lidarid:2
I1003 14:25:03.279650  6960 getmultilidardata.cpp:1442] lidarid:2
I1003 14:25:03.281116  6960 getmultilidardata.cpp:1300] cloudstartnum[lidarid]=0
I1003 14:25:03.281126  6960 getmultilidardata.cpp:1300] cloudstartnum[lidarid]=56960
I1003 14:25:03.281131  6960 getmultilidardata.cpp:1300] cloudstartnum[lidarid]=88832
I1003 14:25:03.282876  6960 getmultilidardata.cpp:1300] cloudstartnum[lidarid]=0
I1003 14:25:03.282886  6960 getmultilidardata.cpp:1300] cloudstartnum[lidarid]=56960
I1003 14:25:03.282891  6960 getmultilidardata.cpp:1300] cloudstartnum[lidarid]=88832
I1003 14:25:03.284260  6960 getmultilidardata.cpp:1580]  time:0.00689493
I1003 14:25:03.285181  6960 getmultilidardata.cpp:1600] pub pointcloud:120707
I1003 14:25:03.374028  7027 myhdl_grabber.cpp:565] id:0 temprotation:8 last_azimuth_35988
I1003 14:25:03.374058  7027 myhdl_grabber.cpp:750] signal operator start
I1003 14:25:03.374068  7027 getmultilidardata.cpp:244] id:0
I1003 14:25:03.374588  7027 myhdl_grabber.cpp:753] signal operator end
I1003 14:25:03.374595  7027 myhdl_grabber.cpp:754] temper_index_=25
I1003 14:25:03.374601  7027 getmultilidardata.cpp:244] id:1
I1003 14:25:03.374642  6960 getmultilidardata.cpp:1424] lidarid:0
I1003 14:25:03.375329  6960 getmultilidardata.cpp:1432] lidarid:0
I1003 14:25:03.375339  6960 getmultilidardata.cpp:1424] lidarid:0
I1003 14:25:03.375830  6960 getmultilidardata.cpp:1442] lidarid:0
I1003 14:25:03.375854  7029 myhdl_grabber.cpp:750] signal operator start
I1003 14:25:03.375878  7029 getmultilidardata.cpp:244] id:4
I1003 14:25:03.376132  7029 myhdl_grabber.cpp:753] signal operator end
I1003 14:25:03.376138  7029 myhdl_grabber.cpp:754] temper_index_=8
I1003 14:25:03.376145  7029 getmultilidardata.cpp:244] id:5
I1003 14:25:03.376189  6960 getmultilidardata.cpp:1424] lidarid:2
I1003 14:25:03.376343  7028 myhdl_grabber.cpp:750] signal operator start
I1003 14:25:03.376366  7028 getmultilidardata.cpp:244] id:2
I1003 14:25:03.376766  7028 myhdl_grabber.cpp:753] signal operator end
I1003 14:25:03.376772  7028 myhdl_grabber.cpp:754] temper_index_=0
I1003 14:25:03.376780  7028 getmultilidardata.cpp:244] id:3
I1003 14:25:03.377002  6960 getmultilidardata.cpp:1432] lidarid:2
I1003 14:25:03.377012  6960 getmultilidardata.cpp:1424] lidarid:2
I1003 14:25:03.377327  6960 getmultilidardata.cpp:1442] lidarid:2
I1003 14:25:03.377334  6960 getmultilidardata.cpp:1424] lidarid:1
I1003 14:25:03.377578  6960 getmultilidardata.cpp:1432] lidarid:1
I1003 14:25:03.377585  6960 getmultilidardata.cpp:1424] lidarid:1
I1003 14:25:03.377825  6960 getmultilidardata.cpp:1442] lidarid:1
I1003 14:25:03.399335  6960 getmultilidardata.cpp:1300] cloudstartnum[lidarid]=0
I1003 14:25:03.399358  6960 getmultilidardata.cpp:1300] cloudstartnum[lidarid]=57120
I1003 14:25:03.399364  6960 getmultilidardata.cpp:1300] cloudstartnum[lidarid]=89008
I1003 14:25:03.400770  6960 getmultilidardata.cpp:1300] cloudstartnum[lidarid]=0
I1003 14:25:03.400779  6960 getmultilidardata.cpp:1300] cloudstartnum[lidarid]=57120
I1003 14:25:03.400784  6960 getmultilidardata.cpp:1300] cloudstartnum[lidarid]=89008
I1003 14:25:03.402143  7030 getmultilidardata.cpp:493] get lidar data
I1003 14:25:03.403765  6960 getmultilidardata.cpp:1580]  time:0.0274283
I1003 14:25:03.407141  6960 getmultilidardata.cpp:1600] pub pointcloud:120499
I1003 14:25:03.473850  7027 myhdl_grabber.cpp:565] id:0 temprotation:2 last_azimuth_35982
I1003 14:25:03.473877  7027 myhdl_grabber.cpp:750] signal operator start
I1003 14:25:03.473888  7027 getmultilidardata.cpp:244] id:0
I1003 14:25:03.474402  7027 myhdl_grabber.cpp:753] signal operator end
I1003 14:25:03.474411  7027 myhdl_grabber.cpp:754] temper_index_=25
I1003 14:25:03.474416  7027 getmultilidardata.cpp:244] id:1
I1003 14:25:03.474462  6960 getmultilidardata.cpp:1424] lidarid:0
I1003 14:25:03.475136  6960 getmultilidardata.cpp:1432] lidarid:0
I1003 14:25:03.475147  6960 getmultilidardata.cpp:1424] lidarid:0
I1003 14:25:03.475407  7029 myhdl_grabber.cpp:750] signal operator start
I1003 14:25:03.475431  7029 getmultilidardata.cpp:244] id:4
I1003 14:25:03.475706  6960 getmultilidardata.cpp:1442] lidarid:0
I1003 14:25:03.475826  6960 getmultilidardata.cpp:1424] lidarid:2
I1003 14:25:03.476011  7028 myhdl_grabber.cpp:750] signal operator start
I1003 14:25:03.476028  7028 getmultilidardata.cpp:244] id:2
I1003 14:25:03.476126  6960 getmultilidardata.cpp:1432] lidarid:2
I1003 14:25:03.476162  7029 myhdl_grabber.cpp:753] signal operator end
I1003 14:25:03.476168  7029 myhdl_grabber.cpp:754] temper_index_=8
I1003 14:25:03.476174  7029 getmultilidardata.cpp:244] id:5
I1003 14:25:03.476585  7028 myhdl_grabber.cpp:753] signal operator end
I1003 14:25:03.476594  7028 myhdl_grabber.cpp:754] temper_index_=0
I1003 14:25:03.476599  6960 getmultilidardata.cpp:1424] lidarid:1
I1003 14:25:03.476603  7028 getmultilidardata.cpp:244] id:3
I1003 14:25:03.477514  6960 getmultilidardata.cpp:1432] lidarid:1
I1003 14:25:03.477525  6960 getmultilidardata.cpp:1424] lidarid:2
I1003 14:25:03.478436  6960 getmultilidardata.cpp:1442] lidarid:2
I1003 14:25:03.478446  6960 getmultilidardata.cpp:1424] lidarid:1
I1003 14:25:03.479341  6960 getmultilidardata.cpp:1442] lidarid:1
I1003 14:25:03.503530  6960 getmultilidardata.cpp:1300] cloudstartnum[lidarid]=0
I1003 14:25:03.503557  6960 getmultilidardata.cpp:1300] cloudstartnum[lidarid]=57312
I1003 14:25:03.503564  6960 getmultilidardata.cpp:1300] cloudstartnum[lidarid]=89184
I1003 14:25:03.505189  6960 getmultilidardata.cpp:1300] cloudstartnum[lidarid]=0
I1003 14:25:03.505200  6960 getmultilidardata.cpp:1300] cloudstartnum[lidarid]=57312
I1003 14:25:03.505204  6960 getmultilidardata.cpp:1300] cloudstartnum[lidarid]=89184
I1003 14:25:03.508515  6960 getmultilidardata.cpp:1580]  time:0.0324984
I1003 14:25:03.509384  6960 getmultilidardata.cpp:1600] pub pointcloud:121059
I1003 14:25:03.573223  7027 myhdl_grabber.cpp:565] id:0 temprotation:14 last_azimuth_35994
I1003 14:25:03.573246  7027 myhdl_grabber.cpp:750] signal operator start
I1003 14:25:03.573253  7027 getmultilidardata.cpp:244] id:0
I1003 14:25:03.573652  7027 myhdl_grabber.cpp:753] signal operator end
I1003 14:25:03.573657  7027 myhdl_grabber.cpp:754] temper_index_=25
I1003 14:25:03.573662  7027 getmultilidardata.cpp:244] id:1
I1003 14:25:03.573709  6960 getmultilidardata.cpp:1424] lidarid:0
I1003 14:25:03.574404  6960 getmultilidardata.cpp:1432] lidarid:0
I1003 14:25:03.574414  6960 getmultilidardata.cpp:1424] lidarid:0
I1003 14:25:03.574770  6960 getmultilidardata.cpp:1442] lidarid:0
I1003 14:25:03.575024  7029 myhdl_grabber.cpp:750] signal operator start
I1003 14:25:03.575042  7029 getmultilidardata.cpp:244] id:4
I1003 14:25:03.575295  7029 myhdl_grabber.cpp:753] signal operator end
I1003 14:25:03.575300  7029 myhdl_grabber.cpp:754] temper_index_=8
I1003 14:25:03.575305  7029 getmultilidardata.cpp:244] id:5
I1003 14:25:03.575346  6960 getmultilidardata.cpp:1424] lidarid:2
I1003 14:25:03.575541  7028 myhdl_grabber.cpp:750] signal operator start
I1003 14:25:03.575559  7028 getmultilidardata.cpp:244] id:2
I1003 14:25:03.575806  6960 getmultilidardata.cpp:1432] lidarid:2
I1003 14:25:03.575814  6960 getmultilidardata.cpp:1424] lidarid:2
I1003 14:25:03.576009  7028 myhdl_grabber.cpp:753] signal operator end
I1003 14:25:03.576014  7028 myhdl_grabber.cpp:754] temper_index_=0
I1003 14:25:03.576020  7028 getmultilidardata.cpp:244] id:3
I1003 14:25:03.576211  6960 getmultilidardata.cpp:1442] lidarid:2
I1003 14:25:03.576217  6960 getmultilidardata.cpp:1424] lidarid:1
I1003 14:25:03.576544  6960 getmultilidardata.cpp:1432] lidarid:1
I1003 14:25:03.576548  6960 getmultilidardata.cpp:1424] lidarid:1
I1003 14:25:03.576754  6960 getmultilidardata.cpp:1442] lidarid:1
I1003 14:25:03.599788  6960 getmultilidardata.cpp:1300] cloudstartnum[lidarid]=0
I1003 14:25:03.599819  6960 getmultilidardata.cpp:1300] cloudstartnum[lidarid]=57600
I1003 14:25:03.599825  6960 getmultilidardata.cpp:1300] cloudstartnum[lidarid]=89472
I1003 14:25:03.601820  6960 getmultilidardata.cpp:1300] cloudstartnum[lidarid]=0
I1003 14:25:03.601835  6960 getmultilidardata.cpp:1300] cloudstartnum[lidarid]=57600
I1003 14:25:03.601840  6960 getmultilidardata.cpp:1300] cloudstartnum[lidarid]=89472
I1003 14:25:03.603178  6960 getmultilidardata.cpp:1580]  time:0.0276392
I1003 14:25:03.604001  6960 getmultilidardata.cpp:1600] pub pointcloud:121363
I1003 14:25:03.673786  7027 myhdl_grabber.cpp:565] id:0 temprotation:12 last_azimuth_35992
I1003 14:25:03.673815  7027 myhdl_grabber.cpp:750] signal operator start
I1003 14:25:03.673826  7027 getmultilidardata.cpp:244] id:0
I1003 14:25:03.674336  7027 myhdl_grabber.cpp:753] signal operator end
I1003 14:25:03.674345  7027 myhdl_grabber.cpp:754] temper_index_=25
I1003 14:25:03.674350  7027 getmultilidardata.cpp:244] id:1
I1003 14:25:03.674393  6960 getmultilidardata.cpp:1424] lidarid:0
I1003 14:25:03.675086  7028 myhdl_grabber.cpp:750] signal operator start
I1003 14:25:03.675109  7028 getmultilidardata.cpp:244] id:2
I1003 14:25:03.675112  6960 getmultilidardata.cpp:1432] lidarid:0
I1003 14:25:03.675123  6960 getmultilidardata.cpp:1424] lidarid:0
I1003 14:25:03.675520  7028 myhdl_grabber.cpp:753] signal operator end
I1003 14:25:03.675529  7028 myhdl_grabber.cpp:754] temper_index_=0
I1003 14:25:03.675536  7028 getmultilidardata.cpp:244] id:3
I1003 14:25:03.675858  6960 getmultilidardata.cpp:1442] lidarid:0
I1003 14:25:03.675868  6960 getmultilidardata.cpp:1424] lidarid:1
I1003 14:25:03.676061  7029 myhdl_grabber.cpp:750] signal operator start
I1003 14:25:03.676071  7029 getmultilidardata.cpp:244] id:4
I1003 14:25:03.676244  6960 getmultilidardata.cpp:1432] lidarid:1
I1003 14:25:03.676251  6960 getmultilidardata.cpp:1424] lidarid:1
I1003 14:25:03.676481  7029 myhdl_grabber.cpp:753] signal operator end
I1003 14:25:03.676488  7029 myhdl_grabber.cpp:754] temper_index_=8
I1003 14:25:03.676494  7029 getmultilidardata.cpp:244] id:5
I1003 14:25:03.676666  6960 getmultilidardata.cpp:1442] lidarid:1
I1003 14:25:03.676672  6960 getmultilidardata.cpp:1424] lidarid:2
I1003 14:25:03.677048  6960 getmultilidardata.cpp:1432] lidarid:2
I1003 14:25:03.677055  6960 getmultilidardata.cpp:1424] lidarid:2
I1003 14:25:03.677315  6960 getmultilidardata.cpp:1442] lidarid:2
I1003 14:25:03.681479  6960 getmultilidardata.cpp:1300] cloudstartnum[lidarid]=0
I1003 14:25:03.681496  6960 getmultilidardata.cpp:1300] cloudstartnum[lidarid]=57824
I1003 14:25:03.681501  6960 getmultilidardata.cpp:1300] cloudstartnum[lidarid]=89712
I1003 14:25:03.683128  6960 getmultilidardata.cpp:1300] cloudstartnum[lidarid]=0
I1003 14:25:03.683138  6960 getmultilidardata.cpp:1300] cloudstartnum[lidarid]=57824
I1003 14:25:03.683143  6960 getmultilidardata.cpp:1300] cloudstartnum[lidarid]=89712
I1003 14:25:03.684440  6960 getmultilidardata.cpp:1580]  time:0.00837757
I1003 14:25:03.685748  6960 getmultilidardata.cpp:1600] pub pointcloud:121971
I1003 14:25:03.718252  7030 getmultilidardata.cpp:493] get lidar data
I1003 14:25:03.774291  7027 myhdl_grabber.cpp:565] id:0 temprotation:14 last_azimuth_35994
I1003 14:25:03.774318  7027 myhdl_grabber.cpp:750] signal operator start
I1003 14:25:03.774328  7027 getmultilidardata.cpp:244] id:0
I1003 14:25:03.774909  7027 myhdl_grabber.cpp:753] signal operator end
I1003 14:25:03.774919  7027 myhdl_grabber.cpp:754] temper_index_=25
I1003 14:25:03.774927  7027 getmultilidardata.cpp:244] id:1
I1003 14:25:03.774972  6960 getmultilidardata.cpp:1424] lidarid:0
I1003 14:25:03.776021  6960 getmultilidardata.cpp:1432] lidarid:0
I1003 14:25:03.776031  6960 getmultilidardata.cpp:1424] lidarid:0
I1003 14:25:03.776540  6960 getmultilidardata.cpp:1442] lidarid:0
I1003 14:25:03.776595  7029 myhdl_grabber.cpp:750] signal operator start
I1003 14:25:03.776618  7029 getmultilidardata.cpp:244] id:4
I1003 14:25:03.776908  7029 myhdl_grabber.cpp:753] signal operator end
I1003 14:25:03.776916  7029 myhdl_grabber.cpp:754] temper_index_=8
I1003 14:25:03.776921  7029 getmultilidardata.cpp:244] id:5
I1003 14:25:03.776960  6960 getmultilidardata.cpp:1424] lidarid:2
I1003 14:25:03.777355  6960 getmultilidardata.cpp:1432] lidarid:2
I1003 14:25:03.777364  6960 getmultilidardata.cpp:1424] lidarid:2
I1003 14:25:03.777391  7028 myhdl_grabber.cpp:750] signal operator start
I1003 14:25:03.777400  7028 getmultilidardata.cpp:244] id:2
I1003 14:25:03.777741  6960 getmultilidardata.cpp:1442] lidarid:2
I1003 14:25:03.777865  7028 myhdl_grabber.cpp:753] signal operator end
I1003 14:25:03.777873  7028 myhdl_grabber.cpp:754] temper_index_=0
I1003 14:25:03.777879  7028 getmultilidardata.cpp:244] id:3
I1003 14:25:03.777921  6960 getmultilidardata.cpp:1424] lidarid:1
I1003 14:25:03.778344  6960 getmultilidardata.cpp:1432] lidarid:1
I1003 14:25:03.778353  6960 getmultilidardata.cpp:1424] lidarid:1
I1003 14:25:03.778641  6960 getmultilidardata.cpp:1442] lidarid:1
I1003 14:25:03.800271  6960 getmultilidardata.cpp:1300] cloudstartnum[lidarid]=0
I1003 14:25:03.800297  6960 getmultilidardata.cpp:1300] cloudstartnum[lidarid]=58080
I1003 14:25:03.800304  6960 getmultilidardata.cpp:1300] cloudstartnum[lidarid]=90720
I1003 14:25:03.802906  6960 getmultilidardata.cpp:1300] cloudstartnum[lidarid]=0
I1003 14:25:03.802919  6960 getmultilidardata.cpp:1300] cloudstartnum[lidarid]=58080
I1003 14:25:03.802924  6960 getmultilidardata.cpp:1300] cloudstartnum[lidarid]=90720
I1003 14:25:03.804340  6960 getmultilidardata.cpp:1580]  time:0.0269483
I1003 14:25:03.805210  6960 getmultilidardata.cpp:1600] pub pointcloud:122995
I1003 14:25:03.875557  7027 myhdl_grabber.cpp:565] id:0 temprotation:14 last_azimuth_35994
I1003 14:25:03.875574  7027 myhdl_grabber.cpp:750] signal operator start
I1003 14:25:03.875579  7027 getmultilidardata.cpp:244] id:0
I1003 14:25:03.875938  7027 myhdl_grabber.cpp:753] signal operator end
I1003 14:25:03.875942  7027 myhdl_grabber.cpp:754] temper_index_=25
I1003 14:25:03.875946  7027 getmultilidardata.cpp:244] id:1
I1003 14:25:03.875982  6960 getmultilidardata.cpp:1424] lidarid:0
I1003 14:25:03.876644  6960 getmultilidardata.cpp:1432] lidarid:0
I1003 14:25:03.876650  6960 getmultilidardata.cpp:1424] lidarid:0
I1003 14:25:03.876713  7028 myhdl_grabber.cpp:750] signal operator start
I1003 14:25:03.876725  7028 getmultilidardata.cpp:244] id:2
I1003 14:25:03.877120  7028 myhdl_grabber.cpp:753] signal operator end
I1003 14:25:03.877123  7028 myhdl_grabber.cpp:754] temper_index_=0
I1003 14:25:03.877128  7028 getmultilidardata.cpp:244] id:3
I1003 14:25:03.877283  6960 getmultilidardata.cpp:1442] lidarid:0
I1003 14:25:03.877287  6960 getmultilidardata.cpp:1424] lidarid:1
I1003 14:25:03.877386  7029 myhdl_grabber.cpp:750] signal operator start
I1003 14:25:03.877401  7029 getmultilidardata.cpp:244] id:4
I1003 14:25:03.877768  6960 getmultilidardata.cpp:1432] lidarid:1
I1003 14:25:03.877771  6960 getmultilidardata.cpp:1424] lidarid:1
I1003 14:25:03.877884  7029 myhdl_grabber.cpp:753] signal operator end
I1003 14:25:03.877887  7029 myhdl_grabber.cpp:754] temper_index_=8
I1003 14:25:03.877892  7029 getmultilidardata.cpp:244] id:5
I1003 14:25:03.878172  6960 getmultilidardata.cpp:1442] lidarid:1
I1003 14:25:03.878176  6960 getmultilidardata.cpp:1424] lidarid:2
I1003 14:25:03.878473  6960 getmultilidardata.cpp:1432] lidarid:2
I1003 14:25:03.878477  6960 getmultilidardata.cpp:1424] lidarid:2
I1003 14:25:03.878659  6960 getmultilidardata.cpp:1442] lidarid:2
I1003 14:25:03.879817  6960 getmultilidardata.cpp:1300] cloudstartnum[lidarid]=0
I1003 14:25:03.879822  6960 getmultilidardata.cpp:1300] cloudstartnum[lidarid]=58272
I1003 14:25:03.879825  6960 getmultilidardata.cpp:1300] cloudstartnum[lidarid]=90160
I1003 14:25:03.881201  6960 getmultilidardata.cpp:1300] cloudstartnum[lidarid]=0
I1003 14:25:03.881207  6960 getmultilidardata.cpp:1300] cloudstartnum[lidarid]=58272
I1003 14:25:03.881209  6960 getmultilidardata.cpp:1300] cloudstartnum[lidarid]=90160
I1003 14:25:03.882302  6960 getmultilidardata.cpp:1580]  time:0.0049172
I1003 14:25:03.882974  6960 getmultilidardata.cpp:1600] pub pointcloud:122435
I1003 14:25:03.976963  7027 myhdl_grabber.cpp:565] id:0 temprotation:2 last_azimuth_35982
I1003 14:25:03.976989  7027 myhdl_grabber.cpp:750] signal operator start
I1003 14:25:03.976999  7027 getmultilidardata.cpp:244] id:0
I1003 14:25:03.977517  6960 getmultilidardata.cpp:1424] lidarid:0
I1003 14:25:03.977977  6960 getmultilidardata.cpp:1432] lidarid:0
I1003 14:25:03.978039  7027 myhdl_grabber.cpp:753] signal operator end
I1003 14:25:03.978045  7027 myhdl_grabber.cpp:754] temper_index_=25
I1003 14:25:03.978054  7027 getmultilidardata.cpp:244] id:1
I1003 14:25:03.978659  6960 getmultilidardata.cpp:1424] lidarid:0
I1003 14:25:03.979312  6960 getmultilidardata.cpp:1442] lidarid:0
I1003 14:25:03.979347  7028 myhdl_grabber.cpp:750] signal operator start
I1003 14:25:03.979358  7028 getmultilidardata.cpp:244] id:2
I1003 14:25:03.979384  7029 myhdl_grabber.cpp:750] signal operator start
I1003 14:25:03.979408  7029 getmultilidardata.cpp:244] id:4
I1003 14:25:03.979773  7028 myhdl_grabber.cpp:753] signal operator end
I1003 14:25:03.979781  7028 myhdl_grabber.cpp:754] temper_index_=0
I1003 14:25:03.979789  7028 getmultilidardata.cpp:244] id:3
I1003 14:25:03.979821  7029 myhdl_grabber.cpp:753] signal operator end
I1003 14:25:03.979830  7029 myhdl_grabber.cpp:754] temper_index_=8
I1003 14:25:03.979838  7029 getmultilidardata.cpp:244] id:5
I1003 14:25:03.979820  6960 getmultilidardata.cpp:1424] lidarid:1
I1003 14:25:03.980486  6960 getmultilidardata.cpp:1432] lidarid:1
I1003 14:25:03.980496  6960 getmultilidardata.cpp:1424] lidarid:2
I1003 14:25:03.980769  6960 getmultilidardata.cpp:1432] lidarid:2
I1003 14:25:03.980777  6960 getmultilidardata.cpp:1424] lidarid:1
I1003 14:25:03.981047  6960 getmultilidardata.cpp:1442] lidarid:1
I1003 14:25:03.981055  6960 getmultilidardata.cpp:1424] lidarid:2
I1003 14:25:03.981304  6960 getmultilidardata.cpp:1442] lidarid:2
I1003 14:25:03.982920  6960 getmultilidardata.cpp:1300] cloudstartnum[lidarid]=0
I1003 14:25:03.982930  6960 getmultilidardata.cpp:1300] cloudstartnum[lidarid]=58368
I1003 14:25:03.982935  6960 getmultilidardata.cpp:1300] cloudstartnum[lidarid]=91008
I1003 14:25:03.984777  6960 getmultilidardata.cpp:1300] cloudstartnum[lidarid]=0
I1003 14:25:03.984787  6960 getmultilidardata.cpp:1300] cloudstartnum[lidarid]=58368
I1003 14:25:03.984792  6960 getmultilidardata.cpp:1300] cloudstartnum[lidarid]=91008
I1003 14:25:03.986081  6960 getmultilidardata.cpp:1580]  time:0.00670165
I1003 14:25:03.986970  6960 getmultilidardata.cpp:1600] pub pointcloud:123651
I1003 14:25:04.034133  7030 getmultilidardata.cpp:493] get lidar data
I1003 14:25:04.078258  7027 myhdl_grabber.cpp:565] id:0 temprotation:4 last_azimuth_35984
I1003 14:25:04.078287  7027 myhdl_grabber.cpp:750] signal operator start
I1003 14:25:04.078296  7027 getmultilidardata.cpp:244] id:0
I1003 14:25:04.078774  7027 myhdl_grabber.cpp:753] signal operator end
I1003 14:25:04.078780  7027 myhdl_grabber.cpp:754] temper_index_=25
I1003 14:25:04.078786  7027 getmultilidardata.cpp:244] id:1
I1003 14:25:04.078830  6960 getmultilidardata.cpp:1424] lidarid:0
I1003 14:25:04.079849  6960 getmultilidardata.cpp:1432] lidarid:0
I1003 14:25:04.079859  6960 getmultilidardata.cpp:1424] lidarid:0
I1003 14:25:04.080211  7029 myhdl_grabber.cpp:750] signal operator start
I1003 14:25:04.080232  7029 getmultilidardata.cpp:244] id:4
I1003 14:25:04.080469  6960 getmultilidardata.cpp:1442] lidarid:0
I1003 14:25:04.080673  7029 myhdl_grabber.cpp:753] signal operator end
I1003 14:25:04.080677  7028 myhdl_grabber.cpp:750] signal operator start
I1003 14:25:04.080680  7029 myhdl_grabber.cpp:754] temper_index_=8
I1003 14:25:04.080703  7029 getmultilidardata.cpp:244] id:5
I1003 14:25:04.080704  7028 getmultilidardata.cpp:244] id:2
I1003 14:25:04.080725  6960 getmultilidardata.cpp:1424] lidarid:2
I1003 14:25:04.081336  7028 myhdl_grabber.cpp:753] signal operator end
I1003 14:25:04.081341  7028 myhdl_grabber.cpp:754] temper_index_=0
I1003 14:25:04.081347  7028 getmultilidardata.cpp:244] id:3
I1003 14:25:04.081351  6960 getmultilidardata.cpp:1432] lidarid:2
I1003 14:25:04.081360  6960 getmultilidardata.cpp:1424] lidarid:2
I1003 14:25:04.081779  6960 getmultilidardata.cpp:1442] lidarid:2
I1003 14:25:04.081785  6960 getmultilidardata.cpp:1424] lidarid:1
I1003 14:25:04.082053  6960 getmultilidardata.cpp:1432] lidarid:1
I1003 14:25:04.082060  6960 getmultilidardata.cpp:1424] lidarid:1
I1003 14:25:04.082335  6960 getmultilidardata.cpp:1442] lidarid:1
I1003 14:25:04.104527  6960 getmultilidardata.cpp:1300] cloudstartnum[lidarid]=0
I1003 14:25:04.104554  6960 getmultilidardata.cpp:1300] cloudstartnum[lidarid]=58432
I1003 14:25:04.104560  6960 getmultilidardata.cpp:1300] cloudstartnum[lidarid]=91072
I1003 14:25:04.106777  6960 getmultilidardata.cpp:1300] cloudstartnum[lidarid]=0
I1003 14:25:04.106796  6960 getmultilidardata.cpp:1300] cloudstartnum[lidarid]=58432
I1003 14:25:04.106801  6960 getmultilidardata.cpp:1300] cloudstartnum[lidarid]=91072
I1003 14:25:04.108713  6960 getmultilidardata.cpp:1580]  time:0.0280358
I1003 14:25:04.109864  6960 getmultilidardata.cpp:1600] pub pointcloud:123331
I1003 14:25:04.179503  7027 myhdl_grabber.cpp:565] id:0 temprotation:8 last_azimuth_35988
I1003 14:25:04.179524  7027 myhdl_grabber.cpp:750] signal operator start
I1003 14:25:04.179533  7027 getmultilidardata.cpp:244] id:0
I1003 14:25:04.179946  7027 myhdl_grabber.cpp:753] signal operator end
I1003 14:25:04.179951  7027 myhdl_grabber.cpp:754] temper_index_=25
I1003 14:25:04.179956  7027 getmultilidardata.cpp:244] id:1
I1003 14:25:04.180001  6960 getmultilidardata.cpp:1424] lidarid:0
I1003 14:25:04.180719  6960 getmultilidardata.cpp:1432] lidarid:0
I1003 14:25:04.180866  6960 getmultilidardata.cpp:1424] lidarid:0
I1003 14:25:04.180945  7029 myhdl_grabber.cpp:750] signal operator start
I1003 14:25:04.180961  7029 getmultilidardata.cpp:244] id:4
I1003 14:25:04.181438  7028 myhdl_grabber.cpp:750] signal operator start
I1003 14:25:04.181452  7029 myhdl_grabber.cpp:753] signal operator end
I1003 14:25:04.181457  7028 getmultilidardata.cpp:244] id:2
I1003 14:25:04.181459  7029 myhdl_grabber.cpp:754] temper_index_=8
I1003 14:25:04.181465  7029 getmultilidardata.cpp:244] id:5
I1003 14:25:04.181738  6960 getmultilidardata.cpp:1442] lidarid:0
I1003 14:25:04.181746  6960 getmultilidardata.cpp:1424] lidarid:2
I1003 14:25:04.182091  7028 myhdl_grabber.cpp:753] signal operator end
I1003 14:25:04.182097  7028 myhdl_grabber.cpp:754] temper_index_=0
I1003 14:25:04.182102  7028 getmultilidardata.cpp:244] id:3
I1003 14:25:04.182310  6960 getmultilidardata.cpp:1432] lidarid:2
I1003 14:25:04.182318  6960 getmultilidardata.cpp:1424] lidarid:2
I1003 14:25:04.182667  6960 getmultilidardata.cpp:1442] lidarid:2
I1003 14:25:04.182672  6960 getmultilidardata.cpp:1424] lidarid:1
I1003 14:25:04.182947  6960 getmultilidardata.cpp:1432] lidarid:1
I1003 14:25:04.182952  6960 getmultilidardata.cpp:1424] lidarid:1
I1003 14:25:04.183180  6960 getmultilidardata.cpp:1442] lidarid:1
I1003 14:25:04.204859  6960 getmultilidardata.cpp:1300] cloudstartnum[lidarid]=0
I1003 14:25:04.204888  6960 getmultilidardata.cpp:1300] cloudstartnum[lidarid]=58368
I1003 14:25:04.204895  6960 getmultilidardata.cpp:1300] cloudstartnum[lidarid]=90624
I1003 14:25:04.206552  6960 getmultilidardata.cpp:1300] cloudstartnum[lidarid]=0
I1003 14:25:04.206562  6960 getmultilidardata.cpp:1300] cloudstartnum[lidarid]=58368
I1003 14:25:04.206566  6960 getmultilidardata.cpp:1300] cloudstartnum[lidarid]=90624
I1003 14:25:04.208032  6960 getmultilidardata.cpp:1580]  time:0.0265946
I1003 14:25:04.208986  6960 getmultilidardata.cpp:1600] pub pointcloud:122883
I1003 14:25:04.280077  7027 myhdl_grabber.cpp:565] id:0 temprotation:14 last_azimuth_35994
I1003 14:25:04.280100  7027 myhdl_grabber.cpp:750] signal operator start
I1003 14:25:04.280107  7027 getmultilidardata.cpp:244] id:0
I1003 14:25:04.280489  7027 myhdl_grabber.cpp:753] signal operator end
I1003 14:25:04.280495  7027 myhdl_grabber.cpp:754] temper_index_=25
I1003 14:25:04.280499  7027 getmultilidardata.cpp:244] id:1
I1003 14:25:04.280555  6960 getmultilidardata.cpp:1424] lidarid:0
I1003 14:25:04.281226  6960 getmultilidardata.cpp:1432] lidarid:0
I1003 14:25:04.281234  6960 getmultilidardata.cpp:1424] lidarid:0
I1003 14:25:04.281617  6960 getmultilidardata.cpp:1442] lidarid:0
I1003 14:25:04.281795  7029 myhdl_grabber.cpp:750] signal operator start
I1003 14:25:04.281810  7029 getmultilidardata.cpp:244] id:4
I1003 14:25:04.282028  7029 myhdl_grabber.cpp:753] signal operator end
I1003 14:25:04.282063  7029 myhdl_grabber.cpp:754] temper_index_=8
I1003 14:25:04.282068  7029 getmultilidardata.cpp:244] id:5
I1003 14:25:04.282075  6960 getmultilidardata.cpp:1424] lidarid:2
I1003 14:25:04.282352  7028 myhdl_grabber.cpp:750] signal operator start
I1003 14:25:04.282371  7028 getmultilidardata.cpp:244] id:2
I1003 14:25:04.282646  6960 getmultilidardata.cpp:1432] lidarid:2
I1003 14:25:04.282653  6960 getmultilidardata.cpp:1424] lidarid:2
I1003 14:25:04.282861  7028 myhdl_grabber.cpp:753] signal operator end
I1003 14:25:04.282866  7028 myhdl_grabber.cpp:754] temper_index_=0
I1003 14:25:04.282871  7028 getmultilidardata.cpp:244] id:3
I1003 14:25:04.283041  6960 getmultilidardata.cpp:1442] lidarid:2
I1003 14:25:04.283046  6960 getmultilidardata.cpp:1424] lidarid:1
I1003 14:25:04.283406  6960 getmultilidardata.cpp:1432] lidarid:1
I1003 14:25:04.283412  6960 getmultilidardata.cpp:1424] lidarid:1
I1003 14:25:04.283612  6960 getmultilidardata.cpp:1442] lidarid:1
I1003 14:25:04.305455  6960 getmultilidardata.cpp:1300] cloudstartnum[lidarid]=0
I1003 14:25:04.305480  6960 getmultilidardata.cpp:1300] cloudstartnum[lidarid]=58208
I1003 14:25:04.305485  6960 getmultilidardata.cpp:1300] cloudstartnum[lidarid]=90464
I1003 14:25:04.307090  6960 getmultilidardata.cpp:1300] cloudstartnum[lidarid]=0
I1003 14:25:04.307106  6960 getmultilidardata.cpp:1300] cloudstartnum[lidarid]=58208
I1003 14:25:04.307111  6960 getmultilidardata.cpp:1300] cloudstartnum[lidarid]=90464
I1003 14:25:04.308419  6960 getmultilidardata.cpp:1580]  time:0.0260703
I1003 14:25:04.309367  6960 getmultilidardata.cpp:1600] pub pointcloud:122723
I1003 14:25:04.350103  7030 getmultilidardata.cpp:493] get lidar data
I1003 14:25:04.380712  7027 myhdl_grabber.cpp:565] id:0 temprotation:14 last_azimuth_35994
I1003 14:25:04.380731  7027 myhdl_grabber.cpp:750] signal operator start
I1003 14:25:04.380736  7027 getmultilidardata.cpp:244] id:0
I1003 14:25:04.381088  7027 myhdl_grabber.cpp:753] signal operator end
I1003 14:25:04.381093  7027 myhdl_grabber.cpp:754] temper_index_=25
I1003 14:25:04.381096  7027 getmultilidardata.cpp:244] id:1
I1003 14:25:04.381134  6960 getmultilidardata.cpp:1424] lidarid:0
I1003 14:25:04.381803  6960 getmultilidardata.cpp:1432] lidarid:0
I1003 14:25:04.381809  6960 getmultilidardata.cpp:1424] lidarid:0
I1003 14:25:04.381882  7028 myhdl_grabber.cpp:750] signal operator start
I1003 14:25:04.381897  7028 getmultilidardata.cpp:244] id:2
I1003 14:25:04.382323  7028 myhdl_grabber.cpp:753] signal operator end
I1003 14:25:04.382328  7028 myhdl_grabber.cpp:754] temper_index_=0
I1003 14:25:04.382333  7028 getmultilidardata.cpp:244] id:3
I1003 14:25:04.382465  6960 getmultilidardata.cpp:1442] lidarid:0
I1003 14:25:04.382472  6960 getmultilidardata.cpp:1424] lidarid:1
I1003 14:25:04.382578  7029 myhdl_grabber.cpp:750] signal operator start
I1003 14:25:04.382596  7029 getmultilidardata.cpp:244] id:4
I1003 14:25:04.382942  6960 getmultilidardata.cpp:1432] lidarid:1
I1003 14:25:04.382947  6960 getmultilidardata.cpp:1424] lidarid:1
I1003 14:25:04.383054  7029 myhdl_grabber.cpp:753] signal operator end
I1003 14:25:04.383059  7029 myhdl_grabber.cpp:754] temper_index_=8
I1003 14:25:04.383064  7029 getmultilidardata.cpp:244] id:5
I1003 14:25:04.383350  6960 getmultilidardata.cpp:1442] lidarid:1
I1003 14:25:04.383355  6960 getmultilidardata.cpp:1424] lidarid:2
I1003 14:25:04.383630  6960 getmultilidardata.cpp:1432] lidarid:2
I1003 14:25:04.383635  6960 getmultilidardata.cpp:1424] lidarid:2
I1003 14:25:04.383826  6960 getmultilidardata.cpp:1442] lidarid:2
I1003 14:25:04.385094  6960 getmultilidardata.cpp:1300] cloudstartnum[lidarid]=0
I1003 14:25:04.385102  6960 getmultilidardata.cpp:1300] cloudstartnum[lidarid]=57952
I1003 14:25:04.385104  6960 getmultilidardata.cpp:1300] cloudstartnum[lidarid]=89824
I1003 14:25:04.388497  6960 getmultilidardata.cpp:1300] cloudstartnum[lidarid]=0
I1003 14:25:04.388509  6960 getmultilidardata.cpp:1300] cloudstartnum[lidarid]=57952
I1003 14:25:04.388512  6960 getmultilidardata.cpp:1300] cloudstartnum[lidarid]=89824
I1003 14:25:04.389353  6960 getmultilidardata.cpp:1580]  time:0.00677813
I1003 14:25:04.390136  6960 getmultilidardata.cpp:1600] pub pointcloud:122083
I1003 14:25:04.480695  7027 myhdl_grabber.cpp:565] id:0 temprotation:18 last_azimuth_35998
I1003 14:25:04.480722  7027 myhdl_grabber.cpp:750] signal operator start
I1003 14:25:04.480731  7027 getmultilidardata.cpp:244] id:0
I1003 14:25:04.481178  7027 myhdl_grabber.cpp:753] signal operator end
I1003 14:25:04.481184  7027 myhdl_grabber.cpp:754] temper_index_=25
I1003 14:25:04.481192  7027 getmultilidardata.cpp:244] id:1
I1003 14:25:04.481223  6960 getmultilidardata.cpp:1424] lidarid:0
I1003 14:25:04.482216  6960 getmultilidardata.cpp:1432] lidarid:0
I1003 14:25:04.482228  6960 getmultilidardata.cpp:1424] lidarid:0
I1003 14:25:04.482216  7029 myhdl_grabber.cpp:750] signal operator start
I1003 14:25:04.482241  7029 getmultilidardata.cpp:244] id:4
I1003 14:25:04.482825  7029 myhdl_grabber.cpp:753] signal operator end
I1003 14:25:04.482831  7029 myhdl_grabber.cpp:754] temper_index_=8
I1003 14:25:04.482838  7029 getmultilidardata.cpp:244] id:5
I1003 14:25:04.483294  6960 getmultilidardata.cpp:1442] lidarid:0
I1003 14:25:04.483304  6960 getmultilidardata.cpp:1424] lidarid:2
I1003 14:25:04.483592  7028 myhdl_grabber.cpp:750] signal operator start
