I1003 14:24:58.580572  6960 getmultilidardata.cpp:1442] lidarid:2
I1003 14:24:58.582213  6960 getmultilidardata.cpp:1300] cloudstartnum[lidarid]=0
I1003 14:24:58.582223  6960 getmultilidardata.cpp:1300] cloudstartnum[lidarid]=58336
I1003 14:24:58.582228  6960 getmultilidardata.cpp:1300] cloudstartnum[lidarid]=90608
I1003 14:24:58.583973  6960 getmultilidardata.cpp:1300] cloudstartnum[lidarid]=0
I1003 14:24:58.583984  6960 getmultilidardata.cpp:1300] cloudstartnum[lidarid]=58336
I1003 14:24:58.583989  6960 getmultilidardata.cpp:1300] cloudstartnum[lidarid]=90608
I1003 14:24:58.585458  6960 getmultilidardata.cpp:1580]  time:0.00668678
I1003 14:24:58.586539  6960 getmultilidardata.cpp:1600] pub pointcloud:122483
I1003 14:24:58.661609  7030 getmultilidardata.cpp:493] get lidar data
I1003 14:24:58.677685  7027 myhdl_grabber.cpp:565] id:0 temprotation:18 last_azimuth_35998
I1003 14:24:58.677707  7027 myhdl_grabber.cpp:750] signal operator start
I1003 14:24:58.677716  7027 getmultilidardata.cpp:244] id:0
I1003 14:24:58.678107  7027 myhdl_grabber.cpp:753] signal operator end
I1003 14:24:58.678112  7027 myhdl_grabber.cpp:754] temper_index_=25
I1003 14:24:58.678158  6960 getmultilidardata.cpp:1424] lidarid:0
I1003 14:24:58.678169  7027 getmultilidardata.cpp:244] id:1
I1003 14:24:58.678885  6960 getmultilidardata.cpp:1432] lidarid:0
I1003 14:24:58.678894  6960 getmultilidardata.cpp:1424] lidarid:0
I1003 14:24:58.679008  7029 myhdl_grabber.cpp:750] signal operator start
I1003 14:24:58.679028  7029 getmultilidardata.cpp:244] id:4
I1003 14:24:58.679435  7029 myhdl_grabber.cpp:753] signal operator end
I1003 14:24:58.679440  7029 myhdl_grabber.cpp:754] temper_index_=8
I1003 14:24:58.679446  7029 getmultilidardata.cpp:244] id:5
I1003 14:24:58.679473  6960 getmultilidardata.cpp:1442] lidarid:0
I1003 14:24:58.679479  6960 getmultilidardata.cpp:1424] lidarid:2
I1003 14:24:58.679605  7028 myhdl_grabber.cpp:750] signal operator start
I1003 14:24:58.679623  7028 getmultilidardata.cpp:244] id:2
I1003 14:24:58.680016  6960 getmultilidardata.cpp:1432] lidarid:2
I1003 14:24:58.680022  6960 getmultilidardata.cpp:1424] lidarid:2
I1003 14:24:58.680202  7028 myhdl_grabber.cpp:753] signal operator end
I1003 14:24:58.680207  7028 myhdl_grabber.cpp:754] temper_index_=0
I1003 14:24:58.680213  7028 getmultilidardata.cpp:244] id:3
I1003 14:24:58.680502  6960 getmultilidardata.cpp:1442] lidarid:2
I1003 14:24:58.680508  6960 getmultilidardata.cpp:1424] lidarid:1
I1003 14:24:58.680932  6960 getmultilidardata.cpp:1432] lidarid:1
I1003 14:24:58.680938  6960 getmultilidardata.cpp:1424] lidarid:1
I1003 14:24:58.681160  6960 getmultilidardata.cpp:1442] lidarid:1
I1003 14:24:58.703186  6960 getmultilidardata.cpp:1300] cloudstartnum[lidarid]=0
I1003 14:24:58.703214  6960 getmultilidardata.cpp:1300] cloudstartnum[lidarid]=58432
I1003 14:24:58.703220  6960 getmultilidardata.cpp:1300] cloudstartnum[lidarid]=91072
I1003 14:24:58.704813  6960 getmultilidardata.cpp:1300] cloudstartnum[lidarid]=0
I1003 14:24:58.704824  6960 getmultilidardata.cpp:1300] cloudstartnum[lidarid]=58432
I1003 14:24:58.704829  6960 getmultilidardata.cpp:1300] cloudstartnum[lidarid]=91072
I1003 14:24:58.706073  6960 getmultilidardata.cpp:1580]  time:0.0264723
I1003 14:24:58.707057  6960 getmultilidardata.cpp:1600] pub pointcloud:123715
I1003 14:24:58.779052  7027 myhdl_grabber.cpp:565] id:0 temprotation:4 last_azimuth_35984
I1003 14:24:58.779075  7027 myhdl_grabber.cpp:750] signal operator start
I1003 14:24:58.779083  7027 getmultilidardata.cpp:244] id:0
I1003 14:24:58.779460  7027 myhdl_grabber.cpp:753] signal operator end
I1003 14:24:58.779465  7027 myhdl_grabber.cpp:754] temper_index_=25
I1003 14:24:58.779471  7027 getmultilidardata.cpp:244] id:1
I1003 14:24:58.779515  6960 getmultilidardata.cpp:1424] lidarid:0
I1003 14:24:58.780192  6960 getmultilidardata.cpp:1432] lidarid:0
I1003 14:24:58.780201  6960 getmultilidardata.cpp:1424] lidarid:0
I1003 14:24:58.780359  7028 myhdl_grabber.cpp:750] signal operator start
I1003 14:24:58.780376  7028 getmultilidardata.cpp:244] id:2
I1003 14:24:58.780731  6960 getmultilidardata.cpp:1442] lidarid:0
I1003 14:24:58.780776  7028 myhdl_grabber.cpp:753] signal operator end
I1003 14:24:58.780781  7028 myhdl_grabber.cpp:754] temper_index_=0
I1003 14:24:58.780784  7028 getmultilidardata.cpp:244] id:3
I1003 14:24:58.780827  6960 getmultilidardata.cpp:1424] lidarid:1
I1003 14:24:58.781213  6960 getmultilidardata.cpp:1432] lidarid:1
I1003 14:24:58.781220  6960 getmultilidardata.cpp:1424] lidarid:1
I1003 14:24:58.781224  7029 myhdl_grabber.cpp:750] signal operator start
I1003 14:24:58.781230  7029 getmultilidardata.cpp:244] id:4
I1003 14:24:58.781631  6960 getmultilidardata.cpp:1442] lidarid:1
I1003 14:24:58.781661  7029 myhdl_grabber.cpp:753] signal operator end
I1003 14:24:58.781666  7029 myhdl_grabber.cpp:754] temper_index_=8
I1003 14:24:58.781666  6960 getmultilidardata.cpp:1424] lidarid:2
I1003 14:24:58.781672  7029 getmultilidardata.cpp:244] id:5
I1003 14:24:58.782058  6960 getmultilidardata.cpp:1432] lidarid:2
I1003 14:24:58.782092  6960 getmultilidardata.cpp:1424] lidarid:2
I1003 14:24:58.782393  6960 getmultilidardata.cpp:1442] lidarid:2
I1003 14:24:58.783641  6960 getmultilidardata.cpp:1300] cloudstartnum[lidarid]=0
I1003 14:24:58.783679  6960 getmultilidardata.cpp:1300] cloudstartnum[lidarid]=58336
I1003 14:24:58.783684  6960 getmultilidardata.cpp:1300] cloudstartnum[lidarid]=90592
I1003 14:24:58.785140  6960 getmultilidardata.cpp:1300] cloudstartnum[lidarid]=0
I1003 14:24:58.785146  6960 getmultilidardata.cpp:1300] cloudstartnum[lidarid]=58336
I1003 14:24:58.785151  6960 getmultilidardata.cpp:1300] cloudstartnum[lidarid]=90592
I1003 14:24:58.786114  6960 getmultilidardata.cpp:1580]  time:0.00488981
I1003 14:24:58.786842  6960 getmultilidardata.cpp:1600] pub pointcloud:123235
I1003 14:24:58.880177  7027 myhdl_grabber.cpp:565] id:0 temprotation:14 last_azimuth_35994
I1003 14:24:58.880203  7027 myhdl_grabber.cpp:750] signal operator start
I1003 14:24:58.880213  7027 getmultilidardata.cpp:244] id:0
I1003 14:24:58.880682  7027 myhdl_grabber.cpp:753] signal operator end
I1003 14:24:58.880689  7027 myhdl_grabber.cpp:754] temper_index_=25
I1003 14:24:58.880697  7027 getmultilidardata.cpp:244] id:1
I1003 14:24:58.880738  6960 getmultilidardata.cpp:1424] lidarid:0
I1003 14:24:58.881448  6960 getmultilidardata.cpp:1432] lidarid:0
I1003 14:24:58.881458  6960 getmultilidardata.cpp:1424] lidarid:0
I1003 14:24:58.881865  6960 getmultilidardata.cpp:1442] lidarid:0
I1003 14:24:58.881955  7029 myhdl_grabber.cpp:750] signal operator start
I1003 14:24:58.881975  7029 getmultilidardata.cpp:244] id:4
I1003 14:24:58.882267  7029 myhdl_grabber.cpp:753] signal operator end
I1003 14:24:58.882274  7029 myhdl_grabber.cpp:754] temper_index_=8
I1003 14:24:58.882280  7029 getmultilidardata.cpp:244] id:5
I1003 14:24:58.882314  6960 getmultilidardata.cpp:1424] lidarid:2
I1003 14:24:58.882728  6960 getmultilidardata.cpp:1432] lidarid:2
I1003 14:24:58.882736  7028 myhdl_grabber.cpp:750] signal operator start
I1003 14:24:58.882736  6960 getmultilidardata.cpp:1424] lidarid:2
I1003 14:24:58.882745  7028 getmultilidardata.cpp:244] id:2
I1003 14:24:58.883265  6960 getmultilidardata.cpp:1442] lidarid:2
I1003 14:24:58.883306  7028 myhdl_grabber.cpp:753] signal operator end
I1003 14:24:58.883313  7028 myhdl_grabber.cpp:754] temper_index_=0
I1003 14:24:58.883319  7028 getmultilidardata.cpp:244] id:3
I1003 14:24:58.883361  6960 getmultilidardata.cpp:1424] lidarid:1
I1003 14:24:58.884032  6960 getmultilidardata.cpp:1432] lidarid:1
I1003 14:24:58.884040  6960 getmultilidardata.cpp:1424] lidarid:1
I1003 14:24:58.884382  6960 getmultilidardata.cpp:1442] lidarid:1
I1003 14:24:58.906011  6960 getmultilidardata.cpp:1300] cloudstartnum[lidarid]=0
I1003 14:24:58.906038  6960 getmultilidardata.cpp:1300] cloudstartnum[lidarid]=58240
I1003 14:24:58.906044  6960 getmultilidardata.cpp:1300] cloudstartnum[lidarid]=90896
I1003 14:24:58.907694  6960 getmultilidardata.cpp:1300] cloudstartnum[lidarid]=0
I1003 14:24:58.907706  6960 getmultilidardata.cpp:1300] cloudstartnum[lidarid]=58240
I1003 14:24:58.907711  6960 getmultilidardata.cpp:1300] cloudstartnum[lidarid]=90896
I1003 14:24:58.909096  6960 getmultilidardata.cpp:1580]  time:0.026357
I1003 14:24:58.909914  6960 getmultilidardata.cpp:1600] pub pointcloud:123155
I1003 14:24:58.977849  7030 getmultilidardata.cpp:493] get lidar data
I1003 14:24:58.980803  7027 myhdl_grabber.cpp:565] id:0 temprotation:8 last_azimuth_35988
I1003 14:24:58.980824  7027 myhdl_grabber.cpp:750] signal operator start
I1003 14:24:58.980834  7027 getmultilidardata.cpp:244] id:0
I1003 14:24:58.981434  7027 myhdl_grabber.cpp:753] signal operator end
I1003 14:24:58.981444  7027 myhdl_grabber.cpp:754] temper_index_=25
I1003 14:24:58.981451  7027 getmultilidardata.cpp:244] id:1
I1003 14:24:58.981490  6960 getmultilidardata.cpp:1424] lidarid:0
I1003 14:24:58.982213  6960 getmultilidardata.cpp:1432] lidarid:0
I1003 14:24:58.982250  6960 getmultilidardata.cpp:1424] lidarid:0
I1003 14:24:58.982677  7029 myhdl_grabber.cpp:750] signal operator start
I1003 14:24:58.982681  6960 getmultilidardata.cpp:1442] lidarid:0
I1003 14:24:58.982712  7029 getmultilidardata.cpp:244] id:4
I1003 14:24:58.983014  7029 myhdl_grabber.cpp:753] signal operator end
I1003 14:24:58.983055  7029 myhdl_grabber.cpp:754] temper_index_=8
I1003 14:24:58.983062  7029 getmultilidardata.cpp:244] id:5
I1003 14:24:58.983067  6960 getmultilidardata.cpp:1424] lidarid:2
I1003 14:24:58.983165  7028 myhdl_grabber.cpp:750] signal operator start
I1003 14:24:58.983189  7028 getmultilidardata.cpp:244] id:2
I1003 14:24:58.983630  6960 getmultilidardata.cpp:1432] lidarid:2
I1003 14:24:58.983639  6960 getmultilidardata.cpp:1424] lidarid:2
I1003 14:24:58.983749  7028 myhdl_grabber.cpp:753] signal operator end
I1003 14:24:58.983760  7028 myhdl_grabber.cpp:754] temper_index_=0
I1003 14:24:58.983769  7028 getmultilidardata.cpp:244] id:3
I1003 14:24:58.984061  6960 getmultilidardata.cpp:1442] lidarid:2
I1003 14:24:58.984068  6960 getmultilidardata.cpp:1424] lidarid:1
I1003 14:24:58.984357  6960 getmultilidardata.cpp:1432] lidarid:1
I1003 14:24:58.984364  6960 getmultilidardata.cpp:1424] lidarid:1
I1003 14:24:58.984609  6960 getmultilidardata.cpp:1442] lidarid:1
I1003 14:24:59.006295  6960 getmultilidardata.cpp:1300] cloudstartnum[lidarid]=0
I1003 14:24:59.006321  6960 getmultilidardata.cpp:1300] cloudstartnum[lidarid]=58016
I1003 14:24:59.006330  6960 getmultilidardata.cpp:1300] cloudstartnum[lidarid]=90272
I1003 14:24:59.007786  6960 getmultilidardata.cpp:1300] cloudstartnum[lidarid]=0
I1003 14:24:59.007797  6960 getmultilidardata.cpp:1300] cloudstartnum[lidarid]=58016
I1003 14:24:59.007800  6960 getmultilidardata.cpp:1300] cloudstartnum[lidarid]=90272
I1003 14:24:59.009210  6960 getmultilidardata.cpp:1580]  time:0.0260499
I1003 14:24:59.009992  6960 getmultilidardata.cpp:1600] pub pointcloud:122531
I1003 14:24:59.080808  7027 myhdl_grabber.cpp:565] id:0 temprotation:4 last_azimuth_35984
I1003 14:24:59.080837  7027 myhdl_grabber.cpp:750] signal operator start
I1003 14:24:59.080844  7027 getmultilidardata.cpp:244] id:0
I1003 14:24:59.081380  7027 myhdl_grabber.cpp:753] signal operator end
I1003 14:24:59.081387  7027 myhdl_grabber.cpp:754] temper_index_=25
I1003 14:24:59.081394  7027 getmultilidardata.cpp:244] id:1
I1003 14:24:59.081435  6960 getmultilidardata.cpp:1424] lidarid:0
I1003 14:24:59.082269  6960 getmultilidardata.cpp:1432] lidarid:0
I1003 14:24:59.082372  6960 getmultilidardata.cpp:1424] lidarid:0
I1003 14:24:59.082888  6960 getmultilidardata.cpp:1442] lidarid:0
I1003 14:24:59.083443  7029 myhdl_grabber.cpp:750] signal operator start
I1003 14:24:59.083467  7029 getmultilidardata.cpp:244] id:4
I1003 14:24:59.083742  7029 myhdl_grabber.cpp:753] signal operator end
I1003 14:24:59.083748  7029 myhdl_grabber.cpp:754] temper_index_=8
I1003 14:24:59.083755  7029 getmultilidardata.cpp:244] id:5
I1003 14:24:59.083798  6960 getmultilidardata.cpp:1424] lidarid:2
I1003 14:24:59.083998  7028 myhdl_grabber.cpp:750] signal operator start
I1003 14:24:59.084022  7028 getmultilidardata.cpp:244] id:2
I1003 14:24:59.084417  7028 myhdl_grabber.cpp:753] signal operator end
I1003 14:24:59.084424  7028 myhdl_grabber.cpp:754] temper_index_=0
I1003 14:24:59.084431  7028 getmultilidardata.cpp:244] id:3
I1003 14:24:59.084517  6960 getmultilidardata.cpp:1432] lidarid:2
I1003 14:24:59.084534  6960 getmultilidardata.cpp:1424] lidarid:2
I1003 14:24:59.085108  6960 getmultilidardata.cpp:1442] lidarid:2
I1003 14:24:59.085120  6960 getmultilidardata.cpp:1424] lidarid:1
I1003 14:24:59.085469  6960 getmultilidardata.cpp:1432] lidarid:1
I1003 14:24:59.085476  6960 getmultilidardata.cpp:1424] lidarid:1
I1003 14:24:59.085747  6960 getmultilidardata.cpp:1442] lidarid:1
I1003 14:24:59.107390  6960 getmultilidardata.cpp:1300] cloudstartnum[lidarid]=0
I1003 14:24:59.107419  6960 getmultilidardata.cpp:1300] cloudstartnum[lidarid]=57760
I1003 14:24:59.107424  6960 getmultilidardata.cpp:1300] cloudstartnum[lidarid]=90016
I1003 14:24:59.113137  6960 getmultilidardata.cpp:1300] cloudstartnum[lidarid]=0
I1003 14:24:59.113160  6960 getmultilidardata.cpp:1300] cloudstartnum[lidarid]=57760
I1003 14:24:59.113166  6960 getmultilidardata.cpp:1300] cloudstartnum[lidarid]=90016
I1003 14:24:59.114787  6960 getmultilidardata.cpp:1580]  time:0.0307908
I1003 14:24:59.115772  6960 getmultilidardata.cpp:1600] pub pointcloud:122291
I1003 14:24:59.180743  7027 myhdl_grabber.cpp:565] id:0 temprotation:2 last_azimuth_35982
I1003 14:24:59.180765  7027 myhdl_grabber.cpp:750] signal operator start
I1003 14:24:59.180773  7027 getmultilidardata.cpp:244] id:0
I1003 14:24:59.181164  7027 myhdl_grabber.cpp:753] signal operator end
I1003 14:24:59.181169  7027 myhdl_grabber.cpp:754] temper_index_=25
I1003 14:24:59.181174  7027 getmultilidardata.cpp:244] id:1
I1003 14:24:59.181213  6960 getmultilidardata.cpp:1424] lidarid:0
I1003 14:24:59.181885  6960 getmultilidardata.cpp:1432] lidarid:0
I1003 14:24:59.181892  6960 getmultilidardata.cpp:1424] lidarid:0
I1003 14:24:59.181901  7029 myhdl_grabber.cpp:750] signal operator start
I1003 14:24:59.181917  7029 getmultilidardata.cpp:244] id:4
I1003 14:24:59.182334  7029 myhdl_grabber.cpp:753] signal operator end
I1003 14:24:59.182340  7029 myhdl_grabber.cpp:754] temper_index_=8
I1003 14:24:59.182345  7029 getmultilidardata.cpp:244] id:5
I1003 14:24:59.182348  7028 myhdl_grabber.cpp:750] signal operator start
I1003 14:24:59.182366  7028 getmultilidardata.cpp:244] id:2
I1003 14:24:59.182737  6960 getmultilidardata.cpp:1442] lidarid:0
I1003 14:24:59.182744  6960 getmultilidardata.cpp:1424] lidarid:2
I1003 14:24:59.182982  7028 myhdl_grabber.cpp:753] signal operator end
I1003 14:24:59.182988  7028 myhdl_grabber.cpp:754] temper_index_=0
I1003 14:24:59.182993  7028 getmultilidardata.cpp:244] id:3
I1003 14:24:59.183204  6960 getmultilidardata.cpp:1432] lidarid:2
I1003 14:24:59.183209  6960 getmultilidardata.cpp:1424] lidarid:2
I1003 14:24:59.183511  6960 getmultilidardata.cpp:1442] lidarid:2
I1003 14:24:59.183517  6960 getmultilidardata.cpp:1424] lidarid:1
I1003 14:24:59.183754  6960 getmultilidardata.cpp:1432] lidarid:1
I1003 14:24:59.183759  6960 getmultilidardata.cpp:1424] lidarid:1
I1003 14:24:59.183956  6960 getmultilidardata.cpp:1442] lidarid:1
I1003 14:24:59.206305  6960 getmultilidardata.cpp:1300] cloudstartnum[lidarid]=0
I1003 14:24:59.206324  6960 getmultilidardata.cpp:1300] cloudstartnum[lidarid]=57504
I1003 14:24:59.206328  6960 getmultilidardata.cpp:1300] cloudstartnum[lidarid]=89008
I1003 14:24:59.207607  6960 getmultilidardata.cpp:1300] cloudstartnum[lidarid]=0
I1003 14:24:59.207614  6960 getmultilidardata.cpp:1300] cloudstartnum[lidarid]=57504
I1003 14:24:59.207617  6960 getmultilidardata.cpp:1300] cloudstartnum[lidarid]=89008
I1003 14:24:59.208382  6960 getmultilidardata.cpp:1580]  time:0.0260376
I1003 14:24:59.210161  6960 getmultilidardata.cpp:1600] pub pointcloud:120499
I1003 14:24:59.279965  7027 myhdl_grabber.cpp:565] id:0 temprotation:4 last_azimuth_35984
I1003 14:24:59.279979  7027 myhdl_grabber.cpp:750] signal operator start
I1003 14:24:59.279983  7027 getmultilidardata.cpp:244] id:0
I1003 14:24:59.280346  7027 myhdl_grabber.cpp:753] signal operator end
I1003 14:24:59.280349  7027 myhdl_grabber.cpp:754] temper_index_=25
I1003 14:24:59.280352  7027 getmultilidardata.cpp:244] id:1
I1003 14:24:59.280390  6960 getmultilidardata.cpp:1424] lidarid:0
I1003 14:24:59.281054  6960 getmultilidardata.cpp:1432] lidarid:0
I1003 14:24:59.281059  6960 getmultilidardata.cpp:1424] lidarid:0
I1003 14:24:59.281409  7029 myhdl_grabber.cpp:750] signal operator start
I1003 14:24:59.281414  7029 getmultilidardata.cpp:244] id:4
I1003 14:24:59.281543  6960 getmultilidardata.cpp:1442] lidarid:0
I1003 14:24:59.281785  7029 myhdl_grabber.cpp:753] signal operator end
I1003 14:24:59.281788  7029 myhdl_grabber.cpp:754] temper_index_=8
I1003 14:24:59.281791  7029 getmultilidardata.cpp:244] id:5
I1003 14:24:59.281826  6960 getmultilidardata.cpp:1424] lidarid:2
I1003 14:24:59.281926  7028 myhdl_grabber.cpp:750] signal operator start
I1003 14:24:59.281931  7028 getmultilidardata.cpp:244] id:2
I1003 14:24:59.282243  6960 getmultilidardata.cpp:1432] lidarid:2
I1003 14:24:59.282299  7028 myhdl_grabber.cpp:753] signal operator end
I1003 14:24:59.282302  7028 myhdl_grabber.cpp:754] temper_index_=0
I1003 14:24:59.282305  7028 getmultilidardata.cpp:244] id:3
I1003 14:24:59.282338  6960 getmultilidardata.cpp:1424] lidarid:1
I1003 14:24:59.282768  6960 getmultilidardata.cpp:1432] lidarid:1
I1003 14:24:59.282773  6960 getmultilidardata.cpp:1424] lidarid:1
I1003 14:24:59.283049  6960 getmultilidardata.cpp:1442] lidarid:1
I1003 14:24:59.283149  6960 getmultilidardata.cpp:1424] lidarid:2
I1003 14:24:59.283392  6960 getmultilidardata.cpp:1442] lidarid:2
I1003 14:24:59.285334  6960 getmultilidardata.cpp:1300] cloudstartnum[lidarid]=0
I1003 14:24:59.285363  6960 getmultilidardata.cpp:1300] cloudstartnum[lidarid]=57280
I1003 14:24:59.285365  6960 getmultilidardata.cpp:1300] cloudstartnum[lidarid]=89168
I1003 14:24:59.286846  6960 getmultilidardata.cpp:1300] cloudstartnum[lidarid]=0
I1003 14:24:59.286852  6960 getmultilidardata.cpp:1300] cloudstartnum[lidarid]=57280
I1003 14:24:59.286854  6960 getmultilidardata.cpp:1300] cloudstartnum[lidarid]=89168
I1003 14:24:59.287607  6960 getmultilidardata.cpp:1580]  time:0.00567755
I1003 14:24:59.288311  6960 getmultilidardata.cpp:1600] pub pointcloud:121043
I1003 14:24:59.293934  7030 getmultilidardata.cpp:493] get lidar data
I1003 14:24:59.378688  7027 myhdl_grabber.cpp:565] id:0 temprotation:14 last_azimuth_35994
I1003 14:24:59.378715  7027 myhdl_grabber.cpp:750] signal operator start
I1003 14:24:59.378724  7027 getmultilidardata.cpp:244] id:0
I1003 14:24:59.379176  7027 myhdl_grabber.cpp:753] signal operator end
I1003 14:24:59.379184  7027 myhdl_grabber.cpp:754] temper_index_=25
I1003 14:24:59.379190  7027 getmultilidardata.cpp:244] id:1
I1003 14:24:59.379232  6960 getmultilidardata.cpp:1424] lidarid:0
I1003 14:24:59.379906  6960 getmultilidardata.cpp:1432] lidarid:0
I1003 14:24:59.379925  6960 getmultilidardata.cpp:1424] lidarid:0
I1003 14:24:59.379906  7029 myhdl_grabber.cpp:750] signal operator start
I1003 14:24:59.379942  7029 getmultilidardata.cpp:244] id:4
I1003 14:24:59.380345  7029 myhdl_grabber.cpp:753] signal operator end
I1003 14:24:59.380352  7029 myhdl_grabber.cpp:754] temper_index_=8
I1003 14:24:59.380358  7029 getmultilidardata.cpp:244] id:5
I1003 14:24:59.380414  7028 myhdl_grabber.cpp:750] signal operator start
I1003 14:24:59.380436  7028 getmultilidardata.cpp:244] id:2
I1003 14:24:59.380718  6960 getmultilidardata.cpp:1442] lidarid:0
I1003 14:24:59.380728  6960 getmultilidardata.cpp:1424] lidarid:2
I1003 14:24:59.381028  7028 myhdl_grabber.cpp:753] signal operator end
I1003 14:24:59.381036  7028 myhdl_grabber.cpp:754] temper_index_=0
I1003 14:24:59.381042  7028 getmultilidardata.cpp:244] id:3
I1003 14:24:59.381201  6960 getmultilidardata.cpp:1432] lidarid:2
I1003 14:24:59.381208  6960 getmultilidardata.cpp:1424] lidarid:2
I1003 14:24:59.381553  6960 getmultilidardata.cpp:1442] lidarid:2
I1003 14:24:59.381561  6960 getmultilidardata.cpp:1424] lidarid:1
I1003 14:24:59.381831  6960 getmultilidardata.cpp:1432] lidarid:1
I1003 14:24:59.381839  6960 getmultilidardata.cpp:1424] lidarid:1
I1003 14:24:59.382077  6960 getmultilidardata.cpp:1442] lidarid:1
I1003 14:24:59.403625  6960 getmultilidardata.cpp:1300] cloudstartnum[lidarid]=0
I1003 14:24:59.403653  6960 getmultilidardata.cpp:1300] cloudstartnum[lidarid]=57120
I1003 14:24:59.403659  6960 getmultilidardata.cpp:1300] cloudstartnum[lidarid]=88624
I1003 14:24:59.405076  6960 getmultilidardata.cpp:1300] cloudstartnum[lidarid]=0
I1003 14:24:59.405086  6960 getmultilidardata.cpp:1300] cloudstartnum[lidarid]=57120
I1003 14:24:59.405092  6960 getmultilidardata.cpp:1300] cloudstartnum[lidarid]=88624
I1003 14:24:59.406411  6960 getmultilidardata.cpp:1580]  time:0.0260017
I1003 14:24:59.407210  6960 getmultilidardata.cpp:1600] pub pointcloud:120131
I1003 14:24:59.477855  7027 myhdl_grabber.cpp:565] id:0 temprotation:18 last_azimuth_35998
I1003 14:24:59.477882  7027 myhdl_grabber.cpp:750] signal operator start
I1003 14:24:59.477891  7027 getmultilidardata.cpp:244] id:0
I1003 14:24:59.478358  7027 myhdl_grabber.cpp:753] signal operator end
I1003 14:24:59.478364  7027 myhdl_grabber.cpp:754] temper_index_=25
I1003 14:24:59.478370  7027 getmultilidardata.cpp:244] id:1
I1003 14:24:59.478416  6960 getmultilidardata.cpp:1424] lidarid:0
I1003 14:24:59.479105  6960 getmultilidardata.cpp:1432] lidarid:0
I1003 14:24:59.479115  6960 getmultilidardata.cpp:1424] lidarid:0
I1003 14:24:59.479476  7029 myhdl_grabber.cpp:750] signal operator start
I1003 14:24:59.479498  7029 getmultilidardata.cpp:244] id:4
I1003 14:24:59.479511  6960 getmultilidardata.cpp:1442] lidarid:0
I1003 14:24:59.479771  7029 myhdl_grabber.cpp:753] signal operator end
I1003 14:24:59.479777  7029 myhdl_grabber.cpp:754] temper_index_=8
I1003 14:24:59.479784  7029 getmultilidardata.cpp:244] id:5
I1003 14:24:59.479836  6960 getmultilidardata.cpp:1424] lidarid:2
I1003 14:24:59.480216  7028 myhdl_grabber.cpp:750] signal operator start
I1003 14:24:59.480224  7028 getmultilidardata.cpp:244] id:2
I1003 14:24:59.480396  6960 getmultilidardata.cpp:1432] lidarid:2
I1003 14:24:59.480404  6960 getmultilidardata.cpp:1424] lidarid:2
I1003 14:24:59.480538  7028 myhdl_grabber.cpp:753] signal operator end
I1003 14:24:59.480545  7028 myhdl_grabber.cpp:754] temper_index_=0
I1003 14:24:59.480551  7028 getmultilidardata.cpp:244] id:3
I1003 14:24:59.480823  6960 getmultilidardata.cpp:1442] lidarid:2
I1003 14:24:59.480830  6960 getmultilidardata.cpp:1424] lidarid:1
I1003 14:24:59.481132  6960 getmultilidardata.cpp:1432] lidarid:1
I1003 14:24:59.481138  6960 getmultilidardata.cpp:1424] lidarid:1
I1003 14:24:59.481386  6960 getmultilidardata.cpp:1442] lidarid:1
I1003 14:24:59.503088  6960 getmultilidardata.cpp:1300] cloudstartnum[lidarid]=0
I1003 14:24:59.503116  6960 getmultilidardata.cpp:1300] cloudstartnum[lidarid]=56992
I1003 14:24:59.503121  6960 getmultilidardata.cpp:1300] cloudstartnum[lidarid]=88880
I1003 14:24:59.504858  6960 getmultilidardata.cpp:1300] cloudstartnum[lidarid]=0
I1003 14:24:59.504878  6960 getmultilidardata.cpp:1300] cloudstartnum[lidarid]=56992
I1003 14:24:59.504884  6960 getmultilidardata.cpp:1300] cloudstartnum[lidarid]=88880
I1003 14:24:59.506167  6960 getmultilidardata.cpp:1580]  time:0.0259466
I1003 14:24:59.507181  6960 getmultilidardata.cpp:1600] pub pointcloud:120755
I1003 14:24:59.576529  7027 myhdl_grabber.cpp:565] id:0 temprotation:8 last_azimuth_35988
I1003 14:24:59.576551  7027 myhdl_grabber.cpp:750] signal operator start
I1003 14:24:59.576560  7027 getmultilidardata.cpp:244] id:0
I1003 14:24:59.576930  7027 myhdl_grabber.cpp:753] signal operator end
I1003 14:24:59.576936  7027 myhdl_grabber.cpp:754] temper_index_=25
I1003 14:24:59.576939  7027 getmultilidardata.cpp:244] id:1
I1003 14:24:59.576964  6960 getmultilidardata.cpp:1424] lidarid:0
I1003 14:24:59.577631  6960 getmultilidardata.cpp:1432] lidarid:0
I1003 14:24:59.577638  6960 getmultilidardata.cpp:1424] lidarid:0
I1003 14:24:59.577836  7029 myhdl_grabber.cpp:750] signal operator start
I1003 14:24:59.577854  7029 getmultilidardata.cpp:244] id:4
I1003 14:24:59.578225  6960 getmultilidardata.cpp:1442] lidarid:0
I1003 14:24:59.578261  7029 myhdl_grabber.cpp:753] signal operator end
I1003 14:24:59.578266  7029 myhdl_grabber.cpp:754] temper_index_=8
I1003 14:24:59.578271  7029 getmultilidardata.cpp:244] id:5
I1003 14:24:59.578310  6960 getmultilidardata.cpp:1424] lidarid:2
I1003 14:24:59.578399  7028 myhdl_grabber.cpp:750] signal operator start
I1003 14:24:59.578419  7028 getmultilidardata.cpp:244] id:2
I1003 14:24:59.578848  6960 getmultilidardata.cpp:1432] lidarid:2
I1003 14:24:59.578855  6960 getmultilidardata.cpp:1424] lidarid:2
I1003 14:24:59.578923  7028 myhdl_grabber.cpp:753] signal operator end
I1003 14:24:59.578928  7028 myhdl_grabber.cpp:754] temper_index_=0
I1003 14:24:59.578933  7028 getmultilidardata.cpp:244] id:3
I1003 14:24:59.579228  6960 getmultilidardata.cpp:1442] lidarid:2
I1003 14:24:59.579234  6960 getmultilidardata.cpp:1424] lidarid:1
I1003 14:24:59.579490  6960 getmultilidardata.cpp:1432] lidarid:1
I1003 14:24:59.579495  6960 getmultilidardata.cpp:1424] lidarid:1
I1003 14:24:59.579717  6960 getmultilidardata.cpp:1442] lidarid:1
I1003 14:24:59.601354  6960 getmultilidardata.cpp:1300] cloudstartnum[lidarid]=0
I1003 14:24:59.601382  6960 getmultilidardata.cpp:1300] cloudstartnum[lidarid]=56928
I1003 14:24:59.601425  6960 getmultilidardata.cpp:1300] cloudstartnum[lidarid]=88432
I1003 14:24:59.603148  6960 getmultilidardata.cpp:1300] cloudstartnum[lidarid]=0
I1003 14:24:59.603160  6960 getmultilidardata.cpp:1300] cloudstartnum[lidarid]=56928
I1003 14:24:59.603165  6960 getmultilidardata.cpp:1300] cloudstartnum[lidarid]=88432
I1003 14:24:59.604552  6960 getmultilidardata.cpp:1580]  time:0.0261562
I1003 14:24:59.605504  6960 getmultilidardata.cpp:1600] pub pointcloud:119923
I1003 14:24:59.609717  7030 getmultilidardata.cpp:493] get lidar data
I1003 14:24:59.675169  7027 myhdl_grabber.cpp:565] id:0 temprotation:12 last_azimuth_35992
I1003 14:24:59.675191  7027 myhdl_grabber.cpp:750] signal operator start
I1003 14:24:59.675199  7027 getmultilidardata.cpp:244] id:0
I1003 14:24:59.675570  7027 myhdl_grabber.cpp:753] signal operator end
I1003 14:24:59.675576  7027 myhdl_grabber.cpp:754] temper_index_=25
I1003 14:24:59.675581  7027 getmultilidardata.cpp:244] id:1
I1003 14:24:59.675619  6960 getmultilidardata.cpp:1424] lidarid:0
I1003 14:24:59.676278  6960 getmultilidardata.cpp:1432] lidarid:0
I1003 14:24:59.676285  6960 getmultilidardata.cpp:1424] lidarid:0
I1003 14:24:59.676298  7029 myhdl_grabber.cpp:750] signal operator start
I1003 14:24:59.676317  7029 getmultilidardata.cpp:244] id:4
I1003 14:24:59.676736  7029 myhdl_grabber.cpp:753] signal operator end
I1003 14:24:59.676741  7029 myhdl_grabber.cpp:754] temper_index_=8
I1003 14:24:59.676748  7029 getmultilidardata.cpp:244] id:5
I1003 14:24:59.676810  7028 myhdl_grabber.cpp:750] signal operator start
I1003 14:24:59.676828  7028 getmultilidardata.cpp:244] id:2
I1003 14:24:59.677038  6960 getmultilidardata.cpp:1442] lidarid:0
I1003 14:24:59.677045  6960 getmultilidardata.cpp:1424] lidarid:2
I1003 14:24:59.677386  7028 myhdl_grabber.cpp:753] signal operator end
I1003 14:24:59.677392  7028 myhdl_grabber.cpp:754] temper_index_=0
I1003 14:24:59.677397  7028 getmultilidardata.cpp:244] id:3
I1003 14:24:59.677521  6960 getmultilidardata.cpp:1432] lidarid:2
I1003 14:24:59.677527  6960 getmultilidardata.cpp:1424] lidarid:2
I1003 14:24:59.677896  6960 getmultilidardata.cpp:1442] lidarid:2
I1003 14:24:59.677901  6960 getmultilidardata.cpp:1424] lidarid:1
I1003 14:24:59.678148  6960 getmultilidardata.cpp:1432] lidarid:1
I1003 14:24:59.678153  6960 getmultilidardata.cpp:1424] lidarid:1
I1003 14:24:59.678382  6960 getmultilidardata.cpp:1442] lidarid:1
I1003 14:24:59.699787  6960 getmultilidardata.cpp:1300] cloudstartnum[lidarid]=0
I1003 14:24:59.699808  6960 getmultilidardata.cpp:1300] cloudstartnum[lidarid]=56992
I1003 14:24:59.699812  6960 getmultilidardata.cpp:1300] cloudstartnum[lidarid]=88496
I1003 14:24:59.701321  6960 getmultilidardata.cpp:1300] cloudstartnum[lidarid]=0
I1003 14:24:59.701331  6960 getmultilidardata.cpp:1300] cloudstartnum[lidarid]=56992
I1003 14:24:59.701335  6960 getmultilidardata.cpp:1300] cloudstartnum[lidarid]=88496
I1003 14:24:59.702750  6960 getmultilidardata.cpp:1580]  time:0.0259432
I1003 14:24:59.703518  6960 getmultilidardata.cpp:1600] pub pointcloud:119987
I1003 14:24:59.774451  7027 myhdl_grabber.cpp:565] id:0 temprotation:18 last_azimuth_35998
I1003 14:24:59.774467  7027 myhdl_grabber.cpp:750] signal operator start
I1003 14:24:59.774472  7027 getmultilidardata.cpp:244] id:0
I1003 14:24:59.774818  7027 myhdl_grabber.cpp:753] signal operator end
I1003 14:24:59.774822  7027 myhdl_grabber.cpp:754] temper_index_=25
I1003 14:24:59.774825  7027 getmultilidardata.cpp:244] id:1
I1003 14:24:59.774852  6960 getmultilidardata.cpp:1424] lidarid:0
I1003 14:24:59.775524  6960 getmultilidardata.cpp:1432] lidarid:0
I1003 14:24:59.775530  6960 getmultilidardata.cpp:1424] lidarid:0
I1003 14:24:59.775858  6960 getmultilidardata.cpp:1442] lidarid:0
I1003 14:24:59.775854  7029 myhdl_grabber.cpp:750] signal operator start
I1003 14:24:59.775869  7029 getmultilidardata.cpp:244] id:4
I1003 14:24:59.775872  7028 myhdl_grabber.cpp:750] signal operator start
I1003 14:24:59.775878  7028 getmultilidardata.cpp:244] id:2
I1003 14:24:59.776312  7029 myhdl_grabber.cpp:753] signal operator end
I1003 14:24:59.776346  7029 myhdl_grabber.cpp:754] temper_index_=8
I1003 14:24:59.776351  7029 getmultilidardata.cpp:244] id:5
I1003 14:24:59.776315  7028 myhdl_grabber.cpp:753] signal operator end
I1003 14:24:59.776329  6960 getmultilidardata.cpp:1424] lidarid:1
I1003 14:24:59.776389  7028 myhdl_grabber.cpp:754] temper_index_=0
I1003 14:24:59.776407  7028 getmultilidardata.cpp:244] id:3
I1003 14:24:59.776947  6960 getmultilidardata.cpp:1432] lidarid:1
I1003 14:24:59.776955  6960 getmultilidardata.cpp:1424] lidarid:2
I1003 14:24:59.777175  6960 getmultilidardata.cpp:1432] lidarid:2
I1003 14:24:59.777179  6960 getmultilidardata.cpp:1424] lidarid:2
I1003 14:24:59.777359  6960 getmultilidardata.cpp:1442] lidarid:2
I1003 14:24:59.777364  6960 getmultilidardata.cpp:1424] lidarid:1
I1003 14:24:59.777555  6960 getmultilidardata.cpp:1442] lidarid:1
I1003 14:24:59.798943  6960 getmultilidardata.cpp:1300] cloudstartnum[lidarid]=0
I1003 14:24:59.798961  6960 getmultilidardata.cpp:1300] cloudstartnum[lidarid]=57120
I1003 14:24:59.798965  6960 getmultilidardata.cpp:1300] cloudstartnum[lidarid]=88608
I1003 14:24:59.800299  6960 getmultilidardata.cpp:1300] cloudstartnum[lidarid]=0
I1003 14:24:59.800307  6960 getmultilidardata.cpp:1300] cloudstartnum[lidarid]=57120
I1003 14:24:59.800310  6960 getmultilidardata.cpp:1300] cloudstartnum[lidarid]=88608
I1003 14:24:59.801324  6960 getmultilidardata.cpp:1580]  time:0.0254479
I1003 14:24:59.801908  6960 getmultilidardata.cpp:1600] pub pointcloud:120483
I1003 14:24:59.873670  7027 myhdl_grabber.cpp:565] id:0 temprotation:2 last_azimuth_35982
I1003 14:24:59.873699  7027 myhdl_grabber.cpp:750] signal operator start
I1003 14:24:59.873709  7027 getmultilidardata.cpp:244] id:0
I1003 14:24:59.874226  7027 myhdl_grabber.cpp:753] signal operator end
I1003 14:24:59.874234  7027 myhdl_grabber.cpp:754] temper_index_=25
I1003 14:24:59.874240  7027 getmultilidardata.cpp:244] id:1
I1003 14:24:59.874279  6960 getmultilidardata.cpp:1424] lidarid:0
I1003 14:24:59.875010  6960 getmultilidardata.cpp:1432] lidarid:0
I1003 14:24:59.875020  6960 getmultilidardata.cpp:1424] lidarid:0
I1003 14:24:59.875516  7029 myhdl_grabber.cpp:750] signal operator start
I1003 14:24:59.875541  7029 getmultilidardata.cpp:244] id:4
I1003 14:24:59.875542  6960 getmultilidardata.cpp:1442] lidarid:0
I1003 14:24:59.875972  6960 getmultilidardata.cpp:1424] lidarid:2
I1003 14:24:59.876291  7028 myhdl_grabber.cpp:750] signal operator start
I1003 14:24:59.876317  7028 getmultilidardata.cpp:244] id:2
I1003 14:24:59.876531  6960 getmultilidardata.cpp:1432] lidarid:2
I1003 14:24:59.876551  7029 myhdl_grabber.cpp:753] signal operator end
I1003 14:24:59.876559  7029 myhdl_grabber.cpp:754] temper_index_=8
I1003 14:24:59.876566  7029 getmultilidardata.cpp:244] id:5
I1003 14:24:59.876986  6960 getmultilidardata.cpp:1424] lidarid:1
I1003 14:24:59.877288  6960 getmultilidardata.cpp:1432] lidarid:1
I1003 14:24:59.877297  6960 getmultilidardata.cpp:1424] lidarid:2
I1003 14:24:59.877549  6960 getmultilidardata.cpp:1442] lidarid:2
I1003 14:24:59.877568  7028 myhdl_grabber.cpp:753] signal operator end
I1003 14:24:59.877573  7028 myhdl_grabber.cpp:754] temper_index_=0
I1003 14:24:59.877580  7028 getmultilidardata.cpp:244] id:3
I1003 14:24:59.877884  6960 getmultilidardata.cpp:1424] lidarid:1
I1003 14:24:59.878193  6960 getmultilidardata.cpp:1442] lidarid:1
I1003 14:24:59.899915  6960 getmultilidardata.cpp:1300] cloudstartnum[lidarid]=0
I1003 14:24:59.899943  6960 getmultilidardata.cpp:1300] cloudstartnum[lidarid]=57280
I1003 14:24:59.899950  6960 getmultilidardata.cpp:1300] cloudstartnum[lidarid]=89552
I1003 14:24:59.902046  6960 getmultilidardata.cpp:1300] cloudstartnum[lidarid]=0
I1003 14:24:59.902065  6960 getmultilidardata.cpp:1300] cloudstartnum[lidarid]=57280
I1003 14:24:59.902070  6960 getmultilidardata.cpp:1300] cloudstartnum[lidarid]=89552
I1003 14:24:59.903653  6960 getmultilidardata.cpp:1580]  time:0.0273668
I1003 14:24:59.905355  6960 getmultilidardata.cpp:1600] pub pointcloud:121443
I1003 14:24:59.925840  7030 getmultilidardata.cpp:493] get lidar data
I1003 14:24:59.973611  7027 myhdl_grabber.cpp:565] id:0 temprotation:4 last_azimuth_35984
I1003 14:24:59.973625  7027 myhdl_grabber.cpp:750] signal operator start
I1003 14:24:59.973629  7027 getmultilidardata.cpp:244] id:0
I1003 14:24:59.974016  7027 myhdl_grabber.cpp:753] signal operator end
I1003 14:24:59.974020  7027 myhdl_grabber.cpp:754] temper_index_=25
I1003 14:24:59.974022  7027 getmultilidardata.cpp:244] id:1
I1003 14:24:59.974061  6960 getmultilidardata.cpp:1424] lidarid:0
I1003 14:24:59.974848  6960 getmultilidardata.cpp:1432] lidarid:0
I1003 14:24:59.974853  6960 getmultilidardata.cpp:1424] lidarid:0
I1003 14:24:59.975018  7029 myhdl_grabber.cpp:750] signal operator start
I1003 14:24:59.975025  7029 getmultilidardata.cpp:244] id:4
I1003 14:24:59.975493  7029 myhdl_grabber.cpp:753] signal operator end
I1003 14:24:59.975497  7029 myhdl_grabber.cpp:754] temper_index_=8
I1003 14:24:59.975500  7029 getmultilidardata.cpp:244] id:5
I1003 14:24:59.975565  6960 getmultilidardata.cpp:1442] lidarid:0
I1003 14:24:59.975569  6960 getmultilidardata.cpp:1424] lidarid:2
I1003 14:24:59.975582  7028 myhdl_grabber.cpp:750] signal operator start
I1003 14:24:59.975594  7028 getmultilidardata.cpp:244] id:2
I1003 14:24:59.976204  6960 getmultilidardata.cpp:1432] lidarid:2
I1003 14:24:59.976208  6960 getmultilidardata.cpp:1424] lidarid:2
I1003 14:24:59.976222  7028 myhdl_grabber.cpp:753] signal operator end
I1003 14:24:59.976225  7028 myhdl_grabber.cpp:754] temper_index_=0
I1003 14:24:59.976229  7028 getmultilidardata.cpp:244] id:3
I1003 14:24:59.976604  6960 getmultilidardata.cpp:1442] lidarid:2
I1003 14:24:59.976608  6960 getmultilidardata.cpp:1424] lidarid:1
I1003 14:24:59.976828  6960 getmultilidardata.cpp:1432] lidarid:1
I1003 14:24:59.976832  6960 getmultilidardata.cpp:1424] lidarid:1
I1003 14:24:59.977070  6960 getmultilidardata.cpp:1442] lidarid:1
I1003 14:24:59.998369  6960 getmultilidardata.cpp:1300] cloudstartnum[lidarid]=0
I1003 14:24:59.998390  6960 getmultilidardata.cpp:1300] cloudstartnum[lidarid]=57536
I1003 14:24:59.998394  6960 getmultilidardata.cpp:1300] cloudstartnum[lidarid]=89408
I1003 14:24:59.999630  6960 getmultilidardata.cpp:1300] cloudstartnum[lidarid]=0
I1003 14:24:59.999639  6960 getmultilidardata.cpp:1300] cloudstartnum[lidarid]=57536
I1003 14:24:59.999642  6960 getmultilidardata.cpp:1300] cloudstartnum[lidarid]=89408
I1003 14:25:00.002022  6960 getmultilidardata.cpp:1580]  time:0.0264397
I1003 14:25:00.005306  6960 getmultilidardata.cpp:1600] pub pointcloud:121283
I1003 14:25:00.073586  7027 myhdl_grabber.cpp:565] id:0 temprotation:8 last_azimuth_35988
I1003 14:25:00.073613  7027 myhdl_grabber.cpp:750] signal operator start
I1003 14:25:00.073623  7027 getmultilidardata.cpp:244] id:0
I1003 14:25:00.074158  7027 myhdl_grabber.cpp:753] signal operator end
I1003 14:25:00.074167  7027 myhdl_grabber.cpp:754] temper_index_=25
I1003 14:25:00.074172  7027 getmultilidardata.cpp:244] id:1
I1003 14:25:00.074227  6960 getmultilidardata.cpp:1424] lidarid:0
I1003 14:25:00.074944  6960 getmultilidardata.cpp:1432] lidarid:0
I1003 14:25:00.074954  6960 getmultilidardata.cpp:1424] lidarid:0
I1003 14:25:00.075143  7028 myhdl_grabber.cpp:750] signal operator start
I1003 14:25:00.075167  7028 getmultilidardata.cpp:244] id:2
I1003 14:25:00.075526  6960 getmultilidardata.cpp:1442] lidarid:0
I1003 14:25:00.075567  7028 myhdl_grabber.cpp:753] signal operator end
I1003 14:25:00.075572  7028 myhdl_grabber.cpp:754] temper_index_=0
I1003 14:25:00.075582  7028 getmultilidardata.cpp:244] id:3
I1003 14:25:00.075596  6960 getmultilidardata.cpp:1424] lidarid:1
I1003 14:25:00.075878  7029 myhdl_grabber.cpp:750] signal operator start
I1003 14:25:00.075902  7029 getmultilidardata.cpp:244] id:4
I1003 14:25:00.076066  6960 getmultilidardata.cpp:1432] lidarid:1
I1003 14:25:00.076073  6960 getmultilidardata.cpp:1424] lidarid:1
I1003 14:25:00.076308  7029 myhdl_grabber.cpp:753] signal operator end
I1003 14:25:00.076315  7029 myhdl_grabber.cpp:754] temper_index_=8
I1003 14:25:00.076321  7029 getmultilidardata.cpp:244] id:5
I1003 14:25:00.076948  6960 getmultilidardata.cpp:1442] lidarid:1
I1003 14:25:00.076956  6960 getmultilidardata.cpp:1424] lidarid:2
I1003 14:25:00.077857  6960 getmultilidardata.cpp:1432] lidarid:2
I1003 14:25:00.077865  6960 getmultilidardata.cpp:1424] lidarid:2
I1003 14:25:00.078799  6960 getmultilidardata.cpp:1442] lidarid:2
I1003 14:25:00.082813  6960 getmultilidardata.cpp:1300] cloudstartnum[lidarid]=0
I1003 14:25:00.082824  6960 getmultilidardata.cpp:1300] cloudstartnum[lidarid]=57792
I1003 14:25:00.082829  6960 getmultilidardata.cpp:1300] cloudstartnum[lidarid]=89664
I1003 14:25:00.084581  6960 getmultilidardata.cpp:1300] cloudstartnum[lidarid]=0
I1003 14:25:00.084594  6960 getmultilidardata.cpp:1300] cloudstartnum[lidarid]=57792
I1003 14:25:00.084599  6960 getmultilidardata.cpp:1300] cloudstartnum[lidarid]=89664
I1003 14:25:00.086218  6960 getmultilidardata.cpp:1580]  time:0.0103423
I1003 14:25:00.087203  6960 getmultilidardata.cpp:1600] pub pointcloud:121923
I1003 14:25:00.174276  7027 myhdl_grabber.cpp:565] id:0 temprotation:4 last_azimuth_35984
I1003 14:25:00.174304  7027 myhdl_grabber.cpp:750] signal operator start
I1003 14:25:00.174314  7027 getmultilidardata.cpp:244] id:0
I1003 14:25:00.174774  7027 myhdl_grabber.cpp:753] signal operator end
I1003 14:25:00.174782  7027 myhdl_grabber.cpp:754] temper_index_=25
I1003 14:25:00.174787  7027 getmultilidardata.cpp:244] id:1
I1003 14:25:00.174789  6960 getmultilidardata.cpp:1424] lidarid:0
I1003 14:25:00.175495  6960 getmultilidardata.cpp:1432] lidarid:0
I1003 14:25:00.175505  6960 getmultilidardata.cpp:1424] lidarid:0
I1003 14:25:00.175523  7029 myhdl_grabber.cpp:750] signal operator start
I1003 14:25:00.175544  7029 getmultilidardata.cpp:244] id:4
I1003 14:25:00.175976  7029 myhdl_grabber.cpp:753] signal operator end
I1003 14:25:00.175981  7029 myhdl_grabber.cpp:754] temper_index_=8
I1003 14:25:00.175988  7029 getmultilidardata.cpp:244] id:5
I1003 14:25:00.175994  7028 myhdl_grabber.cpp:750] signal operator start
I1003 14:25:00.176017  7028 getmultilidardata.cpp:244] id:2
I1003 14:25:00.176295  6960 getmultilidardata.cpp:1442] lidarid:0
I1003 14:25:00.176304  6960 getmultilidardata.cpp:1424] lidarid:2
I1003 14:25:00.176615  7028 myhdl_grabber.cpp:753] signal operator end
I1003 14:25:00.176622  7028 myhdl_grabber.cpp:754] temper_index_=0
I1003 14:25:00.176630  7028 getmultilidardata.cpp:244] id:3
I1003 14:25:00.176837  6960 getmultilidardata.cpp:1432] lidarid:2
I1003 14:25:00.176844  6960 getmultilidardata.cpp:1424] lidarid:2
I1003 14:25:00.177202  6960 getmultilidardata.cpp:1442] lidarid:2
I1003 14:25:00.177209  6960 getmultilidardata.cpp:1424] lidarid:1
I1003 14:25:00.177444  6960 getmultilidardata.cpp:1432] lidarid:1
I1003 14:25:00.177450  6960 getmultilidardata.cpp:1424] lidarid:1
I1003 14:25:00.177687  6960 getmultilidardata.cpp:1442] lidarid:1
I1003 14:25:00.200480  6960 getmultilidardata.cpp:1300] cloudstartnum[lidarid]=0
I1003 14:25:00.200505  6960 getmultilidardata.cpp:1300] cloudstartnum[lidarid]=58016
I1003 14:25:00.200510  6960 getmultilidardata.cpp:1300] cloudstartnum[lidarid]=90288
I1003 14:25:00.202666  6960 getmultilidardata.cpp:1300] cloudstartnum[lidarid]=0
I1003 14:25:00.202679  6960 getmultilidardata.cpp:1300] cloudstartnum[lidarid]=58016
I1003 14:25:00.202684  6960 getmultilidardata.cpp:1300] cloudstartnum[lidarid]=90288
I1003 14:25:00.204046  6960 getmultilidardata.cpp:1580]  time:0.0280558
I1003 14:25:00.205006  6960 getmultilidardata.cpp:1600] pub pointcloud:122163
I1003 14:25:00.241955  7030 getmultilidardata.cpp:493] get lidar data
I1003 14:25:00.275496  7027 myhdl_grabber.cpp:565] id:0 temprotation:14 last_azimuth_35994
I1003 14:25:00.275532  7027 myhdl_grabber.cpp:750] signal operator start
I1003 14:25:00.275543  7027 getmultilidardata.cpp:244] id:0
I1003 14:25:00.276077  7027 myhdl_grabber.cpp:753] signal operator end
I1003 14:25:00.276084  7027 myhdl_grabber.cpp:754] temper_index_=25
I1003 14:25:00.276090  7027 getmultilidardata.cpp:244] id:1
I1003 14:25:00.276134  6960 getmultilidardata.cpp:1424] lidarid:0
I1003 14:25:00.276851  6960 getmultilidardata.cpp:1432] lidarid:0
I1003 14:25:00.276971  6960 getmultilidardata.cpp:1424] lidarid:0
I1003 14:25:00.277451  6960 getmultilidardata.cpp:1442] lidarid:0
I1003 14:25:00.277496  7029 myhdl_grabber.cpp:750] signal operator start
I1003 14:25:00.277520  7029 getmultilidardata.cpp:244] id:4
I1003 14:25:00.277806  7029 myhdl_grabber.cpp:753] signal operator end
I1003 14:25:00.277812  7029 myhdl_grabber.cpp:754] temper_index_=8
I1003 14:25:00.277819  7029 getmultilidardata.cpp:244] id:5
I1003 14:25:00.277866  6960 getmultilidardata.cpp:1424] lidarid:2
I1003 14:25:00.277994  7028 myhdl_grabber.cpp:750] signal operator start
I1003 14:25:00.278020  7028 getmultilidardata.cpp:244] id:2
I1003 14:25:00.278738  6960 getmultilidardata.cpp:1432] lidarid:2
I1003 14:25:00.278748  6960 getmultilidardata.cpp:1424] lidarid:2
I1003 14:25:00.278894  7028 myhdl_grabber.cpp:753] signal operator end
I1003 14:25:00.278903  7028 myhdl_grabber.cpp:754] temper_index_=0
I1003 14:25:00.278909  7028 getmultilidardata.cpp:244] id:3
I1003 14:25:00.279366  6960 getmultilidardata.cpp:1442] lidarid:2
I1003 14:25:00.279374  6960 getmultilidardata.cpp:1424] lidarid:1
I1003 14:25:00.279819  6960 getmultilidardata.cpp:1432] lidarid:1
I1003 14:25:00.279825  6960 getmultilidardata.cpp:1424] lidarid:1
I1003 14:25:00.280094  6960 getmultilidardata.cpp:1442] lidarid:1
I1003 14:25:00.304229  6960 getmultilidardata.cpp:1300] cloudstartnum[lidarid]=0
I1003 14:25:00.304258  6960 getmultilidardata.cpp:1300] cloudstartnum[lidarid]=58240
I1003 14:25:00.304263  6960 getmultilidardata.cpp:1300] cloudstartnum[lidarid]=90880
I1003 14:25:00.305951  6960 getmultilidardata.cpp:1300] cloudstartnum[lidarid]=0
I1003 14:25:00.305964  6960 getmultilidardata.cpp:1300] cloudstartnum[lidarid]=58240
I1003 14:25:00.305968  6960 getmultilidardata.cpp:1300] cloudstartnum[lidarid]=90880
I1003 14:25:00.307296  6960 getmultilidardata.cpp:1580]  time:0.029308
I1003 14:25:00.308571  6960 getmultilidardata.cpp:1600] pub pointcloud:123523
I1003 14:25:00.376322  7027 myhdl_grabber.cpp:565] id:0 temprotation:2 last_azimuth_35982
I1003 14:25:00.376353  7027 myhdl_grabber.cpp:750] signal operator start
I1003 14:25:00.376361  7027 getmultilidardata.cpp:244] id:0
I1003 14:25:00.376998  7027 myhdl_grabber.cpp:753] signal operator end
I1003 14:25:00.377005  7027 myhdl_grabber.cpp:754] temper_index_=25
I1003 14:25:00.377012  7027 getmultilidardata.cpp:244] id:1
I1003 14:25:00.377058  6960 getmultilidardata.cpp:1424] lidarid:0
I1003 14:25:00.378046  6960 getmultilidardata.cpp:1432] lidarid:0
I1003 14:25:00.378053  6960 getmultilidardata.cpp:1424] lidarid:0
I1003 14:25:00.378230  7029 myhdl_grabber.cpp:750] signal operator start
I1003 14:25:00.378252  7029 getmultilidardata.cpp:244] id:4
I1003 14:25:00.378656  7029 myhdl_grabber.cpp:753] signal operator end
I1003 14:25:00.378664  7029 myhdl_grabber.cpp:754] temper_index_=8
I1003 14:25:00.378669  7029 getmultilidardata.cpp:244] id:5
I1003 14:25:00.378677  6960 getmultilidardata.cpp:1442] lidarid:0
I1003 14:25:00.378690  6960 getmultilidardata.cpp:1424] lidarid:2
I1003 14:25:00.379102  6960 getmultilidardata.cpp:1432] lidarid:2
I1003 14:25:00.379108  6960 getmultilidardata.cpp:1424] lidarid:2
I1003 14:25:00.379176  7028 myhdl_grabber.cpp:750] signal operator start
I1003 14:25:00.379185  7028 getmultilidardata.cpp:244] id:2
I1003 14:25:00.379443  6960 getmultilidardata.cpp:1442] lidarid:2
I1003 14:25:00.379544  7028 myhdl_grabber.cpp:753] signal operator end
I1003 14:25:00.379549  7028 myhdl_grabber.cpp:754] temper_index_=0
I1003 14:25:00.379555  7028 getmultilidardata.cpp:244] id:3
I1003 14:25:00.379606  6960 getmultilidardata.cpp:1424] lidarid:1
I1003 14:25:00.380041  6960 getmultilidardata.cpp:1432] lidarid:1
I1003 14:25:00.380050  6960 getmultilidardata.cpp:1424] lidarid:1
I1003 14:25:00.380313  6960 getmultilidardata.cpp:1442] lidarid:1
I1003 14:25:00.401857  6960 getmultilidardata.cpp:1300] cloudstartnum[lidarid]=0
I1003 14:25:00.401882  6960 getmultilidardata.cpp:1300] cloudstartnum[lidarid]=58336
I1003 14:25:00.401923  6960 getmultilidardata.cpp:1300] cloudstartnum[lidarid]=90592
I1003 14:25:00.404508  6960 getmultilidardata.cpp:1300] cloudstartnum[lidarid]=0
I1003 14:25:00.404520  6960 getmultilidardata.cpp:1300] cloudstartnum[lidarid]=58336
I1003 14:25:00.404525  6960 getmultilidardata.cpp:1300] cloudstartnum[lidarid]=90592
I1003 14:25:00.405882  6960 getmultilidardata.cpp:1580]  time:0.0267056
I1003 14:25:00.406733  6960 getmultilidardata.cpp:1600] pub pointcloud:122851
I1003 14:25:00.478173  7027 myhdl_grabber.cpp:565] id:0 temprotation:14 last_azimuth_35994
I1003 14:25:00.478189  7027 myhdl_grabber.cpp:750] signal operator start
I1003 14:25:00.478195  7027 getmultilidardata.cpp:244] id:0
I1003 14:25:00.478551  7027 myhdl_grabber.cpp:753] signal operator end
I1003 14:25:00.478554  7027 myhdl_grabber.cpp:754] temper_index_=25
I1003 14:25:00.478560  7027 getmultilidardata.cpp:244] id:1
I1003 14:25:00.478596  6960 getmultilidardata.cpp:1424] lidarid:0
I1003 14:25:00.479264  6960 getmultilidardata.cpp:1432] lidarid:0
I1003 14:25:00.479269  6960 getmultilidardata.cpp:1424] lidarid:0
I1003 14:25:00.479507  7028 myhdl_grabber.cpp:750] signal operator start
I1003 14:25:00.479521  7028 getmultilidardata.cpp:244] id:2
I1003 14:25:00.479759  6960 getmultilidardata.cpp:1442] lidarid:0
I1003 14:25:00.479840  7028 myhdl_grabber.cpp:753] signal operator end
I1003 14:25:00.479842  7028 myhdl_grabber.cpp:754] temper_index_=0
I1003 14:25:00.479846  7028 getmultilidardata.cpp:244] id:3
I1003 14:25:00.479878  6960 getmultilidardata.cpp:1424] lidarid:1
I1003 14:25:00.480237  7029 myhdl_grabber.cpp:750] signal operator start
I1003 14:25:00.480249  7029 getmultilidardata.cpp:244] id:4
I1003 14:25:00.480309  6960 getmultilidardata.cpp:1432] lidarid:1
I1003 14:25:00.480312  6960 getmultilidardata.cpp:1424] lidarid:1
I1003 14:25:00.480684  7029 myhdl_grabber.cpp:753] signal operator end
I1003 14:25:00.480688  7029 myhdl_grabber.cpp:754] temper_index_=8
I1003 14:25:00.480692  7029 getmultilidardata.cpp:244] id:5
I1003 14:25:00.480721  6960 getmultilidardata.cpp:1442] lidarid:1
I1003 14:25:00.480726  6960 getmultilidardata.cpp:1424] lidarid:2
I1003 14:25:00.481119  6960 getmultilidardata.cpp:1432] lidarid:2
I1003 14:25:00.481122  6960 getmultilidardata.cpp:1424] lidarid:2
I1003 14:25:00.481338  6960 getmultilidardata.cpp:1442] lidarid:2
I1003 14:25:00.482502  6960 getmultilidardata.cpp:1300] cloudstartnum[lidarid]=0
I1003 14:25:00.482507  6960 getmultilidardata.cpp:1300] cloudstartnum[lidarid]=58432
I1003 14:25:00.482511  6960 getmultilidardata.cpp:1300] cloudstartnum[lidarid]=90688
I1003 14:25:00.483633  6960 getmultilidardata.cpp:1300] cloudstartnum[lidarid]=0
I1003 14:25:00.483639  6960 getmultilidardata.cpp:1300] cloudstartnum[lidarid]=58432
I1003 14:25:00.483641  6960 getmultilidardata.cpp:1300] cloudstartnum[lidarid]=90688
I1003 14:25:00.484411  6960 getmultilidardata.cpp:1580]  time:0.00417679
I1003 14:25:00.485014  6960 getmultilidardata.cpp:1600] pub pointcloud:123347
I1003 14:25:00.557993  7030 getmultilidardata.cpp:493] get lidar data
I1003 14:25:00.578747  7027 myhdl_grabber.cpp:565] id:0 temprotation:4 last_azimuth_35984
I1003 14:25:00.578773  7027 myhdl_grabber.cpp:750] signal operator start
I1003 14:25:00.578781  7027 getmultilidardata.cpp:244] id:0
I1003 14:25:00.579231  7027 myhdl_grabber.cpp:753] signal operator end
I1003 14:25:00.579237  7027 myhdl_grabber.cpp:754] temper_index_=25
I1003 14:25:00.579243  7027 getmultilidardata.cpp:244] id:1
I1003 14:25:00.579288  6960 getmultilidardata.cpp:1424] lidarid:0
I1003 14:25:00.580003  6960 getmultilidardata.cpp:1432] lidarid:0
I1003 14:25:00.580013  6960 getmultilidardata.cpp:1424] lidarid:0
I1003 14:25:00.580482  6960 getmultilidardata.cpp:1442] lidarid:0
