I1003 14:25:08.381268  6960 getmultilidardata.cpp:1424] lidarid:2
I1003 14:25:08.381680  6960 getmultilidardata.cpp:1432] lidarid:2
I1003 14:25:08.381686  6960 getmultilidardata.cpp:1424] lidarid:2
I1003 14:25:08.381866  6960 getmultilidardata.cpp:1442] lidarid:2
I1003 14:25:08.383039  6960 getmultilidardata.cpp:1300] cloudstartnum[lidarid]=0
I1003 14:25:08.383044  6960 getmultilidardata.cpp:1300] cloudstartnum[lidarid]=57088
I1003 14:25:08.383049  6960 getmultilidardata.cpp:1300] cloudstartnum[lidarid]=88960
I1003 14:25:08.384297  6960 getmultilidardata.cpp:1300] cloudstartnum[lidarid]=0
I1003 14:25:08.384304  6960 getmultilidardata.cpp:1300] cloudstartnum[lidarid]=57088
I1003 14:25:08.384306  6960 getmultilidardata.cpp:1300] cloudstartnum[lidarid]=88960
I1003 14:25:08.385087  6960 getmultilidardata.cpp:1580]  time:0.00419733
I1003 14:25:08.385608  6960 getmultilidardata.cpp:1600] pub pointcloud:120835
I1003 14:25:08.458547  7030 getmultilidardata.cpp:493] get lidar data
I1003 14:25:08.477937  7027 myhdl_grabber.cpp:565] id:0 temprotation:4 last_azimuth_35984
I1003 14:25:08.477952  7027 myhdl_grabber.cpp:750] signal operator start
I1003 14:25:08.477955  7027 getmultilidardata.cpp:244] id:0
I1003 14:25:08.478384  7027 myhdl_grabber.cpp:753] signal operator end
I1003 14:25:08.478387  7027 myhdl_grabber.cpp:754] temper_index_=25
I1003 14:25:08.478390  7027 getmultilidardata.cpp:244] id:1
I1003 14:25:08.478425  6960 getmultilidardata.cpp:1424] lidarid:0
I1003 14:25:08.479156  6960 getmultilidardata.cpp:1432] lidarid:0
I1003 14:25:08.479161  6960 getmultilidardata.cpp:1424] lidarid:0
I1003 14:25:08.479321  7028 myhdl_grabber.cpp:750] signal operator start
I1003 14:25:08.479326  7028 getmultilidardata.cpp:244] id:2
I1003 14:25:08.479764  7028 myhdl_grabber.cpp:753] signal operator end
I1003 14:25:08.479768  7028 myhdl_grabber.cpp:754] temper_index_=0
I1003 14:25:08.479771  7028 getmultilidardata.cpp:244] id:3
I1003 14:25:08.479831  6960 getmultilidardata.cpp:1442] lidarid:0
I1003 14:25:08.479835  6960 getmultilidardata.cpp:1424] lidarid:1
I1003 14:25:08.480216  6960 getmultilidardata.cpp:1432] lidarid:1
I1003 14:25:08.480219  6960 getmultilidardata.cpp:1424] lidarid:1
I1003 14:25:08.480444  6960 getmultilidardata.cpp:1442] lidarid:1
I1003 14:25:08.480456  7029 myhdl_grabber.cpp:750] signal operator start
I1003 14:25:08.480460  7029 getmultilidardata.cpp:244] id:4
I1003 14:25:08.480696  7029 myhdl_grabber.cpp:753] signal operator end
I1003 14:25:08.480698  7029 myhdl_grabber.cpp:754] temper_index_=8
I1003 14:25:08.480701  7029 getmultilidardata.cpp:244] id:5
I1003 14:25:08.480731  6960 getmultilidardata.cpp:1424] lidarid:2
I1003 14:25:08.481153  6960 getmultilidardata.cpp:1432] lidarid:2
I1003 14:25:08.481158  6960 getmultilidardata.cpp:1424] lidarid:2
I1003 14:25:08.481417  6960 getmultilidardata.cpp:1442] lidarid:2
I1003 14:25:08.482642  6960 getmultilidardata.cpp:1300] cloudstartnum[lidarid]=0
I1003 14:25:08.482646  6960 getmultilidardata.cpp:1300] cloudstartnum[lidarid]=56992
I1003 14:25:08.482648  6960 getmultilidardata.cpp:1300] cloudstartnum[lidarid]=88480
I1003 14:25:08.483784  6960 getmultilidardata.cpp:1300] cloudstartnum[lidarid]=0
I1003 14:25:08.483788  6960 getmultilidardata.cpp:1300] cloudstartnum[lidarid]=56992
I1003 14:25:08.483790  6960 getmultilidardata.cpp:1300] cloudstartnum[lidarid]=88480
I1003 14:25:08.484918  6960 getmultilidardata.cpp:1580]  time:0.00446097
I1003 14:25:08.485803  6960 getmultilidardata.cpp:1600] pub pointcloud:119987
I1003 14:25:08.576617  7027 myhdl_grabber.cpp:565] id:0 temprotation:4 last_azimuth_35984
I1003 14:25:08.576644  7027 myhdl_grabber.cpp:750] signal operator start
I1003 14:25:08.576653  7027 getmultilidardata.cpp:244] id:0
I1003 14:25:08.577090  7027 myhdl_grabber.cpp:753] signal operator end
I1003 14:25:08.577097  7027 myhdl_grabber.cpp:754] temper_index_=25
I1003 14:25:08.577102  7027 getmultilidardata.cpp:244] id:1
I1003 14:25:08.577147  6960 getmultilidardata.cpp:1424] lidarid:0
I1003 14:25:08.577852  6960 getmultilidardata.cpp:1432] lidarid:0
I1003 14:25:08.577862  6960 getmultilidardata.cpp:1424] lidarid:0
I1003 14:25:08.578277  7028 myhdl_grabber.cpp:750] signal operator start
I1003 14:25:08.578305  7028 getmultilidardata.cpp:244] id:2
I1003 14:25:08.578353  6960 getmultilidardata.cpp:1442] lidarid:0
I1003 14:25:08.578642  7028 myhdl_grabber.cpp:753] signal operator end
I1003 14:25:08.578649  7028 myhdl_grabber.cpp:754] temper_index_=0
I1003 14:25:08.578655  7028 getmultilidardata.cpp:244] id:3
I1003 14:25:08.578689  6960 getmultilidardata.cpp:1424] lidarid:1
I1003 14:25:08.578939  7029 myhdl_grabber.cpp:750] signal operator start
I1003 14:25:08.578963  7029 getmultilidardata.cpp:244] id:4
I1003 14:25:08.579128  6960 getmultilidardata.cpp:1432] lidarid:1
I1003 14:25:08.579138  6960 getmultilidardata.cpp:1424] lidarid:1
I1003 14:25:08.579419  7029 myhdl_grabber.cpp:753] signal operator end
I1003 14:25:08.579427  7029 myhdl_grabber.cpp:754] temper_index_=8
I1003 14:25:08.579433  7029 getmultilidardata.cpp:244] id:5
I1003 14:25:08.579556  6960 getmultilidardata.cpp:1442] lidarid:1
I1003 14:25:08.579564  6960 getmultilidardata.cpp:1424] lidarid:2
I1003 14:25:08.580076  6960 getmultilidardata.cpp:1432] lidarid:2
I1003 14:25:08.580085  6960 getmultilidardata.cpp:1424] lidarid:2
I1003 14:25:08.580482  6960 getmultilidardata.cpp:1442] lidarid:2
I1003 14:25:08.582199  6960 getmultilidardata.cpp:1300] cloudstartnum[lidarid]=0
I1003 14:25:08.582209  6960 getmultilidardata.cpp:1300] cloudstartnum[lidarid]=56960
I1003 14:25:08.582214  6960 getmultilidardata.cpp:1300] cloudstartnum[lidarid]=88832
I1003 14:25:08.583707  6960 getmultilidardata.cpp:1300] cloudstartnum[lidarid]=0
I1003 14:25:08.583716  6960 getmultilidardata.cpp:1300] cloudstartnum[lidarid]=56960
I1003 14:25:08.583721  6960 getmultilidardata.cpp:1300] cloudstartnum[lidarid]=88832
I1003 14:25:08.585013  6960 getmultilidardata.cpp:1580]  time:0.00607835
I1003 14:25:08.585983  6960 getmultilidardata.cpp:1600] pub pointcloud:120723
I1003 14:25:08.675348  7027 myhdl_grabber.cpp:565] id:0 temprotation:14 last_azimuth_35994
I1003 14:25:08.675376  7027 myhdl_grabber.cpp:750] signal operator start
I1003 14:25:08.675385  7027 getmultilidardata.cpp:244] id:0
I1003 14:25:08.675846  7027 myhdl_grabber.cpp:753] signal operator end
I1003 14:25:08.675853  7027 myhdl_grabber.cpp:754] temper_index_=25
I1003 14:25:08.675858  7027 getmultilidardata.cpp:244] id:1
I1003 14:25:08.675885  6960 getmultilidardata.cpp:1424] lidarid:0
I1003 14:25:08.676679  7028 myhdl_grabber.cpp:750] signal operator start
I1003 14:25:08.676702  7028 getmultilidardata.cpp:244] id:2
I1003 14:25:08.676703  6960 getmultilidardata.cpp:1432] lidarid:0
I1003 14:25:08.676715  6960 getmultilidardata.cpp:1424] lidarid:0
I1003 14:25:08.677246  7028 myhdl_grabber.cpp:753] signal operator end
I1003 14:25:08.677261  7028 myhdl_grabber.cpp:754] temper_index_=0
I1003 14:25:08.677270  7028 getmultilidardata.cpp:244] id:3
I1003 14:25:08.677371  6960 getmultilidardata.cpp:1442] lidarid:0
I1003 14:25:08.677379  6960 getmultilidardata.cpp:1424] lidarid:1
I1003 14:25:08.677750  6960 getmultilidardata.cpp:1432] lidarid:1
I1003 14:25:08.677757  6960 getmultilidardata.cpp:1424] lidarid:1
I1003 14:25:08.677762  7029 myhdl_grabber.cpp:750] signal operator start
I1003 14:25:08.677772  7029 getmultilidardata.cpp:244] id:4
I1003 14:25:08.678167  6960 getmultilidardata.cpp:1442] lidarid:1
I1003 14:25:08.678189  7029 myhdl_grabber.cpp:753] signal operator end
I1003 14:25:08.678195  7029 myhdl_grabber.cpp:754] temper_index_=8
I1003 14:25:08.678200  6960 getmultilidardata.cpp:1424] lidarid:2
I1003 14:25:08.678202  7029 getmultilidardata.cpp:244] id:5
I1003 14:25:08.678611  6960 getmultilidardata.cpp:1432] lidarid:2
I1003 14:25:08.678642  6960 getmultilidardata.cpp:1424] lidarid:2
I1003 14:25:08.678874  6960 getmultilidardata.cpp:1442] lidarid:2
I1003 14:25:08.680327  6960 getmultilidardata.cpp:1300] cloudstartnum[lidarid]=0
I1003 14:25:08.680337  6960 getmultilidardata.cpp:1300] cloudstartnum[lidarid]=57024
I1003 14:25:08.680342  6960 getmultilidardata.cpp:1300] cloudstartnum[lidarid]=88544
I1003 14:25:08.682162  6960 getmultilidardata.cpp:1300] cloudstartnum[lidarid]=0
I1003 14:25:08.682173  6960 getmultilidardata.cpp:1300] cloudstartnum[lidarid]=57024
I1003 14:25:08.682178  6960 getmultilidardata.cpp:1300] cloudstartnum[lidarid]=88544
I1003 14:25:08.683545  6960 getmultilidardata.cpp:1580]  time:0.00578194
I1003 14:25:08.684350  6960 getmultilidardata.cpp:1600] pub pointcloud:120051
I1003 14:25:08.774405  7030 getmultilidardata.cpp:493] get lidar data
I1003 14:25:08.774492  7027 myhdl_grabber.cpp:565] id:0 temprotation:14 last_azimuth_35994
I1003 14:25:08.774511  7027 myhdl_grabber.cpp:750] signal operator start
I1003 14:25:08.774520  7027 getmultilidardata.cpp:244] id:0
I1003 14:25:08.774993  7027 myhdl_grabber.cpp:753] signal operator end
I1003 14:25:08.774999  7027 myhdl_grabber.cpp:754] temper_index_=25
I1003 14:25:08.775005  7027 getmultilidardata.cpp:244] id:1
I1003 14:25:08.775050  6960 getmultilidardata.cpp:1424] lidarid:0
I1003 14:25:08.775753  7029 myhdl_grabber.cpp:750] signal operator start
I1003 14:25:08.775758  6960 getmultilidardata.cpp:1432] lidarid:0
I1003 14:25:08.775784  6960 getmultilidardata.cpp:1424] lidarid:0
I1003 14:25:08.775785  7029 getmultilidardata.cpp:244] id:4
I1003 14:25:08.776221  7028 myhdl_grabber.cpp:750] signal operator start
I1003 14:25:08.776243  7028 getmultilidardata.cpp:244] id:2
I1003 14:25:08.776265  7029 myhdl_grabber.cpp:753] signal operator end
I1003 14:25:08.776273  7029 myhdl_grabber.cpp:754] temper_index_=8
I1003 14:25:08.776280  7029 getmultilidardata.cpp:244] id:5
I1003 14:25:08.776649  6960 getmultilidardata.cpp:1442] lidarid:0
I1003 14:25:08.776659  6960 getmultilidardata.cpp:1424] lidarid:2
I1003 14:25:08.776867  7028 myhdl_grabber.cpp:753] signal operator end
I1003 14:25:08.776875  7028 myhdl_grabber.cpp:754] temper_index_=0
I1003 14:25:08.776880  7028 getmultilidardata.cpp:244] id:3
I1003 14:25:08.777163  6960 getmultilidardata.cpp:1432] lidarid:2
I1003 14:25:08.777170  6960 getmultilidardata.cpp:1424] lidarid:1
I1003 14:25:08.777561  6960 getmultilidardata.cpp:1432] lidarid:1
I1003 14:25:08.777568  6960 getmultilidardata.cpp:1424] lidarid:2
I1003 14:25:08.777835  6960 getmultilidardata.cpp:1442] lidarid:2
I1003 14:25:08.777842  6960 getmultilidardata.cpp:1424] lidarid:1
I1003 14:25:08.778148  6960 getmultilidardata.cpp:1442] lidarid:1
I1003 14:25:08.799813  6960 getmultilidardata.cpp:1300] cloudstartnum[lidarid]=0
I1003 14:25:08.799837  6960 getmultilidardata.cpp:1300] cloudstartnum[lidarid]=57120
I1003 14:25:08.799842  6960 getmultilidardata.cpp:1300] cloudstartnum[lidarid]=88960
I1003 14:25:08.801353  6960 getmultilidardata.cpp:1300] cloudstartnum[lidarid]=0
I1003 14:25:08.801363  6960 getmultilidardata.cpp:1300] cloudstartnum[lidarid]=57120
I1003 14:25:08.801367  6960 getmultilidardata.cpp:1300] cloudstartnum[lidarid]=88960
I1003 14:25:08.802505  6960 getmultilidardata.cpp:1580]  time:0.0262893
I1003 14:25:08.803339  6960 getmultilidardata.cpp:1600] pub pointcloud:120467
I1003 14:25:08.873762  7027 myhdl_grabber.cpp:565] id:0 temprotation:18 last_azimuth_35998
I1003 14:25:08.873790  7027 myhdl_grabber.cpp:750] signal operator start
I1003 14:25:08.873801  7027 getmultilidardata.cpp:244] id:0
I1003 14:25:08.874308  7027 myhdl_grabber.cpp:753] signal operator end
I1003 14:25:08.874316  7027 myhdl_grabber.cpp:754] temper_index_=25
I1003 14:25:08.874322  7027 getmultilidardata.cpp:244] id:1
I1003 14:25:08.874357  6960 getmultilidardata.cpp:1424] lidarid:0
I1003 14:25:08.875085  6960 getmultilidardata.cpp:1432] lidarid:0
I1003 14:25:08.875095  6960 getmultilidardata.cpp:1424] lidarid:0
I1003 14:25:08.875288  7029 myhdl_grabber.cpp:750] signal operator start
I1003 14:25:08.875313  7029 getmultilidardata.cpp:244] id:4
I1003 14:25:08.875680  6960 getmultilidardata.cpp:1442] lidarid:0
I1003 14:25:08.875730  7029 myhdl_grabber.cpp:753] signal operator end
I1003 14:25:08.875737  7029 myhdl_grabber.cpp:754] temper_index_=8
I1003 14:25:08.875743  7029 getmultilidardata.cpp:244] id:5
I1003 14:25:08.875797  6960 getmultilidardata.cpp:1424] lidarid:2
I1003 14:25:08.876159  6960 getmultilidardata.cpp:1432] lidarid:2
I1003 14:25:08.876168  6960 getmultilidardata.cpp:1424] lidarid:2
I1003 14:25:08.876176  7028 myhdl_grabber.cpp:750] signal operator start
I1003 14:25:08.876186  7028 getmultilidardata.cpp:244] id:2
I1003 14:25:08.876561  6960 getmultilidardata.cpp:1442] lidarid:2
I1003 14:25:08.876603  7028 myhdl_grabber.cpp:753] signal operator end
I1003 14:25:08.876610  7028 myhdl_grabber.cpp:754] temper_index_=0
I1003 14:25:08.876616  7028 getmultilidardata.cpp:244] id:3
I1003 14:25:08.876662  6960 getmultilidardata.cpp:1424] lidarid:1
I1003 14:25:08.877046  6960 getmultilidardata.cpp:1432] lidarid:1
I1003 14:25:08.877054  6960 getmultilidardata.cpp:1424] lidarid:1
I1003 14:25:08.877333  6960 getmultilidardata.cpp:1442] lidarid:1
I1003 14:25:08.898852  6960 getmultilidardata.cpp:1300] cloudstartnum[lidarid]=0
I1003 14:25:08.898876  6960 getmultilidardata.cpp:1300] cloudstartnum[lidarid]=57312
I1003 14:25:08.898881  6960 getmultilidardata.cpp:1300] cloudstartnum[lidarid]=89184
I1003 14:25:08.900311  6960 getmultilidardata.cpp:1300] cloudstartnum[lidarid]=0
I1003 14:25:08.900321  6960 getmultilidardata.cpp:1300] cloudstartnum[lidarid]=57312
I1003 14:25:08.900365  6960 getmultilidardata.cpp:1300] cloudstartnum[lidarid]=89184
I1003 14:25:08.901623  6960 getmultilidardata.cpp:1580]  time:0.0254451
I1003 14:25:08.902544  6960 getmultilidardata.cpp:1600] pub pointcloud:121075
I1003 14:25:08.973706  7027 myhdl_grabber.cpp:565] id:0 temprotation:4 last_azimuth_35984
I1003 14:25:08.973733  7027 myhdl_grabber.cpp:750] signal operator start
I1003 14:25:08.973744  7027 getmultilidardata.cpp:244] id:0
I1003 14:25:08.974232  7027 myhdl_grabber.cpp:753] signal operator end
I1003 14:25:08.974239  7027 myhdl_grabber.cpp:754] temper_index_=25
I1003 14:25:08.974246  7027 getmultilidardata.cpp:244] id:1
I1003 14:25:08.974290  6960 getmultilidardata.cpp:1424] lidarid:0
I1003 14:25:08.974963  7029 myhdl_grabber.cpp:750] signal operator start
I1003 14:25:08.974987  6960 getmultilidardata.cpp:1432] lidarid:0
I1003 14:25:08.974987  7029 getmultilidardata.cpp:244] id:4
I1003 14:25:08.975006  6960 getmultilidardata.cpp:1424] lidarid:0
I1003 14:25:08.975453  7029 myhdl_grabber.cpp:753] signal operator end
I1003 14:25:08.975447  7028 myhdl_grabber.cpp:750] signal operator start
I1003 14:25:08.975461  7029 myhdl_grabber.cpp:754] temper_index_=8
I1003 14:25:08.975468  7029 getmultilidardata.cpp:244] id:5
I1003 14:25:08.975471  7028 getmultilidardata.cpp:244] id:2
I1003 14:25:08.975903  6960 getmultilidardata.cpp:1442] lidarid:0
I1003 14:25:08.975911  6960 getmultilidardata.cpp:1424] lidarid:2
I1003 14:25:08.976076  7028 myhdl_grabber.cpp:753] signal operator end
I1003 14:25:08.976084  7028 myhdl_grabber.cpp:754] temper_index_=0
I1003 14:25:08.976091  7028 getmultilidardata.cpp:244] id:3
I1003 14:25:08.976415  6960 getmultilidardata.cpp:1432] lidarid:2
I1003 14:25:08.976423  6960 getmultilidardata.cpp:1424] lidarid:1
I1003 14:25:08.976725  6960 getmultilidardata.cpp:1432] lidarid:1
I1003 14:25:08.976732  6960 getmultilidardata.cpp:1424] lidarid:2
I1003 14:25:08.976991  6960 getmultilidardata.cpp:1442] lidarid:2
I1003 14:25:08.976999  6960 getmultilidardata.cpp:1424] lidarid:1
I1003 14:25:08.977272  6960 getmultilidardata.cpp:1442] lidarid:1
I1003 14:25:08.998848  6960 getmultilidardata.cpp:1300] cloudstartnum[lidarid]=0
I1003 14:25:08.998873  6960 getmultilidardata.cpp:1300] cloudstartnum[lidarid]=57504
I1003 14:25:08.998879  6960 getmultilidardata.cpp:1300] cloudstartnum[lidarid]=89376
I1003 14:25:09.000475  6960 getmultilidardata.cpp:1300] cloudstartnum[lidarid]=0
I1003 14:25:09.000486  6960 getmultilidardata.cpp:1300] cloudstartnum[lidarid]=57504
I1003 14:25:09.000490  6960 getmultilidardata.cpp:1300] cloudstartnum[lidarid]=89376
I1003 14:25:09.002177  6960 getmultilidardata.cpp:1580]  time:0.0267316
I1003 14:25:09.003254  6960 getmultilidardata.cpp:1600] pub pointcloud:121267
I1003 14:25:09.073729  7027 myhdl_grabber.cpp:565] id:0 temprotation:18 last_azimuth_35998
I1003 14:25:09.073755  7027 myhdl_grabber.cpp:750] signal operator start
I1003 14:25:09.073762  7027 getmultilidardata.cpp:244] id:0
I1003 14:25:09.074157  7027 myhdl_grabber.cpp:753] signal operator end
I1003 14:25:09.074163  7027 myhdl_grabber.cpp:754] temper_index_=25
I1003 14:25:09.074168  7027 getmultilidardata.cpp:244] id:1
I1003 14:25:09.074213  6960 getmultilidardata.cpp:1424] lidarid:0
I1003 14:25:09.074894  6960 getmultilidardata.cpp:1432] lidarid:0
I1003 14:25:09.074903  6960 getmultilidardata.cpp:1424] lidarid:0
I1003 14:25:09.074980  7028 myhdl_grabber.cpp:750] signal operator start
I1003 14:25:09.074999  7028 getmultilidardata.cpp:244] id:2
I1003 14:25:09.075410  7028 myhdl_grabber.cpp:753] signal operator end
I1003 14:25:09.075417  7028 myhdl_grabber.cpp:754] temper_index_=0
I1003 14:25:09.075421  7028 getmultilidardata.cpp:244] id:3
I1003 14:25:09.075533  6960 getmultilidardata.cpp:1442] lidarid:0
I1003 14:25:09.075541  6960 getmultilidardata.cpp:1424] lidarid:1
I1003 14:25:09.075659  7029 myhdl_grabber.cpp:750] signal operator start
I1003 14:25:09.075677  7029 getmultilidardata.cpp:244] id:4
I1003 14:25:09.076014  6960 getmultilidardata.cpp:1432] lidarid:1
I1003 14:25:09.076020  6960 getmultilidardata.cpp:1424] lidarid:1
I1003 14:25:09.076171  7029 myhdl_grabber.cpp:753] signal operator end
I1003 14:25:09.076177  7029 myhdl_grabber.cpp:754] temper_index_=8
I1003 14:25:09.076182  7029 getmultilidardata.cpp:244] id:5
I1003 14:25:09.076467  6960 getmultilidardata.cpp:1442] lidarid:1
I1003 14:25:09.076473  6960 getmultilidardata.cpp:1424] lidarid:2
I1003 14:25:09.076753  6960 getmultilidardata.cpp:1432] lidarid:2
I1003 14:25:09.076757  6960 getmultilidardata.cpp:1424] lidarid:2
I1003 14:25:09.076959  6960 getmultilidardata.cpp:1442] lidarid:2
I1003 14:25:09.078719  6960 getmultilidardata.cpp:1300] cloudstartnum[lidarid]=0
I1003 14:25:09.078729  6960 getmultilidardata.cpp:1300] cloudstartnum[lidarid]=57792
I1003 14:25:09.078733  6960 getmultilidardata.cpp:1300] cloudstartnum[lidarid]=89664
I1003 14:25:09.080248  6960 getmultilidardata.cpp:1300] cloudstartnum[lidarid]=0
I1003 14:25:09.080257  6960 getmultilidardata.cpp:1300] cloudstartnum[lidarid]=57792
I1003 14:25:09.080261  6960 getmultilidardata.cpp:1300] cloudstartnum[lidarid]=89664
I1003 14:25:09.081306  6960 getmultilidardata.cpp:1580]  time:0.00564948
I1003 14:25:09.081984  6960 getmultilidardata.cpp:1600] pub pointcloud:121939
I1003 14:25:09.090620  7030 getmultilidardata.cpp:493] get lidar data
I1003 14:25:09.174213  7027 myhdl_grabber.cpp:565] id:0 temprotation:14 last_azimuth_35994
I1003 14:25:09.174240  7027 myhdl_grabber.cpp:750] signal operator start
I1003 14:25:09.174257  7027 getmultilidardata.cpp:244] id:0
I1003 14:25:09.174707  7027 myhdl_grabber.cpp:753] signal operator end
I1003 14:25:09.174713  7027 myhdl_grabber.cpp:754] temper_index_=25
I1003 14:25:09.174719  7027 getmultilidardata.cpp:244] id:1
I1003 14:25:09.174748  6960 getmultilidardata.cpp:1424] lidarid:0
I1003 14:25:09.175446  6960 getmultilidardata.cpp:1432] lidarid:0
I1003 14:25:09.175454  6960 getmultilidardata.cpp:1424] lidarid:0
I1003 14:25:09.175829  7028 myhdl_grabber.cpp:750] signal operator start
I1003 14:25:09.175851  7028 getmultilidardata.cpp:244] id:2
I1003 14:25:09.175858  6960 getmultilidardata.cpp:1442] lidarid:0
I1003 14:25:09.176129  7028 myhdl_grabber.cpp:753] signal operator end
I1003 14:25:09.176136  7028 myhdl_grabber.cpp:754] temper_index_=0
I1003 14:25:09.176141  7028 getmultilidardata.cpp:244] id:3
I1003 14:25:09.176182  6960 getmultilidardata.cpp:1424] lidarid:1
I1003 14:25:09.176489  7029 myhdl_grabber.cpp:750] signal operator start
I1003 14:25:09.176512  7029 getmultilidardata.cpp:244] id:4
I1003 14:25:09.176630  6960 getmultilidardata.cpp:1432] lidarid:1
I1003 14:25:09.176637  6960 getmultilidardata.cpp:1424] lidarid:1
I1003 14:25:09.176967  7029 myhdl_grabber.cpp:753] signal operator end
I1003 14:25:09.176975  7029 myhdl_grabber.cpp:754] temper_index_=8
I1003 14:25:09.176980  7029 getmultilidardata.cpp:244] id:5
I1003 14:25:09.177053  6960 getmultilidardata.cpp:1442] lidarid:1
I1003 14:25:09.177060  6960 getmultilidardata.cpp:1424] lidarid:2
I1003 14:25:09.177455  6960 getmultilidardata.cpp:1432] lidarid:2
I1003 14:25:09.177462  6960 getmultilidardata.cpp:1424] lidarid:2
I1003 14:25:09.177760  6960 getmultilidardata.cpp:1442] lidarid:2
I1003 14:25:09.180025  6960 getmultilidardata.cpp:1300] cloudstartnum[lidarid]=0
I1003 14:25:09.180037  6960 getmultilidardata.cpp:1300] cloudstartnum[lidarid]=57984
I1003 14:25:09.180042  6960 getmultilidardata.cpp:1300] cloudstartnum[lidarid]=90240
I1003 14:25:09.181635  6960 getmultilidardata.cpp:1300] cloudstartnum[lidarid]=0
I1003 14:25:09.181644  6960 getmultilidardata.cpp:1300] cloudstartnum[lidarid]=57984
I1003 14:25:09.181649  6960 getmultilidardata.cpp:1300] cloudstartnum[lidarid]=90240
I1003 14:25:09.182896  6960 getmultilidardata.cpp:1580]  time:0.00641147
I1003 14:25:09.185101  6960 getmultilidardata.cpp:1600] pub pointcloud:122515
I1003 14:25:09.275480  7027 myhdl_grabber.cpp:565] id:0 temprotation:8 last_azimuth_35992
I1003 14:25:09.275508  7027 myhdl_grabber.cpp:750] signal operator start
I1003 14:25:09.275518  7027 getmultilidardata.cpp:244] id:0
I1003 14:25:09.276124  7027 myhdl_grabber.cpp:753] signal operator end
I1003 14:25:09.276173  7027 myhdl_grabber.cpp:754] temper_index_=25
I1003 14:25:09.276180  6960 getmultilidardata.cpp:1424] lidarid:0
I1003 14:25:09.276182  7027 getmultilidardata.cpp:244] id:1
I1003 14:25:09.277004  6960 getmultilidardata.cpp:1432] lidarid:0
I1003 14:25:09.277086  6960 getmultilidardata.cpp:1424] lidarid:0
I1003 14:25:09.277591  6960 getmultilidardata.cpp:1442] lidarid:0
I1003 14:25:09.277631  7028 myhdl_grabber.cpp:750] signal operator start
I1003 14:25:09.277642  7028 getmultilidardata.cpp:244] id:2
I1003 14:25:09.277823  7029 myhdl_grabber.cpp:750] signal operator start
I1003 14:25:09.277848  7029 getmultilidardata.cpp:244] id:4
I1003 14:25:09.278020  7028 myhdl_grabber.cpp:753] signal operator end
I1003 14:25:09.278028  7028 myhdl_grabber.cpp:754] temper_index_=0
I1003 14:25:09.278034  7028 getmultilidardata.cpp:244] id:3
I1003 14:25:09.278051  6960 getmultilidardata.cpp:1424] lidarid:1
I1003 14:25:09.278359  7029 myhdl_grabber.cpp:753] signal operator end
I1003 14:25:09.278367  7029 myhdl_grabber.cpp:754] temper_index_=8
I1003 14:25:09.278373  7029 getmultilidardata.cpp:244] id:5
I1003 14:25:09.278820  6960 getmultilidardata.cpp:1432] lidarid:1
I1003 14:25:09.278838  6960 getmultilidardata.cpp:1424] lidarid:2
I1003 14:25:09.279152  6960 getmultilidardata.cpp:1432] lidarid:2
I1003 14:25:09.279160  6960 getmultilidardata.cpp:1424] lidarid:1
I1003 14:25:09.279402  6960 getmultilidardata.cpp:1442] lidarid:1
I1003 14:25:09.279410  6960 getmultilidardata.cpp:1424] lidarid:2
I1003 14:25:09.279677  6960 getmultilidardata.cpp:1442] lidarid:2
I1003 14:25:09.281144  6960 getmultilidardata.cpp:1300] cloudstartnum[lidarid]=0
I1003 14:25:09.281155  6960 getmultilidardata.cpp:1300] cloudstartnum[lidarid]=58176
I1003 14:25:09.281160  6960 getmultilidardata.cpp:1300] cloudstartnum[lidarid]=90432
I1003 14:25:09.282730  6960 getmultilidardata.cpp:1300] cloudstartnum[lidarid]=0
I1003 14:25:09.282738  6960 getmultilidardata.cpp:1300] cloudstartnum[lidarid]=58176
I1003 14:25:09.282743  6960 getmultilidardata.cpp:1300] cloudstartnum[lidarid]=90432
I1003 14:25:09.285631  6960 getmultilidardata.cpp:1580]  time:0.00781001
I1003 14:25:09.289224  6960 getmultilidardata.cpp:1600] pub pointcloud:122691
I1003 14:25:09.376207  7027 myhdl_grabber.cpp:565] id:0 temprotation:18 last_azimuth_35998
I1003 14:25:09.376230  7027 myhdl_grabber.cpp:750] signal operator start
I1003 14:25:09.376237  7027 getmultilidardata.cpp:244] id:0
I1003 14:25:09.376616  7027 myhdl_grabber.cpp:753] signal operator end
I1003 14:25:09.376621  7027 myhdl_grabber.cpp:754] temper_index_=25
I1003 14:25:09.376626  7027 getmultilidardata.cpp:244] id:1
I1003 14:25:09.376668  6960 getmultilidardata.cpp:1424] lidarid:0
I1003 14:25:09.377351  6960 getmultilidardata.cpp:1432] lidarid:0
I1003 14:25:09.377357  6960 getmultilidardata.cpp:1424] lidarid:0
I1003 14:25:09.377415  7028 myhdl_grabber.cpp:750] signal operator start
I1003 14:25:09.377434  7028 getmultilidardata.cpp:244] id:2
I1003 14:25:09.377861  7028 myhdl_grabber.cpp:753] signal operator end
I1003 14:25:09.377866  7028 myhdl_grabber.cpp:754] temper_index_=0
I1003 14:25:09.377871  7028 getmultilidardata.cpp:244] id:3
I1003 14:25:09.378013  6960 getmultilidardata.cpp:1442] lidarid:0
I1003 14:25:09.378021  6960 getmultilidardata.cpp:1424] lidarid:1
I1003 14:25:09.378104  7029 myhdl_grabber.cpp:750] signal operator start
I1003 14:25:09.378144  7029 getmultilidardata.cpp:244] id:4
I1003 14:25:09.378552  6960 getmultilidardata.cpp:1432] lidarid:1
I1003 14:25:09.378558  6960 getmultilidardata.cpp:1424] lidarid:1
I1003 14:25:09.378639  7029 myhdl_grabber.cpp:753] signal operator end
I1003 14:25:09.378645  7029 myhdl_grabber.cpp:754] temper_index_=8
I1003 14:25:09.378650  7029 getmultilidardata.cpp:244] id:5
I1003 14:25:09.379251  6960 getmultilidardata.cpp:1442] lidarid:1
I1003 14:25:09.379257  6960 getmultilidardata.cpp:1424] lidarid:2
I1003 14:25:09.379952  6960 getmultilidardata.cpp:1432] lidarid:2
I1003 14:25:09.379957  6960 getmultilidardata.cpp:1424] lidarid:2
I1003 14:25:09.380645  6960 getmultilidardata.cpp:1442] lidarid:2
I1003 14:25:09.383709  6960 getmultilidardata.cpp:1300] cloudstartnum[lidarid]=0
I1003 14:25:09.383718  6960 getmultilidardata.cpp:1300] cloudstartnum[lidarid]=58336
I1003 14:25:09.383723  6960 getmultilidardata.cpp:1300] cloudstartnum[lidarid]=90608
I1003 14:25:09.384994  6960 getmultilidardata.cpp:1300] cloudstartnum[lidarid]=0
I1003 14:25:09.385001  6960 getmultilidardata.cpp:1300] cloudstartnum[lidarid]=58336
I1003 14:25:09.385005  6960 getmultilidardata.cpp:1300] cloudstartnum[lidarid]=90608
I1003 14:25:09.386231  6960 getmultilidardata.cpp:1580]  time:0.00813092
I1003 14:25:09.387177  6960 getmultilidardata.cpp:1600] pub pointcloud:122867
I1003 14:25:09.406765  7030 getmultilidardata.cpp:493] get lidar data
I1003 14:25:09.477423  7027 myhdl_grabber.cpp:565] id:0 temprotation:8 last_azimuth_35988
I1003 14:25:09.477452  7027 myhdl_grabber.cpp:750] signal operator start
I1003 14:25:09.477463  7027 getmultilidardata.cpp:244] id:0
I1003 14:25:09.477816  7027 myhdl_grabber.cpp:753] signal operator end
I1003 14:25:09.477819  7027 myhdl_grabber.cpp:754] temper_index_=25
I1003 14:25:09.477823  7027 getmultilidardata.cpp:244] id:1
I1003 14:25:09.477857  6960 getmultilidardata.cpp:1424] lidarid:0
I1003 14:25:09.478536  6960 getmultilidardata.cpp:1432] lidarid:0
I1003 14:25:09.478541  6960 getmultilidardata.cpp:1424] lidarid:0
I1003 14:25:09.478861  7029 myhdl_grabber.cpp:750] signal operator start
I1003 14:25:09.478869  6960 getmultilidardata.cpp:1442] lidarid:0
I1003 14:25:09.478873  7029 getmultilidardata.cpp:244] id:4
I1003 14:25:09.479071  7029 myhdl_grabber.cpp:753] signal operator end
I1003 14:25:09.479074  7029 myhdl_grabber.cpp:754] temper_index_=8
I1003 14:25:09.479077  7029 getmultilidardata.cpp:244] id:5
I1003 14:25:09.479111  6960 getmultilidardata.cpp:1424] lidarid:2
I1003 14:25:09.479344  7028 myhdl_grabber.cpp:750] signal operator start
I1003 14:25:09.479357  7028 getmultilidardata.cpp:244] id:2
I1003 14:25:09.479614  6960 getmultilidardata.cpp:1432] lidarid:2
I1003 14:25:09.479617  6960 getmultilidardata.cpp:1424] lidarid:2
I1003 14:25:09.479830  7028 myhdl_grabber.cpp:753] signal operator end
I1003 14:25:09.479835  7028 myhdl_grabber.cpp:754] temper_index_=0
I1003 14:25:09.479837  7028 getmultilidardata.cpp:244] id:3
I1003 14:25:09.479984  6960 getmultilidardata.cpp:1442] lidarid:2
I1003 14:25:09.479987  6960 getmultilidardata.cpp:1424] lidarid:1
I1003 14:25:09.480363  6960 getmultilidardata.cpp:1432] lidarid:1
I1003 14:25:09.480366  6960 getmultilidardata.cpp:1424] lidarid:1
I1003 14:25:09.480559  6960 getmultilidardata.cpp:1442] lidarid:1
I1003 14:25:09.502740  6960 getmultilidardata.cpp:1300] cloudstartnum[lidarid]=0
I1003 14:25:09.502761  6960 getmultilidardata.cpp:1300] cloudstartnum[lidarid]=58368
I1003 14:25:09.502765  6960 getmultilidardata.cpp:1300] cloudstartnum[lidarid]=91008
I1003 14:25:09.504271  6960 getmultilidardata.cpp:1300] cloudstartnum[lidarid]=0
I1003 14:25:09.504281  6960 getmultilidardata.cpp:1300] cloudstartnum[lidarid]=58368
I1003 14:25:09.504283  6960 getmultilidardata.cpp:1300] cloudstartnum[lidarid]=91008
I1003 14:25:09.505343  6960 getmultilidardata.cpp:1580]  time:0.0260032
I1003 14:25:09.505997  6960 getmultilidardata.cpp:1600] pub pointcloud:123267
I1003 14:25:09.578783  7027 myhdl_grabber.cpp:565] id:0 temprotation:18 last_azimuth_35998
I1003 14:25:09.578811  7027 myhdl_grabber.cpp:750] signal operator start
I1003 14:25:09.578820  7027 getmultilidardata.cpp:244] id:0
I1003 14:25:09.579293  7027 myhdl_grabber.cpp:753] signal operator end
I1003 14:25:09.579298  7027 myhdl_grabber.cpp:754] temper_index_=25
I1003 14:25:09.579305  6960 getmultilidardata.cpp:1424] lidarid:0
I1003 14:25:09.579306  7027 getmultilidardata.cpp:244] id:1
I1003 14:25:09.580057  6960 getmultilidardata.cpp:1432] lidarid:0
I1003 14:25:09.580085  6960 getmultilidardata.cpp:1424] lidarid:0
I1003 14:25:09.580214  7028 myhdl_grabber.cpp:750] signal operator start
I1003 14:25:09.580237  7028 getmultilidardata.cpp:244] id:2
I1003 14:25:09.580654  7028 myhdl_grabber.cpp:753] signal operator end
I1003 14:25:09.580708  6960 getmultilidardata.cpp:1442] lidarid:0
I1003 14:25:09.580711  7028 myhdl_grabber.cpp:754] temper_index_=0
I1003 14:25:09.580715  6960 getmultilidardata.cpp:1424] lidarid:1
I1003 14:25:09.580719  7028 getmultilidardata.cpp:244] id:3
I1003 14:25:09.580832  7029 myhdl_grabber.cpp:750] signal operator start
I1003 14:25:09.580843  7029 getmultilidardata.cpp:244] id:4
I1003 14:25:09.581269  6960 getmultilidardata.cpp:1432] lidarid:1
I1003 14:25:09.581295  6960 getmultilidardata.cpp:1424] lidarid:1
I1003 14:25:09.581420  7029 myhdl_grabber.cpp:753] signal operator end
I1003 14:25:09.581426  7029 myhdl_grabber.cpp:754] temper_index_=8
I1003 14:25:09.581432  7029 getmultilidardata.cpp:244] id:5
I1003 14:25:09.581701  6960 getmultilidardata.cpp:1442] lidarid:1
I1003 14:25:09.581708  6960 getmultilidardata.cpp:1424] lidarid:2
I1003 14:25:09.582015  6960 getmultilidardata.cpp:1432] lidarid:2
I1003 14:25:09.582022  6960 getmultilidardata.cpp:1424] lidarid:2
I1003 14:25:09.582294  6960 getmultilidardata.cpp:1442] lidarid:2
I1003 14:25:09.585950  6960 getmultilidardata.cpp:1300] cloudstartnum[lidarid]=0
I1003 14:25:09.585961  6960 getmultilidardata.cpp:1300] cloudstartnum[lidarid]=58368
I1003 14:25:09.585966  6960 getmultilidardata.cpp:1300] cloudstartnum[lidarid]=90624
I1003 14:25:09.587522  6960 getmultilidardata.cpp:1300] cloudstartnum[lidarid]=0
I1003 14:25:09.587532  6960 getmultilidardata.cpp:1300] cloudstartnum[lidarid]=58368
I1003 14:25:09.587536  6960 getmultilidardata.cpp:1300] cloudstartnum[lidarid]=90624
I1003 14:25:09.588791  6960 getmultilidardata.cpp:1580]  time:0.00794992
I1003 14:25:09.590230  6960 getmultilidardata.cpp:1600] pub pointcloud:123267
I1003 14:25:09.679916  7027 myhdl_grabber.cpp:565] id:0 temprotation:18 last_azimuth_35998
I1003 14:25:09.679936  7027 myhdl_grabber.cpp:750] signal operator start
I1003 14:25:09.679942  7027 getmultilidardata.cpp:244] id:0
I1003 14:25:09.680301  7027 myhdl_grabber.cpp:753] signal operator end
I1003 14:25:09.680305  7027 myhdl_grabber.cpp:754] temper_index_=25
I1003 14:25:09.680310  7027 getmultilidardata.cpp:244] id:1
I1003 14:25:09.680347  6960 getmultilidardata.cpp:1424] lidarid:0
I1003 14:25:09.681017  7028 myhdl_grabber.cpp:750] signal operator start
I1003 14:25:09.681027  6960 getmultilidardata.cpp:1432] lidarid:0
I1003 14:25:09.681035  6960 getmultilidardata.cpp:1424] lidarid:0
I1003 14:25:09.681039  7028 getmultilidardata.cpp:244] id:2
I1003 14:25:09.681452  7028 myhdl_grabber.cpp:753] signal operator end
I1003 14:25:09.681471  7028 myhdl_grabber.cpp:754] temper_index_=0
I1003 14:25:09.681476  7028 getmultilidardata.cpp:244] id:3
I1003 14:25:09.681692  7029 myhdl_grabber.cpp:750] signal operator start
I1003 14:25:09.681712  7029 getmultilidardata.cpp:244] id:4
I1003 14:25:09.681787  6960 getmultilidardata.cpp:1442] lidarid:0
I1003 14:25:09.681793  6960 getmultilidardata.cpp:1424] lidarid:1
I1003 14:25:09.682263  7029 myhdl_grabber.cpp:753] signal operator end
I1003 14:25:09.682269  7029 myhdl_grabber.cpp:754] temper_index_=8
I1003 14:25:09.682274  7029 getmultilidardata.cpp:244] id:5
I1003 14:25:09.682308  6960 getmultilidardata.cpp:1432] lidarid:1
I1003 14:25:09.682315  6960 getmultilidardata.cpp:1424] lidarid:1
I1003 14:25:09.682879  6960 getmultilidardata.cpp:1442] lidarid:1
I1003 14:25:09.682884  6960 getmultilidardata.cpp:1424] lidarid:2
I1003 14:25:09.683092  6960 getmultilidardata.cpp:1432] lidarid:2
I1003 14:25:09.683097  6960 getmultilidardata.cpp:1424] lidarid:2
I1003 14:25:09.683313  6960 getmultilidardata.cpp:1442] lidarid:2
I1003 14:25:09.684547  6960 getmultilidardata.cpp:1300] cloudstartnum[lidarid]=0
I1003 14:25:09.684554  6960 getmultilidardata.cpp:1300] cloudstartnum[lidarid]=58208
I1003 14:25:09.684558  6960 getmultilidardata.cpp:1300] cloudstartnum[lidarid]=90480
I1003 14:25:09.685859  6960 getmultilidardata.cpp:1300] cloudstartnum[lidarid]=0
I1003 14:25:09.685866  6960 getmultilidardata.cpp:1300] cloudstartnum[lidarid]=58208
I1003 14:25:09.685871  6960 getmultilidardata.cpp:1300] cloudstartnum[lidarid]=90480
I1003 14:25:09.688753  6960 getmultilidardata.cpp:1580]  time:0.0070586
I1003 14:25:09.689839  6960 getmultilidardata.cpp:1600] pub pointcloud:122755
I1003 14:25:09.722512  7030 getmultilidardata.cpp:493] get lidar data
I1003 14:25:09.780555  7027 myhdl_grabber.cpp:565] id:0 temprotation:8 last_azimuth_35988
I1003 14:25:09.780568  7027 myhdl_grabber.cpp:750] signal operator start
I1003 14:25:09.780572  7027 getmultilidardata.cpp:244] id:0
I1003 14:25:09.780942  7027 myhdl_grabber.cpp:753] signal operator end
I1003 14:25:09.780964  7027 myhdl_grabber.cpp:754] temper_index_=25
I1003 14:25:09.780967  7027 getmultilidardata.cpp:244] id:1
I1003 14:25:09.780977  6960 getmultilidardata.cpp:1424] lidarid:0
I1003 14:25:09.781651  6960 getmultilidardata.cpp:1432] lidarid:0
I1003 14:25:09.781654  6960 getmultilidardata.cpp:1424] lidarid:0
I1003 14:25:09.781980  6960 getmultilidardata.cpp:1442] lidarid:0
I1003 14:25:09.782006  7029 myhdl_grabber.cpp:750] signal operator start
I1003 14:25:09.782011  7029 getmultilidardata.cpp:244] id:4
I1003 14:25:09.782250  7029 myhdl_grabber.cpp:753] signal operator end
I1003 14:25:09.782267  7029 myhdl_grabber.cpp:754] temper_index_=8
I1003 14:25:09.782269  7029 getmultilidardata.cpp:244] id:5
I1003 14:25:09.782277  6960 getmultilidardata.cpp:1424] lidarid:2
I1003 14:25:09.782655  6960 getmultilidardata.cpp:1432] lidarid:2
I1003 14:25:09.782660  6960 getmultilidardata.cpp:1424] lidarid:2
I1003 14:25:09.782676  7028 myhdl_grabber.cpp:750] signal operator start
I1003 14:25:09.782682  7028 getmultilidardata.cpp:244] id:2
I1003 14:25:09.782979  7028 myhdl_grabber.cpp:753] signal operator end
I1003 14:25:09.782982  7028 myhdl_grabber.cpp:754] temper_index_=0
I1003 14:25:09.782984  7028 getmultilidardata.cpp:244] id:3
I1003 14:25:09.783196  6960 getmultilidardata.cpp:1442] lidarid:2
I1003 14:25:09.783206  6960 getmultilidardata.cpp:1424] lidarid:1
I1003 14:25:09.783623  6960 getmultilidardata.cpp:1432] lidarid:1
I1003 14:25:09.783627  6960 getmultilidardata.cpp:1424] lidarid:1
I1003 14:25:09.783970  6960 getmultilidardata.cpp:1442] lidarid:1
I1003 14:25:09.805724  6960 getmultilidardata.cpp:1300] cloudstartnum[lidarid]=0
I1003 14:25:09.805738  6960 getmultilidardata.cpp:1300] cloudstartnum[lidarid]=57984
I1003 14:25:09.805742  6960 getmultilidardata.cpp:1300] cloudstartnum[lidarid]=90240
I1003 14:25:09.806823  6960 getmultilidardata.cpp:1300] cloudstartnum[lidarid]=0
I1003 14:25:09.806829  6960 getmultilidardata.cpp:1300] cloudstartnum[lidarid]=57984
I1003 14:25:09.806831  6960 getmultilidardata.cpp:1300] cloudstartnum[lidarid]=90240
I1003 14:25:09.807462  6960 getmultilidardata.cpp:1580]  time:0.0247844
I1003 14:25:09.807986  6960 getmultilidardata.cpp:1600] pub pointcloud:122131
I1003 14:25:09.880514  7027 myhdl_grabber.cpp:565] id:0 temprotation:12 last_azimuth_35992
I1003 14:25:09.880550  7027 myhdl_grabber.cpp:750] signal operator start
I1003 14:25:09.880554  7027 getmultilidardata.cpp:244] id:0
I1003 14:25:09.880924  7027 myhdl_grabber.cpp:753] signal operator end
I1003 14:25:09.880928  7027 myhdl_grabber.cpp:754] temper_index_=25
I1003 14:25:09.880930  7027 getmultilidardata.cpp:244] id:1
I1003 14:25:09.880967  6960 getmultilidardata.cpp:1424] lidarid:0
I1003 14:25:09.881682  6960 getmultilidardata.cpp:1432] lidarid:0
I1003 14:25:09.881686  6960 getmultilidardata.cpp:1424] lidarid:0
I1003 14:25:09.882056  7029 myhdl_grabber.cpp:750] signal operator start
I1003 14:25:09.882069  7029 getmultilidardata.cpp:244] id:4
I1003 14:25:09.882315  6960 getmultilidardata.cpp:1442] lidarid:0
I1003 14:25:09.882500  7029 myhdl_grabber.cpp:753] signal operator end
I1003 14:25:09.882503  7029 myhdl_grabber.cpp:754] temper_index_=8
I1003 14:25:09.882506  7029 getmultilidardata.cpp:244] id:5
I1003 14:25:09.882542  7028 myhdl_grabber.cpp:750] signal operator start
I1003 14:25:09.882548  6960 getmultilidardata.cpp:1424] lidarid:2
I1003 14:25:09.882555  7028 getmultilidardata.cpp:244] id:2
I1003 14:25:09.883509  6960 getmultilidardata.cpp:1432] lidarid:2
I1003 14:25:09.883513  6960 getmultilidardata.cpp:1424] lidarid:2
I1003 14:25:09.883519  7028 myhdl_grabber.cpp:753] signal operator end
I1003 14:25:09.883579  7028 myhdl_grabber.cpp:754] temper_index_=0
I1003 14:25:09.883584  7028 getmultilidardata.cpp:244] id:3
I1003 14:25:09.884151  6960 getmultilidardata.cpp:1442] lidarid:2
I1003 14:25:09.884155  6960 getmultilidardata.cpp:1424] lidarid:1
I1003 14:25:09.884361  6960 getmultilidardata.cpp:1432] lidarid:1
I1003 14:25:09.884363  6960 getmultilidardata.cpp:1424] lidarid:1
I1003 14:25:09.884620  6960 getmultilidardata.cpp:1442] lidarid:1
I1003 14:25:09.907130  6960 getmultilidardata.cpp:1300] cloudstartnum[lidarid]=0
I1003 14:25:09.907142  6960 getmultilidardata.cpp:1300] cloudstartnum[lidarid]=57760
I1003 14:25:09.907145  6960 getmultilidardata.cpp:1300] cloudstartnum[lidarid]=90016
I1003 14:25:09.909026  6960 getmultilidardata.cpp:1300] cloudstartnum[lidarid]=0
I1003 14:25:09.909034  6960 getmultilidardata.cpp:1300] cloudstartnum[lidarid]=57760
I1003 14:25:09.909035  6960 getmultilidardata.cpp:1300] cloudstartnum[lidarid]=90016
I1003 14:25:09.910359  6960 getmultilidardata.cpp:1580]  time:0.02782
I1003 14:25:09.910375  6960 getmultilidardata.cpp:1600] pub pointcloud:122291
I1003 14:25:09.980468  7027 myhdl_grabber.cpp:565] id:0 temprotation:12 last_azimuth_35992
I1003 14:25:09.980487  7027 myhdl_grabber.cpp:750] signal operator start
I1003 14:25:09.980494  7027 getmultilidardata.cpp:244] id:0
I1003 14:25:09.980857  7027 myhdl_grabber.cpp:753] signal operator end
I1003 14:25:09.980862  7027 myhdl_grabber.cpp:754] temper_index_=25
I1003 14:25:09.980867  7027 getmultilidardata.cpp:244] id:1
I1003 14:25:09.980917  6960 getmultilidardata.cpp:1424] lidarid:0
I1003 14:25:09.981562  6960 getmultilidardata.cpp:1432] lidarid:0
I1003 14:25:09.981570  6960 getmultilidardata.cpp:1424] lidarid:0
I1003 14:25:09.981680  7029 myhdl_grabber.cpp:750] signal operator start
I1003 14:25:09.981711  7029 getmultilidardata.cpp:244] id:4
I1003 14:25:09.982103  7029 myhdl_grabber.cpp:753] signal operator end
I1003 14:25:09.982108  7029 myhdl_grabber.cpp:754] temper_index_=8
I1003 14:25:09.982115  7029 getmultilidardata.cpp:244] id:5
I1003 14:25:09.982206  6960 getmultilidardata.cpp:1442] lidarid:0
I1003 14:25:09.982213  6960 getmultilidardata.cpp:1424] lidarid:2
I1003 14:25:09.982241  7028 myhdl_grabber.cpp:750] signal operator start
I1003 14:25:09.982250  7028 getmultilidardata.cpp:244] id:2
I1003 14:25:09.982681  7028 myhdl_grabber.cpp:753] signal operator end
I1003 14:25:09.982686  7028 myhdl_grabber.cpp:754] temper_index_=0
I1003 14:25:09.982689  7028 getmultilidardata.cpp:244] id:3
I1003 14:25:09.983021  6960 getmultilidardata.cpp:1432] lidarid:2
I1003 14:25:09.983026  6960 getmultilidardata.cpp:1424] lidarid:2
I1003 14:25:09.983224  6960 getmultilidardata.cpp:1442] lidarid:2
I1003 14:25:09.983229  6960 getmultilidardata.cpp:1424] lidarid:1
I1003 14:25:09.983439  6960 getmultilidardata.cpp:1432] lidarid:1
I1003 14:25:09.983444  6960 getmultilidardata.cpp:1424] lidarid:1
I1003 14:25:09.983639  6960 getmultilidardata.cpp:1442] lidarid:1
I1003 14:25:10.005169  6960 getmultilidardata.cpp:1300] cloudstartnum[lidarid]=0
I1003 14:25:10.005193  6960 getmultilidardata.cpp:1300] cloudstartnum[lidarid]=57504
I1003 14:25:10.005199  6960 getmultilidardata.cpp:1300] cloudstartnum[lidarid]=89392
I1003 14:25:10.006996  6960 getmultilidardata.cpp:1300] cloudstartnum[lidarid]=0
I1003 14:25:10.007007  6960 getmultilidardata.cpp:1300] cloudstartnum[lidarid]=57504
I1003 14:25:10.007012  6960 getmultilidardata.cpp:1300] cloudstartnum[lidarid]=89392
I1003 14:25:10.009141  6960 getmultilidardata.cpp:1580]  time:0.0268988
I1003 14:25:10.009168  6960 getmultilidardata.cpp:1600] pub pointcloud:121267
I1003 14:25:10.038520  7030 getmultilidardata.cpp:493] get lidar data
