Log file created at: 2020/10/03 14:58:12
Running on machine: sundong
Log line format: [IWEF]mmdd hh:mm:ss.uuuuuu threadid file:line] msg
I1003 14:58:12.393795  2802 configuration_file_resolver.cc:38] Found '/home/sundong/bit_ivrc/calibrationlidar/src/sensor_driver/sensor_driver/config/extrinsicparameter/cw/0.lua' for '0.lua'.
I1003 14:58:12.393936  2802 configuration_file_resolver.cc:47] /home/sundong/bit_ivrc/calibrationlidar/src/sensor_driver/sensor_driver/config/extrinsicparameter/cw/0.lua
I1003 14:58:12.396440  2802 myhdl_grabber.cpp:257] test1
I1003 14:58:12.396483  2802 myhdl_grabber.cpp:281] test2
I1003 14:58:12.396935  2802 configuration_file_resolver.cc:38] Found '/home/sundong/bit_ivrc/calibrationlidar/src/sensor_driver/sensor_driver/config/extrinsicparameter/cw/1.lua' for '1.lua'.
I1003 14:58:12.396942  2802 configuration_file_resolver.cc:47] /home/sundong/bit_ivrc/calibrationlidar/src/sensor_driver/sensor_driver/config/extrinsicparameter/cw/1.lua
I1003 14:58:12.397119  2802 myhdl_grabber.cpp:257] test1
I1003 14:58:12.397136  2802 myhdl_grabber.cpp:281] test2
I1003 14:58:12.397356  2802 configuration_file_resolver.cc:38] Found '/home/sundong/bit_ivrc/calibrationlidar/src/sensor_driver/sensor_driver/config/extrinsicparameter/cw/2.lua' for '2.lua'.
I1003 14:58:12.397361  2802 configuration_file_resolver.cc:47] /home/sundong/bit_ivrc/calibrationlidar/src/sensor_driver/sensor_driver/config/extrinsicparameter/cw/2.lua
I1003 14:58:12.397507  2802 myhdl_grabber.cpp:257] test1
I1003 14:58:12.397526  2802 myhdl_grabber.cpp:281] test2
W1003 14:58:12.400123  2870 getmultilidardata.cpp:371] filter:udp  and (dst port 5017 or dst port 9001 or dst port 9901 or dst port 9902 or dst port 9903)
I1003 14:58:12.512434  2867 myhdl_grabber.cpp:565] id:0 temprotation:14 last_azimuth_35994
I1003 14:58:12.512457  2867 myhdl_grabber.cpp:750] signal operator start
I1003 14:58:12.512482  2867 getmultilidardata.cpp:244] id:0
I1003 14:58:12.513249  2867 myhdl_grabber.cpp:753] signal operator end
I1003 14:58:12.513253  2867 myhdl_grabber.cpp:754] temper_index_=25
I1003 14:58:12.513255  2802 getmultilidardata.cpp:1424] lidarid:0
I1003 14:58:12.513262  2867 getmultilidardata.cpp:244] id:1
I1003 14:58:12.513686  2802 getmultilidardata.cpp:1432] lidarid:0
I1003 14:58:12.514179  2802 getmultilidardata.cpp:1424] lidarid:0
I1003 14:58:12.514427  2869 myhdl_grabber.cpp:750] signal operator start
I1003 14:58:12.514441  2869 getmultilidardata.cpp:244] id:4
I1003 14:58:12.514775  2869 myhdl_grabber.cpp:753] signal operator end
I1003 14:58:12.514777  2869 myhdl_grabber.cpp:754] temper_index_=8
I1003 14:58:12.514780  2869 getmultilidardata.cpp:244] id:5
I1003 14:58:12.515309  2868 myhdl_grabber.cpp:750] signal operator start
I1003 14:58:12.515317  2868 getmultilidardata.cpp:244] id:2
I1003 14:58:12.515377  2802 getmultilidardata.cpp:1442] lidarid:0
I1003 14:58:12.515383  2802 getmultilidardata.cpp:1424] lidarid:2
I1003 14:58:12.515769  2868 myhdl_grabber.cpp:753] signal operator end
I1003 14:58:12.515772  2868 myhdl_grabber.cpp:754] temper_index_=0
I1003 14:58:12.515774  2868 getmultilidardata.cpp:244] id:3
I1003 14:58:12.516047  2802 getmultilidardata.cpp:1432] lidarid:2
I1003 14:58:12.516050  2802 getmultilidardata.cpp:1424] lidarid:2
I1003 14:58:12.516611  2802 getmultilidardata.cpp:1442] lidarid:2
I1003 14:58:12.516614  2802 getmultilidardata.cpp:1424] lidarid:1
I1003 14:58:12.517079  2802 getmultilidardata.cpp:1432] lidarid:1
I1003 14:58:12.517081  2802 getmultilidardata.cpp:1424] lidarid:1
I1003 14:58:12.517581  2802 getmultilidardata.cpp:1442] lidarid:1
I1003 14:58:12.612453  2867 myhdl_grabber.cpp:565] id:0 temprotation:4 last_azimuth_35984
I1003 14:58:12.612466  2867 myhdl_grabber.cpp:750] signal operator start
I1003 14:58:12.612470  2867 getmultilidardata.cpp:244] id:0
I1003 14:58:12.612895  2867 myhdl_grabber.cpp:753] signal operator end
I1003 14:58:12.612898  2867 myhdl_grabber.cpp:754] temper_index_=25
I1003 14:58:12.612901  2867 getmultilidardata.cpp:244] id:1
I1003 14:58:12.614055  2869 myhdl_grabber.cpp:750] signal operator start
I1003 14:58:12.614078  2869 getmultilidardata.cpp:244] id:4
I1003 14:58:12.614279  2869 myhdl_grabber.cpp:753] signal operator end
I1003 14:58:12.614284  2869 myhdl_grabber.cpp:754] temper_index_=8
I1003 14:58:12.614286  2869 getmultilidardata.cpp:244] id:5
I1003 14:58:12.614655  2868 myhdl_grabber.cpp:750] signal operator start
I1003 14:58:12.614658  2868 getmultilidardata.cpp:244] id:2
I1003 14:58:12.614874  2868 myhdl_grabber.cpp:753] signal operator end
I1003 14:58:12.614878  2868 myhdl_grabber.cpp:754] temper_index_=0
I1003 14:58:12.614881  2868 getmultilidardata.cpp:244] id:3
I1003 14:58:12.712360  2867 myhdl_grabber.cpp:565] id:0 temprotation:4 last_azimuth_35984
I1003 14:58:12.712409  2867 myhdl_grabber.cpp:750] signal operator start
I1003 14:58:12.712414  2867 getmultilidardata.cpp:244] id:0
I1003 14:58:12.712792  2867 myhdl_grabber.cpp:753] signal operator end
I1003 14:58:12.712795  2867 myhdl_grabber.cpp:754] temper_index_=25
I1003 14:58:12.712798  2867 getmultilidardata.cpp:244] id:1
I1003 14:58:12.713587  2869 myhdl_grabber.cpp:750] signal operator start
I1003 14:58:12.713593  2869 getmultilidardata.cpp:244] id:4
I1003 14:58:12.713913  2869 myhdl_grabber.cpp:753] signal operator end
I1003 14:58:12.713917  2869 myhdl_grabber.cpp:754] temper_index_=8
I1003 14:58:12.713918  2869 getmultilidardata.cpp:244] id:5
I1003 14:58:12.714285  2868 myhdl_grabber.cpp:750] signal operator start
I1003 14:58:12.714293  2868 getmultilidardata.cpp:244] id:2
I1003 14:58:12.714709  2868 myhdl_grabber.cpp:753] signal operator end
I1003 14:58:12.714715  2868 myhdl_grabber.cpp:754] temper_index_=0
I1003 14:58:12.714717  2868 getmultilidardata.cpp:244] id:3
I1003 14:58:12.716001  2870 getmultilidardata.cpp:493] get lidar data
I1003 14:58:12.808699  2802 getmultilidardata.cpp:1300] cloudstartnum[lidarid]=0
I1003 14:58:12.808713  2802 getmultilidardata.cpp:1300] cloudstartnum[lidarid]=64800
I1003 14:58:12.808715  2802 getmultilidardata.cpp:1300] cloudstartnum[lidarid]=101280
I1003 14:58:12.811100  2802 getmultilidardata.cpp:1300] cloudstartnum[lidarid]=0
I1003 14:58:12.811107  2802 getmultilidardata.cpp:1300] cloudstartnum[lidarid]=64800
I1003 14:58:12.811108  2802 getmultilidardata.cpp:1300] cloudstartnum[lidarid]=101280
I1003 14:58:12.813002  2867 myhdl_grabber.cpp:565] id:0 temprotation:14 last_azimuth_35994
I1003 14:58:12.813016  2867 myhdl_grabber.cpp:750] signal operator start
I1003 14:58:12.813021  2867 getmultilidardata.cpp:244] id:0
I1003 14:58:12.813791  2867 myhdl_grabber.cpp:753] signal operator end
I1003 14:58:12.813799  2867 myhdl_grabber.cpp:754] temper_index_=25
I1003 14:58:12.813802  2867 getmultilidardata.cpp:244] id:1
I1003 14:58:12.814388  2802 getmultilidardata.cpp:1580]  time:0.299075
I1003 14:58:12.814411  2802 getmultilidardata.cpp:1600] pub pointcloud:137779
I1003 14:58:12.814579  2802 getmultilidardata.cpp:1424] lidarid:0
I1003 14:58:12.815088  2868 myhdl_grabber.cpp:750] signal operator start
I1003 14:58:12.815116  2868 getmultilidardata.cpp:244] id:2
I1003 14:58:12.815415  2802 getmultilidardata.cpp:1432] lidarid:0
I1003 14:58:12.815421  2802 getmultilidardata.cpp:1424] lidarid:0
I1003 14:58:12.815568  2869 myhdl_grabber.cpp:750] signal operator start
I1003 14:58:12.815574  2869 getmultilidardata.cpp:244] id:4
I1003 14:58:12.815743  2868 myhdl_grabber.cpp:753] signal operator end
I1003 14:58:12.815752  2868 myhdl_grabber.cpp:754] temper_index_=0
I1003 14:58:12.815757  2868 getmultilidardata.cpp:244] id:3
I1003 14:58:12.816435  2802 getmultilidardata.cpp:1442] lidarid:0
I1003 14:58:12.816440  2802 getmultilidardata.cpp:1424] lidarid:2
I1003 14:58:12.816783  2869 myhdl_grabber.cpp:753] signal operator end
I1003 14:58:12.816805  2869 myhdl_grabber.cpp:754] temper_index_=8
I1003 14:58:12.816809  2869 getmultilidardata.cpp:244] id:5
I1003 14:58:12.816972  2802 getmultilidardata.cpp:1432] lidarid:2
I1003 14:58:12.816982  2802 getmultilidardata.cpp:1424] lidarid:2
I1003 14:58:12.817448  2802 getmultilidardata.cpp:1442] lidarid:2
I1003 14:58:12.817451  2802 getmultilidardata.cpp:1424] lidarid:1
I1003 14:58:12.817838  2802 getmultilidardata.cpp:1432] lidarid:1
I1003 14:58:12.817842  2802 getmultilidardata.cpp:1424] lidarid:1
I1003 14:58:12.818399  2802 getmultilidardata.cpp:1442] lidarid:1
I1003 14:58:12.818403  2802 getmultilidardata.cpp:1424] lidarid:0
E1003 14:58:12.818404  2802 getmultilidardata.cpp:1427] finalcloudmap_origin_.find(lidarid)!=finalcloudmap_origin_.end()
I1003 14:58:12.819373  2802 getmultilidardata.cpp:1432] lidarid:0
I1003 14:58:12.819378  2802 getmultilidardata.cpp:1424] lidarid:0
E1003 14:58:12.819380  2802 getmultilidardata.cpp:1437] finalcloudmap_calibrated_.find(lidarid)!=finalcloudmap_calibrated_.end()
I1003 14:58:12.820101  2802 getmultilidardata.cpp:1442] lidarid:0
I1003 14:58:12.820104  2802 getmultilidardata.cpp:1424] lidarid:2
E1003 14:58:12.820106  2802 getmultilidardata.cpp:1427] finalcloudmap_origin_.find(lidarid)!=finalcloudmap_origin_.end()
I1003 14:58:12.820427  2802 getmultilidardata.cpp:1432] lidarid:2
I1003 14:58:12.820430  2802 getmultilidardata.cpp:1424] lidarid:1
E1003 14:58:12.820432  2802 getmultilidardata.cpp:1427] finalcloudmap_origin_.find(lidarid)!=finalcloudmap_origin_.end()
I1003 14:58:12.820830  2802 getmultilidardata.cpp:1432] lidarid:1
I1003 14:58:12.820833  2802 getmultilidardata.cpp:1424] lidarid:1
E1003 14:58:12.820835  2802 getmultilidardata.cpp:1437] finalcloudmap_calibrated_.find(lidarid)!=finalcloudmap_calibrated_.end()
I1003 14:58:12.821112  2802 getmultilidardata.cpp:1442] lidarid:1
I1003 14:58:12.821115  2802 getmultilidardata.cpp:1424] lidarid:2
E1003 14:58:12.821117  2802 getmultilidardata.cpp:1437] finalcloudmap_calibrated_.find(lidarid)!=finalcloudmap_calibrated_.end()
I1003 14:58:12.821401  2802 getmultilidardata.cpp:1442] lidarid:2
I1003 14:58:12.914326  2867 myhdl_grabber.cpp:565] id:0 temprotation:18 last_azimuth_35998
I1003 14:58:12.914338  2867 myhdl_grabber.cpp:750] signal operator start
I1003 14:58:12.914342  2867 getmultilidardata.cpp:244] id:0
I1003 14:58:12.914703  2867 myhdl_grabber.cpp:753] signal operator end
I1003 14:58:12.914708  2867 myhdl_grabber.cpp:754] temper_index_=25
I1003 14:58:12.914710  2867 getmultilidardata.cpp:244] id:1
I1003 14:58:12.915421  2868 myhdl_grabber.cpp:750] signal operator start
I1003 14:58:12.915426  2868 getmultilidardata.cpp:244] id:2
I1003 14:58:12.915845  2868 myhdl_grabber.cpp:753] signal operator end
I1003 14:58:12.915848  2868 myhdl_grabber.cpp:754] temper_index_=0
I1003 14:58:12.915850  2868 getmultilidardata.cpp:244] id:3
I1003 14:58:12.916235  2869 myhdl_grabber.cpp:750] signal operator start
I1003 14:58:12.916239  2869 getmultilidardata.cpp:244] id:4
I1003 14:58:12.916455  2869 myhdl_grabber.cpp:753] signal operator end
I1003 14:58:12.916458  2869 myhdl_grabber.cpp:754] temper_index_=8
I1003 14:58:12.916460  2869 getmultilidardata.cpp:244] id:5
I1003 14:58:13.015465  2867 myhdl_grabber.cpp:565] id:0 temprotation:12 last_azimuth_35992
I1003 14:58:13.015491  2867 myhdl_grabber.cpp:750] signal operator start
I1003 14:58:13.015496  2867 getmultilidardata.cpp:244] id:0
I1003 14:58:13.015895  2867 myhdl_grabber.cpp:753] signal operator end
I1003 14:58:13.015899  2867 myhdl_grabber.cpp:754] temper_index_=25
I1003 14:58:13.015902  2867 getmultilidardata.cpp:244] id:1
I1003 14:58:13.017329  2868 myhdl_grabber.cpp:750] signal operator start
I1003 14:58:13.017339  2868 getmultilidardata.cpp:244] id:2
I1003 14:58:13.017473  2868 myhdl_grabber.cpp:753] signal operator end
I1003 14:58:13.017477  2868 myhdl_grabber.cpp:754] temper_index_=0
I1003 14:58:13.017480  2868 getmultilidardata.cpp:244] id:3
I1003 14:58:13.017663  2869 myhdl_grabber.cpp:750] signal operator start
I1003 14:58:13.017669  2869 getmultilidardata.cpp:244] id:4
I1003 14:58:13.017963  2869 myhdl_grabber.cpp:753] signal operator end
I1003 14:58:13.017966  2869 myhdl_grabber.cpp:754] temper_index_=8
I1003 14:58:13.017969  2869 getmultilidardata.cpp:244] id:5
I1003 14:58:13.032124  2870 getmultilidardata.cpp:493] get lidar data
I1003 14:58:13.060554  2802 getmultilidardata.cpp:1300] cloudstartnum[lidarid]=0
I1003 14:58:13.060566  2802 getmultilidardata.cpp:1300] cloudstartnum[lidarid]=57760
I1003 14:58:13.060568  2802 getmultilidardata.cpp:1300] cloudstartnum[lidarid]=89648
I1003 14:58:13.062846  2802 getmultilidardata.cpp:1300] cloudstartnum[lidarid]=0
I1003 14:58:13.062855  2802 getmultilidardata.cpp:1300] cloudstartnum[lidarid]=57760
I1003 14:58:13.062856  2802 getmultilidardata.cpp:1300] cloudstartnum[lidarid]=89648
I1003 14:58:13.063983  2802 getmultilidardata.cpp:1580]  time:0.349698
I1003 14:58:13.063998  2802 getmultilidardata.cpp:1600] pub pointcloud:121539
I1003 14:58:13.064002  2802 getmultilidardata.cpp:1424] lidarid:0
I1003 14:58:13.064292  2802 getmultilidardata.cpp:1432] lidarid:0
I1003 14:58:13.064298  2802 getmultilidardata.cpp:1424] lidarid:0
I1003 14:58:13.064857  2802 getmultilidardata.cpp:1442] lidarid:0
I1003 14:58:13.064862  2802 getmultilidardata.cpp:1424] lidarid:1
I1003 14:58:13.065124  2802 getmultilidardata.cpp:1432] lidarid:1
I1003 14:58:13.065127  2802 getmultilidardata.cpp:1424] lidarid:1
I1003 14:58:13.065379  2802 getmultilidardata.cpp:1442] lidarid:1
I1003 14:58:13.065384  2802 getmultilidardata.cpp:1424] lidarid:2
I1003 14:58:13.065694  2802 getmultilidardata.cpp:1432] lidarid:2
I1003 14:58:13.065698  2802 getmultilidardata.cpp:1424] lidarid:2
I1003 14:58:13.065953  2802 getmultilidardata.cpp:1442] lidarid:2
I1003 14:58:13.068115  2802 getmultilidardata.cpp:1300] cloudstartnum[lidarid]=0
I1003 14:58:13.068123  2802 getmultilidardata.cpp:1300] cloudstartnum[lidarid]=58016
I1003 14:58:13.068125  2802 getmultilidardata.cpp:1300] cloudstartnum[lidarid]=90272
I1003 14:58:13.069815  2802 getmultilidardata.cpp:1300] cloudstartnum[lidarid]=0
I1003 14:58:13.069823  2802 getmultilidardata.cpp:1300] cloudstartnum[lidarid]=58016
I1003 14:58:13.069824  2802 getmultilidardata.cpp:1300] cloudstartnum[lidarid]=90272
I1003 14:58:13.070847  2802 getmultilidardata.cpp:1580]  time:0.255279
I1003 14:58:13.070873  2802 getmultilidardata.cpp:1600] pub pointcloud:122931
I1003 14:58:13.070875  2802 getmultilidardata.cpp:1424] lidarid:0
I1003 14:58:13.071105  2802 getmultilidardata.cpp:1432] lidarid:0
I1003 14:58:13.071108  2802 getmultilidardata.cpp:1424] lidarid:0
I1003 14:58:13.071559  2802 getmultilidardata.cpp:1442] lidarid:0
I1003 14:58:13.071564  2802 getmultilidardata.cpp:1424] lidarid:1
I1003 14:58:13.071933  2802 getmultilidardata.cpp:1432] lidarid:1
I1003 14:58:13.071935  2802 getmultilidardata.cpp:1424] lidarid:1
I1003 14:58:13.072530  2802 getmultilidardata.cpp:1442] lidarid:1
I1003 14:58:13.072535  2802 getmultilidardata.cpp:1424] lidarid:2
I1003 14:58:13.073237  2802 getmultilidardata.cpp:1432] lidarid:2
I1003 14:58:13.073244  2802 getmultilidardata.cpp:1424] lidarid:2
I1003 14:58:13.073859  2802 getmultilidardata.cpp:1442] lidarid:2
I1003 14:58:13.075423  2802 getmultilidardata.cpp:1300] cloudstartnum[lidarid]=0
I1003 14:58:13.075428  2802 getmultilidardata.cpp:1300] cloudstartnum[lidarid]=58208
I1003 14:58:13.075430  2802 getmultilidardata.cpp:1300] cloudstartnum[lidarid]=90080
I1003 14:58:13.076905  2802 getmultilidardata.cpp:1300] cloudstartnum[lidarid]=0
I1003 14:58:13.076912  2802 getmultilidardata.cpp:1300] cloudstartnum[lidarid]=58208
I1003 14:58:13.076915  2802 getmultilidardata.cpp:1300] cloudstartnum[lidarid]=90080
I1003 14:58:13.077529  2802 getmultilidardata.cpp:1580]  time:0.161293
I1003 14:58:13.077559  2802 getmultilidardata.cpp:1600] pub pointcloud:121971
I1003 14:58:13.077562  2802 getmultilidardata.cpp:1424] lidarid:0
I1003 14:58:13.077823  2802 getmultilidardata.cpp:1432] lidarid:0
I1003 14:58:13.077827  2802 getmultilidardata.cpp:1424] lidarid:0
I1003 14:58:13.078375  2802 getmultilidardata.cpp:1442] lidarid:0
I1003 14:58:13.078379  2802 getmultilidardata.cpp:1424] lidarid:1
I1003 14:58:13.078670  2802 getmultilidardata.cpp:1432] lidarid:1
I1003 14:58:13.078673  2802 getmultilidardata.cpp:1424] lidarid:1
I1003 14:58:13.078975  2802 getmultilidardata.cpp:1442] lidarid:1
I1003 14:58:13.078979  2802 getmultilidardata.cpp:1424] lidarid:2
I1003 14:58:13.079241  2802 getmultilidardata.cpp:1432] lidarid:2
I1003 14:58:13.079243  2802 getmultilidardata.cpp:1424] lidarid:2
I1003 14:58:13.079605  2802 getmultilidardata.cpp:1442] lidarid:2
I1003 14:58:13.081463  2802 getmultilidardata.cpp:1300] cloudstartnum[lidarid]=0
I1003 14:58:13.081468  2802 getmultilidardata.cpp:1300] cloudstartnum[lidarid]=58336
I1003 14:58:13.081470  2802 getmultilidardata.cpp:1300] cloudstartnum[lidarid]=91152
I1003 14:58:13.083101  2802 getmultilidardata.cpp:1300] cloudstartnum[lidarid]=0
I1003 14:58:13.083108  2802 getmultilidardata.cpp:1300] cloudstartnum[lidarid]=58336
I1003 14:58:13.083109  2802 getmultilidardata.cpp:1300] cloudstartnum[lidarid]=91152
I1003 14:58:13.084054  2802 getmultilidardata.cpp:1580]  time:0.066394
I1003 14:58:13.084071  2802 getmultilidardata.cpp:1600] pub pointcloud:123811
I1003 14:58:13.116994  2867 myhdl_grabber.cpp:565] id:0 temprotation:8 last_azimuth_35988
I1003 14:58:13.117025  2867 myhdl_grabber.cpp:750] signal operator start
I1003 14:58:13.117029  2867 getmultilidardata.cpp:244] id:0
I1003 14:58:13.117486  2867 myhdl_grabber.cpp:753] signal operator end
I1003 14:58:13.117509  2867 myhdl_grabber.cpp:754] temper_index_=25
I1003 14:58:13.117512  2867 getmultilidardata.cpp:244] id:1
I1003 14:58:13.117523  2802 getmultilidardata.cpp:1424] lidarid:0
I1003 14:58:13.118294  2802 getmultilidardata.cpp:1432] lidarid:0
I1003 14:58:13.118373  2802 getmultilidardata.cpp:1424] lidarid:0
I1003 14:58:13.118463  2868 myhdl_grabber.cpp:750] signal operator start
I1003 14:58:13.118466  2868 getmultilidardata.cpp:244] id:2
I1003 14:58:13.118703  2868 myhdl_grabber.cpp:753] signal operator end
I1003 14:58:13.118706  2868 myhdl_grabber.cpp:754] temper_index_=0
I1003 14:58:13.118708  2868 getmultilidardata.cpp:244] id:3
I1003 14:58:13.119204  2869 myhdl_grabber.cpp:750] signal operator start
I1003 14:58:13.119210  2869 getmultilidardata.cpp:244] id:4
I1003 14:58:13.119635  2802 getmultilidardata.cpp:1442] lidarid:0
I1003 14:58:13.119640  2802 getmultilidardata.cpp:1424] lidarid:1
I1003 14:58:13.119663  2869 myhdl_grabber.cpp:753] signal operator end
I1003 14:58:13.119666  2869 myhdl_grabber.cpp:754] temper_index_=8
I1003 14:58:13.119683  2869 getmultilidardata.cpp:244] id:5
I1003 14:58:13.120338  2802 getmultilidardata.cpp:1432] lidarid:1
I1003 14:58:13.120342  2802 getmultilidardata.cpp:1424] lidarid:1
I1003 14:58:13.120779  2802 getmultilidardata.cpp:1442] lidarid:1
I1003 14:58:13.120782  2802 getmultilidardata.cpp:1424] lidarid:2
I1003 14:58:13.121192  2802 getmultilidardata.cpp:1432] lidarid:2
I1003 14:58:13.121194  2802 getmultilidardata.cpp:1424] lidarid:2
I1003 14:58:13.121511  2802 getmultilidardata.cpp:1442] lidarid:2
I1003 14:58:13.217458  2867 myhdl_grabber.cpp:565] id:0 temprotation:4 last_azimuth_35984
I1003 14:58:13.217468  2867 myhdl_grabber.cpp:750] signal operator start
I1003 14:58:13.217471  2867 getmultilidardata.cpp:244] id:0
I1003 14:58:13.217813  2867 myhdl_grabber.cpp:753] signal operator end
I1003 14:58:13.217815  2867 myhdl_grabber.cpp:754] temper_index_=25
I1003 14:58:13.217818  2867 getmultilidardata.cpp:244] id:1
I1003 14:58:13.218219  2869 myhdl_grabber.cpp:750] signal operator start
I1003 14:58:13.218225  2869 getmultilidardata.cpp:244] id:4
I1003 14:58:13.218462  2869 myhdl_grabber.cpp:753] signal operator end
I1003 14:58:13.218466  2869 myhdl_grabber.cpp:754] temper_index_=8
I1003 14:58:13.218468  2869 getmultilidardata.cpp:244] id:5
I1003 14:58:13.218736  2868 myhdl_grabber.cpp:750] signal operator start
I1003 14:58:13.218745  2868 getmultilidardata.cpp:244] id:2
I1003 14:58:13.218967  2868 myhdl_grabber.cpp:753] signal operator end
I1003 14:58:13.218971  2868 myhdl_grabber.cpp:754] temper_index_=0
I1003 14:58:13.218972  2868 getmultilidardata.cpp:244] id:3
I1003 14:58:13.321223  2867 myhdl_grabber.cpp:565] id:0 temprotation:4 last_azimuth_35988
I1003 14:58:13.321238  2867 myhdl_grabber.cpp:750] signal operator start
I1003 14:58:13.321244  2867 getmultilidardata.cpp:244] id:0
I1003 14:58:13.321686  2867 myhdl_grabber.cpp:753] signal operator end
I1003 14:58:13.321691  2867 myhdl_grabber.cpp:754] temper_index_=25
I1003 14:58:13.321694  2867 getmultilidardata.cpp:244] id:1
I1003 14:58:13.322520  2868 myhdl_grabber.cpp:750] signal operator start
I1003 14:58:13.322531  2868 getmultilidardata.cpp:244] id:2
I1003 14:58:13.322841  2868 myhdl_grabber.cpp:753] signal operator end
I1003 14:58:13.322845  2868 myhdl_grabber.cpp:754] temper_index_=0
I1003 14:58:13.322849  2868 getmultilidardata.cpp:244] id:3
I1003 14:58:13.323191  2869 myhdl_grabber.cpp:750] signal operator start
I1003 14:58:13.323199  2869 getmultilidardata.cpp:244] id:4
I1003 14:58:13.323495  2869 myhdl_grabber.cpp:753] signal operator end
I1003 14:58:13.323498  2869 myhdl_grabber.cpp:754] temper_index_=8
I1003 14:58:13.323501  2869 getmultilidardata.cpp:244] id:5
I1003 14:58:13.348008  2870 getmultilidardata.cpp:493] get lidar data
I1003 14:58:13.370085  2802 getmultilidardata.cpp:1300] cloudstartnum[lidarid]=0
I1003 14:58:13.370100  2802 getmultilidardata.cpp:1300] cloudstartnum[lidarid]=58400
I1003 14:58:13.370101  2802 getmultilidardata.cpp:1300] cloudstartnum[lidarid]=90880
I1003 14:58:13.371492  2802 getmultilidardata.cpp:1300] cloudstartnum[lidarid]=0
I1003 14:58:13.371500  2802 getmultilidardata.cpp:1300] cloudstartnum[lidarid]=58400
I1003 14:58:13.371515  2802 getmultilidardata.cpp:1300] cloudstartnum[lidarid]=90880
I1003 14:58:13.372810  2802 getmultilidardata.cpp:1580]  time:0.253607
I1003 14:58:13.372826  2802 getmultilidardata.cpp:1600] pub pointcloud:123523
I1003 14:58:13.372830  2802 getmultilidardata.cpp:1424] lidarid:0
I1003 14:58:13.373647  2802 getmultilidardata.cpp:1432] lidarid:0
I1003 14:58:13.373652  2802 getmultilidardata.cpp:1424] lidarid:0
I1003 14:58:13.374462  2802 getmultilidardata.cpp:1442] lidarid:0
I1003 14:58:13.374469  2802 getmultilidardata.cpp:1424] lidarid:2
I1003 14:58:13.374706  2802 getmultilidardata.cpp:1432] lidarid:2
I1003 14:58:13.374709  2802 getmultilidardata.cpp:1424] lidarid:2
I1003 14:58:13.374999  2802 getmultilidardata.cpp:1442] lidarid:2
I1003 14:58:13.375002  2802 getmultilidardata.cpp:1424] lidarid:1
I1003 14:58:13.375233  2802 getmultilidardata.cpp:1432] lidarid:1
I1003 14:58:13.375237  2802 getmultilidardata.cpp:1424] lidarid:1
I1003 14:58:13.375699  2802 getmultilidardata.cpp:1442] lidarid:1
I1003 14:58:13.375705  2802 getmultilidardata.cpp:1424] lidarid:0
E1003 14:58:13.375706  2802 getmultilidardata.cpp:1427] finalcloudmap_origin_.find(lidarid)!=finalcloudmap_origin_.end()
I1003 14:58:13.376624  2802 getmultilidardata.cpp:1432] lidarid:0
I1003 14:58:13.376628  2802 getmultilidardata.cpp:1424] lidarid:0
E1003 14:58:13.376648  2802 getmultilidardata.cpp:1437] finalcloudmap_calibrated_.find(lidarid)!=finalcloudmap_calibrated_.end()
I1003 14:58:13.377107  2802 getmultilidardata.cpp:1442] lidarid:0
I1003 14:58:13.377111  2802 getmultilidardata.cpp:1424] lidarid:1
E1003 14:58:13.377113  2802 getmultilidardata.cpp:1427] finalcloudmap_origin_.find(lidarid)!=finalcloudmap_origin_.end()
I1003 14:58:13.377408  2802 getmultilidardata.cpp:1432] lidarid:1
I1003 14:58:13.377411  2802 getmultilidardata.cpp:1424] lidarid:1
E1003 14:58:13.377413  2802 getmultilidardata.cpp:1437] finalcloudmap_calibrated_.find(lidarid)!=finalcloudmap_calibrated_.end()
I1003 14:58:13.377748  2802 getmultilidardata.cpp:1442] lidarid:1
I1003 14:58:13.377751  2802 getmultilidardata.cpp:1424] lidarid:2
E1003 14:58:13.377753  2802 getmultilidardata.cpp:1427] finalcloudmap_origin_.find(lidarid)!=finalcloudmap_origin_.end()
I1003 14:58:13.378038  2802 getmultilidardata.cpp:1432] lidarid:2
I1003 14:58:13.378042  2802 getmultilidardata.cpp:1424] lidarid:2
E1003 14:58:13.378043  2802 getmultilidardata.cpp:1437] finalcloudmap_calibrated_.find(lidarid)!=finalcloudmap_calibrated_.end()
I1003 14:58:13.378293  2802 getmultilidardata.cpp:1442] lidarid:2
I1003 14:58:13.380461  2802 getmultilidardata.cpp:1300] cloudstartnum[lidarid]=0
I1003 14:58:13.380470  2802 getmultilidardata.cpp:1300] cloudstartnum[lidarid]=58240
I1003 14:58:13.380472  2802 getmultilidardata.cpp:1300] cloudstartnum[lidarid]=91664
I1003 14:58:13.382534  2802 getmultilidardata.cpp:1300] cloudstartnum[lidarid]=0
I1003 14:58:13.382546  2802 getmultilidardata.cpp:1300] cloudstartnum[lidarid]=58240
I1003 14:58:13.382548  2802 getmultilidardata.cpp:1300] cloudstartnum[lidarid]=91664
I1003 14:58:13.383916  2802 getmultilidardata.cpp:1580]  time:0.0607242
I1003 14:58:13.386324  2802 getmultilidardata.cpp:1600] pub pointcloud:125459
I1003 14:58:13.419286  2867 myhdl_grabber.cpp:565] id:0 temprotation:18 last_azimuth_35998
I1003 14:58:13.419317  2867 myhdl_grabber.cpp:750] signal operator start
I1003 14:58:13.419322  2867 getmultilidardata.cpp:244] id:0
I1003 14:58:13.419662  2867 myhdl_grabber.cpp:753] signal operator end
I1003 14:58:13.419665  2867 myhdl_grabber.cpp:754] temper_index_=25
I1003 14:58:13.419667  2802 getmultilidardata.cpp:1424] lidarid:0
I1003 14:58:13.419668  2867 getmultilidardata.cpp:244] id:1
I1003 14:58:13.420346  2802 getmultilidardata.cpp:1432] lidarid:0
I1003 14:58:13.420351  2802 getmultilidardata.cpp:1424] lidarid:0
I1003 14:58:13.420397  2869 myhdl_grabber.cpp:750] signal operator start
I1003 14:58:13.420406  2869 getmultilidardata.cpp:244] id:4
I1003 14:58:13.420795  2869 myhdl_grabber.cpp:753] signal operator end
I1003 14:58:13.420799  2869 myhdl_grabber.cpp:754] temper_index_=8
I1003 14:58:13.420801  2869 getmultilidardata.cpp:244] id:5
I1003 14:58:13.420864  2868 myhdl_grabber.cpp:750] signal operator start
I1003 14:58:13.420871  2868 getmultilidardata.cpp:244] id:2
I1003 14:58:13.421085  2802 getmultilidardata.cpp:1442] lidarid:0
I1003 14:58:13.421090  2802 getmultilidardata.cpp:1424] lidarid:2
I1003 14:58:13.421483  2868 myhdl_grabber.cpp:753] signal operator end
I1003 14:58:13.421500  2868 myhdl_grabber.cpp:754] temper_index_=0
I1003 14:58:13.421504  2868 getmultilidardata.cpp:244] id:3
I1003 14:58:13.421711  2802 getmultilidardata.cpp:1432] lidarid:2
I1003 14:58:13.421715  2802 getmultilidardata.cpp:1424] lidarid:2
I1003 14:58:13.422083  2802 getmultilidardata.cpp:1442] lidarid:2
I1003 14:58:13.422086  2802 getmultilidardata.cpp:1424] lidarid:1
I1003 14:58:13.422288  2802 getmultilidardata.cpp:1432] lidarid:1
I1003 14:58:13.422291  2802 getmultilidardata.cpp:1424] lidarid:1
I1003 14:58:13.422452  2802 getmultilidardata.cpp:1442] lidarid:1
I1003 14:58:13.519330  2867 myhdl_grabber.cpp:565] id:0 temprotation:4 last_azimuth_35984
I1003 14:58:13.519343  2867 myhdl_grabber.cpp:750] signal operator start
I1003 14:58:13.519348  2867 getmultilidardata.cpp:244] id:0
I1003 14:58:13.519692  2867 myhdl_grabber.cpp:753] signal operator end
I1003 14:58:13.519696  2867 myhdl_grabber.cpp:754] temper_index_=25
I1003 14:58:13.519699  2867 getmultilidardata.cpp:244] id:1
I1003 14:58:13.520545  2868 myhdl_grabber.cpp:750] signal operator start
I1003 14:58:13.520555  2868 getmultilidardata.cpp:244] id:2
I1003 14:58:13.520787  2868 myhdl_grabber.cpp:753] signal operator end
I1003 14:58:13.520789  2868 myhdl_grabber.cpp:754] temper_index_=0
I1003 14:58:13.520792  2868 getmultilidardata.cpp:244] id:3
I1003 14:58:13.521261  2869 myhdl_grabber.cpp:750] signal operator start
I1003 14:58:13.521270  2869 getmultilidardata.cpp:244] id:4
I1003 14:58:13.521484  2869 myhdl_grabber.cpp:753] signal operator end
I1003 14:58:13.521487  2869 myhdl_grabber.cpp:754] temper_index_=8
I1003 14:58:13.521490  2869 getmultilidardata.cpp:244] id:5
I1003 14:58:13.619223  2867 myhdl_grabber.cpp:565] id:0 temprotation:8 last_azimuth_35988
I1003 14:58:13.619240  2867 myhdl_grabber.cpp:750] signal operator start
I1003 14:58:13.619246  2867 getmultilidardata.cpp:244] id:0
I1003 14:58:13.619935  2867 myhdl_grabber.cpp:753] signal operator end
I1003 14:58:13.619941  2867 myhdl_grabber.cpp:754] temper_index_=25
I1003 14:58:13.619944  2867 getmultilidardata.cpp:244] id:1
I1003 14:58:13.620929  2869 myhdl_grabber.cpp:750] signal operator start
I1003 14:58:13.620951  2869 getmultilidardata.cpp:244] id:4
I1003 14:58:13.621176  2869 myhdl_grabber.cpp:753] signal operator end
I1003 14:58:13.621179  2869 myhdl_grabber.cpp:754] temper_index_=8
I1003 14:58:13.621182  2869 getmultilidardata.cpp:244] id:5
I1003 14:58:13.621331  2868 myhdl_grabber.cpp:750] signal operator start
I1003 14:58:13.621341  2868 getmultilidardata.cpp:244] id:2
I1003 14:58:13.621673  2868 myhdl_grabber.cpp:753] signal operator end
I1003 14:58:13.621675  2868 myhdl_grabber.cpp:754] temper_index_=0
I1003 14:58:13.621678  2868 getmultilidardata.cpp:244] id:3
I1003 14:58:13.663961  2870 getmultilidardata.cpp:493] get lidar data
I1003 14:58:13.679388  2802 getmultilidardata.cpp:1300] cloudstartnum[lidarid]=0
I1003 14:58:13.679412  2802 getmultilidardata.cpp:1300] cloudstartnum[lidarid]=58048
I1003 14:58:13.679414  2802 getmultilidardata.cpp:1300] cloudstartnum[lidarid]=89536
I1003 14:58:13.680874  2802 getmultilidardata.cpp:1300] cloudstartnum[lidarid]=0
I1003 14:58:13.680881  2802 getmultilidardata.cpp:1300] cloudstartnum[lidarid]=58048
I1003 14:58:13.680881  2802 getmultilidardata.cpp:1300] cloudstartnum[lidarid]=89536
I1003 14:58:13.681519  2802 getmultilidardata.cpp:1580]  time:0.260656
I1003 14:58:13.682001  2802 getmultilidardata.cpp:1600] pub pointcloud:120643
I1003 14:58:13.682029  2802 getmultilidardata.cpp:1424] lidarid:0
I1003 14:58:13.682744  2802 getmultilidardata.cpp:1432] lidarid:0
I1003 14:58:13.682752  2802 getmultilidardata.cpp:1424] lidarid:0
I1003 14:58:13.683547  2802 getmultilidardata.cpp:1442] lidarid:0
I1003 14:58:13.683559  2802 getmultilidardata.cpp:1424] lidarid:1
I1003 14:58:13.684129  2802 getmultilidardata.cpp:1432] lidarid:1
I1003 14:58:13.684134  2802 getmultilidardata.cpp:1424] lidarid:1
I1003 14:58:13.684515  2802 getmultilidardata.cpp:1442] lidarid:1
I1003 14:58:13.684520  2802 getmultilidardata.cpp:1424] lidarid:2
I1003 14:58:13.684875  2802 getmultilidardata.cpp:1432] lidarid:2
I1003 14:58:13.684878  2802 getmultilidardata.cpp:1424] lidarid:2
I1003 14:58:13.685370  2802 getmultilidardata.cpp:1442] lidarid:2
I1003 14:58:13.687290  2802 getmultilidardata.cpp:1300] cloudstartnum[lidarid]=0
I1003 14:58:13.687296  2802 getmultilidardata.cpp:1300] cloudstartnum[lidarid]=57760
I1003 14:58:13.687297  2802 getmultilidardata.cpp:1300] cloudstartnum[lidarid]=89632
I1003 14:58:13.688576  2802 getmultilidardata.cpp:1300] cloudstartnum[lidarid]=0
I1003 14:58:13.688581  2802 getmultilidardata.cpp:1300] cloudstartnum[lidarid]=57760
I1003 14:58:13.688582  2802 getmultilidardata.cpp:1300] cloudstartnum[lidarid]=89632
I1003 14:58:13.689317  2802 getmultilidardata.cpp:1580]  time:0.168057
I1003 14:58:13.689817  2802 getmultilidardata.cpp:1600] pub pointcloud:121907
I1003 14:58:13.689842  2802 getmultilidardata.cpp:1424] lidarid:0
I1003 14:58:13.690686  2802 getmultilidardata.cpp:1432] lidarid:0
I1003 14:58:13.690691  2802 getmultilidardata.cpp:1424] lidarid:0
I1003 14:58:13.691514  2802 getmultilidardata.cpp:1442] lidarid:0
I1003 14:58:13.691520  2802 getmultilidardata.cpp:1424] lidarid:2
I1003 14:58:13.691860  2802 getmultilidardata.cpp:1432] lidarid:2
I1003 14:58:13.691864  2802 getmultilidardata.cpp:1424] lidarid:2
I1003 14:58:13.692193  2802 getmultilidardata.cpp:1442] lidarid:2
I1003 14:58:13.692195  2802 getmultilidardata.cpp:1424] lidarid:1
I1003 14:58:13.692402  2802 getmultilidardata.cpp:1432] lidarid:1
I1003 14:58:13.692405  2802 getmultilidardata.cpp:1424] lidarid:1
I1003 14:58:13.692656  2802 getmultilidardata.cpp:1442] lidarid:1
I1003 14:58:13.715044  2802 getmultilidardata.cpp:1300] cloudstartnum[lidarid]=0
I1003 14:58:13.715060  2802 getmultilidardata.cpp:1300] cloudstartnum[lidarid]=57536
I1003 14:58:13.715062  2802 getmultilidardata.cpp:1300] cloudstartnum[lidarid]=89792
I1003 14:58:13.717151  2802 getmultilidardata.cpp:1300] cloudstartnum[lidarid]=0
I1003 14:58:13.717159  2802 getmultilidardata.cpp:1300] cloudstartnum[lidarid]=57536
I1003 14:58:13.717161  2802 getmultilidardata.cpp:1300] cloudstartnum[lidarid]=89792
I1003 14:58:13.718595  2867 myhdl_grabber.cpp:565] id:0 temprotation:8 last_azimuth_35988
I1003 14:58:13.718626  2867 myhdl_grabber.cpp:750] signal operator start
I1003 14:58:13.718632  2867 getmultilidardata.cpp:244] id:0
I1003 14:58:13.719429  2802 getmultilidardata.cpp:1580]  time:0.0980963
I1003 14:58:13.719982  2867 myhdl_grabber.cpp:753] signal operator end
I1003 14:58:13.719991  2867 myhdl_grabber.cpp:754] temper_index_=25
I1003 14:58:13.719996  2867 getmultilidardata.cpp:244] id:1
I1003 14:58:13.721273  2802 getmultilidardata.cpp:1600] pub pointcloud:121667
I1003 14:58:13.721287  2802 getmultilidardata.cpp:1424] lidarid:0
I1003 14:58:13.721644  2869 myhdl_grabber.cpp:750] signal operator start
I1003 14:58:13.721662  2869 getmultilidardata.cpp:244] id:4
I1003 14:58:13.722478  2869 myhdl_grabber.cpp:753] signal operator end
I1003 14:58:13.722486  2869 myhdl_grabber.cpp:754] temper_index_=8
I1003 14:58:13.722489  2869 getmultilidardata.cpp:244] id:5
I1003 14:58:13.722551  2802 getmultilidardata.cpp:1432] lidarid:0
I1003 14:58:13.722558  2802 getmultilidardata.cpp:1424] lidarid:0
I1003 14:58:13.723275  2868 myhdl_grabber.cpp:750] signal operator start
I1003 14:58:13.723284  2868 getmultilidardata.cpp:244] id:2
I1003 14:58:13.723682  2802 getmultilidardata.cpp:1442] lidarid:0
I1003 14:58:13.723690  2802 getmultilidardata.cpp:1424] lidarid:2
I1003 14:58:13.723867  2868 myhdl_grabber.cpp:753] signal operator end
I1003 14:58:13.723871  2868 myhdl_grabber.cpp:754] temper_index_=0
I1003 14:58:13.723876  2868 getmultilidardata.cpp:244] id:3
I1003 14:58:13.724319  2802 getmultilidardata.cpp:1432] lidarid:2
I1003 14:58:13.724326  2802 getmultilidardata.cpp:1424] lidarid:2
I1003 14:58:13.724858  2802 getmultilidardata.cpp:1442] lidarid:2
I1003 14:58:13.724861  2802 getmultilidardata.cpp:1424] lidarid:1
I1003 14:58:13.725209  2802 getmultilidardata.cpp:1432] lidarid:1
I1003 14:58:13.725212  2802 getmultilidardata.cpp:1424] lidarid:1
I1003 14:58:13.725507  2802 getmultilidardata.cpp:1442] lidarid:1
I1003 14:58:13.817787  2867 myhdl_grabber.cpp:565] id:0 temprotation:18 last_azimuth_35998
I1003 14:58:13.817802  2867 myhdl_grabber.cpp:750] signal operator start
I1003 14:58:13.817807  2867 getmultilidardata.cpp:244] id:0
I1003 14:58:13.818289  2867 myhdl_grabber.cpp:753] signal operator end
I1003 14:58:13.818291  2867 myhdl_grabber.cpp:754] temper_index_=25
I1003 14:58:13.818293  2867 getmultilidardata.cpp:244] id:1
I1003 14:58:13.818773  2869 myhdl_grabber.cpp:750] signal operator start
I1003 14:58:13.818778  2869 getmultilidardata.cpp:244] id:4
I1003 14:58:13.818987  2869 myhdl_grabber.cpp:753] signal operator end
I1003 14:58:13.818990  2869 myhdl_grabber.cpp:754] temper_index_=8
I1003 14:58:13.818994  2869 getmultilidardata.cpp:244] id:5
I1003 14:58:13.819242  2868 myhdl_grabber.cpp:750] signal operator start
I1003 14:58:13.819250  2868 getmultilidardata.cpp:244] id:2
I1003 14:58:13.819504  2868 myhdl_grabber.cpp:753] signal operator end
I1003 14:58:13.819506  2868 myhdl_grabber.cpp:754] temper_index_=0
I1003 14:58:13.819509  2868 getmultilidardata.cpp:244] id:3
I1003 14:58:13.916421  2867 myhdl_grabber.cpp:565] id:0 temprotation:2 last_azimuth_35982
I1003 14:58:13.916435  2867 myhdl_grabber.cpp:750] signal operator start
I1003 14:58:13.916440  2867 getmultilidardata.cpp:244] id:0
I1003 14:58:13.916838  2867 myhdl_grabber.cpp:753] signal operator end
I1003 14:58:13.916842  2867 myhdl_grabber.cpp:754] temper_index_=25
I1003 14:58:13.916844  2867 getmultilidardata.cpp:244] id:1
I1003 14:58:13.917707  2868 myhdl_grabber.cpp:750] signal operator start
I1003 14:58:13.917716  2868 getmultilidardata.cpp:244] id:2
I1003 14:58:13.917944  2868 myhdl_grabber.cpp:753] signal operator end
I1003 14:58:13.917948  2868 myhdl_grabber.cpp:754] temper_index_=0
I1003 14:58:13.917950  2868 getmultilidardata.cpp:244] id:3
I1003 14:58:13.918378  2869 myhdl_grabber.cpp:750] signal operator start
I1003 14:58:13.918386  2869 getmultilidardata.cpp:244] id:4
I1003 14:58:13.918685  2869 myhdl_grabber.cpp:753] signal operator end
I1003 14:58:13.918689  2869 myhdl_grabber.cpp:754] temper_index_=8
I1003 14:58:13.918691  2869 getmultilidardata.cpp:244] id:5
I1003 14:58:13.980119  2870 getmultilidardata.cpp:493] get lidar data
I1003 14:58:14.001044  2802 getmultilidardata.cpp:1300] cloudstartnum[lidarid]=0
I1003 14:58:14.001058  2802 getmultilidardata.cpp:1300] cloudstartnum[lidarid]=57312
I1003 14:58:14.001061  2802 getmultilidardata.cpp:1300] cloudstartnum[lidarid]=89568
I1003 14:58:14.003063  2802 getmultilidardata.cpp:1300] cloudstartnum[lidarid]=0
I1003 14:58:14.003070  2802 getmultilidardata.cpp:1300] cloudstartnum[lidarid]=57312
I1003 14:58:14.003072  2802 getmultilidardata.cpp:1300] cloudstartnum[lidarid]=89568
I1003 14:58:14.003850  2802 getmultilidardata.cpp:1580]  time:0.2806
I1003 14:58:14.005048  2802 getmultilidardata.cpp:1600] pub pointcloud:121827
I1003 14:58:14.005060  2802 getmultilidardata.cpp:1424] lidarid:0
I1003 14:58:14.006350  2802 getmultilidardata.cpp:1432] lidarid:0
I1003 14:58:14.006358  2802 getmultilidardata.cpp:1424] lidarid:0
I1003 14:58:14.007383  2802 getmultilidardata.cpp:1442] lidarid:0
I1003 14:58:14.007390  2802 getmultilidardata.cpp:1424] lidarid:2
I1003 14:58:14.007591  2802 getmultilidardata.cpp:1432] lidarid:2
I1003 14:58:14.007594  2802 getmultilidardata.cpp:1424] lidarid:2
I1003 14:58:14.007850  2802 getmultilidardata.cpp:1442] lidarid:2
I1003 14:58:14.007854  2802 getmultilidardata.cpp:1424] lidarid:1
I1003 14:58:14.008080  2802 getmultilidardata.cpp:1432] lidarid:1
I1003 14:58:14.008082  2802 getmultilidardata.cpp:1424] lidarid:1
I1003 14:58:14.008306  2802 getmultilidardata.cpp:1442] lidarid:1
I1003 14:58:14.008309  2802 getmultilidardata.cpp:1424] lidarid:0
E1003 14:58:14.008311  2802 getmultilidardata.cpp:1427] finalcloudmap_origin_.find(lidarid)!=finalcloudmap_origin_.end()
I1003 14:58:14.008797  2802 getmultilidardata.cpp:1432] lidarid:0
I1003 14:58:14.008802  2802 getmultilidardata.cpp:1424] lidarid:0
E1003 14:58:14.008805  2802 getmultilidardata.cpp:1437] finalcloudmap_calibrated_.find(lidarid)!=finalcloudmap_calibrated_.end()
I1003 14:58:14.009320  2802 getmultilidardata.cpp:1442] lidarid:0
I1003 14:58:14.009322  2802 getmultilidardata.cpp:1424] lidarid:1
E1003 14:58:14.009325  2802 getmultilidardata.cpp:1427] finalcloudmap_origin_.find(lidarid)!=finalcloudmap_origin_.end()
I1003 14:58:14.009583  2802 getmultilidardata.cpp:1432] lidarid:1
I1003 14:58:14.009586  2802 getmultilidardata.cpp:1424] lidarid:1
E1003 14:58:14.009588  2802 getmultilidardata.cpp:1437] finalcloudmap_calibrated_.find(lidarid)!=finalcloudmap_calibrated_.end()
I1003 14:58:14.009815  2802 getmultilidardata.cpp:1442] lidarid:1
I1003 14:58:14.009819  2802 getmultilidardata.cpp:1424] lidarid:2
E1003 14:58:14.009820  2802 getmultilidardata.cpp:1427] finalcloudmap_origin_.find(lidarid)!=finalcloudmap_origin_.end()
I1003 14:58:14.010061  2802 getmultilidardata.cpp:1432] lidarid:2
I1003 14:58:14.010063  2802 getmultilidardata.cpp:1424] lidarid:2
E1003 14:58:14.010066  2802 getmultilidardata.cpp:1437] finalcloudmap_calibrated_.find(lidarid)!=finalcloudmap_calibrated_.end()
I1003 14:58:14.010329  2802 getmultilidardata.cpp:1442] lidarid:2
I1003 14:58:14.011543  2802 getmultilidardata.cpp:1300] cloudstartnum[lidarid]=0
I1003 14:58:14.011545  2802 getmultilidardata.cpp:1300] cloudstartnum[lidarid]=56992
I1003 14:58:14.011548  2802 getmultilidardata.cpp:1300] cloudstartnum[lidarid]=88480
I1003 14:58:14.013294  2802 getmultilidardata.cpp:1300] cloudstartnum[lidarid]=0
I1003 14:58:14.013301  2802 getmultilidardata.cpp:1300] cloudstartnum[lidarid]=56992
I1003 14:58:14.013303  2802 getmultilidardata.cpp:1300] cloudstartnum[lidarid]=88480
I1003 14:58:14.013883  2802 getmultilidardata.cpp:1580]  time:0.0955064
I1003 14:58:14.014358  2802 getmultilidardata.cpp:1600] pub pointcloud:120371
I1003 14:58:14.015616  2867 myhdl_grabber.cpp:565] id:0 temprotation:14 last_azimuth_35994
I1003 14:58:14.015628  2867 myhdl_grabber.cpp:750] signal operator start
I1003 14:58:14.015632  2867 getmultilidardata.cpp:244] id:0
I1003 14:58:14.016412  2867 myhdl_grabber.cpp:753] signal operator end
I1003 14:58:14.016417  2867 myhdl_grabber.cpp:754] temper_index_=25
I1003 14:58:14.016419  2867 getmultilidardata.cpp:244] id:1
I1003 14:58:14.016417  2802 getmultilidardata.cpp:1424] lidarid:0
I1003 14:58:14.016860  2802 getmultilidardata.cpp:1432] lidarid:0
I1003 14:58:14.017299  2868 myhdl_grabber.cpp:750] signal operator start
I1003 14:58:14.017308  2868 getmultilidardata.cpp:244] id:2
I1003 14:58:14.017489  2802 getmultilidardata.cpp:1424] lidarid:0
I1003 14:58:14.017782  2868 myhdl_grabber.cpp:753] signal operator end
I1003 14:58:14.017786  2868 myhdl_grabber.cpp:754] temper_index_=0
I1003 14:58:14.017788  2868 getmultilidardata.cpp:244] id:3
I1003 14:58:14.018301  2802 getmultilidardata.cpp:1442] lidarid:0
I1003 14:58:14.018334  2869 myhdl_grabber.cpp:750] signal operator start
I1003 14:58:14.018338  2802 getmultilidardata.cpp:1424] lidarid:1
I1003 14:58:14.018339  2869 getmultilidardata.cpp:244] id:4
I1003 14:58:14.018862  2869 myhdl_grabber.cpp:753] signal operator end
I1003 14:58:14.018865  2869 myhdl_grabber.cpp:754] temper_index_=8
I1003 14:58:14.018867  2802 getmultilidardata.cpp:1432] lidarid:1
I1003 14:58:14.018868  2869 getmultilidardata.cpp:244] id:5
I1003 14:58:14.018870  2802 getmultilidardata.cpp:1424] lidarid:1
I1003 14:58:14.019377  2802 getmultilidardata.cpp:1442] lidarid:1
I1003 14:58:14.019381  2802 getmultilidardata.cpp:1424] lidarid:2
I1003 14:58:14.019773  2802 getmultilidardata.cpp:1432] lidarid:2
I1003 14:58:14.019776  2802 getmultilidardata.cpp:1424] lidarid:2
I1003 14:58:14.020007  2802 getmultilidardata.cpp:1442] lidarid:2
I1003 14:58:14.114332  2867 myhdl_grabber.cpp:565] id:0 temprotation:18 last_azimuth_35998
I1003 14:58:14.114348  2867 myhdl_grabber.cpp:750] signal operator start
I1003 14:58:14.114352  2867 getmultilidardata.cpp:244] id:0
I1003 14:58:14.114867  2867 myhdl_grabber.cpp:753] signal operator end
I1003 14:58:14.114873  2867 myhdl_grabber.cpp:754] temper_index_=25
I1003 14:58:14.114876  2867 getmultilidardata.cpp:244] id:1
I1003 14:58:14.115674  2868 myhdl_grabber.cpp:750] signal operator start
I1003 14:58:14.115696  2868 getmultilidardata.cpp:244] id:2
I1003 14:58:14.115888  2868 myhdl_grabber.cpp:753] signal operator end
I1003 14:58:14.115891  2868 myhdl_grabber.cpp:754] temper_index_=0
I1003 14:58:14.115895  2868 getmultilidardata.cpp:244] id:3
I1003 14:58:14.116356  2869 myhdl_grabber.cpp:750] signal operator start
I1003 14:58:14.116379  2869 getmultilidardata.cpp:244] id:4
I1003 14:58:14.116605  2869 myhdl_grabber.cpp:753] signal operator end
I1003 14:58:14.116607  2869 myhdl_grabber.cpp:754] temper_index_=8
I1003 14:58:14.116611  2869 getmultilidardata.cpp:244] id:5
I1003 14:58:14.213770  2867 myhdl_grabber.cpp:565] id:0 temprotation:12 last_azimuth_35992
I1003 14:58:14.213799  2867 myhdl_grabber.cpp:750] signal operator start
I1003 14:58:14.213822  2867 getmultilidardata.cpp:244] id:0
I1003 14:58:14.214284  2867 myhdl_grabber.cpp:753] signal operator end
I1003 14:58:14.214288  2867 myhdl_grabber.cpp:754] temper_index_=25
I1003 14:58:14.214290  2867 getmultilidardata.cpp:244] id:1
I1003 14:58:14.216146  2869 myhdl_grabber.cpp:750] signal operator start
I1003 14:58:14.216161  2869 getmultilidardata.cpp:244] id:4
I1003 14:58:14.216487  2868 myhdl_grabber.cpp:750] signal operator start
I1003 14:58:14.216495  2869 myhdl_grabber.cpp:753] signal operator end
I1003 14:58:14.216497  2869 myhdl_grabber.cpp:754] temper_index_=8
I1003 14:58:14.216497  2868 getmultilidardata.cpp:244] id:2
I1003 14:58:14.216501  2869 getmultilidardata.cpp:244] id:5
I1003 14:58:14.216974  2868 myhdl_grabber.cpp:753] signal operator end
I1003 14:58:14.216977  2868 myhdl_grabber.cpp:754] temper_index_=0
I1003 14:58:14.216980  2868 getmultilidardata.cpp:244] id:3
I1003 14:58:14.263625  2802 getmultilidardata.cpp:1300] cloudstartnum[lidarid]=0
I1003 14:58:14.263638  2802 getmultilidardata.cpp:1300] cloudstartnum[lidarid]=56992
I1003 14:58:14.263641  2802 getmultilidardata.cpp:1300] cloudstartnum[lidarid]=89216
I1003 14:58:14.264726  2802 getmultilidardata.cpp:1300] cloudstartnum[lidarid]=0
I1003 14:58:14.264734  2802 getmultilidardata.cpp:1300] cloudstartnum[lidarid]=56992
I1003 14:58:14.264734  2802 getmultilidardata.cpp:1300] cloudstartnum[lidarid]=89216
I1003 14:58:14.265372  2802 getmultilidardata.cpp:1580]  time:0.247038
I1003 14:58:14.266008  2802 getmultilidardata.cpp:1600] pub pointcloud:121091
I1003 14:58:14.266021  2802 getmultilidardata.cpp:1424] lidarid:0
I1003 14:58:14.267011  2802 getmultilidardata.cpp:1432] lidarid:0
I1003 14:58:14.267024  2802 getmultilidardata.cpp:1424] lidarid:0
I1003 14:58:14.267859  2802 getmultilidardata.cpp:1442] lidarid:0
I1003 14:58:14.267868  2802 getmultilidardata.cpp:1424] lidarid:1
I1003 14:58:14.268296  2802 getmultilidardata.cpp:1432] lidarid:1
I1003 14:58:14.268303  2802 getmultilidardata.cpp:1424] lidarid:1
I1003 14:58:14.268649  2802 getmultilidardata.cpp:1442] lidarid:1
I1003 14:58:14.268654  2802 getmultilidardata.cpp:1424] lidarid:2
I1003 14:58:14.268904  2802 getmultilidardata.cpp:1432] lidarid:2
I1003 14:58:14.268908  2802 getmultilidardata.cpp:1424] lidarid:2
I1003 14:58:14.269129  2802 getmultilidardata.cpp:1442] lidarid:2
I1003 14:58:14.270342  2802 getmultilidardata.cpp:1300] cloudstartnum[lidarid]=0
I1003 14:58:14.270350  2802 getmultilidardata.cpp:1300] cloudstartnum[lidarid]=57024
I1003 14:58:14.270351  2802 getmultilidardata.cpp:1300] cloudstartnum[lidarid]=88176
I1003 14:58:14.272055  2802 getmultilidardata.cpp:1300] cloudstartnum[lidarid]=0
I1003 14:58:14.272060  2802 getmultilidardata.cpp:1300] cloudstartnum[lidarid]=57024
I1003 14:58:14.272061  2802 getmultilidardata.cpp:1300] cloudstartnum[lidarid]=88176
I1003 14:58:14.272739  2802 getmultilidardata.cpp:1580]  time:0.156383
I1003 14:58:14.273437  2802 getmultilidardata.cpp:1600] pub pointcloud:119667
I1003 14:58:14.273447  2802 getmultilidardata.cpp:1424] lidarid:0
I1003 14:58:14.274214  2802 getmultilidardata.cpp:1432] lidarid:0
I1003 14:58:14.274222  2802 getmultilidardata.cpp:1424] lidarid:0
I1003 14:58:14.274978  2802 getmultilidardata.cpp:1442] lidarid:0
I1003 14:58:14.274986  2802 getmultilidardata.cpp:1424] lidarid:2
I1003 14:58:14.275293  2802 getmultilidardata.cpp:1432] lidarid:2
I1003 14:58:14.275296  2802 getmultilidardata.cpp:1424] lidarid:2
I1003 14:58:14.275527  2802 getmultilidardata.cpp:1442] lidarid:2
I1003 14:58:14.275530  2802 getmultilidardata.cpp:1424] lidarid:1
I1003 14:58:14.275789  2802 getmultilidardata.cpp:1432] lidarid:1
I1003 14:58:14.275792  2802 getmultilidardata.cpp:1424] lidarid:1
I1003 14:58:14.276017  2802 getmultilidardata.cpp:1442] lidarid:1
I1003 14:58:14.296198  2870 getmultilidardata.cpp:493] get lidar data
I1003 14:58:14.298141  2802 getmultilidardata.cpp:1300] cloudstartnum[lidarid]=0
I1003 14:58:14.298156  2802 getmultilidardata.cpp:1300] cloudstartnum[lidarid]=57120
I1003 14:58:14.298157  2802 getmultilidardata.cpp:1300] cloudstartnum[lidarid]=89376
I1003 14:58:14.299852  2802 getmultilidardata.cpp:1300] cloudstartnum[lidarid]=0
I1003 14:58:14.299857  2802 getmultilidardata.cpp:1300] cloudstartnum[lidarid]=57120
I1003 14:58:14.299860  2802 getmultilidardata.cpp:1300] cloudstartnum[lidarid]=89376
I1003 14:58:14.301039  2802 getmultilidardata.cpp:1580]  time:0.0845525
I1003 14:58:14.301925  2802 getmultilidardata.cpp:1600] pub pointcloud:121251
I1003 14:58:14.312896  2867 myhdl_grabber.cpp:565] id:0 temprotation:4 last_azimuth_35984
I1003 14:58:14.312924  2867 myhdl_grabber.cpp:750] signal operator start
I1003 14:58:14.312929  2867 getmultilidardata.cpp:244] id:0
I1003 14:58:14.313902  2867 myhdl_grabber.cpp:753] signal operator end
I1003 14:58:14.313910  2867 myhdl_grabber.cpp:754] temper_index_=25
I1003 14:58:14.313913  2867 getmultilidardata.cpp:244] id:1
I1003 14:58:14.313923  2802 getmultilidardata.cpp:1424] lidarid:0
I1003 14:58:14.314833  2802 getmultilidardata.cpp:1432] lidarid:0
I1003 14:58:14.314914  2802 getmultilidardata.cpp:1424] lidarid:0
I1003 14:58:14.315495  2802 getmultilidardata.cpp:1442] lidarid:0
I1003 14:58:14.315595  2869 myhdl_grabber.cpp:750] signal operator start
I1003 14:58:14.315601  2869 getmultilidardata.cpp:244] id:4
I1003 14:58:14.316006  2869 myhdl_grabber.cpp:753] signal operator end
I1003 14:58:14.316009  2869 myhdl_grabber.cpp:754] temper_index_=8
I1003 14:58:14.316012  2869 getmultilidardata.cpp:244] id:5
I1003 14:58:14.316066  2868 myhdl_grabber.cpp:750] signal operator start
I1003 14:58:14.316074  2868 getmultilidardata.cpp:244] id:2
I1003 14:58:14.316578  2802 getmultilidardata.cpp:1424] lidarid:2
I1003 14:58:14.316614  2868 myhdl_grabber.cpp:753] signal operator end
I1003 14:58:14.316618  2868 myhdl_grabber.cpp:754] temper_index_=0
I1003 14:58:14.316622  2868 getmultilidardata.cpp:244] id:3
I1003 14:58:14.317078  2802 getmultilidardata.cpp:1432] lidarid:2
I1003 14:58:14.317082  2802 getmultilidardata.cpp:1424] lidarid:2
I1003 14:58:14.317471  2802 getmultilidardata.cpp:1442] lidarid:2
I1003 14:58:14.317517  2802 getmultilidardata.cpp:1424] lidarid:1
I1003 14:58:14.317793  2802 getmultilidardata.cpp:1432] lidarid:1
I1003 14:58:14.317795  2802 getmultilidardata.cpp:1424] lidarid:1
I1003 14:58:14.318081  2802 getmultilidardata.cpp:1442] lidarid:1
I1003 14:58:14.412837  2867 myhdl_grabber.cpp:565] id:0 temprotation:8 last_azimuth_35988
I1003 14:58:14.412849  2867 myhdl_grabber.cpp:750] signal operator start
