I1003 14:25:31.652263  7849 getmultilidardata.cpp:1300] cloudstartnum[lidarid]=0
I1003 14:25:31.652267  7849 getmultilidardata.cpp:1300] cloudstartnum[lidarid]=57664
I1003 14:25:31.652269  7849 getmultilidardata.cpp:1300] cloudstartnum[lidarid]=89152
I1003 14:25:31.652951  7849 getmultilidardata.cpp:1580]  time:0.181918
I1003 14:25:31.653460  7849 getmultilidardata.cpp:1600] pub pointcloud:120659
I1003 14:25:31.653468  7849 getmultilidardata.cpp:1424] lidarid:0
I1003 14:25:31.654284  7849 getmultilidardata.cpp:1432] lidarid:0
I1003 14:25:31.654290  7849 getmultilidardata.cpp:1424] lidarid:0
I1003 14:25:31.655113  7849 getmultilidardata.cpp:1442] lidarid:0
I1003 14:25:31.655120  7849 getmultilidardata.cpp:1424] lidarid:1
I1003 14:25:31.655426  7849 getmultilidardata.cpp:1432] lidarid:1
I1003 14:25:31.655429  7849 getmultilidardata.cpp:1424] lidarid:1
I1003 14:25:31.655684  7849 getmultilidardata.cpp:1442] lidarid:1
I1003 14:25:31.655689  7849 getmultilidardata.cpp:1424] lidarid:2
I1003 14:25:31.655946  7849 getmultilidardata.cpp:1432] lidarid:2
I1003 14:25:31.655949  7849 getmultilidardata.cpp:1424] lidarid:2
I1003 14:25:31.656178  7849 getmultilidardata.cpp:1442] lidarid:2
I1003 14:25:31.657521  7849 getmultilidardata.cpp:1300] cloudstartnum[lidarid]=0
I1003 14:25:31.657524  7849 getmultilidardata.cpp:1300] cloudstartnum[lidarid]=57920
I1003 14:25:31.657526  7849 getmultilidardata.cpp:1300] cloudstartnum[lidarid]=90176
I1003 14:25:31.658789  7849 getmultilidardata.cpp:1300] cloudstartnum[lidarid]=0
I1003 14:25:31.658794  7849 getmultilidardata.cpp:1300] cloudstartnum[lidarid]=57920
I1003 14:25:31.658795  7849 getmultilidardata.cpp:1300] cloudstartnum[lidarid]=90176
I1003 14:25:31.659634  7849 getmultilidardata.cpp:1580]  time:0.0873382
I1003 14:25:31.660532  7849 getmultilidardata.cpp:1600] pub pointcloud:122819
I1003 14:25:31.671306  7913 myhdl_grabber.cpp:565] id:0 temprotation:2 last_azimuth_35984
I1003 14:25:31.671322  7913 myhdl_grabber.cpp:750] signal operator start
I1003 14:25:31.671326  7913 getmultilidardata.cpp:244] id:0
I1003 14:25:31.672181  7913 myhdl_grabber.cpp:753] signal operator end
I1003 14:25:31.672204  7913 myhdl_grabber.cpp:754] temper_index_=25
I1003 14:25:31.672209  7913 getmultilidardata.cpp:244] id:1
I1003 14:25:31.672217  7849 getmultilidardata.cpp:1424] lidarid:0
I1003 14:25:31.673460  7849 getmultilidardata.cpp:1432] lidarid:0
I1003 14:25:31.673491  7849 getmultilidardata.cpp:1424] lidarid:0
I1003 14:25:31.673501  7914 myhdl_grabber.cpp:750] signal operator start
I1003 14:25:31.673511  7914 getmultilidardata.cpp:244] id:2
I1003 14:25:31.674288  7914 myhdl_grabber.cpp:753] signal operator end
I1003 14:25:31.674293  7914 myhdl_grabber.cpp:754] temper_index_=7
I1003 14:25:31.674296  7914 getmultilidardata.cpp:244] id:3
I1003 14:25:31.674834  7849 getmultilidardata.cpp:1442] lidarid:0
I1003 14:25:31.674927  7849 getmultilidardata.cpp:1424] lidarid:1
I1003 14:25:31.675107  7915 myhdl_grabber.cpp:750] signal operator start
I1003 14:25:31.675114  7915 getmultilidardata.cpp:244] id:4
I1003 14:25:31.675544  7849 getmultilidardata.cpp:1432] lidarid:1
I1003 14:25:31.675546  7849 getmultilidardata.cpp:1424] lidarid:1
I1003 14:25:31.675751  7915 myhdl_grabber.cpp:753] signal operator end
I1003 14:25:31.675756  7915 myhdl_grabber.cpp:754] temper_index_=8
I1003 14:25:31.675760  7915 getmultilidardata.cpp:244] id:5
I1003 14:25:31.676154  7849 getmultilidardata.cpp:1442] lidarid:1
I1003 14:25:31.676158  7849 getmultilidardata.cpp:1424] lidarid:2
I1003 14:25:31.676590  7849 getmultilidardata.cpp:1432] lidarid:2
I1003 14:25:31.676592  7849 getmultilidardata.cpp:1424] lidarid:2
I1003 14:25:31.676882  7849 getmultilidardata.cpp:1442] lidarid:2
I1003 14:25:31.765874  7916 getmultilidardata.cpp:493] get lidar data
I1003 14:25:31.772619  7913 myhdl_grabber.cpp:565] id:0 temprotation:18 last_azimuth_35998
I1003 14:25:31.772627  7913 myhdl_grabber.cpp:750] signal operator start
I1003 14:25:31.772631  7913 getmultilidardata.cpp:244] id:0
I1003 14:25:31.773006  7913 myhdl_grabber.cpp:753] signal operator end
I1003 14:25:31.773010  7913 myhdl_grabber.cpp:754] temper_index_=25
I1003 14:25:31.773012  7913 getmultilidardata.cpp:244] id:1
I1003 14:25:31.773903  7915 myhdl_grabber.cpp:750] signal operator start
I1003 14:25:31.773912  7915 getmultilidardata.cpp:244] id:4
I1003 14:25:31.774147  7915 myhdl_grabber.cpp:753] signal operator end
I1003 14:25:31.774150  7915 myhdl_grabber.cpp:754] temper_index_=8
I1003 14:25:31.774168  7915 getmultilidardata.cpp:244] id:5
I1003 14:25:31.774463  7914 myhdl_grabber.cpp:750] signal operator start
I1003 14:25:31.774468  7914 getmultilidardata.cpp:244] id:2
I1003 14:25:31.774765  7914 myhdl_grabber.cpp:753] signal operator end
I1003 14:25:31.774768  7914 myhdl_grabber.cpp:754] temper_index_=7
I1003 14:25:31.774770  7914 getmultilidardata.cpp:244] id:3
I1003 14:25:31.873844  7913 myhdl_grabber.cpp:565] id:0 temprotation:14 last_azimuth_35994
I1003 14:25:31.873857  7913 myhdl_grabber.cpp:750] signal operator start
I1003 14:25:31.873862  7913 getmultilidardata.cpp:244] id:0
I1003 14:25:31.874292  7913 myhdl_grabber.cpp:753] signal operator end
I1003 14:25:31.874296  7913 myhdl_grabber.cpp:754] temper_index_=25
I1003 14:25:31.874300  7913 getmultilidardata.cpp:244] id:1
I1003 14:25:31.875205  7914 myhdl_grabber.cpp:750] signal operator start
I1003 14:25:31.875214  7914 getmultilidardata.cpp:244] id:2
I1003 14:25:31.875437  7914 myhdl_grabber.cpp:753] signal operator end
I1003 14:25:31.875440  7914 myhdl_grabber.cpp:754] temper_index_=7
I1003 14:25:31.875443  7914 getmultilidardata.cpp:244] id:3
I1003 14:25:31.875865  7915 myhdl_grabber.cpp:750] signal operator start
I1003 14:25:31.875883  7915 getmultilidardata.cpp:244] id:4
I1003 14:25:31.876099  7915 myhdl_grabber.cpp:753] signal operator end
I1003 14:25:31.876102  7915 myhdl_grabber.cpp:754] temper_index_=8
I1003 14:25:31.876104  7915 getmultilidardata.cpp:244] id:5
I1003 14:25:31.933921  7849 getmultilidardata.cpp:1300] cloudstartnum[lidarid]=0
I1003 14:25:31.933933  7849 getmultilidardata.cpp:1300] cloudstartnum[lidarid]=58112
I1003 14:25:31.933936  7849 getmultilidardata.cpp:1300] cloudstartnum[lidarid]=90656
I1003 14:25:31.935344  7849 getmultilidardata.cpp:1300] cloudstartnum[lidarid]=0
I1003 14:25:31.935350  7849 getmultilidardata.cpp:1300] cloudstartnum[lidarid]=58112
I1003 14:25:31.935353  7849 getmultilidardata.cpp:1300] cloudstartnum[lidarid]=90656
I1003 14:25:31.936302  7849 getmultilidardata.cpp:1580]  time:0.261198
I1003 14:25:31.936908  7849 getmultilidardata.cpp:1600] pub pointcloud:122915
I1003 14:25:31.936916  7849 getmultilidardata.cpp:1424] lidarid:0
I1003 14:25:31.937656  7849 getmultilidardata.cpp:1432] lidarid:0
I1003 14:25:31.937662  7849 getmultilidardata.cpp:1424] lidarid:0
I1003 14:25:31.938472  7849 getmultilidardata.cpp:1442] lidarid:0
I1003 14:25:31.938478  7849 getmultilidardata.cpp:1424] lidarid:2
I1003 14:25:31.938916  7849 getmultilidardata.cpp:1432] lidarid:2
I1003 14:25:31.938921  7849 getmultilidardata.cpp:1424] lidarid:2
I1003 14:25:31.939211  7849 getmultilidardata.cpp:1442] lidarid:2
I1003 14:25:31.939215  7849 getmultilidardata.cpp:1424] lidarid:1
I1003 14:25:31.939433  7849 getmultilidardata.cpp:1432] lidarid:1
I1003 14:25:31.939437  7849 getmultilidardata.cpp:1424] lidarid:1
I1003 14:25:31.939685  7849 getmultilidardata.cpp:1442] lidarid:1
I1003 14:25:31.939689  7849 getmultilidardata.cpp:1424] lidarid:0
E1003 14:25:31.939692  7849 getmultilidardata.cpp:1427] finalcloudmap_origin_.find(lidarid)!=finalcloudmap_origin_.end()
I1003 14:25:31.940222  7849 getmultilidardata.cpp:1432] lidarid:0
I1003 14:25:31.940227  7849 getmultilidardata.cpp:1424] lidarid:0
E1003 14:25:31.940228  7849 getmultilidardata.cpp:1437] finalcloudmap_calibrated_.find(lidarid)!=finalcloudmap_calibrated_.end()
I1003 14:25:31.940766  7849 getmultilidardata.cpp:1442] lidarid:0
I1003 14:25:31.940770  7849 getmultilidardata.cpp:1424] lidarid:1
E1003 14:25:31.940773  7849 getmultilidardata.cpp:1427] finalcloudmap_origin_.find(lidarid)!=finalcloudmap_origin_.end()
I1003 14:25:31.941053  7849 getmultilidardata.cpp:1432] lidarid:1
I1003 14:25:31.941056  7849 getmultilidardata.cpp:1424] lidarid:1
E1003 14:25:31.941058  7849 getmultilidardata.cpp:1437] finalcloudmap_calibrated_.find(lidarid)!=finalcloudmap_calibrated_.end()
I1003 14:25:31.941352  7849 getmultilidardata.cpp:1442] lidarid:1
I1003 14:25:31.941355  7849 getmultilidardata.cpp:1424] lidarid:2
E1003 14:25:31.941357  7849 getmultilidardata.cpp:1427] finalcloudmap_origin_.find(lidarid)!=finalcloudmap_origin_.end()
I1003 14:25:31.941747  7849 getmultilidardata.cpp:1432] lidarid:2
I1003 14:25:31.941751  7849 getmultilidardata.cpp:1424] lidarid:2
E1003 14:25:31.941751  7849 getmultilidardata.cpp:1437] finalcloudmap_calibrated_.find(lidarid)!=finalcloudmap_calibrated_.end()
I1003 14:25:31.942584  7849 getmultilidardata.cpp:1442] lidarid:2
I1003 14:25:31.944149  7849 getmultilidardata.cpp:1300] cloudstartnum[lidarid]=0
I1003 14:25:31.944159  7849 getmultilidardata.cpp:1300] cloudstartnum[lidarid]=58400
I1003 14:25:31.944160  7849 getmultilidardata.cpp:1300] cloudstartnum[lidarid]=90656
I1003 14:25:31.945340  7849 getmultilidardata.cpp:1300] cloudstartnum[lidarid]=0
I1003 14:25:31.945346  7849 getmultilidardata.cpp:1300] cloudstartnum[lidarid]=58400
I1003 14:25:31.945348  7849 getmultilidardata.cpp:1300] cloudstartnum[lidarid]=90656
I1003 14:25:31.946740  7849 getmultilidardata.cpp:1580]  time:0.070876
I1003 14:25:31.948220  7849 getmultilidardata.cpp:1600] pub pointcloud:123315
I1003 14:25:31.975188  7913 myhdl_grabber.cpp:565] id:0 temprotation:14 last_azimuth_35994
I1003 14:25:31.975201  7913 myhdl_grabber.cpp:750] signal operator start
I1003 14:25:31.975204  7913 getmultilidardata.cpp:244] id:0
I1003 14:25:31.975589  7913 myhdl_grabber.cpp:753] signal operator end
I1003 14:25:31.975594  7913 myhdl_grabber.cpp:754] temper_index_=25
I1003 14:25:31.975595  7913 getmultilidardata.cpp:244] id:1
I1003 14:25:31.975631  7849 getmultilidardata.cpp:1424] lidarid:0
I1003 14:25:31.976352  7849 getmultilidardata.cpp:1432] lidarid:0
I1003 14:25:31.976356  7849 getmultilidardata.cpp:1424] lidarid:0
I1003 14:25:31.976671  7915 myhdl_grabber.cpp:750] signal operator start
I1003 14:25:31.976693  7915 getmultilidardata.cpp:244] id:4
I1003 14:25:31.976886  7849 getmultilidardata.cpp:1442] lidarid:0
I1003 14:25:31.976977  7915 myhdl_grabber.cpp:753] signal operator end
I1003 14:25:31.976980  7915 myhdl_grabber.cpp:754] temper_index_=8
I1003 14:25:31.976984  7915 getmultilidardata.cpp:244] id:5
I1003 14:25:31.977000  7849 getmultilidardata.cpp:1424] lidarid:2
I1003 14:25:31.977453  7849 getmultilidardata.cpp:1432] lidarid:2
I1003 14:25:31.977457  7849 getmultilidardata.cpp:1424] lidarid:2
I1003 14:25:31.977481  7914 myhdl_grabber.cpp:750] signal operator start
I1003 14:25:31.977486  7914 getmultilidardata.cpp:244] id:2
I1003 14:25:31.977869  7849 getmultilidardata.cpp:1442] lidarid:2
I1003 14:25:31.977921  7914 myhdl_grabber.cpp:753] signal operator end
I1003 14:25:31.977941  7914 myhdl_grabber.cpp:754] temper_index_=7
I1003 14:25:31.977944  7849 getmultilidardata.cpp:1424] lidarid:1
I1003 14:25:31.977946  7914 getmultilidardata.cpp:244] id:3
I1003 14:25:31.978615  7849 getmultilidardata.cpp:1432] lidarid:1
I1003 14:25:31.978618  7849 getmultilidardata.cpp:1424] lidarid:1
I1003 14:25:31.978961  7849 getmultilidardata.cpp:1442] lidarid:1
I1003 14:25:32.076404  7913 myhdl_grabber.cpp:565] id:0 temprotation:14 last_azimuth_35994
I1003 14:25:32.076418  7913 myhdl_grabber.cpp:750] signal operator start
I1003 14:25:32.076421  7913 getmultilidardata.cpp:244] id:0
I1003 14:25:32.076862  7913 myhdl_grabber.cpp:753] signal operator end
I1003 14:25:32.076879  7913 myhdl_grabber.cpp:754] temper_index_=25
I1003 14:25:32.076881  7913 getmultilidardata.cpp:244] id:1
I1003 14:25:32.077451  7915 myhdl_grabber.cpp:750] signal operator start
I1003 14:25:32.077461  7915 getmultilidardata.cpp:244] id:4
I1003 14:25:32.077800  7915 myhdl_grabber.cpp:753] signal operator end
I1003 14:25:32.077802  7915 myhdl_grabber.cpp:754] temper_index_=8
I1003 14:25:32.077805  7915 getmultilidardata.cpp:244] id:5
I1003 14:25:32.078205  7914 myhdl_grabber.cpp:750] signal operator start
I1003 14:25:32.078209  7914 getmultilidardata.cpp:244] id:2
I1003 14:25:32.078480  7914 myhdl_grabber.cpp:753] signal operator end
I1003 14:25:32.078483  7914 myhdl_grabber.cpp:754] temper_index_=7
I1003 14:25:32.078486  7914 getmultilidardata.cpp:244] id:3
I1003 14:25:32.081676  7916 getmultilidardata.cpp:493] get lidar data
I1003 14:25:32.177078  7913 myhdl_grabber.cpp:565] id:0 temprotation:18 last_azimuth_35998
I1003 14:25:32.177093  7913 myhdl_grabber.cpp:750] signal operator start
I1003 14:25:32.177098  7913 getmultilidardata.cpp:244] id:0
I1003 14:25:32.177472  7913 myhdl_grabber.cpp:753] signal operator end
I1003 14:25:32.177475  7913 myhdl_grabber.cpp:754] temper_index_=25
I1003 14:25:32.177479  7913 getmultilidardata.cpp:244] id:1
I1003 14:25:32.178315  7915 myhdl_grabber.cpp:750] signal operator start
I1003 14:25:32.178344  7915 getmultilidardata.cpp:244] id:4
I1003 14:25:32.178557  7915 myhdl_grabber.cpp:753] signal operator end
I1003 14:25:32.178561  7915 myhdl_grabber.cpp:754] temper_index_=8
I1003 14:25:32.178563  7915 getmultilidardata.cpp:244] id:5
I1003 14:25:32.178789  7914 myhdl_grabber.cpp:750] signal operator start
I1003 14:25:32.178810  7914 getmultilidardata.cpp:244] id:2
I1003 14:25:32.179078  7914 myhdl_grabber.cpp:753] signal operator end
I1003 14:25:32.179081  7914 myhdl_grabber.cpp:754] temper_index_=7
I1003 14:25:32.179083  7914 getmultilidardata.cpp:244] id:3
I1003 14:25:32.252588  7849 getmultilidardata.cpp:1300] cloudstartnum[lidarid]=0
I1003 14:25:32.252601  7849 getmultilidardata.cpp:1300] cloudstartnum[lidarid]=58400
I1003 14:25:32.252604  7849 getmultilidardata.cpp:1300] cloudstartnum[lidarid]=91040
I1003 14:25:32.253837  7849 getmultilidardata.cpp:1300] cloudstartnum[lidarid]=0
I1003 14:25:32.253844  7849 getmultilidardata.cpp:1300] cloudstartnum[lidarid]=58400
I1003 14:25:32.253845  7849 getmultilidardata.cpp:1300] cloudstartnum[lidarid]=91040
I1003 14:25:32.254499  7849 getmultilidardata.cpp:1580]  time:0.277018
I1003 14:25:32.254926  7849 getmultilidardata.cpp:1600] pub pointcloud:123299
I1003 14:25:32.254935  7849 getmultilidardata.cpp:1424] lidarid:0
I1003 14:25:32.255787  7849 getmultilidardata.cpp:1432] lidarid:0
I1003 14:25:32.255793  7849 getmultilidardata.cpp:1424] lidarid:0
I1003 14:25:32.256912  7849 getmultilidardata.cpp:1442] lidarid:0
I1003 14:25:32.256924  7849 getmultilidardata.cpp:1424] lidarid:2
I1003 14:25:32.257318  7849 getmultilidardata.cpp:1432] lidarid:2
I1003 14:25:32.257321  7849 getmultilidardata.cpp:1424] lidarid:2
I1003 14:25:32.257658  7849 getmultilidardata.cpp:1442] lidarid:2
I1003 14:25:32.257661  7849 getmultilidardata.cpp:1424] lidarid:1
I1003 14:25:32.258049  7849 getmultilidardata.cpp:1432] lidarid:1
I1003 14:25:32.258051  7849 getmultilidardata.cpp:1424] lidarid:1
I1003 14:25:32.258499  7849 getmultilidardata.cpp:1442] lidarid:1
I1003 14:25:32.258527  7849 getmultilidardata.cpp:1424] lidarid:0
E1003 14:25:32.258529  7849 getmultilidardata.cpp:1427] finalcloudmap_origin_.find(lidarid)!=finalcloudmap_origin_.end()
I1003 14:25:32.259312  7849 getmultilidardata.cpp:1432] lidarid:0
I1003 14:25:32.259316  7849 getmultilidardata.cpp:1424] lidarid:0
E1003 14:25:32.259318  7849 getmultilidardata.cpp:1437] finalcloudmap_calibrated_.find(lidarid)!=finalcloudmap_calibrated_.end()
I1003 14:25:32.259821  7849 getmultilidardata.cpp:1442] lidarid:0
I1003 14:25:32.259825  7849 getmultilidardata.cpp:1424] lidarid:2
E1003 14:25:32.259827  7849 getmultilidardata.cpp:1427] finalcloudmap_origin_.find(lidarid)!=finalcloudmap_origin_.end()
I1003 14:25:32.260111  7849 getmultilidardata.cpp:1432] lidarid:2
I1003 14:25:32.260115  7849 getmultilidardata.cpp:1424] lidarid:2
E1003 14:25:32.260116  7849 getmultilidardata.cpp:1437] finalcloudmap_calibrated_.find(lidarid)!=finalcloudmap_calibrated_.end()
I1003 14:25:32.260427  7849 getmultilidardata.cpp:1442] lidarid:2
I1003 14:25:32.262039  7849 getmultilidardata.cpp:1300] cloudstartnum[lidarid]=0
I1003 14:25:32.262167  7849 getmultilidardata.cpp:1300] cloudstartnum[lidarid]=58112
I1003 14:25:32.262171  7849 getmultilidardata.cpp:1300] cloudstartnum[lidarid]=90368
I1003 14:25:32.263482  7849 getmultilidardata.cpp:1300] cloudstartnum[lidarid]=0
I1003 14:25:32.263504  7849 getmultilidardata.cpp:1300] cloudstartnum[lidarid]=58112
I1003 14:25:32.263506  7849 getmultilidardata.cpp:1300] cloudstartnum[lidarid]=90368
I1003 14:25:32.264225  7849 getmultilidardata.cpp:1580]  time:0.0859112
I1003 14:25:32.264814  7849 getmultilidardata.cpp:1600] pub pointcloud:122627
I1003 14:25:32.264822  7849 getmultilidardata.cpp:1424] lidarid:1
I1003 14:25:32.265323  7849 getmultilidardata.cpp:1432] lidarid:1
I1003 14:25:32.265342  7849 getmultilidardata.cpp:1424] lidarid:1
I1003 14:25:32.265789  7849 getmultilidardata.cpp:1442] lidarid:1
I1003 14:25:32.277021  7913 myhdl_grabber.cpp:565] id:0 temprotation:12 last_azimuth_35992
I1003 14:25:32.277055  7913 myhdl_grabber.cpp:750] signal operator start
I1003 14:25:32.277060  7913 getmultilidardata.cpp:244] id:0
I1003 14:25:32.277755  7913 myhdl_grabber.cpp:753] signal operator end
I1003 14:25:32.277760  7913 myhdl_grabber.cpp:754] temper_index_=25
I1003 14:25:32.277762  7849 getmultilidardata.cpp:1424] lidarid:0
I1003 14:25:32.277763  7913 getmultilidardata.cpp:244] id:1
I1003 14:25:32.278661  7849 getmultilidardata.cpp:1432] lidarid:0
I1003 14:25:32.278791  7849 getmultilidardata.cpp:1424] lidarid:0
I1003 14:25:32.279036  7915 myhdl_grabber.cpp:750] signal operator start
I1003 14:25:32.279048  7915 getmultilidardata.cpp:244] id:4
I1003 14:25:32.279501  7915 myhdl_grabber.cpp:753] signal operator end
I1003 14:25:32.279505  7915 myhdl_grabber.cpp:754] temper_index_=8
I1003 14:25:32.279507  7915 getmultilidardata.cpp:244] id:5
I1003 14:25:32.279978  7914 myhdl_grabber.cpp:750] signal operator start
I1003 14:25:32.279983  7914 getmultilidardata.cpp:244] id:2
I1003 14:25:32.280431  7849 getmultilidardata.cpp:1442] lidarid:0
I1003 14:25:32.280438  7849 getmultilidardata.cpp:1424] lidarid:2
I1003 14:25:32.280479  7914 myhdl_grabber.cpp:753] signal operator end
I1003 14:25:32.280483  7914 myhdl_grabber.cpp:754] temper_index_=7
I1003 14:25:32.280488  7914 getmultilidardata.cpp:244] id:3
I1003 14:25:32.281073  7849 getmultilidardata.cpp:1432] lidarid:2
I1003 14:25:32.281078  7849 getmultilidardata.cpp:1424] lidarid:2
I1003 14:25:32.281667  7849 getmultilidardata.cpp:1442] lidarid:2
I1003 14:25:32.376976  7913 myhdl_grabber.cpp:565] id:0 temprotation:4 last_azimuth_35984
I1003 14:25:32.377008  7913 myhdl_grabber.cpp:750] signal operator start
I1003 14:25:32.377012  7913 getmultilidardata.cpp:244] id:0
I1003 14:25:32.377452  7913 myhdl_grabber.cpp:753] signal operator end
I1003 14:25:32.377458  7913 myhdl_grabber.cpp:754] temper_index_=25
I1003 14:25:32.377460  7913 getmultilidardata.cpp:244] id:1
I1003 14:25:32.378206  7915 myhdl_grabber.cpp:750] signal operator start
I1003 14:25:32.378211  7915 getmultilidardata.cpp:244] id:4
I1003 14:25:32.378449  7915 myhdl_grabber.cpp:753] signal operator end
I1003 14:25:32.378453  7915 myhdl_grabber.cpp:754] temper_index_=8
I1003 14:25:32.378456  7915 getmultilidardata.cpp:244] id:5
I1003 14:25:32.378765  7914 myhdl_grabber.cpp:750] signal operator start
I1003 14:25:32.378768  7914 getmultilidardata.cpp:244] id:2
I1003 14:25:32.378978  7914 myhdl_grabber.cpp:753] signal operator end
I1003 14:25:32.378979  7914 myhdl_grabber.cpp:754] temper_index_=7
I1003 14:25:32.378983  7914 getmultilidardata.cpp:244] id:3
I1003 14:25:32.397861  7916 getmultilidardata.cpp:493] get lidar data
I1003 14:25:32.476824  7913 myhdl_grabber.cpp:565] id:0 temprotation:8 last_azimuth_35988
I1003 14:25:32.476836  7913 myhdl_grabber.cpp:750] signal operator start
I1003 14:25:32.476840  7913 getmultilidardata.cpp:244] id:0
I1003 14:25:32.477174  7913 myhdl_grabber.cpp:753] signal operator end
I1003 14:25:32.477177  7913 myhdl_grabber.cpp:754] temper_index_=25
I1003 14:25:32.477180  7913 getmultilidardata.cpp:244] id:1
I1003 14:25:32.477869  7914 myhdl_grabber.cpp:750] signal operator start
I1003 14:25:32.477876  7914 getmultilidardata.cpp:244] id:2
I1003 14:25:32.478135  7914 myhdl_grabber.cpp:753] signal operator end
I1003 14:25:32.478138  7914 myhdl_grabber.cpp:754] temper_index_=7
I1003 14:25:32.478154  7914 getmultilidardata.cpp:244] id:3
I1003 14:25:32.478395  7915 myhdl_grabber.cpp:750] signal operator start
I1003 14:25:32.478405  7915 getmultilidardata.cpp:244] id:4
I1003 14:25:32.478749  7915 myhdl_grabber.cpp:753] signal operator end
I1003 14:25:32.478754  7915 myhdl_grabber.cpp:754] temper_index_=8
I1003 14:25:32.478757  7915 getmultilidardata.cpp:244] id:5
I1003 14:25:32.527122  7849 getmultilidardata.cpp:1300] cloudstartnum[lidarid]=0
I1003 14:25:32.527135  7849 getmultilidardata.cpp:1300] cloudstartnum[lidarid]=57856
I1003 14:25:32.527137  7849 getmultilidardata.cpp:1300] cloudstartnum[lidarid]=90128
I1003 14:25:32.528692  7849 getmultilidardata.cpp:1300] cloudstartnum[lidarid]=0
I1003 14:25:32.528699  7849 getmultilidardata.cpp:1300] cloudstartnum[lidarid]=57856
I1003 14:25:32.528702  7849 getmultilidardata.cpp:1300] cloudstartnum[lidarid]=90128
I1003 14:25:32.529630  7849 getmultilidardata.cpp:1580]  time:0.250596
I1003 14:25:32.530102  7849 getmultilidardata.cpp:1600] pub pointcloud:122387
I1003 14:25:32.530112  7849 getmultilidardata.cpp:1424] lidarid:1
I1003 14:25:32.530474  7849 getmultilidardata.cpp:1432] lidarid:1
I1003 14:25:32.530479  7849 getmultilidardata.cpp:1424] lidarid:1
I1003 14:25:32.530661  7849 getmultilidardata.cpp:1442] lidarid:1
I1003 14:25:32.530666  7849 getmultilidardata.cpp:1424] lidarid:0
I1003 14:25:32.531098  7849 getmultilidardata.cpp:1432] lidarid:0
I1003 14:25:32.531102  7849 getmultilidardata.cpp:1424] lidarid:0
I1003 14:25:32.531530  7849 getmultilidardata.cpp:1442] lidarid:0
I1003 14:25:32.531534  7849 getmultilidardata.cpp:1424] lidarid:2
I1003 14:25:32.531755  7849 getmultilidardata.cpp:1432] lidarid:2
I1003 14:25:32.531759  7849 getmultilidardata.cpp:1424] lidarid:2
I1003 14:25:32.531961  7849 getmultilidardata.cpp:1442] lidarid:2
I1003 14:25:32.534032  7849 getmultilidardata.cpp:1300] cloudstartnum[lidarid]=0
I1003 14:25:32.534041  7849 getmultilidardata.cpp:1300] cloudstartnum[lidarid]=57600
I1003 14:25:32.534044  7849 getmultilidardata.cpp:1300] cloudstartnum[lidarid]=89856
I1003 14:25:32.535483  7849 getmultilidardata.cpp:1300] cloudstartnum[lidarid]=0
I1003 14:25:32.535487  7849 getmultilidardata.cpp:1300] cloudstartnum[lidarid]=57600
I1003 14:25:32.535490  7849 getmultilidardata.cpp:1300] cloudstartnum[lidarid]=89856
I1003 14:25:32.536182  7849 getmultilidardata.cpp:1580]  time:0.157976
I1003 14:25:32.536650  7849 getmultilidardata.cpp:1600] pub pointcloud:121347
I1003 14:25:32.536659  7849 getmultilidardata.cpp:1424] lidarid:1
I1003 14:25:32.536988  7849 getmultilidardata.cpp:1432] lidarid:1
I1003 14:25:32.536991  7849 getmultilidardata.cpp:1424] lidarid:1
I1003 14:25:32.537189  7849 getmultilidardata.cpp:1442] lidarid:1
I1003 14:25:32.537194  7849 getmultilidardata.cpp:1424] lidarid:0
I1003 14:25:32.537662  7849 getmultilidardata.cpp:1432] lidarid:0
I1003 14:25:32.537665  7849 getmultilidardata.cpp:1424] lidarid:0
I1003 14:25:32.538033  7849 getmultilidardata.cpp:1442] lidarid:0
I1003 14:25:32.538036  7849 getmultilidardata.cpp:1424] lidarid:1
E1003 14:25:32.538038  7849 getmultilidardata.cpp:1427] finalcloudmap_origin_.find(lidarid)!=finalcloudmap_origin_.end()
I1003 14:25:32.538501  7849 getmultilidardata.cpp:1432] lidarid:1
I1003 14:25:32.538506  7849 getmultilidardata.cpp:1424] lidarid:1
E1003 14:25:32.538507  7849 getmultilidardata.cpp:1437] finalcloudmap_calibrated_.find(lidarid)!=finalcloudmap_calibrated_.end()
I1003 14:25:32.538766  7849 getmultilidardata.cpp:1442] lidarid:1
I1003 14:25:32.538770  7849 getmultilidardata.cpp:1424] lidarid:2
I1003 14:25:32.539032  7849 getmultilidardata.cpp:1432] lidarid:2
I1003 14:25:32.539036  7849 getmultilidardata.cpp:1424] lidarid:2
I1003 14:25:32.539397  7849 getmultilidardata.cpp:1442] lidarid:2
I1003 14:25:32.541224  7849 getmultilidardata.cpp:1300] cloudstartnum[lidarid]=0
I1003 14:25:32.541229  7849 getmultilidardata.cpp:1300] cloudstartnum[lidarid]=57376
I1003 14:25:32.541231  7849 getmultilidardata.cpp:1300] cloudstartnum[lidarid]=89264
I1003 14:25:32.542508  7849 getmultilidardata.cpp:1300] cloudstartnum[lidarid]=0
I1003 14:25:32.542513  7849 getmultilidardata.cpp:1300] cloudstartnum[lidarid]=57376
I1003 14:25:32.542515  7849 getmultilidardata.cpp:1300] cloudstartnum[lidarid]=89264
I1003 14:25:32.543129  7849 getmultilidardata.cpp:1580]  time:0.0647376
I1003 14:25:32.543865  7849 getmultilidardata.cpp:1600] pub pointcloud:121523
I1003 14:25:32.576135  7913 myhdl_grabber.cpp:565] id:0 temprotation:8 last_azimuth_35988
I1003 14:25:32.576149  7913 myhdl_grabber.cpp:750] signal operator start
I1003 14:25:32.576153  7913 getmultilidardata.cpp:244] id:0
I1003 14:25:32.576485  7913 myhdl_grabber.cpp:753] signal operator end
I1003 14:25:32.576506  7913 myhdl_grabber.cpp:754] temper_index_=25
I1003 14:25:32.576509  7913 getmultilidardata.cpp:244] id:1
I1003 14:25:32.576522  7849 getmultilidardata.cpp:1424] lidarid:0
I1003 14:25:32.577394  7849 getmultilidardata.cpp:1432] lidarid:0
I1003 14:25:32.577401  7849 getmultilidardata.cpp:1424] lidarid:0
I1003 14:25:32.577908  7849 getmultilidardata.cpp:1442] lidarid:0
I1003 14:25:32.577956  7915 myhdl_grabber.cpp:750] signal operator start
I1003 14:25:32.577966  7915 getmultilidardata.cpp:244] id:4
I1003 14:25:32.578279  7915 myhdl_grabber.cpp:753] signal operator end
I1003 14:25:32.578281  7915 myhdl_grabber.cpp:754] temper_index_=8
I1003 14:25:32.578297  7915 getmultilidardata.cpp:244] id:5
I1003 14:25:32.578302  7849 getmultilidardata.cpp:1424] lidarid:2
I1003 14:25:32.578860  7849 getmultilidardata.cpp:1432] lidarid:2
I1003 14:25:32.578961  7914 myhdl_grabber.cpp:750] signal operator start
I1003 14:25:32.578965  7914 getmultilidardata.cpp:244] id:2
I1003 14:25:32.579186  7914 myhdl_grabber.cpp:753] signal operator end
I1003 14:25:32.579207  7914 myhdl_grabber.cpp:754] temper_index_=7
I1003 14:25:32.579210  7914 getmultilidardata.cpp:244] id:3
I1003 14:25:32.579218  7849 getmultilidardata.cpp:1424] lidarid:1
I1003 14:25:32.579622  7849 getmultilidardata.cpp:1432] lidarid:1
I1003 14:25:32.579624  7849 getmultilidardata.cpp:1424] lidarid:1
I1003 14:25:32.579830  7849 getmultilidardata.cpp:1442] lidarid:1
I1003 14:25:32.579833  7849 getmultilidardata.cpp:1424] lidarid:2
I1003 14:25:32.580058  7849 getmultilidardata.cpp:1442] lidarid:2
I1003 14:25:32.676367  7913 myhdl_grabber.cpp:565] id:0 temprotation:14 last_azimuth_35994
I1003 14:25:32.676381  7913 myhdl_grabber.cpp:750] signal operator start
I1003 14:25:32.676385  7913 getmultilidardata.cpp:244] id:0
I1003 14:25:32.676908  7913 myhdl_grabber.cpp:753] signal operator end
I1003 14:25:32.676915  7913 myhdl_grabber.cpp:754] temper_index_=25
I1003 14:25:32.676918  7913 getmultilidardata.cpp:244] id:1
I1003 14:25:32.682840  7914 myhdl_grabber.cpp:750] signal operator start
I1003 14:25:32.682852  7914 getmultilidardata.cpp:244] id:2
I1003 14:25:32.683066  7914 myhdl_grabber.cpp:753] signal operator end
I1003 14:25:32.683070  7914 myhdl_grabber.cpp:754] temper_index_=7
I1003 14:25:32.683073  7914 getmultilidardata.cpp:244] id:3
I1003 14:25:32.683408  7915 myhdl_grabber.cpp:750] signal operator start
I1003 14:25:32.683413  7915 getmultilidardata.cpp:244] id:4
I1003 14:25:32.683665  7915 myhdl_grabber.cpp:753] signal operator end
I1003 14:25:32.683668  7915 myhdl_grabber.cpp:754] temper_index_=8
I1003 14:25:32.683670  7915 getmultilidardata.cpp:244] id:5
I1003 14:25:32.713956  7916 getmultilidardata.cpp:493] get lidar data
I1003 14:25:32.773380  7913 myhdl_grabber.cpp:565] id:0 temprotation:8 last_azimuth_35988
I1003 14:25:32.773392  7913 myhdl_grabber.cpp:750] signal operator start
I1003 14:25:32.773396  7913 getmultilidardata.cpp:244] id:0
I1003 14:25:32.773764  7913 myhdl_grabber.cpp:753] signal operator end
I1003 14:25:32.773768  7913 myhdl_grabber.cpp:754] temper_index_=25
I1003 14:25:32.773770  7913 getmultilidardata.cpp:244] id:1
I1003 14:25:32.774693  7915 myhdl_grabber.cpp:750] signal operator start
I1003 14:25:32.774701  7915 getmultilidardata.cpp:244] id:4
I1003 14:25:32.774886  7915 myhdl_grabber.cpp:753] signal operator end
I1003 14:25:32.774889  7915 myhdl_grabber.cpp:754] temper_index_=8
I1003 14:25:32.774893  7915 getmultilidardata.cpp:244] id:5
I1003 14:25:32.775187  7914 myhdl_grabber.cpp:750] signal operator start
I1003 14:25:32.775195  7914 getmultilidardata.cpp:244] id:2
I1003 14:25:32.775446  7914 myhdl_grabber.cpp:753] signal operator end
I1003 14:25:32.775449  7914 myhdl_grabber.cpp:754] temper_index_=7
I1003 14:25:32.775465  7914 getmultilidardata.cpp:244] id:3
I1003 14:25:32.826148  7849 getmultilidardata.cpp:1300] cloudstartnum[lidarid]=0
I1003 14:25:32.826186  7849 getmultilidardata.cpp:1300] cloudstartnum[lidarid]=57184
I1003 14:25:32.826189  7849 getmultilidardata.cpp:1300] cloudstartnum[lidarid]=89056
I1003 14:25:32.827549  7849 getmultilidardata.cpp:1300] cloudstartnum[lidarid]=0
I1003 14:25:32.827556  7849 getmultilidardata.cpp:1300] cloudstartnum[lidarid]=57184
I1003 14:25:32.827558  7849 getmultilidardata.cpp:1300] cloudstartnum[lidarid]=89056
I1003 14:25:32.829432  7849 getmultilidardata.cpp:1580]  time:0.250469
I1003 14:25:32.829464  7849 getmultilidardata.cpp:1600] pub pointcloud:120547
