I1003 14:59:54.171200  4014 getmultilidardata.cpp:1442] lidarid:2
I1003 14:59:54.172499  4014 getmultilidardata.cpp:1300] cloudstartnum[lidarid]=0
I1003 14:59:54.172508  4014 getmultilidardata.cpp:1300] cloudstartnum[lidarid]=58336
I1003 14:59:54.172511  4014 getmultilidardata.cpp:1300] cloudstartnum[lidarid]=90608
I1003 14:59:54.173943  4014 getmultilidardata.cpp:1300] cloudstartnum[lidarid]=0
I1003 14:59:54.173952  4014 getmultilidardata.cpp:1300] cloudstartnum[lidarid]=58336
I1003 14:59:54.173956  4014 getmultilidardata.cpp:1300] cloudstartnum[lidarid]=90608
I1003 14:59:54.175158  4014 getmultilidardata.cpp:1580]  time:0.00530902
I1003 14:59:54.176093  4014 getmultilidardata.cpp:1600] pub pointcloud:123251
I1003 14:59:54.253139  4080 getmultilidardata.cpp:493] get lidar data
I1003 14:59:54.269191  4077 myhdl_grabber.cpp:565] id:0 temprotation:18 last_azimuth_35998
I1003 14:59:54.269212  4077 myhdl_grabber.cpp:750] signal operator start
I1003 14:59:54.269219  4077 getmultilidardata.cpp:244] id:0
I1003 14:59:54.269650  4077 myhdl_grabber.cpp:753] signal operator end
I1003 14:59:54.269656  4077 myhdl_grabber.cpp:754] temper_index_=25
I1003 14:59:54.269701  4077 getmultilidardata.cpp:244] id:1
I1003 14:59:54.269706  4014 getmultilidardata.cpp:1424] lidarid:0
I1003 14:59:54.270520  4014 getmultilidardata.cpp:1432] lidarid:0
I1003 14:59:54.270529  4014 getmultilidardata.cpp:1424] lidarid:0
I1003 14:59:54.270577  4079 myhdl_grabber.cpp:750] signal operator start
I1003 14:59:54.270601  4079 getmultilidardata.cpp:244] id:4
I1003 14:59:54.271049  4079 myhdl_grabber.cpp:753] signal operator end
I1003 14:59:54.271055  4079 myhdl_grabber.cpp:754] temper_index_=8
I1003 14:59:54.271062  4079 getmultilidardata.cpp:244] id:5
I1003 14:59:54.271064  4078 myhdl_grabber.cpp:750] signal operator start
I1003 14:59:54.271077  4078 getmultilidardata.cpp:244] id:2
I1003 14:59:54.271317  4014 getmultilidardata.cpp:1442] lidarid:0
I1003 14:59:54.271324  4014 getmultilidardata.cpp:1424] lidarid:2
I1003 14:59:54.271761  4078 myhdl_grabber.cpp:753] signal operator end
I1003 14:59:54.271768  4078 myhdl_grabber.cpp:754] temper_index_=7
I1003 14:59:54.271775  4078 getmultilidardata.cpp:244] id:3
I1003 14:59:54.271895  4014 getmultilidardata.cpp:1432] lidarid:2
I1003 14:59:54.271903  4014 getmultilidardata.cpp:1424] lidarid:2
I1003 14:59:54.272261  4014 getmultilidardata.cpp:1442] lidarid:2
I1003 14:59:54.272269  4014 getmultilidardata.cpp:1424] lidarid:1
I1003 14:59:54.272558  4014 getmultilidardata.cpp:1432] lidarid:1
I1003 14:59:54.272564  4014 getmultilidardata.cpp:1424] lidarid:1
I1003 14:59:54.272823  4014 getmultilidardata.cpp:1442] lidarid:1
I1003 14:59:54.294461  4014 getmultilidardata.cpp:1300] cloudstartnum[lidarid]=0
I1003 14:59:54.294488  4014 getmultilidardata.cpp:1300] cloudstartnum[lidarid]=58432
I1003 14:59:54.294495  4014 getmultilidardata.cpp:1300] cloudstartnum[lidarid]=91072
I1003 14:59:54.296306  4014 getmultilidardata.cpp:1300] cloudstartnum[lidarid]=0
I1003 14:59:54.296316  4014 getmultilidardata.cpp:1300] cloudstartnum[lidarid]=58432
I1003 14:59:54.296321  4014 getmultilidardata.cpp:1300] cloudstartnum[lidarid]=91072
I1003 14:59:54.299145  4014 getmultilidardata.cpp:1580]  time:0.0280798
I1003 14:59:54.302848  4014 getmultilidardata.cpp:1600] pub pointcloud:123331
I1003 14:59:54.370559  4077 myhdl_grabber.cpp:565] id:0 temprotation:4 last_azimuth_35984
I1003 14:59:54.370611  4077 myhdl_grabber.cpp:750] signal operator start
I1003 14:59:54.370621  4077 getmultilidardata.cpp:244] id:0
I1003 14:59:54.371228  4077 myhdl_grabber.cpp:753] signal operator end
I1003 14:59:54.371237  4077 myhdl_grabber.cpp:754] temper_index_=25
I1003 14:59:54.371250  4077 getmultilidardata.cpp:244] id:1
I1003 14:59:54.371297  4014 getmultilidardata.cpp:1424] lidarid:0
I1003 14:59:54.372220  4014 getmultilidardata.cpp:1432] lidarid:0
I1003 14:59:54.372404  4014 getmultilidardata.cpp:1424] lidarid:0
I1003 14:59:54.372548  4079 myhdl_grabber.cpp:750] signal operator start
I1003 14:59:54.372572  4079 getmultilidardata.cpp:244] id:4
I1003 14:59:54.373006  4079 myhdl_grabber.cpp:753] signal operator end
I1003 14:59:54.373014  4079 myhdl_grabber.cpp:754] temper_index_=8
I1003 14:59:54.373018  4014 getmultilidardata.cpp:1442] lidarid:0
I1003 14:59:54.373020  4079 getmultilidardata.cpp:244] id:5
I1003 14:59:54.373030  4014 getmultilidardata.cpp:1424] lidarid:2
I1003 14:59:54.373445  4014 getmultilidardata.cpp:1432] lidarid:2
I1003 14:59:54.373451  4014 getmultilidardata.cpp:1424] lidarid:2
I1003 14:59:54.374258  4014 getmultilidardata.cpp:1442] lidarid:2
I1003 14:59:54.374281  4078 myhdl_grabber.cpp:750] signal operator start
I1003 14:59:54.374291  4078 getmultilidardata.cpp:244] id:2
I1003 14:59:54.374572  4078 myhdl_grabber.cpp:753] signal operator end
I1003 14:59:54.374578  4078 myhdl_grabber.cpp:754] temper_index_=7
I1003 14:59:54.374584  4078 getmultilidardata.cpp:244] id:3
I1003 14:59:54.374626  4014 getmultilidardata.cpp:1424] lidarid:1
I1003 14:59:54.375769  4014 getmultilidardata.cpp:1432] lidarid:1
I1003 14:59:54.375784  4014 getmultilidardata.cpp:1424] lidarid:1
I1003 14:59:54.376713  4014 getmultilidardata.cpp:1442] lidarid:1
I1003 14:59:54.400941  4014 getmultilidardata.cpp:1300] cloudstartnum[lidarid]=0
I1003 14:59:54.401005  4014 getmultilidardata.cpp:1300] cloudstartnum[lidarid]=58336
I1003 14:59:54.401013  4014 getmultilidardata.cpp:1300] cloudstartnum[lidarid]=90976
I1003 14:59:54.403111  4014 getmultilidardata.cpp:1300] cloudstartnum[lidarid]=0
I1003 14:59:54.403123  4014 getmultilidardata.cpp:1300] cloudstartnum[lidarid]=58336
I1003 14:59:54.403128  4014 getmultilidardata.cpp:1300] cloudstartnum[lidarid]=90976
I1003 14:59:54.404573  4014 getmultilidardata.cpp:1580]  time:0.0302899
I1003 14:59:54.405745  4014 getmultilidardata.cpp:1600] pub pointcloud:123619
I1003 14:59:54.471665  4077 myhdl_grabber.cpp:565] id:0 temprotation:14 last_azimuth_35994
I1003 14:59:54.471686  4077 myhdl_grabber.cpp:750] signal operator start
I1003 14:59:54.471693  4077 getmultilidardata.cpp:244] id:0
I1003 14:59:54.472067  4077 myhdl_grabber.cpp:753] signal operator end
I1003 14:59:54.472072  4077 myhdl_grabber.cpp:754] temper_index_=25
I1003 14:59:54.472079  4077 getmultilidardata.cpp:244] id:1
I1003 14:59:54.472117  4014 getmultilidardata.cpp:1424] lidarid:0
I1003 14:59:54.472759  4078 myhdl_grabber.cpp:750] signal operator start
I1003 14:59:54.472777  4078 getmultilidardata.cpp:244] id:2
I1003 14:59:54.472806  4014 getmultilidardata.cpp:1432] lidarid:0
I1003 14:59:54.472813  4014 getmultilidardata.cpp:1424] lidarid:0
I1003 14:59:54.473217  4078 myhdl_grabber.cpp:753] signal operator end
I1003 14:59:54.473222  4078 myhdl_grabber.cpp:754] temper_index_=7
I1003 14:59:54.473227  4078 getmultilidardata.cpp:244] id:3
I1003 14:59:54.473461  4079 myhdl_grabber.cpp:750] signal operator start
I1003 14:59:54.473480  4079 getmultilidardata.cpp:244] id:4
I1003 14:59:54.473603  4014 getmultilidardata.cpp:1442] lidarid:0
I1003 14:59:54.473610  4014 getmultilidardata.cpp:1424] lidarid:1
I1003 14:59:54.473963  4079 myhdl_grabber.cpp:753] signal operator end
I1003 14:59:54.473968  4079 myhdl_grabber.cpp:754] temper_index_=8
I1003 14:59:54.473974  4079 getmultilidardata.cpp:244] id:5
I1003 14:59:54.474050  4014 getmultilidardata.cpp:1432] lidarid:1
I1003 14:59:54.474056  4014 getmultilidardata.cpp:1424] lidarid:1
I1003 14:59:54.474436  4014 getmultilidardata.cpp:1442] lidarid:1
I1003 14:59:54.474442  4014 getmultilidardata.cpp:1424] lidarid:2
I1003 14:59:54.474668  4014 getmultilidardata.cpp:1432] lidarid:2
I1003 14:59:54.474673  4014 getmultilidardata.cpp:1424] lidarid:2
I1003 14:59:54.474880  4014 getmultilidardata.cpp:1442] lidarid:2
I1003 14:59:54.477296  4014 getmultilidardata.cpp:1300] cloudstartnum[lidarid]=0
I1003 14:59:54.477305  4014 getmultilidardata.cpp:1300] cloudstartnum[lidarid]=58240
I1003 14:59:54.477309  4014 getmultilidardata.cpp:1300] cloudstartnum[lidarid]=90480
I1003 14:59:54.479126  4014 getmultilidardata.cpp:1300] cloudstartnum[lidarid]=0
I1003 14:59:54.479136  4014 getmultilidardata.cpp:1300] cloudstartnum[lidarid]=58240
I1003 14:59:54.479140  4014 getmultilidardata.cpp:1300] cloudstartnum[lidarid]=90480
I1003 14:59:54.480132  4014 getmultilidardata.cpp:1580]  time:0.00667423
I1003 14:59:54.480758  4014 getmultilidardata.cpp:1600] pub pointcloud:122739
I1003 14:59:54.569319  4080 getmultilidardata.cpp:493] get lidar data
I1003 14:59:54.572321  4077 myhdl_grabber.cpp:565] id:0 temprotation:8 last_azimuth_35988
I1003 14:59:54.572343  4077 myhdl_grabber.cpp:750] signal operator start
I1003 14:59:54.572353  4077 getmultilidardata.cpp:244] id:0
I1003 14:59:54.572831  4077 myhdl_grabber.cpp:753] signal operator end
I1003 14:59:54.572839  4077 myhdl_grabber.cpp:754] temper_index_=25
I1003 14:59:54.572845  4077 getmultilidardata.cpp:244] id:1
I1003 14:59:54.572893  4014 getmultilidardata.cpp:1424] lidarid:0
I1003 14:59:54.573609  4014 getmultilidardata.cpp:1432] lidarid:0
I1003 14:59:54.573740  4014 getmultilidardata.cpp:1424] lidarid:0
I1003 14:59:54.574287  4014 getmultilidardata.cpp:1442] lidarid:0
I1003 14:59:54.574388  4079 myhdl_grabber.cpp:750] signal operator start
I1003 14:59:54.574414  4079 getmultilidardata.cpp:244] id:4
I1003 14:59:54.574712  4079 myhdl_grabber.cpp:753] signal operator end
I1003 14:59:54.574757  4079 myhdl_grabber.cpp:754] temper_index_=8
I1003 14:59:54.574753  4014 getmultilidardata.cpp:1424] lidarid:2
I1003 14:59:54.574755  4078 myhdl_grabber.cpp:750] signal operator start
I1003 14:59:54.574769  4079 getmultilidardata.cpp:244] id:5
I1003 14:59:54.574797  4078 getmultilidardata.cpp:244] id:2
I1003 14:59:54.575444  4014 getmultilidardata.cpp:1432] lidarid:2
I1003 14:59:54.575469  4078 myhdl_grabber.cpp:753] signal operator end
I1003 14:59:54.575477  4078 myhdl_grabber.cpp:754] temper_index_=7
I1003 14:59:54.575484  4078 getmultilidardata.cpp:244] id:3
I1003 14:59:54.575493  4014 getmultilidardata.cpp:1424] lidarid:2
I1003 14:59:54.575942  4014 getmultilidardata.cpp:1442] lidarid:2
I1003 14:59:54.575950  4014 getmultilidardata.cpp:1424] lidarid:1
I1003 14:59:54.576206  4014 getmultilidardata.cpp:1432] lidarid:1
I1003 14:59:54.576213  4014 getmultilidardata.cpp:1424] lidarid:1
I1003 14:59:54.576457  4014 getmultilidardata.cpp:1442] lidarid:1
I1003 14:59:54.598215  4014 getmultilidardata.cpp:1300] cloudstartnum[lidarid]=0
I1003 14:59:54.598243  4014 getmultilidardata.cpp:1300] cloudstartnum[lidarid]=58016
I1003 14:59:54.598248  4014 getmultilidardata.cpp:1300] cloudstartnum[lidarid]=90304
I1003 14:59:54.599999  4014 getmultilidardata.cpp:1300] cloudstartnum[lidarid]=0
I1003 14:59:54.600011  4014 getmultilidardata.cpp:1300] cloudstartnum[lidarid]=58016
I1003 14:59:54.600016  4014 getmultilidardata.cpp:1300] cloudstartnum[lidarid]=90304
I1003 14:59:54.601380  4014 getmultilidardata.cpp:1580]  time:0.0266283
I1003 14:59:54.602394  4014 getmultilidardata.cpp:1600] pub pointcloud:122563
I1003 14:59:54.672263  4077 myhdl_grabber.cpp:565] id:0 temprotation:4 last_azimuth_35984
I1003 14:59:54.672281  4077 myhdl_grabber.cpp:750] signal operator start
I1003 14:59:54.672287  4077 getmultilidardata.cpp:244] id:0
I1003 14:59:54.672641  4077 myhdl_grabber.cpp:753] signal operator end
I1003 14:59:54.672646  4077 myhdl_grabber.cpp:754] temper_index_=25
I1003 14:59:54.672652  4077 getmultilidardata.cpp:244] id:1
I1003 14:59:54.672686  4014 getmultilidardata.cpp:1424] lidarid:0
I1003 14:59:54.673379  4014 getmultilidardata.cpp:1432] lidarid:0
I1003 14:59:54.673385  4014 getmultilidardata.cpp:1424] lidarid:0
I1003 14:59:54.673784  4079 myhdl_grabber.cpp:750] signal operator start
I1003 14:59:54.673813  4079 getmultilidardata.cpp:244] id:4
I1003 14:59:54.673849  4014 getmultilidardata.cpp:1442] lidarid:0
I1003 14:59:54.674147  4079 myhdl_grabber.cpp:753] signal operator end
I1003 14:59:54.674150  4079 myhdl_grabber.cpp:754] temper_index_=8
I1003 14:59:54.674154  4079 getmultilidardata.cpp:244] id:5
I1003 14:59:54.674190  4014 getmultilidardata.cpp:1424] lidarid:2
I1003 14:59:54.674744  4014 getmultilidardata.cpp:1432] lidarid:2
I1003 14:59:54.674749  4014 getmultilidardata.cpp:1424] lidarid:2
I1003 14:59:54.674770  4078 myhdl_grabber.cpp:750] signal operator start
I1003 14:59:54.674777  4078 getmultilidardata.cpp:244] id:2
I1003 14:59:54.675312  4014 getmultilidardata.cpp:1442] lidarid:2
I1003 14:59:54.675364  4078 myhdl_grabber.cpp:753] signal operator end
I1003 14:59:54.675367  4078 myhdl_grabber.cpp:754] temper_index_=7
I1003 14:59:54.675371  4078 getmultilidardata.cpp:244] id:3
I1003 14:59:54.675406  4014 getmultilidardata.cpp:1424] lidarid:1
I1003 14:59:54.675786  4014 getmultilidardata.cpp:1432] lidarid:1
I1003 14:59:54.675909  4014 getmultilidardata.cpp:1424] lidarid:1
I1003 14:59:54.676101  4014 getmultilidardata.cpp:1442] lidarid:1
I1003 14:59:54.697336  4014 getmultilidardata.cpp:1300] cloudstartnum[lidarid]=0
I1003 14:59:54.697352  4014 getmultilidardata.cpp:1300] cloudstartnum[lidarid]=57760
I1003 14:59:54.697356  4014 getmultilidardata.cpp:1300] cloudstartnum[lidarid]=89632
I1003 14:59:54.698537  4014 getmultilidardata.cpp:1300] cloudstartnum[lidarid]=0
I1003 14:59:54.698545  4014 getmultilidardata.cpp:1300] cloudstartnum[lidarid]=57760
I1003 14:59:54.698549  4014 getmultilidardata.cpp:1300] cloudstartnum[lidarid]=89632
I1003 14:59:54.699590  4014 getmultilidardata.cpp:1580]  time:0.0248183
I1003 14:59:54.700618  4014 getmultilidardata.cpp:1600] pub pointcloud:121523
I1003 14:59:54.772258  4077 myhdl_grabber.cpp:565] id:0 temprotation:2 last_azimuth_35982
I1003 14:59:54.772281  4077 myhdl_grabber.cpp:750] signal operator start
I1003 14:59:54.772289  4077 getmultilidardata.cpp:244] id:0
I1003 14:59:54.772662  4077 myhdl_grabber.cpp:753] signal operator end
I1003 14:59:54.772668  4077 myhdl_grabber.cpp:754] temper_index_=25
I1003 14:59:54.772673  4077 getmultilidardata.cpp:244] id:1
I1003 14:59:54.772712  4014 getmultilidardata.cpp:1424] lidarid:0
I1003 14:59:54.773404  4014 getmultilidardata.cpp:1432] lidarid:0
I1003 14:59:54.773412  4014 getmultilidardata.cpp:1424] lidarid:0
I1003 14:59:54.773455  4079 myhdl_grabber.cpp:750] signal operator start
I1003 14:59:54.773474  4079 getmultilidardata.cpp:244] id:4
I1003 14:59:54.773900  4078 myhdl_grabber.cpp:750] signal operator start
I1003 14:59:54.773901  4079 myhdl_grabber.cpp:753] signal operator end
I1003 14:59:54.773921  4079 myhdl_grabber.cpp:754] temper_index_=8
I1003 14:59:54.773922  4078 getmultilidardata.cpp:244] id:2
I1003 14:59:54.773926  4079 getmultilidardata.cpp:244] id:5
I1003 14:59:54.774121  4014 getmultilidardata.cpp:1442] lidarid:0
I1003 14:59:54.774129  4014 getmultilidardata.cpp:1424] lidarid:2
I1003 14:59:54.774479  4078 myhdl_grabber.cpp:753] signal operator end
I1003 14:59:54.774485  4078 myhdl_grabber.cpp:754] temper_index_=7
I1003 14:59:54.774490  4078 getmultilidardata.cpp:244] id:3
I1003 14:59:54.774802  4014 getmultilidardata.cpp:1432] lidarid:2
I1003 14:59:54.774808  4014 getmultilidardata.cpp:1424] lidarid:1
I1003 14:59:54.775058  4014 getmultilidardata.cpp:1432] lidarid:1
I1003 14:59:54.775063  4014 getmultilidardata.cpp:1424] lidarid:2
I1003 14:59:54.775285  4014 getmultilidardata.cpp:1442] lidarid:2
I1003 14:59:54.775291  4014 getmultilidardata.cpp:1424] lidarid:1
I1003 14:59:54.775499  4014 getmultilidardata.cpp:1442] lidarid:1
I1003 14:59:54.797077  4014 getmultilidardata.cpp:1300] cloudstartnum[lidarid]=0
I1003 14:59:54.797103  4014 getmultilidardata.cpp:1300] cloudstartnum[lidarid]=57504
I1003 14:59:54.797109  4014 getmultilidardata.cpp:1300] cloudstartnum[lidarid]=89392
I1003 14:59:54.798625  4014 getmultilidardata.cpp:1300] cloudstartnum[lidarid]=0
I1003 14:59:54.798635  4014 getmultilidardata.cpp:1300] cloudstartnum[lidarid]=57504
I1003 14:59:54.798640  4014 getmultilidardata.cpp:1300] cloudstartnum[lidarid]=89392
I1003 14:59:54.799942  4014 getmultilidardata.cpp:1580]  time:0.0260432
I1003 14:59:54.800964  4014 getmultilidardata.cpp:1600] pub pointcloud:121267
I1003 14:59:54.871506  4077 myhdl_grabber.cpp:565] id:0 temprotation:4 last_azimuth_35984
I1003 14:59:54.871533  4077 myhdl_grabber.cpp:750] signal operator start
I1003 14:59:54.871542  4077 getmultilidardata.cpp:244] id:0
I1003 14:59:54.872032  4077 myhdl_grabber.cpp:753] signal operator end
I1003 14:59:54.872040  4077 myhdl_grabber.cpp:754] temper_index_=25
I1003 14:59:54.872046  4077 getmultilidardata.cpp:244] id:1
I1003 14:59:54.872093  4014 getmultilidardata.cpp:1424] lidarid:0
I1003 14:59:54.872704  4014 getmultilidardata.cpp:1432] lidarid:0
I1003 14:59:54.872895  4014 getmultilidardata.cpp:1424] lidarid:0
I1003 14:59:54.873373  4014 getmultilidardata.cpp:1442] lidarid:0
I1003 14:59:54.873399  4079 myhdl_grabber.cpp:750] signal operator start
I1003 14:59:54.873409  4079 getmultilidardata.cpp:244] id:4
I1003 14:59:54.873505  4078 myhdl_grabber.cpp:750] signal operator start
I1003 14:59:54.873538  4078 getmultilidardata.cpp:244] id:2
I1003 14:59:54.873800  4079 myhdl_grabber.cpp:753] signal operator end
I1003 14:59:54.873807  4079 myhdl_grabber.cpp:754] temper_index_=8
I1003 14:59:54.873814  4079 getmultilidardata.cpp:244] id:5
I1003 14:59:54.873858  4014 getmultilidardata.cpp:1424] lidarid:2
I1003 14:59:54.874027  4078 myhdl_grabber.cpp:753] signal operator end
I1003 14:59:54.874034  4078 myhdl_grabber.cpp:754] temper_index_=7
I1003 14:59:54.874042  4078 getmultilidardata.cpp:244] id:3
I1003 14:59:54.874457  4014 getmultilidardata.cpp:1432] lidarid:2
I1003 14:59:54.874528  4014 getmultilidardata.cpp:1424] lidarid:1
I1003 14:59:54.874810  4014 getmultilidardata.cpp:1432] lidarid:1
I1003 14:59:54.874817  4014 getmultilidardata.cpp:1424] lidarid:2
I1003 14:59:54.875097  4014 getmultilidardata.cpp:1442] lidarid:2
I1003 14:59:54.875104  4014 getmultilidardata.cpp:1424] lidarid:1
I1003 14:59:54.875367  4014 getmultilidardata.cpp:1442] lidarid:1
I1003 14:59:54.885462  4080 getmultilidardata.cpp:493] get lidar data
I1003 14:59:54.897099  4014 getmultilidardata.cpp:1300] cloudstartnum[lidarid]=0
I1003 14:59:54.897123  4014 getmultilidardata.cpp:1300] cloudstartnum[lidarid]=57280
I1003 14:59:54.897130  4014 getmultilidardata.cpp:1300] cloudstartnum[lidarid]=89168
I1003 14:59:54.898697  4014 getmultilidardata.cpp:1300] cloudstartnum[lidarid]=0
I1003 14:59:54.898706  4014 getmultilidardata.cpp:1300] cloudstartnum[lidarid]=57280
I1003 14:59:54.898711  4014 getmultilidardata.cpp:1300] cloudstartnum[lidarid]=89168
I1003 14:59:54.900247  4014 getmultilidardata.cpp:1580]  time:0.026743
I1003 14:59:54.901226  4014 getmultilidardata.cpp:1600] pub pointcloud:121043
I1003 14:59:54.970155  4077 myhdl_grabber.cpp:565] id:0 temprotation:14 last_azimuth_35994
I1003 14:59:54.970175  4077 myhdl_grabber.cpp:750] signal operator start
I1003 14:59:54.970180  4077 getmultilidardata.cpp:244] id:0
I1003 14:59:54.970528  4077 myhdl_grabber.cpp:753] signal operator end
I1003 14:59:54.970533  4077 myhdl_grabber.cpp:754] temper_index_=25
I1003 14:59:54.970537  4077 getmultilidardata.cpp:244] id:1
I1003 14:59:54.970571  4014 getmultilidardata.cpp:1424] lidarid:0
I1003 14:59:54.971246  4014 getmultilidardata.cpp:1432] lidarid:0
I1003 14:59:54.971252  4014 getmultilidardata.cpp:1424] lidarid:0
I1003 14:59:54.971366  4079 myhdl_grabber.cpp:750] signal operator start
I1003 14:59:54.971383  4079 getmultilidardata.cpp:244] id:4
I1003 14:59:54.971789  4079 myhdl_grabber.cpp:753] signal operator end
I1003 14:59:54.971793  4079 myhdl_grabber.cpp:754] temper_index_=8
I1003 14:59:54.971798  4079 getmultilidardata.cpp:244] id:5
I1003 14:59:54.971843  4014 getmultilidardata.cpp:1442] lidarid:0
I1003 14:59:54.971849  4014 getmultilidardata.cpp:1424] lidarid:2
I1003 14:59:54.971909  4078 myhdl_grabber.cpp:750] signal operator start
I1003 14:59:54.971925  4078 getmultilidardata.cpp:244] id:2
I1003 14:59:54.972358  4014 getmultilidardata.cpp:1432] lidarid:2
I1003 14:59:54.972364  4014 getmultilidardata.cpp:1424] lidarid:2
I1003 14:59:54.972442  4078 myhdl_grabber.cpp:753] signal operator end
I1003 14:59:54.972447  4078 myhdl_grabber.cpp:754] temper_index_=7
I1003 14:59:54.972452  4078 getmultilidardata.cpp:244] id:3
I1003 14:59:54.972762  4014 getmultilidardata.cpp:1442] lidarid:2
I1003 14:59:54.972767  4014 getmultilidardata.cpp:1424] lidarid:1
I1003 14:59:54.973022  4014 getmultilidardata.cpp:1432] lidarid:1
I1003 14:59:54.973026  4014 getmultilidardata.cpp:1424] lidarid:1
I1003 14:59:54.973209  4014 getmultilidardata.cpp:1442] lidarid:1
I1003 14:59:54.996819  4014 getmultilidardata.cpp:1300] cloudstartnum[lidarid]=0
I1003 14:59:54.996841  4014 getmultilidardata.cpp:1300] cloudstartnum[lidarid]=57120
I1003 14:59:54.996846  4014 getmultilidardata.cpp:1300] cloudstartnum[lidarid]=88624
I1003 14:59:54.998273  4014 getmultilidardata.cpp:1300] cloudstartnum[lidarid]=0
I1003 14:59:54.998282  4014 getmultilidardata.cpp:1300] cloudstartnum[lidarid]=57120
I1003 14:59:54.998286  4014 getmultilidardata.cpp:1300] cloudstartnum[lidarid]=88624
I1003 14:59:54.999516  4014 getmultilidardata.cpp:1580]  time:0.0276089
I1003 14:59:55.000222  4014 getmultilidardata.cpp:1600] pub pointcloud:120131
I1003 14:59:55.069396  4077 myhdl_grabber.cpp:565] id:0 temprotation:18 last_azimuth_35998
I1003 14:59:55.069424  4077 myhdl_grabber.cpp:750] signal operator start
I1003 14:59:55.069433  4077 getmultilidardata.cpp:244] id:0
I1003 14:59:55.069867  4077 myhdl_grabber.cpp:753] signal operator end
I1003 14:59:55.069873  4077 myhdl_grabber.cpp:754] temper_index_=25
I1003 14:59:55.069880  4077 getmultilidardata.cpp:244] id:1
I1003 14:59:55.069916  4014 getmultilidardata.cpp:1424] lidarid:0
I1003 14:59:55.070647  4014 getmultilidardata.cpp:1432] lidarid:0
I1003 14:59:55.070658  4014 getmultilidardata.cpp:1424] lidarid:0
I1003 14:59:55.071000  4079 myhdl_grabber.cpp:750] signal operator start
I1003 14:59:55.071025  4079 getmultilidardata.cpp:244] id:4
I1003 14:59:55.071192  4014 getmultilidardata.cpp:1442] lidarid:0
I1003 14:59:55.071378  4078 myhdl_grabber.cpp:750] signal operator start
I1003 14:59:55.071379  4014 getmultilidardata.cpp:1424] lidarid:2
I1003 14:59:55.071391  4078 getmultilidardata.cpp:244] id:2
I1003 14:59:55.071792  4014 getmultilidardata.cpp:1432] lidarid:2
I1003 14:59:55.071810  4079 myhdl_grabber.cpp:753] signal operator end
I1003 14:59:55.071816  4079 myhdl_grabber.cpp:754] temper_index_=8
I1003 14:59:55.071823  4079 getmultilidardata.cpp:244] id:5
I1003 14:59:55.071835  4078 myhdl_grabber.cpp:753] signal operator end
I1003 14:59:55.071841  4078 myhdl_grabber.cpp:754] temper_index_=7
I1003 14:59:55.071847  4078 getmultilidardata.cpp:244] id:3
I1003 14:59:55.071889  4014 getmultilidardata.cpp:1424] lidarid:1
I1003 14:59:55.072449  4014 getmultilidardata.cpp:1432] lidarid:1
I1003 14:59:55.072459  4014 getmultilidardata.cpp:1424] lidarid:2
I1003 14:59:55.072724  4014 getmultilidardata.cpp:1442] lidarid:2
I1003 14:59:55.072732  4014 getmultilidardata.cpp:1424] lidarid:1
I1003 14:59:55.072993  4014 getmultilidardata.cpp:1442] lidarid:1
I1003 14:59:55.094594  4014 getmultilidardata.cpp:1300] cloudstartnum[lidarid]=0
I1003 14:59:55.094619  4014 getmultilidardata.cpp:1300] cloudstartnum[lidarid]=56992
I1003 14:59:55.094625  4014 getmultilidardata.cpp:1300] cloudstartnum[lidarid]=88880
I1003 14:59:55.096078  4014 getmultilidardata.cpp:1300] cloudstartnum[lidarid]=0
I1003 14:59:55.096088  4014 getmultilidardata.cpp:1300] cloudstartnum[lidarid]=56992
I1003 14:59:55.096093  4014 getmultilidardata.cpp:1300] cloudstartnum[lidarid]=88880
I1003 14:59:55.097401  4014 getmultilidardata.cpp:1580]  time:0.026022
I1003 14:59:55.098337  4014 getmultilidardata.cpp:1600] pub pointcloud:120755
I1003 14:59:55.168061  4077 myhdl_grabber.cpp:565] id:0 temprotation:8 last_azimuth_35988
I1003 14:59:55.168092  4077 myhdl_grabber.cpp:750] signal operator start
I1003 14:59:55.168102  4077 getmultilidardata.cpp:244] id:0
I1003 14:59:55.168556  4077 myhdl_grabber.cpp:753] signal operator end
I1003 14:59:55.168563  4077 myhdl_grabber.cpp:754] temper_index_=25
I1003 14:59:55.168570  4077 getmultilidardata.cpp:244] id:1
I1003 14:59:55.168615  4014 getmultilidardata.cpp:1424] lidarid:0
I1003 14:59:55.169322  4014 getmultilidardata.cpp:1432] lidarid:0
I1003 14:59:55.169332  4014 getmultilidardata.cpp:1424] lidarid:0
I1003 14:59:55.169374  4079 myhdl_grabber.cpp:750] signal operator start
I1003 14:59:55.169399  4079 getmultilidardata.cpp:244] id:4
I1003 14:59:55.169859  4079 myhdl_grabber.cpp:753] signal operator end
I1003 14:59:55.169868  4079 myhdl_grabber.cpp:754] temper_index_=8
I1003 14:59:55.169874  4079 getmultilidardata.cpp:244] id:5
I1003 14:59:55.170068  4014 getmultilidardata.cpp:1442] lidarid:0
I1003 14:59:55.170078  4014 getmultilidardata.cpp:1424] lidarid:2
I1003 14:59:55.170383  4078 myhdl_grabber.cpp:750] signal operator start
I1003 14:59:55.170392  4078 getmultilidardata.cpp:244] id:2
I1003 14:59:55.170419  4014 getmultilidardata.cpp:1432] lidarid:2
I1003 14:59:55.170428  4014 getmultilidardata.cpp:1424] lidarid:2
I1003 14:59:55.170843  4078 myhdl_grabber.cpp:753] signal operator end
I1003 14:59:55.170850  4078 myhdl_grabber.cpp:754] temper_index_=7
I1003 14:59:55.170858  4078 getmultilidardata.cpp:244] id:3
I1003 14:59:55.170918  4014 getmultilidardata.cpp:1442] lidarid:2
I1003 14:59:55.170928  4014 getmultilidardata.cpp:1424] lidarid:1
I1003 14:59:55.171409  4014 getmultilidardata.cpp:1432] lidarid:1
I1003 14:59:55.171417  4014 getmultilidardata.cpp:1424] lidarid:1
I1003 14:59:55.171775  4014 getmultilidardata.cpp:1442] lidarid:1
I1003 14:59:55.193353  4014 getmultilidardata.cpp:1300] cloudstartnum[lidarid]=0
I1003 14:59:55.193380  4014 getmultilidardata.cpp:1300] cloudstartnum[lidarid]=56928
I1003 14:59:55.193446  4014 getmultilidardata.cpp:1300] cloudstartnum[lidarid]=88432
I1003 14:59:55.195009  4014 getmultilidardata.cpp:1300] cloudstartnum[lidarid]=0
I1003 14:59:55.195019  4014 getmultilidardata.cpp:1300] cloudstartnum[lidarid]=56928
I1003 14:59:55.195024  4014 getmultilidardata.cpp:1300] cloudstartnum[lidarid]=88432
I1003 14:59:55.197628  4014 getmultilidardata.cpp:1580]  time:0.0272428
I1003 14:59:55.201066  4014 getmultilidardata.cpp:1600] pub pointcloud:119923
I1003 14:59:55.201277  4080 getmultilidardata.cpp:493] get lidar data
I1003 14:59:55.266678  4077 myhdl_grabber.cpp:565] id:0 temprotation:12 last_azimuth_35992
I1003 14:59:55.266707  4077 myhdl_grabber.cpp:750] signal operator start
I1003 14:59:55.266718  4077 getmultilidardata.cpp:244] id:0
I1003 14:59:55.267284  4077 myhdl_grabber.cpp:753] signal operator end
I1003 14:59:55.267293  4077 myhdl_grabber.cpp:754] temper_index_=25
I1003 14:59:55.267299  4077 getmultilidardata.cpp:244] id:1
I1003 14:59:55.267318  4014 getmultilidardata.cpp:1424] lidarid:0
I1003 14:59:55.268158  4014 getmultilidardata.cpp:1432] lidarid:0
I1003 14:59:55.268172  4014 getmultilidardata.cpp:1424] lidarid:0
I1003 14:59:55.268729  4014 getmultilidardata.cpp:1442] lidarid:0
I1003 14:59:55.268757  4078 myhdl_grabber.cpp:750] signal operator start
I1003 14:59:55.268769  4078 getmultilidardata.cpp:244] id:2
I1003 14:59:55.269071  4079 myhdl_grabber.cpp:750] signal operator start
I1003 14:59:55.269098  4079 getmultilidardata.cpp:244] id:4
I1003 14:59:55.269232  4078 myhdl_grabber.cpp:753] signal operator end
I1003 14:59:55.269238  4078 myhdl_grabber.cpp:754] temper_index_=7
I1003 14:59:55.269245  4078 getmultilidardata.cpp:244] id:3
I1003 14:59:55.269286  4014 getmultilidardata.cpp:1424] lidarid:1
I1003 14:59:55.269870  4079 myhdl_grabber.cpp:753] signal operator end
I1003 14:59:55.269878  4079 myhdl_grabber.cpp:754] temper_index_=8
I1003 14:59:55.269886  4079 getmultilidardata.cpp:244] id:5
I1003 14:59:55.270143  4014 getmultilidardata.cpp:1432] lidarid:1
I1003 14:59:55.270153  4014 getmultilidardata.cpp:1424] lidarid:2
I1003 14:59:55.271086  4014 getmultilidardata.cpp:1432] lidarid:2
I1003 14:59:55.271095  4014 getmultilidardata.cpp:1424] lidarid:1
I1003 14:59:55.272003  4014 getmultilidardata.cpp:1442] lidarid:1
I1003 14:59:55.272012  4014 getmultilidardata.cpp:1424] lidarid:2
I1003 14:59:55.272897  4014 getmultilidardata.cpp:1442] lidarid:2
I1003 14:59:55.276794  4014 getmultilidardata.cpp:1300] cloudstartnum[lidarid]=0
I1003 14:59:55.276805  4014 getmultilidardata.cpp:1300] cloudstartnum[lidarid]=56992
I1003 14:59:55.276811  4014 getmultilidardata.cpp:1300] cloudstartnum[lidarid]=88496
I1003 14:59:55.278282  4014 getmultilidardata.cpp:1300] cloudstartnum[lidarid]=0
I1003 14:59:55.278292  4014 getmultilidardata.cpp:1300] cloudstartnum[lidarid]=56992
I1003 14:59:55.278296  4014 getmultilidardata.cpp:1300] cloudstartnum[lidarid]=88496
I1003 14:59:55.279712  4014 getmultilidardata.cpp:1580]  time:0.0106464
I1003 14:59:55.280675  4014 getmultilidardata.cpp:1600] pub pointcloud:120371
I1003 14:59:55.365962  4077 myhdl_grabber.cpp:565] id:0 temprotation:18 last_azimuth_35998
I1003 14:59:55.365981  4077 myhdl_grabber.cpp:750] signal operator start
I1003 14:59:55.365988  4077 getmultilidardata.cpp:244] id:0
I1003 14:59:55.366384  4077 myhdl_grabber.cpp:753] signal operator end
I1003 14:59:55.366387  4077 myhdl_grabber.cpp:754] temper_index_=25
I1003 14:59:55.366391  4077 getmultilidardata.cpp:244] id:1
I1003 14:59:55.366434  4014 getmultilidardata.cpp:1424] lidarid:0
I1003 14:59:55.367095  4014 getmultilidardata.cpp:1432] lidarid:0
I1003 14:59:55.367101  4014 getmultilidardata.cpp:1424] lidarid:0
I1003 14:59:55.367370  4079 myhdl_grabber.cpp:750] signal operator start
I1003 14:59:55.367386  4079 getmultilidardata.cpp:244] id:4
I1003 14:59:55.367522  4014 getmultilidardata.cpp:1442] lidarid:0
I1003 14:59:55.367651  4079 myhdl_grabber.cpp:753] signal operator end
I1003 14:59:55.367655  4079 myhdl_grabber.cpp:754] temper_index_=8
I1003 14:59:55.367660  4079 getmultilidardata.cpp:244] id:5
I1003 14:59:55.367692  4014 getmultilidardata.cpp:1424] lidarid:2
I1003 14:59:55.367902  4078 myhdl_grabber.cpp:750] signal operator start
I1003 14:59:55.367918  4078 getmultilidardata.cpp:244] id:2
I1003 14:59:55.368173  4014 getmultilidardata.cpp:1432] lidarid:2
I1003 14:59:55.368180  4014 getmultilidardata.cpp:1424] lidarid:2
I1003 14:59:55.368405  4078 myhdl_grabber.cpp:753] signal operator end
I1003 14:59:55.368410  4078 myhdl_grabber.cpp:754] temper_index_=7
I1003 14:59:55.368415  4078 getmultilidardata.cpp:244] id:3
I1003 14:59:55.368551  4014 getmultilidardata.cpp:1442] lidarid:2
I1003 14:59:55.368556  4014 getmultilidardata.cpp:1424] lidarid:1
I1003 14:59:55.368913  4014 getmultilidardata.cpp:1432] lidarid:1
I1003 14:59:55.368917  4014 getmultilidardata.cpp:1424] lidarid:1
I1003 14:59:55.369110  4014 getmultilidardata.cpp:1442] lidarid:1
I1003 14:59:55.391885  4014 getmultilidardata.cpp:1300] cloudstartnum[lidarid]=0
I1003 14:59:55.391911  4014 getmultilidardata.cpp:1300] cloudstartnum[lidarid]=57120
I1003 14:59:55.391916  4014 getmultilidardata.cpp:1300] cloudstartnum[lidarid]=88992
I1003 14:59:55.393821  4014 getmultilidardata.cpp:1300] cloudstartnum[lidarid]=0
I1003 14:59:55.393831  4014 getmultilidardata.cpp:1300] cloudstartnum[lidarid]=57120
I1003 14:59:55.393836  4014 getmultilidardata.cpp:1300] cloudstartnum[lidarid]=88992
I1003 14:59:55.395324  4014 getmultilidardata.cpp:1580]  time:0.0274231
I1003 14:59:55.396324  4014 getmultilidardata.cpp:1600] pub pointcloud:120483
I1003 14:59:55.465178  4077 myhdl_grabber.cpp:565] id:0 temprotation:2 last_azimuth_35982
I1003 14:59:55.465200  4077 myhdl_grabber.cpp:750] signal operator start
I1003 14:59:55.465207  4077 getmultilidardata.cpp:244] id:0
I1003 14:59:55.465580  4077 myhdl_grabber.cpp:753] signal operator end
I1003 14:59:55.465585  4077 myhdl_grabber.cpp:754] temper_index_=25
I1003 14:59:55.465590  4077 getmultilidardata.cpp:244] id:1
I1003 14:59:55.465629  4014 getmultilidardata.cpp:1424] lidarid:0
I1003 14:59:55.466289  4078 myhdl_grabber.cpp:750] signal operator start
I1003 14:59:55.466307  4078 getmultilidardata.cpp:244] id:2
I1003 14:59:55.466310  4014 getmultilidardata.cpp:1432] lidarid:0
I1003 14:59:55.466318  4014 getmultilidardata.cpp:1424] lidarid:0
I1003 14:59:55.466723  4078 myhdl_grabber.cpp:753] signal operator end
I1003 14:59:55.466728  4078 myhdl_grabber.cpp:754] temper_index_=7
I1003 14:59:55.466733  4078 getmultilidardata.cpp:244] id:3
I1003 14:59:55.467003  4079 myhdl_grabber.cpp:750] signal operator start
I1003 14:59:55.467022  4079 getmultilidardata.cpp:244] id:4
I1003 14:59:55.467029  4014 getmultilidardata.cpp:1442] lidarid:0
I1003 14:59:55.467036  4014 getmultilidardata.cpp:1424] lidarid:1
I1003 14:59:55.467512  4079 myhdl_grabber.cpp:753] signal operator end
I1003 14:59:55.467519  4079 myhdl_grabber.cpp:754] temper_index_=8
I1003 14:59:55.467522  4014 getmultilidardata.cpp:1432] lidarid:1
I1003 14:59:55.467523  4079 getmultilidardata.cpp:244] id:5
I1003 14:59:55.467532  4014 getmultilidardata.cpp:1424] lidarid:1
I1003 14:59:55.467948  4014 getmultilidardata.cpp:1442] lidarid:1
I1003 14:59:55.467954  4014 getmultilidardata.cpp:1424] lidarid:2
I1003 14:59:55.468156  4014 getmultilidardata.cpp:1432] lidarid:2
I1003 14:59:55.468161  4014 getmultilidardata.cpp:1424] lidarid:2
I1003 14:59:55.468355  4014 getmultilidardata.cpp:1442] lidarid:2
I1003 14:59:55.471457  4014 getmultilidardata.cpp:1300] cloudstartnum[lidarid]=0
I1003 14:59:55.471468  4014 getmultilidardata.cpp:1300] cloudstartnum[lidarid]=57280
I1003 14:59:55.471472  4014 getmultilidardata.cpp:1300] cloudstartnum[lidarid]=88784
I1003 14:59:55.472787  4014 getmultilidardata.cpp:1300] cloudstartnum[lidarid]=0
I1003 14:59:55.472795  4014 getmultilidardata.cpp:1300] cloudstartnum[lidarid]=57280
I1003 14:59:55.472800  4014 getmultilidardata.cpp:1300] cloudstartnum[lidarid]=88784
I1003 14:59:55.473757  4014 getmultilidardata.cpp:1580]  time:0.0067499
I1003 14:59:55.474757  4014 getmultilidardata.cpp:1600] pub pointcloud:120675
I1003 14:59:55.517307  4080 getmultilidardata.cpp:493] get lidar data
I1003 14:59:55.565171  4077 myhdl_grabber.cpp:565] id:0 temprotation:4 last_azimuth_35984
I1003 14:59:55.565199  4077 myhdl_grabber.cpp:750] signal operator start
I1003 14:59:55.565209  4077 getmultilidardata.cpp:244] id:0
I1003 14:59:55.565673  4077 myhdl_grabber.cpp:753] signal operator end
I1003 14:59:55.565680  4077 myhdl_grabber.cpp:754] temper_index_=25
I1003 14:59:55.565685  4077 getmultilidardata.cpp:244] id:1
I1003 14:59:55.565733  4014 getmultilidardata.cpp:1424] lidarid:0
I1003 14:59:55.566442  4014 getmultilidardata.cpp:1432] lidarid:0
I1003 14:59:55.566453  4014 getmultilidardata.cpp:1424] lidarid:0
I1003 14:59:55.566499  4079 myhdl_grabber.cpp:750] signal operator start
I1003 14:59:55.566522  4079 getmultilidardata.cpp:244] id:4
I1003 14:59:55.566969  4079 myhdl_grabber.cpp:753] signal operator end
I1003 14:59:55.566977  4079 myhdl_grabber.cpp:754] temper_index_=8
I1003 14:59:55.566982  4079 getmultilidardata.cpp:244] id:5
I1003 14:59:55.567099  4078 myhdl_grabber.cpp:750] signal operator start
I1003 14:59:55.567126  4078 getmultilidardata.cpp:244] id:2
I1003 14:59:55.567160  4014 getmultilidardata.cpp:1442] lidarid:0
I1003 14:59:55.567169  4014 getmultilidardata.cpp:1424] lidarid:2
I1003 14:59:55.567723  4078 myhdl_grabber.cpp:753] signal operator end
I1003 14:59:55.567730  4014 getmultilidardata.cpp:1432] lidarid:2
I1003 14:59:55.567730  4078 myhdl_grabber.cpp:754] temper_index_=7
I1003 14:59:55.567742  4014 getmultilidardata.cpp:1424] lidarid:2
I1003 14:59:55.567745  4078 getmultilidardata.cpp:244] id:3
I1003 14:59:55.568156  4014 getmultilidardata.cpp:1442] lidarid:2
I1003 14:59:55.568164  4014 getmultilidardata.cpp:1424] lidarid:1
I1003 14:59:55.568435  4014 getmultilidardata.cpp:1432] lidarid:1
I1003 14:59:55.568442  4014 getmultilidardata.cpp:1424] lidarid:1
I1003 14:59:55.568733  4014 getmultilidardata.cpp:1442] lidarid:1
I1003 14:59:55.590468  4014 getmultilidardata.cpp:1300] cloudstartnum[lidarid]=0
I1003 14:59:55.590497  4014 getmultilidardata.cpp:1300] cloudstartnum[lidarid]=57536
I1003 14:59:55.590502  4014 getmultilidardata.cpp:1300] cloudstartnum[lidarid]=89792
I1003 14:59:55.593011  4014 getmultilidardata.cpp:1300] cloudstartnum[lidarid]=0
I1003 14:59:55.593024  4014 getmultilidardata.cpp:1300] cloudstartnum[lidarid]=57536
I1003 14:59:55.593029  4014 getmultilidardata.cpp:1300] cloudstartnum[lidarid]=89792
I1003 14:59:55.594264  4014 getmultilidardata.cpp:1580]  time:0.027168
I1003 14:59:55.595060  4014 getmultilidardata.cpp:1600] pub pointcloud:121667
I1003 14:59:55.665102  4077 myhdl_grabber.cpp:565] id:0 temprotation:8 last_azimuth_35988
I1003 14:59:55.665130  4077 myhdl_grabber.cpp:750] signal operator start
I1003 14:59:55.665140  4077 getmultilidardata.cpp:244] id:0
I1003 14:59:55.665602  4077 myhdl_grabber.cpp:753] signal operator end
I1003 14:59:55.665611  4077 myhdl_grabber.cpp:754] temper_index_=25
I1003 14:59:55.665616  4077 getmultilidardata.cpp:244] id:1
I1003 14:59:55.665663  4014 getmultilidardata.cpp:1424] lidarid:0
I1003 14:59:55.666388  4014 getmultilidardata.cpp:1432] lidarid:0
I1003 14:59:55.666399  4014 getmultilidardata.cpp:1424] lidarid:0
I1003 14:59:55.666673  4078 myhdl_grabber.cpp:750] signal operator start
I1003 14:59:55.666698  4078 getmultilidardata.cpp:244] id:2
I1003 14:59:55.666982  4014 getmultilidardata.cpp:1442] lidarid:0
I1003 14:59:55.667059  4078 myhdl_grabber.cpp:753] signal operator end
I1003 14:59:55.667066  4078 myhdl_grabber.cpp:754] temper_index_=7
I1003 14:59:55.667073  4078 getmultilidardata.cpp:244] id:3
I1003 14:59:55.667119  4014 getmultilidardata.cpp:1424] lidarid:1
I1003 14:59:55.667394  4079 myhdl_grabber.cpp:750] signal operator start
I1003 14:59:55.667420  4079 getmultilidardata.cpp:244] id:4
I1003 14:59:55.667610  4014 getmultilidardata.cpp:1432] lidarid:1
I1003 14:59:55.667620  4014 getmultilidardata.cpp:1424] lidarid:1
I1003 14:59:55.667888  4079 myhdl_grabber.cpp:753] signal operator end
I1003 14:59:55.667896  4079 myhdl_grabber.cpp:754] temper_index_=8
I1003 14:59:55.667902  4079 getmultilidardata.cpp:244] id:5
I1003 14:59:55.667996  4014 getmultilidardata.cpp:1442] lidarid:1
I1003 14:59:55.668005  4014 getmultilidardata.cpp:1424] lidarid:2
I1003 14:59:55.668388  4014 getmultilidardata.cpp:1432] lidarid:2
I1003 14:59:55.668395  4014 getmultilidardata.cpp:1424] lidarid:2
I1003 14:59:55.668689  4014 getmultilidardata.cpp:1442] lidarid:2
I1003 14:59:55.670217  4014 getmultilidardata.cpp:1300] cloudstartnum[lidarid]=0
I1003 14:59:55.670226  4014 getmultilidardata.cpp:1300] cloudstartnum[lidarid]=57792
I1003 14:59:55.670231  4014 getmultilidardata.cpp:1300] cloudstartnum[lidarid]=89664
I1003 14:59:55.672013  4014 getmultilidardata.cpp:1300] cloudstartnum[lidarid]=0
I1003 14:59:55.672021  4014 getmultilidardata.cpp:1300] cloudstartnum[lidarid]=57792
I1003 14:59:55.672026  4014 getmultilidardata.cpp:1300] cloudstartnum[lidarid]=89664
I1003 14:59:55.673341  4014 getmultilidardata.cpp:1580]  time:0.00595175
I1003 14:59:55.674167  4014 getmultilidardata.cpp:1600] pub pointcloud:121923
I1003 14:59:55.765800  4077 myhdl_grabber.cpp:565] id:0 temprotation:4 last_azimuth_35984
I1003 14:59:55.765828  4077 myhdl_grabber.cpp:750] signal operator start
I1003 14:59:55.765839  4077 getmultilidardata.cpp:244] id:0
I1003 14:59:55.766300  4077 myhdl_grabber.cpp:753] signal operator end
I1003 14:59:55.766307  4077 myhdl_grabber.cpp:754] temper_index_=25
I1003 14:59:55.766314  4077 getmultilidardata.cpp:244] id:1
I1003 14:59:55.766361  4014 getmultilidardata.cpp:1424] lidarid:0
I1003 14:59:55.767098  4014 getmultilidardata.cpp:1432] lidarid:0
I1003 14:59:55.767108  4014 getmultilidardata.cpp:1424] lidarid:0
I1003 14:59:55.767477  4079 myhdl_grabber.cpp:750] signal operator start
I1003 14:59:55.767482  4078 myhdl_grabber.cpp:750] signal operator start
I1003 14:59:55.767503  4079 getmultilidardata.cpp:244] id:4
I1003 14:59:55.767509  4078 getmultilidardata.cpp:244] id:2
I1003 14:59:55.768005  4014 getmultilidardata.cpp:1442] lidarid:0
I1003 14:59:55.768263  4079 myhdl_grabber.cpp:753] signal operator end
I1003 14:59:55.768265  4078 myhdl_grabber.cpp:753] signal operator end
I1003 14:59:55.768272  4079 myhdl_grabber.cpp:754] temper_index_=8
I1003 14:59:55.768275  4078 myhdl_grabber.cpp:754] temper_index_=7
I1003 14:59:55.768280  4079 getmultilidardata.cpp:244] id:5
I1003 14:59:55.768283  4078 getmultilidardata.cpp:244] id:3
I1003 14:59:55.768333  4014 getmultilidardata.cpp:1424] lidarid:2
I1003 14:59:55.769181  4014 getmultilidardata.cpp:1432] lidarid:2
I1003 14:59:55.769191  4014 getmultilidardata.cpp:1424] lidarid:1
I1003 14:59:55.769557  4014 getmultilidardata.cpp:1432] lidarid:1
I1003 14:59:55.769563  4014 getmultilidardata.cpp:1424] lidarid:1
I1003 14:59:55.769825  4014 getmultilidardata.cpp:1442] lidarid:1
I1003 14:59:55.769834  4014 getmultilidardata.cpp:1424] lidarid:2
I1003 14:59:55.770107  4014 getmultilidardata.cpp:1442] lidarid:2
I1003 14:59:55.771600  4014 getmultilidardata.cpp:1300] cloudstartnum[lidarid]=0
I1003 14:59:55.771610  4014 getmultilidardata.cpp:1300] cloudstartnum[lidarid]=58016
I1003 14:59:55.771615  4014 getmultilidardata.cpp:1300] cloudstartnum[lidarid]=90288
I1003 14:59:55.773190  4014 getmultilidardata.cpp:1300] cloudstartnum[lidarid]=0
I1003 14:59:55.773200  4014 getmultilidardata.cpp:1300] cloudstartnum[lidarid]=58016
I1003 14:59:55.773205  4014 getmultilidardata.cpp:1300] cloudstartnum[lidarid]=90288
I1003 14:59:55.774430  4014 getmultilidardata.cpp:1580]  time:0.00695484
I1003 14:59:55.775187  4014 getmultilidardata.cpp:1600] pub pointcloud:122163
I1003 14:59:55.833442  4080 getmultilidardata.cpp:493] get lidar data
I1003 14:59:55.867012  4077 myhdl_grabber.cpp:565] id:0 temprotation:14 last_azimuth_35994
I1003 14:59:55.867043  4077 myhdl_grabber.cpp:750] signal operator start
I1003 14:59:55.867053  4077 getmultilidardata.cpp:244] id:0
I1003 14:59:55.867636  4077 myhdl_grabber.cpp:753] signal operator end
I1003 14:59:55.867645  4077 myhdl_grabber.cpp:754] temper_index_=25
I1003 14:59:55.867651  4077 getmultilidardata.cpp:244] id:1
I1003 14:59:55.867697  4014 getmultilidardata.cpp:1424] lidarid:0
I1003 14:59:55.868463  4014 getmultilidardata.cpp:1432] lidarid:0
I1003 14:59:55.868472  4014 getmultilidardata.cpp:1424] lidarid:0
I1003 14:59:55.868906  4014 getmultilidardata.cpp:1442] lidarid:0
I1003 14:59:55.869026  4079 myhdl_grabber.cpp:750] signal operator start
I1003 14:59:55.869048  4079 getmultilidardata.cpp:244] id:4
I1003 14:59:55.869323  4079 myhdl_grabber.cpp:753] signal operator end
I1003 14:59:55.869329  4079 myhdl_grabber.cpp:754] temper_index_=8
I1003 14:59:55.869334  4079 getmultilidardata.cpp:244] id:5
I1003 14:59:55.869379  4014 getmultilidardata.cpp:1424] lidarid:2
I1003 14:59:55.869495  4078 myhdl_grabber.cpp:750] signal operator start
I1003 14:59:55.869518  4078 getmultilidardata.cpp:244] id:2
I1003 14:59:55.869889  4014 getmultilidardata.cpp:1432] lidarid:2
I1003 14:59:55.869896  4014 getmultilidardata.cpp:1424] lidarid:2
I1003 14:59:55.870067  4078 myhdl_grabber.cpp:753] signal operator end
I1003 14:59:55.870074  4078 myhdl_grabber.cpp:754] temper_index_=7
I1003 14:59:55.870081  4078 getmultilidardata.cpp:244] id:3
I1003 14:59:55.870333  4014 getmultilidardata.cpp:1442] lidarid:2
I1003 14:59:55.870342  4014 getmultilidardata.cpp:1424] lidarid:1
I1003 14:59:55.870673  4014 getmultilidardata.cpp:1432] lidarid:1
I1003 14:59:55.870679  4014 getmultilidardata.cpp:1424] lidarid:1
I1003 14:59:55.870944  4014 getmultilidardata.cpp:1442] lidarid:1
I1003 14:59:55.893170  4014 getmultilidardata.cpp:1300] cloudstartnum[lidarid]=0
I1003 14:59:55.893195  4014 getmultilidardata.cpp:1300] cloudstartnum[lidarid]=58240
I1003 14:59:55.893203  4014 getmultilidardata.cpp:1300] cloudstartnum[lidarid]=90880
I1003 14:59:55.894814  4014 getmultilidardata.cpp:1300] cloudstartnum[lidarid]=0
I1003 14:59:55.894825  4014 getmultilidardata.cpp:1300] cloudstartnum[lidarid]=58240
I1003 14:59:55.894830  4014 getmultilidardata.cpp:1300] cloudstartnum[lidarid]=90880
I1003 14:59:55.896484  4014 getmultilidardata.cpp:1580]  time:0.0269932
I1003 14:59:55.897317  4014 getmultilidardata.cpp:1600] pub pointcloud:123523
I1003 14:59:55.967849  4077 myhdl_grabber.cpp:565] id:0 temprotation:2 last_azimuth_35982
I1003 14:59:55.967877  4077 myhdl_grabber.cpp:750] signal operator start
I1003 14:59:55.967887  4077 getmultilidardata.cpp:244] id:0
I1003 14:59:55.968377  4077 myhdl_grabber.cpp:753] signal operator end
I1003 14:59:55.968385  4077 myhdl_grabber.cpp:754] temper_index_=25
I1003 14:59:55.968391  4077 getmultilidardata.cpp:244] id:1
I1003 14:59:55.968438  4014 getmultilidardata.cpp:1424] lidarid:0
I1003 14:59:55.969123  4078 myhdl_grabber.cpp:750] signal operator start
I1003 14:59:55.969147  4078 getmultilidardata.cpp:244] id:2
I1003 14:59:55.969177  4014 getmultilidardata.cpp:1432] lidarid:0
I1003 14:59:55.969188  4014 getmultilidardata.cpp:1424] lidarid:0
I1003 14:59:55.969558  4078 myhdl_grabber.cpp:753] signal operator end
I1003 14:59:55.969564  4078 myhdl_grabber.cpp:754] temper_index_=7
I1003 14:59:55.969570  4078 getmultilidardata.cpp:244] id:3
I1003 14:59:55.969975  4014 getmultilidardata.cpp:1442] lidarid:0
I1003 14:59:55.969983  4014 getmultilidardata.cpp:1424] lidarid:1
I1003 14:59:55.970052  4079 myhdl_grabber.cpp:750] signal operator start
I1003 14:59:55.970062  4079 getmultilidardata.cpp:244] id:4
I1003 14:59:55.970412  4014 getmultilidardata.cpp:1432] lidarid:1
I1003 14:59:55.970419  4014 getmultilidardata.cpp:1424] lidarid:1
I1003 14:59:55.970517  4079 myhdl_grabber.cpp:753] signal operator end
I1003 14:59:55.970525  4079 myhdl_grabber.cpp:754] temper_index_=8
I1003 14:59:55.970530  4079 getmultilidardata.cpp:244] id:5
I1003 14:59:55.970855  4014 getmultilidardata.cpp:1442] lidarid:1
I1003 14:59:55.970862  4014 getmultilidardata.cpp:1424] lidarid:2
I1003 14:59:55.971205  4014 getmultilidardata.cpp:1432] lidarid:2
I1003 14:59:55.971212  4014 getmultilidardata.cpp:1424] lidarid:2
I1003 14:59:55.971531  4014 getmultilidardata.cpp:1442] lidarid:2
I1003 14:59:55.973351  4014 getmultilidardata.cpp:1300] cloudstartnum[lidarid]=0
I1003 14:59:55.973363  4014 getmultilidardata.cpp:1300] cloudstartnum[lidarid]=58336
I1003 14:59:55.973407  4014 getmultilidardata.cpp:1300] cloudstartnum[lidarid]=90560
I1003 14:59:55.975093  4014 getmultilidardata.cpp:1300] cloudstartnum[lidarid]=0
I1003 14:59:55.975106  4014 getmultilidardata.cpp:1300] cloudstartnum[lidarid]=58336
I1003 14:59:55.975111  4014 getmultilidardata.cpp:1300] cloudstartnum[lidarid]=90560
I1003 14:59:55.976531  4014 getmultilidardata.cpp:1580]  time:0.00647746
I1003 14:59:55.977392  4014 getmultilidardata.cpp:1600] pub pointcloud:122819
I1003 14:59:56.069665  4077 myhdl_grabber.cpp:565] id:0 temprotation:14 last_azimuth_35994
I1003 14:59:56.069694  4077 myhdl_grabber.cpp:750] signal operator start
I1003 14:59:56.069705  4077 getmultilidardata.cpp:244] id:0
I1003 14:59:56.070233  4077 myhdl_grabber.cpp:753] signal operator end
I1003 14:59:56.070241  4077 myhdl_grabber.cpp:754] temper_index_=25
I1003 14:59:56.070247  4077 getmultilidardata.cpp:244] id:1
I1003 14:59:56.070276  4014 getmultilidardata.cpp:1424] lidarid:0
I1003 14:59:56.071060  4078 myhdl_grabber.cpp:750] signal operator start
I1003 14:59:56.071071  4079 myhdl_grabber.cpp:750] signal operator start
I1003 14:59:56.071074  4014 getmultilidardata.cpp:1432] lidarid:0
I1003 14:59:56.071085  4079 getmultilidardata.cpp:244] id:4
I1003 14:59:56.071087  4014 getmultilidardata.cpp:1424] lidarid:0
I1003 14:59:56.071087  4078 getmultilidardata.cpp:244] id:2
I1003 14:59:56.071779  4079 myhdl_grabber.cpp:753] signal operator end
I1003 14:59:56.071787  4079 myhdl_grabber.cpp:754] temper_index_=8
I1003 14:59:56.071787  4078 myhdl_grabber.cpp:753] signal operator end
I1003 14:59:56.071799  4079 getmultilidardata.cpp:244] id:5
I1003 14:59:56.071799  4078 myhdl_grabber.cpp:754] temper_index_=7
I1003 14:59:56.071810  4078 getmultilidardata.cpp:244] id:3
I1003 14:59:56.072224  4014 getmultilidardata.cpp:1442] lidarid:0
I1003 14:59:56.072235  4014 getmultilidardata.cpp:1424] lidarid:2
I1003 14:59:56.072804  4014 getmultilidardata.cpp:1432] lidarid:2
I1003 14:59:56.072813  4014 getmultilidardata.cpp:1424] lidarid:1
I1003 14:59:56.073175  4014 getmultilidardata.cpp:1432] lidarid:1
I1003 14:59:56.073182  4014 getmultilidardata.cpp:1424] lidarid:2
I1003 14:59:56.073554  4014 getmultilidardata.cpp:1442] lidarid:2
I1003 14:59:56.073561  4014 getmultilidardata.cpp:1424] lidarid:1
I1003 14:59:56.073923  4014 getmultilidardata.cpp:1442] lidarid:1
I1003 14:59:56.095530  4014 getmultilidardata.cpp:1300] cloudstartnum[lidarid]=0
I1003 14:59:56.095551  4014 getmultilidardata.cpp:1300] cloudstartnum[lidarid]=58432
I1003 14:59:56.095557  4014 getmultilidardata.cpp:1300] cloudstartnum[lidarid]=90944
I1003 14:59:56.097267  4014 getmultilidardata.cpp:1300] cloudstartnum[lidarid]=0
I1003 14:59:56.097277  4014 getmultilidardata.cpp:1300] cloudstartnum[lidarid]=58432
I1003 14:59:56.097282  4014 getmultilidardata.cpp:1300] cloudstartnum[lidarid]=90944
I1003 14:59:56.100174  4014 getmultilidardata.cpp:1580]  time:0.0291004
I1003 14:59:56.103922  4014 getmultilidardata.cpp:1600] pub pointcloud:123219
I1003 14:59:56.149489  4080 getmultilidardata.cpp:493] get lidar data
I1003 14:59:56.170280  4077 myhdl_grabber.cpp:565] id:0 temprotation:4 last_azimuth_35984
I1003 14:59:56.170310  4077 myhdl_grabber.cpp:750] signal operator start
I1003 14:59:56.170320  4077 getmultilidardata.cpp:244] id:0
I1003 14:59:56.170811  4077 myhdl_grabber.cpp:753] signal operator end
I1003 14:59:56.170819  4077 myhdl_grabber.cpp:754] temper_index_=25
I1003 14:59:56.170825  4077 getmultilidardata.cpp:244] id:1
I1003 14:59:56.170869  4014 getmultilidardata.cpp:1424] lidarid:0
I1003 14:59:56.171598  4014 getmultilidardata.cpp:1432] lidarid:0
I1003 14:59:56.171608  4014 getmultilidardata.cpp:1424] lidarid:0
I1003 14:59:56.171895  4078 myhdl_grabber.cpp:750] signal operator start
