Log file created at: 2020/10/03 14:24:50
Running on machine: sundong
Log line format: [IWEF]mmdd hh:mm:ss.uuuuuu threadid file:line] msg
I1003 14:24:50.756347  6960 configuration_file_resolver.cc:38] Found '/home/sundong/bit_ivrc/calibrationlidar/src/sensor_driver/sensor_driver/config/extrinsicparameter/cw/0.lua' for '0.lua'.
I1003 14:24:50.756572  6960 configuration_file_resolver.cc:47] /home/sundong/bit_ivrc/calibrationlidar/src/sensor_driver/sensor_driver/config/extrinsicparameter/cw/0.lua
I1003 14:24:50.759012  6960 myhdl_grabber.cpp:257] test1
I1003 14:24:50.759059  6960 myhdl_grabber.cpp:281] test2
I1003 14:24:50.759611  6960 configuration_file_resolver.cc:38] Found '/home/sundong/bit_ivrc/calibrationlidar/src/sensor_driver/sensor_driver/config/extrinsicparameter/cw/1.lua' for '1.lua'.
I1003 14:24:50.759618  6960 configuration_file_resolver.cc:47] /home/sundong/bit_ivrc/calibrationlidar/src/sensor_driver/sensor_driver/config/extrinsicparameter/cw/1.lua
I1003 14:24:50.759934  6960 myhdl_grabber.cpp:257] test1
I1003 14:24:50.760076  6960 myhdl_grabber.cpp:281] test2
I1003 14:24:50.760413  6960 configuration_file_resolver.cc:38] Found '/home/sundong/bit_ivrc/calibrationlidar/src/sensor_driver/sensor_driver/config/extrinsicparameter/cw/2.lua' for '2.lua'.
I1003 14:24:50.760419  6960 configuration_file_resolver.cc:47] /home/sundong/bit_ivrc/calibrationlidar/src/sensor_driver/sensor_driver/config/extrinsicparameter/cw/2.lua
I1003 14:24:50.760700  6960 myhdl_grabber.cpp:257] test1
I1003 14:24:50.760833  6960 myhdl_grabber.cpp:281] test2
W1003 14:24:50.761319  7030 getmultilidardata.cpp:371] filter:udp  and (dst port 5017 or dst port 9001 or dst port 9901 or dst port 9902 or dst port 9903)
I1003 14:24:50.873661  7027 myhdl_grabber.cpp:565] id:0 temprotation:14 last_azimuth_35994
I1003 14:24:50.873695  7027 myhdl_grabber.cpp:750] signal operator start
I1003 14:24:50.873706  7027 getmultilidardata.cpp:244] id:0
I1003 14:24:50.874527  7027 myhdl_grabber.cpp:753] signal operator end
I1003 14:24:50.874549  7027 myhdl_grabber.cpp:754] temper_index_=25
I1003 14:24:50.874558  7027 getmultilidardata.cpp:244] id:1
I1003 14:24:50.874562  6960 getmultilidardata.cpp:1424] lidarid:0
I1003 14:24:50.875066  6960 getmultilidardata.cpp:1432] lidarid:0
I1003 14:24:50.875515  6960 getmultilidardata.cpp:1424] lidarid:0
I1003 14:24:50.876104  7028 myhdl_grabber.cpp:750] signal operator start
I1003 14:24:50.876114  7028 getmultilidardata.cpp:244] id:2
I1003 14:24:50.876461  7028 myhdl_grabber.cpp:753] signal operator end
I1003 14:24:50.876464  7028 myhdl_grabber.cpp:754] temper_index_=0
I1003 14:24:50.876466  7028 getmultilidardata.cpp:244] id:3
I1003 14:24:50.876706  6960 getmultilidardata.cpp:1442] lidarid:0
I1003 14:24:50.876724  6960 getmultilidardata.cpp:1424] lidarid:1
I1003 14:24:50.877204  6960 getmultilidardata.cpp:1432] lidarid:1
I1003 14:24:50.877218  7029 myhdl_grabber.cpp:750] signal operator start
I1003 14:24:50.877243  7029 getmultilidardata.cpp:244] id:4
I1003 14:24:50.877252  6960 getmultilidardata.cpp:1424] lidarid:1
I1003 14:24:50.877557  7029 myhdl_grabber.cpp:753] signal operator end
I1003 14:24:50.877560  7029 myhdl_grabber.cpp:754] temper_index_=8
I1003 14:24:50.877563  7029 getmultilidardata.cpp:244] id:5
I1003 14:24:50.877851  6960 getmultilidardata.cpp:1442] lidarid:1
I1003 14:24:50.877863  6960 getmultilidardata.cpp:1424] lidarid:2
I1003 14:24:50.878494  6960 getmultilidardata.cpp:1432] lidarid:2
I1003 14:24:50.878499  6960 getmultilidardata.cpp:1424] lidarid:2
I1003 14:24:50.878984  6960 getmultilidardata.cpp:1442] lidarid:2
I1003 14:24:50.881273  6960 getmultilidardata.cpp:1300] cloudstartnum[lidarid]=0
I1003 14:24:50.881280  6960 getmultilidardata.cpp:1300] cloudstartnum[lidarid]=64800
I1003 14:24:50.881283  6960 getmultilidardata.cpp:1300] cloudstartnum[lidarid]=101280
I1003 14:24:50.883955  6960 getmultilidardata.cpp:1300] cloudstartnum[lidarid]=0
I1003 14:24:50.883981  6960 getmultilidardata.cpp:1300] cloudstartnum[lidarid]=64800
I1003 14:24:50.883983  6960 getmultilidardata.cpp:1300] cloudstartnum[lidarid]=101280
I1003 14:24:50.887127  6960 getmultilidardata.cpp:1580]  time:0.00990324
I1003 14:24:50.887162  6960 getmultilidardata.cpp:1600] pub pointcloud:137779
I1003 14:24:50.973614  7027 myhdl_grabber.cpp:565] id:0 temprotation:4 last_azimuth_35984
I1003 14:24:50.973628  7027 myhdl_grabber.cpp:750] signal operator start
I1003 14:24:50.973632  7027 getmultilidardata.cpp:244] id:0
I1003 14:24:50.974032  6960 getmultilidardata.cpp:1424] lidarid:0
I1003 14:24:50.974783  6960 getmultilidardata.cpp:1432] lidarid:0
I1003 14:24:50.974792  7027 myhdl_grabber.cpp:753] signal operator end
I1003 14:24:50.974795  7027 myhdl_grabber.cpp:754] temper_index_=25
I1003 14:24:50.974798  7027 getmultilidardata.cpp:244] id:1
I1003 14:24:50.975244  7029 myhdl_grabber.cpp:750] signal operator start
I1003 14:24:50.975267  7029 getmultilidardata.cpp:244] id:4
I1003 14:24:50.975268  6960 getmultilidardata.cpp:1424] lidarid:0
I1003 14:24:50.975584  7029 myhdl_grabber.cpp:753] signal operator end
I1003 14:24:50.975586  7029 myhdl_grabber.cpp:754] temper_index_=8
I1003 14:24:50.975589  7029 getmultilidardata.cpp:244] id:5
I1003 14:24:50.975642  7028 myhdl_grabber.cpp:750] signal operator start
I1003 14:24:50.975646  7028 getmultilidardata.cpp:244] id:2
I1003 14:24:50.975955  7028 myhdl_grabber.cpp:753] signal operator end
I1003 14:24:50.975956  7028 myhdl_grabber.cpp:754] temper_index_=0
I1003 14:24:50.975960  7028 getmultilidardata.cpp:244] id:3
I1003 14:24:50.976441  6960 getmultilidardata.cpp:1442] lidarid:0
I1003 14:24:50.976445  6960 getmultilidardata.cpp:1424] lidarid:2
I1003 14:24:50.976904  6960 getmultilidardata.cpp:1432] lidarid:2
I1003 14:24:50.976908  6960 getmultilidardata.cpp:1424] lidarid:1
I1003 14:24:50.977305  6960 getmultilidardata.cpp:1432] lidarid:1
I1003 14:24:50.977308  6960 getmultilidardata.cpp:1424] lidarid:1
I1003 14:24:50.977710  6960 getmultilidardata.cpp:1442] lidarid:1
I1003 14:24:50.977713  6960 getmultilidardata.cpp:1424] lidarid:2
I1003 14:24:50.978092  6960 getmultilidardata.cpp:1442] lidarid:2
I1003 14:24:50.980217  6960 getmultilidardata.cpp:1300] cloudstartnum[lidarid]=0
I1003 14:24:50.980224  6960 getmultilidardata.cpp:1300] cloudstartnum[lidarid]=57504
I1003 14:24:50.980226  6960 getmultilidardata.cpp:1300] cloudstartnum[lidarid]=89392
I1003 14:24:50.982618  6960 getmultilidardata.cpp:1300] cloudstartnum[lidarid]=0
I1003 14:24:50.982630  6960 getmultilidardata.cpp:1300] cloudstartnum[lidarid]=57504
I1003 14:24:50.982631  6960 getmultilidardata.cpp:1300] cloudstartnum[lidarid]=89392
I1003 14:24:50.984119  6960 getmultilidardata.cpp:1580]  time:0.00847461
I1003 14:24:50.984138  6960 getmultilidardata.cpp:1600] pub pointcloud:121539
I1003 14:24:51.073526  7027 myhdl_grabber.cpp:565] id:0 temprotation:4 last_azimuth_35984
I1003 14:24:51.073540  7027 myhdl_grabber.cpp:750] signal operator start
I1003 14:24:51.073563  7027 getmultilidardata.cpp:244] id:0
I1003 14:24:51.074349  7027 myhdl_grabber.cpp:753] signal operator end
I1003 14:24:51.074373  7027 myhdl_grabber.cpp:754] temper_index_=25
I1003 14:24:51.074375  7027 getmultilidardata.cpp:244] id:1
I1003 14:24:51.074383  6960 getmultilidardata.cpp:1424] lidarid:0
I1003 14:24:51.074774  6960 getmultilidardata.cpp:1432] lidarid:0
I1003 14:24:51.075217  6960 getmultilidardata.cpp:1424] lidarid:0
I1003 14:24:51.075582  6960 getmultilidardata.cpp:1442] lidarid:0
I1003 14:24:51.075592  7028 myhdl_grabber.cpp:750] signal operator start
I1003 14:24:51.075598  7028 getmultilidardata.cpp:244] id:2
I1003 14:24:51.075824  7028 myhdl_grabber.cpp:753] signal operator end
I1003 14:24:51.075845  7028 myhdl_grabber.cpp:754] temper_index_=0
I1003 14:24:51.075847  7028 getmultilidardata.cpp:244] id:3
I1003 14:24:51.075860  6960 getmultilidardata.cpp:1424] lidarid:1
I1003 14:24:51.076238  6960 getmultilidardata.cpp:1432] lidarid:1
I1003 14:24:51.076447  6960 getmultilidardata.cpp:1424] lidarid:1
I1003 14:24:51.076495  7029 myhdl_grabber.cpp:750] signal operator start
I1003 14:24:51.076501  7029 getmultilidardata.cpp:244] id:4
I1003 14:24:51.076807  6960 getmultilidardata.cpp:1442] lidarid:1
I1003 14:24:51.076889  7029 myhdl_grabber.cpp:753] signal operator end
I1003 14:24:51.076905  7029 myhdl_grabber.cpp:754] temper_index_=8
I1003 14:24:51.076906  7029 getmultilidardata.cpp:244] id:5
I1003 14:24:51.076941  6960 getmultilidardata.cpp:1424] lidarid:2
I1003 14:24:51.077186  7030 getmultilidardata.cpp:493] get lidar data
I1003 14:24:51.077385  6960 getmultilidardata.cpp:1432] lidarid:2
I1003 14:24:51.077389  6960 getmultilidardata.cpp:1424] lidarid:2
I1003 14:24:51.077890  6960 getmultilidardata.cpp:1442] lidarid:2
I1003 14:24:51.079790  6960 getmultilidardata.cpp:1300] cloudstartnum[lidarid]=0
I1003 14:24:51.079798  6960 getmultilidardata.cpp:1300] cloudstartnum[lidarid]=57760
I1003 14:24:51.079800  6960 getmultilidardata.cpp:1300] cloudstartnum[lidarid]=89648
I1003 14:24:51.082188  6960 getmultilidardata.cpp:1300] cloudstartnum[lidarid]=0
I1003 14:24:51.082209  6960 getmultilidardata.cpp:1300] cloudstartnum[lidarid]=57760
I1003 14:24:51.082211  6960 getmultilidardata.cpp:1300] cloudstartnum[lidarid]=89648
I1003 14:24:51.082934  6960 getmultilidardata.cpp:1580]  time:0.00643835
I1003 14:24:51.082973  6960 getmultilidardata.cpp:1600] pub pointcloud:121667
I1003 14:24:51.174208  7027 myhdl_grabber.cpp:565] id:0 temprotation:14 last_azimuth_35994
I1003 14:24:51.174222  7027 myhdl_grabber.cpp:750] signal operator start
I1003 14:24:51.174226  7027 getmultilidardata.cpp:244] id:0
I1003 14:24:51.174670  7027 myhdl_grabber.cpp:753] signal operator end
I1003 14:24:51.174692  7027 myhdl_grabber.cpp:754] temper_index_=25
I1003 14:24:51.174695  7027 getmultilidardata.cpp:244] id:1
I1003 14:24:51.174706  6960 getmultilidardata.cpp:1424] lidarid:0
I1003 14:24:51.175413  6960 getmultilidardata.cpp:1432] lidarid:0
I1003 14:24:51.175504  6960 getmultilidardata.cpp:1424] lidarid:0
I1003 14:24:51.175884  6960 getmultilidardata.cpp:1442] lidarid:0
I1003 14:24:51.175894  7029 myhdl_grabber.cpp:750] signal operator start
I1003 14:24:51.175897  7029 getmultilidardata.cpp:244] id:4
I1003 14:24:51.176090  7028 myhdl_grabber.cpp:750] signal operator start
I1003 14:24:51.176095  7028 getmultilidardata.cpp:244] id:2
I1003 14:24:51.176190  6960 getmultilidardata.cpp:1424] lidarid:2
I1003 14:24:51.176518  7028 myhdl_grabber.cpp:753] signal operator end
I1003 14:24:51.176522  7028 myhdl_grabber.cpp:754] temper_index_=0
I1003 14:24:51.176524  7028 getmultilidardata.cpp:244] id:3
I1003 14:24:51.176584  6960 getmultilidardata.cpp:1432] lidarid:2
I1003 14:24:51.176586  6960 getmultilidardata.cpp:1424] lidarid:1
I1003 14:24:51.177001  6960 getmultilidardata.cpp:1432] lidarid:1
I1003 14:24:51.177009  7029 myhdl_grabber.cpp:753] signal operator end
I1003 14:24:51.177013  7029 myhdl_grabber.cpp:754] temper_index_=8
I1003 14:24:51.177016  7029 getmultilidardata.cpp:244] id:5
I1003 14:24:51.177070  6960 getmultilidardata.cpp:1424] lidarid:1
I1003 14:24:51.177642  6960 getmultilidardata.cpp:1442] lidarid:1
I1003 14:24:51.177645  6960 getmultilidardata.cpp:1424] lidarid:2
I1003 14:24:51.177940  6960 getmultilidardata.cpp:1442] lidarid:2
I1003 14:24:51.179913  6960 getmultilidardata.cpp:1300] cloudstartnum[lidarid]=0
I1003 14:24:51.179917  6960 getmultilidardata.cpp:1300] cloudstartnum[lidarid]=58016
I1003 14:24:51.179919  6960 getmultilidardata.cpp:1300] cloudstartnum[lidarid]=90272
I1003 14:24:51.181650  6960 getmultilidardata.cpp:1300] cloudstartnum[lidarid]=0
I1003 14:24:51.181656  6960 getmultilidardata.cpp:1300] cloudstartnum[lidarid]=58016
I1003 14:24:51.181658  6960 getmultilidardata.cpp:1300] cloudstartnum[lidarid]=90272
I1003 14:24:51.182490  6960 getmultilidardata.cpp:1580]  time:0.00640176
I1003 14:24:51.182508  6960 getmultilidardata.cpp:1600] pub pointcloud:122163
I1003 14:24:51.275488  7027 myhdl_grabber.cpp:565] id:0 temprotation:18 last_azimuth_35998
I1003 14:24:51.275502  7027 myhdl_grabber.cpp:750] signal operator start
I1003 14:24:51.275506  7027 getmultilidardata.cpp:244] id:0
I1003 14:24:51.275934  7027 myhdl_grabber.cpp:753] signal operator end
I1003 14:24:51.275957  7027 myhdl_grabber.cpp:754] temper_index_=25
I1003 14:24:51.275959  7027 getmultilidardata.cpp:244] id:1
I1003 14:24:51.275972  6960 getmultilidardata.cpp:1424] lidarid:0
I1003 14:24:51.276713  6960 getmultilidardata.cpp:1432] lidarid:0
I1003 14:24:51.276721  6960 getmultilidardata.cpp:1424] lidarid:0
I1003 14:24:51.277058  6960 getmultilidardata.cpp:1442] lidarid:0
I1003 14:24:51.277132  7028 myhdl_grabber.cpp:750] signal operator start
I1003 14:24:51.277176  7028 getmultilidardata.cpp:244] id:2
I1003 14:24:51.277482  7028 myhdl_grabber.cpp:753] signal operator end
I1003 14:24:51.277483  7028 myhdl_grabber.cpp:754] temper_index_=0
I1003 14:24:51.277485  6960 getmultilidardata.cpp:1424] lidarid:1
I1003 14:24:51.277492  7029 myhdl_grabber.cpp:750] signal operator start
I1003 14:24:51.277495  7029 getmultilidardata.cpp:244] id:4
I1003 14:24:51.277487  7028 getmultilidardata.cpp:244] id:3
I1003 14:24:51.278110  7029 myhdl_grabber.cpp:753] signal operator end
I1003 14:24:51.278115  7029 myhdl_grabber.cpp:754] temper_index_=8
I1003 14:24:51.278124  7029 getmultilidardata.cpp:244] id:5
I1003 14:24:51.278136  6960 getmultilidardata.cpp:1432] lidarid:1
I1003 14:24:51.278141  6960 getmultilidardata.cpp:1424] lidarid:2
I1003 14:24:51.278530  6960 getmultilidardata.cpp:1432] lidarid:2
I1003 14:24:51.278533  6960 getmultilidardata.cpp:1424] lidarid:1
I1003 14:24:51.278800  6960 getmultilidardata.cpp:1442] lidarid:1
I1003 14:24:51.278803  6960 getmultilidardata.cpp:1424] lidarid:2
I1003 14:24:51.279146  6960 getmultilidardata.cpp:1442] lidarid:2
I1003 14:24:51.280293  6960 getmultilidardata.cpp:1300] cloudstartnum[lidarid]=0
I1003 14:24:51.280297  6960 getmultilidardata.cpp:1300] cloudstartnum[lidarid]=58208
I1003 14:24:51.280299  6960 getmultilidardata.cpp:1300] cloudstartnum[lidarid]=90464
I1003 14:24:51.281545  6960 getmultilidardata.cpp:1300] cloudstartnum[lidarid]=0
I1003 14:24:51.281550  6960 getmultilidardata.cpp:1300] cloudstartnum[lidarid]=58208
I1003 14:24:51.281553  6960 getmultilidardata.cpp:1300] cloudstartnum[lidarid]=90464
I1003 14:24:51.282791  6960 getmultilidardata.cpp:1580]  time:0.00529744
I1003 14:24:51.282821  6960 getmultilidardata.cpp:1600] pub pointcloud:122739
I1003 14:24:51.376662  7027 myhdl_grabber.cpp:565] id:0 temprotation:12 last_azimuth_35992
I1003 14:24:51.376674  7027 myhdl_grabber.cpp:750] signal operator start
I1003 14:24:51.376678  7027 getmultilidardata.cpp:244] id:0
I1003 14:24:51.377040  7027 myhdl_grabber.cpp:753] signal operator end
I1003 14:24:51.377043  7027 myhdl_grabber.cpp:754] temper_index_=25
I1003 14:24:51.377063  7027 getmultilidardata.cpp:244] id:1
I1003 14:24:51.377076  6960 getmultilidardata.cpp:1424] lidarid:0
I1003 14:24:51.377841  6960 getmultilidardata.cpp:1432] lidarid:0
I1003 14:24:51.377923  6960 getmultilidardata.cpp:1424] lidarid:0
I1003 14:24:51.378374  7029 myhdl_grabber.cpp:750] signal operator start
I1003 14:24:51.378397  7029 getmultilidardata.cpp:244] id:4
I1003 14:24:51.378446  6960 getmultilidardata.cpp:1442] lidarid:0
I1003 14:24:51.378631  7029 myhdl_grabber.cpp:753] signal operator end
I1003 14:24:51.378634  7029 myhdl_grabber.cpp:754] temper_index_=8
I1003 14:24:51.378636  7029 getmultilidardata.cpp:244] id:5
I1003 14:24:51.378684  6960 getmultilidardata.cpp:1424] lidarid:2
I1003 14:24:51.378847  7028 myhdl_grabber.cpp:750] signal operator start
I1003 14:24:51.378852  7028 getmultilidardata.cpp:244] id:2
I1003 14:24:51.379268  7028 myhdl_grabber.cpp:753] signal operator end
I1003 14:24:51.379271  7028 myhdl_grabber.cpp:754] temper_index_=0
I1003 14:24:51.379274  7028 getmultilidardata.cpp:244] id:3
I1003 14:24:51.379529  6960 getmultilidardata.cpp:1432] lidarid:2
I1003 14:24:51.379537  6960 getmultilidardata.cpp:1424] lidarid:1
I1003 14:24:51.379921  6960 getmultilidardata.cpp:1432] lidarid:1
I1003 14:24:51.379925  6960 getmultilidardata.cpp:1424] lidarid:1
I1003 14:24:51.380214  6960 getmultilidardata.cpp:1442] lidarid:1
I1003 14:24:51.380218  6960 getmultilidardata.cpp:1424] lidarid:2
I1003 14:24:51.380445  6960 getmultilidardata.cpp:1442] lidarid:2
I1003 14:24:51.382035  6960 getmultilidardata.cpp:1300] cloudstartnum[lidarid]=0
I1003 14:24:51.382041  6960 getmultilidardata.cpp:1300] cloudstartnum[lidarid]=58336
I1003 14:24:51.382043  6960 getmultilidardata.cpp:1300] cloudstartnum[lidarid]=90992
I1003 14:24:51.383739  6960 getmultilidardata.cpp:1300] cloudstartnum[lidarid]=0
I1003 14:24:51.383746  6960 getmultilidardata.cpp:1300] cloudstartnum[lidarid]=58336
I1003 14:24:51.383783  6960 getmultilidardata.cpp:1300] cloudstartnum[lidarid]=90992
I1003 14:24:51.385213  6960 getmultilidardata.cpp:1580]  time:0.00636483
I1003 14:24:51.385236  6960 getmultilidardata.cpp:1600] pub pointcloud:123651
I1003 14:24:51.393293  7030 getmultilidardata.cpp:493] get lidar data
I1003 14:24:51.478022  7027 myhdl_grabber.cpp:565] id:0 temprotation:8 last_azimuth_35988
I1003 14:24:51.478062  7027 myhdl_grabber.cpp:750] signal operator start
I1003 14:24:51.478066  7027 getmultilidardata.cpp:244] id:0
I1003 14:24:51.478528  7027 myhdl_grabber.cpp:753] signal operator end
I1003 14:24:51.478531  7027 myhdl_grabber.cpp:754] temper_index_=25
I1003 14:24:51.478552  7027 getmultilidardata.cpp:244] id:1
I1003 14:24:51.478566  6960 getmultilidardata.cpp:1424] lidarid:0
I1003 14:24:51.479331  6960 getmultilidardata.cpp:1432] lidarid:0
I1003 14:24:51.479334  6960 getmultilidardata.cpp:1424] lidarid:0
I1003 14:24:51.479658  7028 myhdl_grabber.cpp:750] signal operator start
I1003 14:24:51.479663  7028 getmultilidardata.cpp:244] id:2
I1003 14:24:51.479915  7028 myhdl_grabber.cpp:753] signal operator end
I1003 14:24:51.479938  7028 myhdl_grabber.cpp:754] temper_index_=0
I1003 14:24:51.479939  7028 getmultilidardata.cpp:244] id:3
I1003 14:24:51.480484  6960 getmultilidardata.cpp:1442] lidarid:0
I1003 14:24:51.480489  6960 getmultilidardata.cpp:1424] lidarid:1
I1003 14:24:51.480957  6960 getmultilidardata.cpp:1432] lidarid:1
I1003 14:24:51.480960  6960 getmultilidardata.cpp:1424] lidarid:1
I1003 14:24:51.481453  6960 getmultilidardata.cpp:1442] lidarid:1
I1003 14:24:51.481475  7029 myhdl_grabber.cpp:750] signal operator start
I1003 14:24:51.481478  7029 getmultilidardata.cpp:244] id:4
I1003 14:24:51.481914  7029 myhdl_grabber.cpp:753] signal operator end
I1003 14:24:51.481916  7029 myhdl_grabber.cpp:754] temper_index_=8
I1003 14:24:51.481918  7029 getmultilidardata.cpp:244] id:5
I1003 14:24:51.481921  6960 getmultilidardata.cpp:1424] lidarid:2
I1003 14:24:51.482583  6960 getmultilidardata.cpp:1432] lidarid:2
I1003 14:24:51.482586  6960 getmultilidardata.cpp:1424] lidarid:2
I1003 14:24:51.482836  6960 getmultilidardata.cpp:1442] lidarid:2
I1003 14:24:51.484483  6960 getmultilidardata.cpp:1300] cloudstartnum[lidarid]=0
I1003 14:24:51.484490  6960 getmultilidardata.cpp:1300] cloudstartnum[lidarid]=58400
I1003 14:24:51.484493  6960 getmultilidardata.cpp:1300] cloudstartnum[lidarid]=90656
I1003 14:24:51.485613  6960 getmultilidardata.cpp:1300] cloudstartnum[lidarid]=0
I1003 14:24:51.485620  6960 getmultilidardata.cpp:1300] cloudstartnum[lidarid]=58400
I1003 14:24:51.485622  6960 getmultilidardata.cpp:1300] cloudstartnum[lidarid]=90656
I1003 14:24:51.486470  6960 getmultilidardata.cpp:1580]  time:0.00499433
I1003 14:24:51.486491  6960 getmultilidardata.cpp:1600] pub pointcloud:122915
I1003 14:24:51.578656  7027 myhdl_grabber.cpp:565] id:0 temprotation:4 last_azimuth_35984
I1003 14:24:51.578668  7027 myhdl_grabber.cpp:750] signal operator start
I1003 14:24:51.578673  7027 getmultilidardata.cpp:244] id:0
I1003 14:24:51.579077  7027 myhdl_grabber.cpp:753] signal operator end
I1003 14:24:51.579098  7027 myhdl_grabber.cpp:754] temper_index_=25
I1003 14:24:51.579100  7027 getmultilidardata.cpp:244] id:1
I1003 14:24:51.579113  6960 getmultilidardata.cpp:1424] lidarid:0
I1003 14:24:51.580097  6960 getmultilidardata.cpp:1432] lidarid:0
I1003 14:24:51.580149  6960 getmultilidardata.cpp:1424] lidarid:0
I1003 14:24:51.580446  7028 myhdl_grabber.cpp:750] signal operator start
I1003 14:24:51.580452  7028 getmultilidardata.cpp:244] id:2
I1003 14:24:51.580911  7028 myhdl_grabber.cpp:753] signal operator end
I1003 14:24:51.580914  7028 myhdl_grabber.cpp:754] temper_index_=0
I1003 14:24:51.580917  7028 getmultilidardata.cpp:244] id:3
I1003 14:24:51.581169  7029 myhdl_grabber.cpp:750] signal operator start
I1003 14:24:51.581230  7029 getmultilidardata.cpp:244] id:4
I1003 14:24:51.581231  6960 getmultilidardata.cpp:1442] lidarid:0
I1003 14:24:51.581238  6960 getmultilidardata.cpp:1424] lidarid:1
I1003 14:24:51.581974  6960 getmultilidardata.cpp:1432] lidarid:1
I1003 14:24:51.582003  6960 getmultilidardata.cpp:1424] lidarid:1
I1003 14:24:51.582099  7029 myhdl_grabber.cpp:753] signal operator end
I1003 14:24:51.582104  7029 myhdl_grabber.cpp:754] temper_index_=8
I1003 14:24:51.582108  7029 getmultilidardata.cpp:244] id:5
I1003 14:24:51.582509  6960 getmultilidardata.cpp:1442] lidarid:1
I1003 14:24:51.582512  6960 getmultilidardata.cpp:1424] lidarid:2
I1003 14:24:51.582883  6960 getmultilidardata.cpp:1432] lidarid:2
I1003 14:24:51.582886  6960 getmultilidardata.cpp:1424] lidarid:2
I1003 14:24:51.583110  6960 getmultilidardata.cpp:1442] lidarid:2
I1003 14:24:51.584511  6960 getmultilidardata.cpp:1300] cloudstartnum[lidarid]=0
I1003 14:24:51.584517  6960 getmultilidardata.cpp:1300] cloudstartnum[lidarid]=58368
I1003 14:24:51.584518  6960 getmultilidardata.cpp:1300] cloudstartnum[lidarid]=90624
I1003 14:24:51.585891  6960 getmultilidardata.cpp:1300] cloudstartnum[lidarid]=0
I1003 14:24:51.585897  6960 getmultilidardata.cpp:1300] cloudstartnum[lidarid]=58368
I1003 14:24:51.585899  6960 getmultilidardata.cpp:1300] cloudstartnum[lidarid]=90624
I1003 14:24:51.586838  6960 getmultilidardata.cpp:1580]  time:0.0056692
I1003 14:24:51.586854  6960 getmultilidardata.cpp:1600] pub pointcloud:123267
I1003 14:24:51.679916  7027 myhdl_grabber.cpp:565] id:0 temprotation:4 last_azimuth_35988
I1003 14:24:51.679931  7027 myhdl_grabber.cpp:750] signal operator start
I1003 14:24:51.679935  7027 getmultilidardata.cpp:244] id:0
I1003 14:24:51.680678  6960 getmultilidardata.cpp:1424] lidarid:0
I1003 14:24:51.681644  6960 getmultilidardata.cpp:1432] lidarid:0
I1003 14:24:51.681690  7027 myhdl_grabber.cpp:753] signal operator end
I1003 14:24:51.681694  7027 myhdl_grabber.cpp:754] temper_index_=25
I1003 14:24:51.681700  7027 getmultilidardata.cpp:244] id:1
I1003 14:24:51.682471  6960 getmultilidardata.cpp:1424] lidarid:0
I1003 14:24:51.683324  6960 getmultilidardata.cpp:1442] lidarid:0
I1003 14:24:51.684687  7029 myhdl_grabber.cpp:750] signal operator start
I1003 14:24:51.684700  7029 getmultilidardata.cpp:244] id:4
I1003 14:24:51.684880  7028 myhdl_grabber.cpp:750] signal operator start
I1003 14:24:51.684885  7028 getmultilidardata.cpp:244] id:2
I1003 14:24:51.685173  7028 myhdl_grabber.cpp:753] signal operator end
I1003 14:24:51.685178  7028 myhdl_grabber.cpp:754] temper_index_=0
I1003 14:24:51.685180  7028 getmultilidardata.cpp:244] id:3
I1003 14:24:51.685180  6960 getmultilidardata.cpp:1424] lidarid:1
I1003 14:24:51.685624  6960 getmultilidardata.cpp:1432] lidarid:1
I1003 14:24:51.685629  6960 getmultilidardata.cpp:1424] lidarid:1
I1003 14:24:51.685747  7029 myhdl_grabber.cpp:753] signal operator end
I1003 14:24:51.685751  7029 myhdl_grabber.cpp:754] temper_index_=8
I1003 14:24:51.685755  7029 getmultilidardata.cpp:244] id:5
I1003 14:24:51.685974  6960 getmultilidardata.cpp:1442] lidarid:1
I1003 14:24:51.685978  6960 getmultilidardata.cpp:1424] lidarid:2
I1003 14:24:51.686394  6960 getmultilidardata.cpp:1432] lidarid:2
I1003 14:24:51.686419  6960 getmultilidardata.cpp:1424] lidarid:2
I1003 14:24:51.686694  6960 getmultilidardata.cpp:1442] lidarid:2
I1003 14:24:51.688364  6960 getmultilidardata.cpp:1300] cloudstartnum[lidarid]=0
I1003 14:24:51.688369  6960 getmultilidardata.cpp:1300] cloudstartnum[lidarid]=58240
I1003 14:24:51.688371  6960 getmultilidardata.cpp:1300] cloudstartnum[lidarid]=91664
I1003 14:24:51.689733  6960 getmultilidardata.cpp:1300] cloudstartnum[lidarid]=0
I1003 14:24:51.689738  6960 getmultilidardata.cpp:1300] cloudstartnum[lidarid]=58240
I1003 14:24:51.689740  6960 getmultilidardata.cpp:1300] cloudstartnum[lidarid]=91664
I1003 14:24:51.690951  6960 getmultilidardata.cpp:1580]  time:0.00607009
I1003 14:24:51.691021  6960 getmultilidardata.cpp:1600] pub pointcloud:124691
I1003 14:24:51.709111  7030 getmultilidardata.cpp:493] get lidar data
I1003 14:24:51.780450  7027 myhdl_grabber.cpp:565] id:0 temprotation:18 last_azimuth_35998
I1003 14:24:51.780467  7027 myhdl_grabber.cpp:750] signal operator start
I1003 14:24:51.780472  7027 getmultilidardata.cpp:244] id:0
I1003 14:24:51.780958  7027 myhdl_grabber.cpp:753] signal operator end
I1003 14:24:51.780964  7027 myhdl_grabber.cpp:754] temper_index_=25
I1003 14:24:51.780967  7027 getmultilidardata.cpp:244] id:1
I1003 14:24:51.780966  6960 getmultilidardata.cpp:1424] lidarid:0
I1003 14:24:51.781782  6960 getmultilidardata.cpp:1432] lidarid:0
I1003 14:24:51.781828  6960 getmultilidardata.cpp:1424] lidarid:0
I1003 14:24:51.781838  7029 myhdl_grabber.cpp:750] signal operator start
I1003 14:24:51.781849  7029 getmultilidardata.cpp:244] id:4
I1003 14:24:51.782346  7029 myhdl_grabber.cpp:753] signal operator end
I1003 14:24:51.782351  7029 myhdl_grabber.cpp:754] temper_index_=8
I1003 14:24:51.782354  7029 getmultilidardata.cpp:244] id:5
I1003 14:24:51.782694  6960 getmultilidardata.cpp:1442] lidarid:0
I1003 14:24:51.782698  6960 getmultilidardata.cpp:1424] lidarid:2
I1003 14:24:51.783013  6960 getmultilidardata.cpp:1432] lidarid:2
I1003 14:24:51.783016  6960 getmultilidardata.cpp:1424] lidarid:2
I1003 14:24:51.783270  6960 getmultilidardata.cpp:1442] lidarid:2
I1003 14:24:51.783293  7028 myhdl_grabber.cpp:750] signal operator start
I1003 14:24:51.783303  7028 getmultilidardata.cpp:244] id:2
I1003 14:24:51.783605  7028 myhdl_grabber.cpp:753] signal operator end
I1003 14:24:51.783608  7028 myhdl_grabber.cpp:754] temper_index_=0
I1003 14:24:51.783612  7028 getmultilidardata.cpp:244] id:3
I1003 14:24:51.783612  6960 getmultilidardata.cpp:1424] lidarid:1
I1003 14:24:51.784235  6960 getmultilidardata.cpp:1432] lidarid:1
I1003 14:24:51.784252  6960 getmultilidardata.cpp:1424] lidarid:1
I1003 14:24:51.784720  6960 getmultilidardata.cpp:1442] lidarid:1
I1003 14:24:51.806311  6960 getmultilidardata.cpp:1300] cloudstartnum[lidarid]=0
I1003 14:24:51.806327  6960 getmultilidardata.cpp:1300] cloudstartnum[lidarid]=58048
I1003 14:24:51.806329  6960 getmultilidardata.cpp:1300] cloudstartnum[lidarid]=89152
I1003 14:24:51.807682  6960 getmultilidardata.cpp:1300] cloudstartnum[lidarid]=0
I1003 14:24:51.807688  6960 getmultilidardata.cpp:1300] cloudstartnum[lidarid]=58048
I1003 14:24:51.807690  6960 getmultilidardata.cpp:1300] cloudstartnum[lidarid]=89152
I1003 14:24:51.808329  6960 getmultilidardata.cpp:1580]  time:0.025037
I1003 14:24:51.808347  6960 getmultilidardata.cpp:1600] pub pointcloud:120323
I1003 14:24:51.880507  7027 myhdl_grabber.cpp:565] id:0 temprotation:4 last_azimuth_35984
I1003 14:24:51.880520  7027 myhdl_grabber.cpp:750] signal operator start
I1003 14:24:51.880524  7027 getmultilidardata.cpp:244] id:0
I1003 14:24:51.880857  7027 myhdl_grabber.cpp:753] signal operator end
I1003 14:24:51.880861  7027 myhdl_grabber.cpp:754] temper_index_=25
I1003 14:24:51.880864  7027 getmultilidardata.cpp:244] id:1
I1003 14:24:51.880899  6960 getmultilidardata.cpp:1424] lidarid:0
I1003 14:24:51.881778  6960 getmultilidardata.cpp:1432] lidarid:0
I1003 14:24:51.881781  6960 getmultilidardata.cpp:1424] lidarid:0
I1003 14:24:51.882146  7028 myhdl_grabber.cpp:750] signal operator start
I1003 14:24:51.882160  7028 getmultilidardata.cpp:244] id:2
I1003 14:24:51.882447  6960 getmultilidardata.cpp:1442] lidarid:0
I1003 14:24:51.882673  7028 myhdl_grabber.cpp:753] signal operator end
I1003 14:24:51.882675  7028 myhdl_grabber.cpp:754] temper_index_=0
I1003 14:24:51.882678  7028 getmultilidardata.cpp:244] id:3
I1003 14:24:51.882711  6960 getmultilidardata.cpp:1424] lidarid:1
I1003 14:24:51.883399  6960 getmultilidardata.cpp:1432] lidarid:1
I1003 14:24:51.883402  6960 getmultilidardata.cpp:1424] lidarid:1
I1003 14:24:51.883455  7029 myhdl_grabber.cpp:750] signal operator start
I1003 14:24:51.883460  7029 getmultilidardata.cpp:244] id:4
I1003 14:24:51.883946  6960 getmultilidardata.cpp:1442] lidarid:1
I1003 14:24:51.884011  7029 myhdl_grabber.cpp:753] signal operator end
I1003 14:24:51.884013  7029 myhdl_grabber.cpp:754] temper_index_=8
I1003 14:24:51.884016  7029 getmultilidardata.cpp:244] id:5
I1003 14:24:51.884063  6960 getmultilidardata.cpp:1424] lidarid:2
I1003 14:24:51.884662  6960 getmultilidardata.cpp:1432] lidarid:2
I1003 14:24:51.884668  6960 getmultilidardata.cpp:1424] lidarid:2
I1003 14:24:51.884955  6960 getmultilidardata.cpp:1442] lidarid:2
I1003 14:24:51.886225  6960 getmultilidardata.cpp:1300] cloudstartnum[lidarid]=0
I1003 14:24:51.886231  6960 getmultilidardata.cpp:1300] cloudstartnum[lidarid]=57760
I1003 14:24:51.886234  6960 getmultilidardata.cpp:1300] cloudstartnum[lidarid]=89632
I1003 14:24:51.887310  6960 getmultilidardata.cpp:1300] cloudstartnum[lidarid]=0
I1003 14:24:51.887315  6960 getmultilidardata.cpp:1300] cloudstartnum[lidarid]=57760
I1003 14:24:51.887316  6960 getmultilidardata.cpp:1300] cloudstartnum[lidarid]=89632
I1003 14:24:51.888023  6960 getmultilidardata.cpp:1580]  time:0.00456926
I1003 14:24:51.888623  6960 getmultilidardata.cpp:1600] pub pointcloud:121843
I1003 14:24:51.980448  7027 myhdl_grabber.cpp:565] id:0 temprotation:8 last_azimuth_35988
I1003 14:24:51.980474  7027 myhdl_grabber.cpp:750] signal operator start
I1003 14:24:51.980484  7027 getmultilidardata.cpp:244] id:0
I1003 14:24:51.980916  7027 myhdl_grabber.cpp:753] signal operator end
I1003 14:24:51.980923  7027 myhdl_grabber.cpp:754] temper_index_=25
I1003 14:24:51.980929  7027 getmultilidardata.cpp:244] id:1
I1003 14:24:51.980967  6960 getmultilidardata.cpp:1424] lidarid:0
I1003 14:24:51.981658  6960 getmultilidardata.cpp:1432] lidarid:0
I1003 14:24:51.981667  6960 getmultilidardata.cpp:1424] lidarid:0
I1003 14:24:51.981937  7028 myhdl_grabber.cpp:750] signal operator start
I1003 14:24:51.981947  7028 getmultilidardata.cpp:244] id:2
I1003 14:24:51.982070  7029 myhdl_grabber.cpp:750] signal operator start
I1003 14:24:51.982093  7029 getmultilidardata.cpp:244] id:4
I1003 14:24:51.982268  6960 getmultilidardata.cpp:1442] lidarid:0
I1003 14:24:51.982448  7028 myhdl_grabber.cpp:753] signal operator end
I1003 14:24:51.982455  7028 myhdl_grabber.cpp:754] temper_index_=0
I1003 14:24:51.982461  7028 getmultilidardata.cpp:244] id:3
I1003 14:24:51.982555  7029 myhdl_grabber.cpp:753] signal operator end
I1003 14:24:51.982561  7029 myhdl_grabber.cpp:754] temper_index_=8
I1003 14:24:51.982568  7029 getmultilidardata.cpp:244] id:5
I1003 14:24:51.983028  6960 getmultilidardata.cpp:1424] lidarid:1
I1003 14:24:51.983271  6960 getmultilidardata.cpp:1432] lidarid:1
I1003 14:24:51.983279  6960 getmultilidardata.cpp:1424] lidarid:2
I1003 14:24:51.983534  6960 getmultilidardata.cpp:1432] lidarid:2
I1003 14:24:51.983541  6960 getmultilidardata.cpp:1424] lidarid:1
I1003 14:24:51.983808  6960 getmultilidardata.cpp:1442] lidarid:1
I1003 14:24:51.983815  6960 getmultilidardata.cpp:1424] lidarid:2
I1003 14:24:51.984055  6960 getmultilidardata.cpp:1442] lidarid:2
I1003 14:24:51.985492  6960 getmultilidardata.cpp:1300] cloudstartnum[lidarid]=0
I1003 14:24:51.985502  6960 getmultilidardata.cpp:1300] cloudstartnum[lidarid]=57536
I1003 14:24:51.985507  6960 getmultilidardata.cpp:1300] cloudstartnum[lidarid]=89408
I1003 14:24:51.986938  6960 getmultilidardata.cpp:1300] cloudstartnum[lidarid]=0
I1003 14:24:51.986948  6960 getmultilidardata.cpp:1300] cloudstartnum[lidarid]=57536
I1003 14:24:51.986951  6960 getmultilidardata.cpp:1300] cloudstartnum[lidarid]=89408
I1003 14:24:51.988209  6960 getmultilidardata.cpp:1580]  time:0.00614417
I1003 14:24:51.988971  6960 getmultilidardata.cpp:1600] pub pointcloud:121283
I1003 14:24:52.025142  7030 getmultilidardata.cpp:493] get lidar data
I1003 14:24:52.079805  7027 myhdl_grabber.cpp:565] id:0 temprotation:8 last_azimuth_35988
I1003 14:24:52.079833  7027 myhdl_grabber.cpp:750] signal operator start
I1003 14:24:52.079841  7027 getmultilidardata.cpp:244] id:0
I1003 14:24:52.080276  7027 myhdl_grabber.cpp:753] signal operator end
I1003 14:24:52.080282  7027 myhdl_grabber.cpp:754] temper_index_=25
I1003 14:24:52.080288  7027 getmultilidardata.cpp:244] id:1
I1003 14:24:52.080333  6960 getmultilidardata.cpp:1424] lidarid:0
I1003 14:24:52.081045  6960 getmultilidardata.cpp:1432] lidarid:0
I1003 14:24:52.081054  6960 getmultilidardata.cpp:1424] lidarid:0
I1003 14:24:52.081442  6960 getmultilidardata.cpp:1442] lidarid:0
I1003 14:24:52.081662  7029 myhdl_grabber.cpp:750] signal operator start
I1003 14:24:52.081720  7029 getmultilidardata.cpp:244] id:4
I1003 14:24:52.082006  7029 myhdl_grabber.cpp:753] signal operator end
I1003 14:24:52.082012  7029 myhdl_grabber.cpp:754] temper_index_=8
I1003 14:24:52.082018  7029 getmultilidardata.cpp:244] id:5
I1003 14:24:52.082056  6960 getmultilidardata.cpp:1424] lidarid:2
I1003 14:24:52.082171  7028 myhdl_grabber.cpp:750] signal operator start
I1003 14:24:52.082195  7028 getmultilidardata.cpp:244] id:2
I1003 14:24:52.082578  6960 getmultilidardata.cpp:1432] lidarid:2
I1003 14:24:52.082587  6960 getmultilidardata.cpp:1424] lidarid:2
I1003 14:24:52.082737  7028 myhdl_grabber.cpp:753] signal operator end
I1003 14:24:52.082743  7028 myhdl_grabber.cpp:754] temper_index_=0
I1003 14:24:52.082751  7028 getmultilidardata.cpp:244] id:3
I1003 14:24:52.083030  6960 getmultilidardata.cpp:1442] lidarid:2
I1003 14:24:52.083039  6960 getmultilidardata.cpp:1424] lidarid:1
I1003 14:24:52.083329  6960 getmultilidardata.cpp:1432] lidarid:1
I1003 14:24:52.083336  6960 getmultilidardata.cpp:1424] lidarid:1
I1003 14:24:52.083566  6960 getmultilidardata.cpp:1442] lidarid:1
I1003 14:24:52.105095  6960 getmultilidardata.cpp:1300] cloudstartnum[lidarid]=0
I1003 14:24:52.105123  6960 getmultilidardata.cpp:1300] cloudstartnum[lidarid]=57312
I1003 14:24:52.105127  6960 getmultilidardata.cpp:1300] cloudstartnum[lidarid]=89568
I1003 14:24:52.106709  6960 getmultilidardata.cpp:1300] cloudstartnum[lidarid]=0
I1003 14:24:52.106719  6960 getmultilidardata.cpp:1300] cloudstartnum[lidarid]=57312
I1003 14:24:52.106724  6960 getmultilidardata.cpp:1300] cloudstartnum[lidarid]=89568
I1003 14:24:52.108295  6960 getmultilidardata.cpp:1580]  time:0.0261284
I1003 14:24:52.109491  6960 getmultilidardata.cpp:1600] pub pointcloud:121443
I1003 14:24:52.178972  7027 myhdl_grabber.cpp:565] id:0 temprotation:18 last_azimuth_35998
I1003 14:24:52.178992  7027 myhdl_grabber.cpp:750] signal operator start
I1003 14:24:52.178997  7027 getmultilidardata.cpp:244] id:0
I1003 14:24:52.179435  7027 myhdl_grabber.cpp:753] signal operator end
I1003 14:24:52.179440  7027 myhdl_grabber.cpp:754] temper_index_=25
I1003 14:24:52.179445  7027 getmultilidardata.cpp:244] id:1
I1003 14:24:52.179445  6960 getmultilidardata.cpp:1424] lidarid:0
I1003 14:24:52.180246  6960 getmultilidardata.cpp:1432] lidarid:0
I1003 14:24:52.180253  6960 getmultilidardata.cpp:1424] lidarid:0
I1003 14:24:52.180616  6960 getmultilidardata.cpp:1442] lidarid:0
I1003 14:24:52.180688  7028 myhdl_grabber.cpp:750] signal operator start
I1003 14:24:52.180702  7028 getmultilidardata.cpp:244] id:2
I1003 14:24:52.180706  7029 myhdl_grabber.cpp:750] signal operator start
I1003 14:24:52.180721  7029 getmultilidardata.cpp:244] id:4
I1003 14:24:52.181124  7028 myhdl_grabber.cpp:753] signal operator end
I1003 14:24:52.181129  7028 myhdl_grabber.cpp:754] temper_index_=0
I1003 14:24:52.181134  7028 getmultilidardata.cpp:244] id:3
I1003 14:24:52.181154  6960 getmultilidardata.cpp:1424] lidarid:1
I1003 14:24:52.181161  7029 myhdl_grabber.cpp:753] signal operator end
I1003 14:24:52.181165  7029 myhdl_grabber.cpp:754] temper_index_=8
I1003 14:24:52.181170  7029 getmultilidardata.cpp:244] id:5
I1003 14:24:52.181753  6960 getmultilidardata.cpp:1432] lidarid:1
I1003 14:24:52.181758  6960 getmultilidardata.cpp:1424] lidarid:2
I1003 14:24:52.181977  6960 getmultilidardata.cpp:1432] lidarid:2
I1003 14:24:52.181982  6960 getmultilidardata.cpp:1424] lidarid:1
I1003 14:24:52.182180  6960 getmultilidardata.cpp:1442] lidarid:1
I1003 14:24:52.182184  6960 getmultilidardata.cpp:1424] lidarid:2
I1003 14:24:52.182407  6960 getmultilidardata.cpp:1442] lidarid:2
I1003 14:24:52.183554  6960 getmultilidardata.cpp:1300] cloudstartnum[lidarid]=0
I1003 14:24:52.183560  6960 getmultilidardata.cpp:1300] cloudstartnum[lidarid]=57152
I1003 14:24:52.183563  6960 getmultilidardata.cpp:1300] cloudstartnum[lidarid]=88640
I1003 14:24:52.184720  6960 getmultilidardata.cpp:1300] cloudstartnum[lidarid]=0
I1003 14:24:52.184727  6960 getmultilidardata.cpp:1300] cloudstartnum[lidarid]=57152
I1003 14:24:52.184731  6960 getmultilidardata.cpp:1300] cloudstartnum[lidarid]=88640
I1003 14:24:52.185699  6960 getmultilidardata.cpp:1580]  time:0.00499447
I1003 14:24:52.186318  6960 getmultilidardata.cpp:1600] pub pointcloud:120147
I1003 14:24:52.277659  7027 myhdl_grabber.cpp:565] id:0 temprotation:2 last_azimuth_35982
I1003 14:24:52.277686  7027 myhdl_grabber.cpp:750] signal operator start
I1003 14:24:52.277696  7027 getmultilidardata.cpp:244] id:0
I1003 14:24:52.278211  6960 getmultilidardata.cpp:1424] lidarid:0
I1003 14:24:52.278676  6960 getmultilidardata.cpp:1432] lidarid:0
I1003 14:24:52.278697  7027 myhdl_grabber.cpp:753] signal operator end
I1003 14:24:52.278703  7027 myhdl_grabber.cpp:754] temper_index_=25
I1003 14:24:52.278710  7027 getmultilidardata.cpp:244] id:1
I1003 14:24:52.279222  6960 getmultilidardata.cpp:1424] lidarid:0
I1003 14:24:52.279675  6960 getmultilidardata.cpp:1442] lidarid:0
I1003 14:24:52.280081  7028 myhdl_grabber.cpp:750] signal operator start
I1003 14:24:52.280104  7028 getmultilidardata.cpp:244] id:2
I1003 14:24:52.280357  7028 myhdl_grabber.cpp:753] signal operator end
I1003 14:24:52.280364  7028 myhdl_grabber.cpp:754] temper_index_=0
I1003 14:24:52.280370  7028 getmultilidardata.cpp:244] id:3
I1003 14:24:52.280423  6960 getmultilidardata.cpp:1424] lidarid:1
I1003 14:24:52.280829  6960 getmultilidardata.cpp:1432] lidarid:1
I1003 14:24:52.280822  7029 myhdl_grabber.cpp:750] signal operator start
I1003 14:24:52.280838  6960 getmultilidardata.cpp:1424] lidarid:1
I1003 14:24:52.280846  7029 getmultilidardata.cpp:244] id:4
I1003 14:24:52.281213  6960 getmultilidardata.cpp:1442] lidarid:1
I1003 14:24:52.281250  7029 myhdl_grabber.cpp:753] signal operator end
I1003 14:24:52.281256  7029 myhdl_grabber.cpp:754] temper_index_=8
I1003 14:24:52.281262  7029 getmultilidardata.cpp:244] id:5
I1003 14:24:52.281293  6960 getmultilidardata.cpp:1424] lidarid:2
I1003 14:24:52.281746  6960 getmultilidardata.cpp:1432] lidarid:2
I1003 14:24:52.281756  6960 getmultilidardata.cpp:1424] lidarid:2
I1003 14:24:52.282006  6960 getmultilidardata.cpp:1442] lidarid:2
I1003 14:24:52.283578  6960 getmultilidardata.cpp:1300] cloudstartnum[lidarid]=0
I1003 14:24:52.283587  6960 getmultilidardata.cpp:1300] cloudstartnum[lidarid]=56992
I1003 14:24:52.283592  6960 getmultilidardata.cpp:1300] cloudstartnum[lidarid]=88864
I1003 14:24:52.285305  6960 getmultilidardata.cpp:1300] cloudstartnum[lidarid]=0
I1003 14:24:52.285315  6960 getmultilidardata.cpp:1300] cloudstartnum[lidarid]=56992
I1003 14:24:52.285320  6960 getmultilidardata.cpp:1300] cloudstartnum[lidarid]=88864
I1003 14:24:52.287024  6960 getmultilidardata.cpp:1580]  time:0.00620481
I1003 14:24:52.287936  6960 getmultilidardata.cpp:1600] pub pointcloud:121139
I1003 14:24:52.341301  7030 getmultilidardata.cpp:493] get lidar data
I1003 14:24:52.376874  7027 myhdl_grabber.cpp:565] id:0 temprotation:14 last_azimuth_35994
I1003 14:24:52.376902  7027 myhdl_grabber.cpp:750] signal operator start
I1003 14:24:52.376910  7027 getmultilidardata.cpp:244] id:0
I1003 14:24:52.377349  7027 myhdl_grabber.cpp:753] signal operator end
I1003 14:24:52.377357  7027 myhdl_grabber.cpp:754] temper_index_=25
I1003 14:24:52.377362  7027 getmultilidardata.cpp:244] id:1
I1003 14:24:52.377405  6960 getmultilidardata.cpp:1424] lidarid:0
I1003 14:24:52.378082  7029 myhdl_grabber.cpp:750] signal operator start
I1003 14:24:52.378104  7029 getmultilidardata.cpp:244] id:4
I1003 14:24:52.378145  6960 getmultilidardata.cpp:1432] lidarid:0
I1003 14:24:52.378154  6960 getmultilidardata.cpp:1424] lidarid:0
I1003 14:24:52.378778  6960 getmultilidardata.cpp:1442] lidarid:0
I1003 14:24:52.378877  7029 myhdl_grabber.cpp:753] signal operator end
I1003 14:24:52.378892  7029 myhdl_grabber.cpp:754] temper_index_=8
I1003 14:24:52.378901  7029 getmultilidardata.cpp:244] id:5
I1003 14:24:52.378927  6960 getmultilidardata.cpp:1424] lidarid:2
I1003 14:24:52.379357  6960 getmultilidardata.cpp:1432] lidarid:2
I1003 14:24:52.379367  6960 getmultilidardata.cpp:1424] lidarid:2
I1003 14:24:52.379423  7028 myhdl_grabber.cpp:750] signal operator start
I1003 14:24:52.379482  7028 getmultilidardata.cpp:244] id:2
I1003 14:24:52.379779  6960 getmultilidardata.cpp:1442] lidarid:2
I1003 14:24:52.380029  7028 myhdl_grabber.cpp:753] signal operator end
I1003 14:24:52.380038  7028 myhdl_grabber.cpp:754] temper_index_=0
I1003 14:24:52.380046  7028 getmultilidardata.cpp:244] id:3
I1003 14:24:52.380084  6960 getmultilidardata.cpp:1424] lidarid:1
I1003 14:24:52.380514  6960 getmultilidardata.cpp:1432] lidarid:1
I1003 14:24:52.380523  6960 getmultilidardata.cpp:1424] lidarid:1
I1003 14:24:52.380787  6960 getmultilidardata.cpp:1442] lidarid:1
I1003 14:24:52.402407  6960 getmultilidardata.cpp:1300] cloudstartnum[lidarid]=0
I1003 14:24:52.402456  6960 getmultilidardata.cpp:1300] cloudstartnum[lidarid]=56992
I1003 14:24:52.402462  6960 getmultilidardata.cpp:1300] cloudstartnum[lidarid]=88480
I1003 14:24:52.404078  6960 getmultilidardata.cpp:1300] cloudstartnum[lidarid]=0
I1003 14:24:52.404088  6960 getmultilidardata.cpp:1300] cloudstartnum[lidarid]=56992
I1003 14:24:52.404093  6960 getmultilidardata.cpp:1300] cloudstartnum[lidarid]=88480
I1003 14:24:52.405488  6960 getmultilidardata.cpp:1580]  time:0.0260635
I1003 14:24:52.406312  6960 getmultilidardata.cpp:1600] pub pointcloud:119875
I1003 14:24:52.475611  7027 myhdl_grabber.cpp:565] id:0 temprotation:18 last_azimuth_35998
I1003 14:24:52.475638  7027 myhdl_grabber.cpp:750] signal operator start
I1003 14:24:52.475648  7027 getmultilidardata.cpp:244] id:0
I1003 14:24:52.476090  7027 myhdl_grabber.cpp:753] signal operator end
I1003 14:24:52.476097  7027 myhdl_grabber.cpp:754] temper_index_=25
I1003 14:24:52.476104  7027 getmultilidardata.cpp:244] id:1
I1003 14:24:52.476148  6960 getmultilidardata.cpp:1424] lidarid:0
I1003 14:24:52.476810  7028 myhdl_grabber.cpp:750] signal operator start
I1003 14:24:52.476812  6960 getmultilidardata.cpp:1432] lidarid:0
I1003 14:24:52.476852  7028 getmultilidardata.cpp:244] id:2
I1003 14:24:52.476853  6960 getmultilidardata.cpp:1424] lidarid:0
I1003 14:24:52.477470  7028 myhdl_grabber.cpp:753] signal operator end
I1003 14:24:52.477478  7028 myhdl_grabber.cpp:754] temper_index_=0
I1003 14:24:52.477484  7028 getmultilidardata.cpp:244] id:3
I1003 14:24:52.477932  6960 getmultilidardata.cpp:1442] lidarid:0
I1003 14:24:52.477941  6960 getmultilidardata.cpp:1424] lidarid:1
I1003 14:24:52.478245  7029 myhdl_grabber.cpp:750] signal operator start
I1003 14:24:52.478255  7029 getmultilidardata.cpp:244] id:4
I1003 14:24:52.478451  6960 getmultilidardata.cpp:1432] lidarid:1
I1003 14:24:52.478459  6960 getmultilidardata.cpp:1424] lidarid:1
I1003 14:24:52.478858  7029 myhdl_grabber.cpp:753] signal operator end
I1003 14:24:52.478865  7029 myhdl_grabber.cpp:754] temper_index_=8
I1003 14:24:52.478871  7029 getmultilidardata.cpp:244] id:5
I1003 14:24:52.479040  6960 getmultilidardata.cpp:1442] lidarid:1
I1003 14:24:52.479049  6960 getmultilidardata.cpp:1424] lidarid:2
I1003 14:24:52.479377  6960 getmultilidardata.cpp:1432] lidarid:2
I1003 14:24:52.479490  6960 getmultilidardata.cpp:1424] lidarid:2
I1003 14:24:52.479769  6960 getmultilidardata.cpp:1442] lidarid:2
I1003 14:24:52.481124  6960 getmultilidardata.cpp:1300] cloudstartnum[lidarid]=0
I1003 14:24:52.481133  6960 getmultilidardata.cpp:1300] cloudstartnum[lidarid]=57024
I1003 14:24:52.481138  6960 getmultilidardata.cpp:1300] cloudstartnum[lidarid]=88528
I1003 14:24:52.482599  6960 getmultilidardata.cpp:1300] cloudstartnum[lidarid]=0
I1003 14:24:52.482609  6960 getmultilidardata.cpp:1300] cloudstartnum[lidarid]=57024
I1003 14:24:52.482614  6960 getmultilidardata.cpp:1300] cloudstartnum[lidarid]=88528
I1003 14:24:52.483815  6960 getmultilidardata.cpp:1580]  time:0.00556897
I1003 14:24:52.484568  6960 getmultilidardata.cpp:1600] pub pointcloud:120115
I1003 14:24:52.574864  7027 myhdl_grabber.cpp:565] id:0 temprotation:12 last_azimuth_35992
I1003 14:24:52.574893  7027 myhdl_grabber.cpp:750] signal operator start
I1003 14:24:52.574903  7027 getmultilidardata.cpp:244] id:0
I1003 14:24:52.575377  7027 myhdl_grabber.cpp:753] signal operator end
I1003 14:24:52.575384  7027 myhdl_grabber.cpp:754] temper_index_=25
I1003 14:24:52.575426  7027 getmultilidardata.cpp:244] id:1
I1003 14:24:52.575438  6960 getmultilidardata.cpp:1424] lidarid:0
I1003 14:24:52.576246  6960 getmultilidardata.cpp:1432] lidarid:0
I1003 14:24:52.576256  6960 getmultilidardata.cpp:1424] lidarid:0
I1003 14:24:52.576629  7029 myhdl_grabber.cpp:750] signal operator start
I1003 14:24:52.576630  7028 myhdl_grabber.cpp:750] signal operator start
I1003 14:24:52.576644  7029 getmultilidardata.cpp:244] id:4
I1003 14:24:52.576658  7028 getmultilidardata.cpp:244] id:2
I1003 14:24:52.576795  6960 getmultilidardata.cpp:1442] lidarid:0
I1003 14:24:52.577137  7029 myhdl_grabber.cpp:753] signal operator end
I1003 14:24:52.577144  7029 myhdl_grabber.cpp:754] temper_index_=8
I1003 14:24:52.577147  7028 myhdl_grabber.cpp:753] signal operator end
I1003 14:24:52.577150  7029 getmultilidardata.cpp:244] id:5
I1003 14:24:52.577153  7028 myhdl_grabber.cpp:754] temper_index_=0
I1003 14:24:52.577160  7028 getmultilidardata.cpp:244] id:3
I1003 14:24:52.577190  6960 getmultilidardata.cpp:1424] lidarid:2
I1003 14:24:52.577805  6960 getmultilidardata.cpp:1432] lidarid:2
I1003 14:24:52.577814  6960 getmultilidardata.cpp:1424] lidarid:1
I1003 14:24:52.578081  6960 getmultilidardata.cpp:1432] lidarid:1
I1003 14:24:52.578088  6960 getmultilidardata.cpp:1424] lidarid:2
I1003 14:24:52.578363  6960 getmultilidardata.cpp:1442] lidarid:2
I1003 14:24:52.578372  6960 getmultilidardata.cpp:1424] lidarid:1
I1003 14:24:52.578657  6960 getmultilidardata.cpp:1442] lidarid:1
I1003 14:24:52.600256  6960 getmultilidardata.cpp:1300] cloudstartnum[lidarid]=0
I1003 14:24:52.600283  6960 getmultilidardata.cpp:1300] cloudstartnum[lidarid]=57120
I1003 14:24:52.600289  6960 getmultilidardata.cpp:1300] cloudstartnum[lidarid]=88992
I1003 14:24:52.601900  6960 getmultilidardata.cpp:1300] cloudstartnum[lidarid]=0
I1003 14:24:52.601909  6960 getmultilidardata.cpp:1300] cloudstartnum[lidarid]=57120
I1003 14:24:52.601913  6960 getmultilidardata.cpp:1300] cloudstartnum[lidarid]=88992
I1003 14:24:52.603113  6960 getmultilidardata.cpp:1580]  time:0.0264831
I1003 14:24:52.604066  6960 getmultilidardata.cpp:1600] pub pointcloud:120483
I1003 14:24:52.657362  7030 getmultilidardata.cpp:493] get lidar data
I1003 14:24:52.674175  7027 myhdl_grabber.cpp:565] id:0 temprotation:4 last_azimuth_35984
I1003 14:24:52.674197  7027 myhdl_grabber.cpp:750] signal operator start
I1003 14:24:52.674206  7027 getmultilidardata.cpp:244] id:0
I1003 14:24:52.674608  7027 myhdl_grabber.cpp:753] signal operator end
I1003 14:24:52.674615  7027 myhdl_grabber.cpp:754] temper_index_=25
I1003 14:24:52.674621  7027 getmultilidardata.cpp:244] id:1
I1003 14:24:52.674659  6960 getmultilidardata.cpp:1424] lidarid:0
I1003 14:24:52.675365  6960 getmultilidardata.cpp:1432] lidarid:0
I1003 14:24:52.675372  6960 getmultilidardata.cpp:1424] lidarid:0
I1003 14:24:52.675788  6960 getmultilidardata.cpp:1442] lidarid:0
I1003 14:24:52.675808  7028 myhdl_grabber.cpp:750] signal operator start
I1003 14:24:52.675817  7028 getmultilidardata.cpp:244] id:2
I1003 14:24:52.676108  7029 myhdl_grabber.cpp:750] signal operator start
I1003 14:24:52.676116  7029 getmultilidardata.cpp:244] id:4
I1003 14:24:52.676424  6960 getmultilidardata.cpp:1424] lidarid:2
I1003 14:24:52.676640  6960 getmultilidardata.cpp:1432] lidarid:2
I1003 14:24:52.676688  7028 myhdl_grabber.cpp:753] signal operator end
I1003 14:24:52.676694  7028 myhdl_grabber.cpp:754] temper_index_=0
I1003 14:24:52.676699  7028 getmultilidardata.cpp:244] id:3
I1003 14:24:52.676756  6960 getmultilidardata.cpp:1424] lidarid:1
I1003 14:24:52.677331  6960 getmultilidardata.cpp:1432] lidarid:1
I1003 14:24:52.677338  6960 getmultilidardata.cpp:1424] lidarid:1
I1003 14:24:52.677426  7029 myhdl_grabber.cpp:753] signal operator end
I1003 14:24:52.677433  7029 myhdl_grabber.cpp:754] temper_index_=8
I1003 14:24:52.677438  7029 getmultilidardata.cpp:244] id:5
I1003 14:24:52.677731  6960 getmultilidardata.cpp:1442] lidarid:1
I1003 14:24:52.678320  6960 getmultilidardata.cpp:1424] lidarid:2
I1003 14:24:52.678560  6960 getmultilidardata.cpp:1442] lidarid:2
I1003 14:24:52.679814  6960 getmultilidardata.cpp:1300] cloudstartnum[lidarid]=0
I1003 14:24:52.679822  6960 getmultilidardata.cpp:1300] cloudstartnum[lidarid]=57312
I1003 14:24:52.679826  6960 getmultilidardata.cpp:1300] cloudstartnum[lidarid]=88800
I1003 14:24:52.681217  6960 getmultilidardata.cpp:1300] cloudstartnum[lidarid]=0
I1003 14:24:52.681228  6960 getmultilidardata.cpp:1300] cloudstartnum[lidarid]=57312
